== clean tree: tree gate / chair copy
tree-gate 0
chair-copy 0
== plant on AnswerKeyLaminate root: style="animation-duration: var(--motion-note, 280ms)"
  MASKED  src/pencil/sheet/AnswerKeyLaminate.vue:167  animation-duration: var(--motion-note, …)
check-theme-tokens: 0 bare var() naming no declaration in scope, 1 masked defaults, 0 stale inheritance rows
tree-gate 1
chair-copy 0
== plant on AnswerKeyLaminate root: style="animation-duration: var(--critic-ghost-ms)"
  src/pencil/sheet/AnswerKeyLaminate.vue:167  --critic-ghost-ms
check-theme-tokens: 1 bare var() naming no declaration in scope, 0 masked defaults, 0 stale inheritance rows
tree-gate 1
chair-copy 0
== plant on AnswerKeyLaminate root: :style="'animation-duration: var(--critic-ghost-ms)'"
  src/pencil/sheet/AnswerKeyLaminate.vue:167  --critic-ghost-ms
check-theme-tokens: 1 bare var() naming no declaration in scope, 0 masked defaults, 0 stale inheritance rows
tree-gate 1
chair-copy 0
src/pencil/sheet/AnswerKeyLaminate.vue: OK
== control 74a2b5d9 (read-only files, FE=)
  STALE  --refuse-dur :: games/shared/GameBoard.vue -> assets/index.css
fallbacks on a REGISTERED token (masked defaults): 0
check-theme-tokens: 0 bare var() naming no declaration in scope, 0 masked defaults, 1 stale inheritance rows
control 1
== self-test tree
self-test 0
== self-test on control files
template-site controls (pass 6, X5): 10 style= undeclared RED as required · 10b :style string undeclared RED as required · 10c style= fallback on a registered rung FAILED (no registered rung on this tree, or the arm is blind) · 10d the rung bare FAILED
self-test-control 2
== (re-cut, n/a arm) self-test tree
template-site controls (pass 6, X5): 10 style= undeclared RED as required · 10b :style string undeclared RED as required · 10c style= fallback on a registered rung MASKED as required · 10d the rung bare green as required
self-test 0
== self-test on control files
  STALE  --refuse-dur :: games/shared/GameBoard.vue -> assets/index.css
scope controls: 4 PLANT B (declared in another component's scoped style) RED as required · 5 the same token at :root green as required · 6a a ghost ledger row STALE as required · 6b a live crossing un-ledgered RED as required
template-site controls (pass 6, X5): 10 style= undeclared RED as required · 10b :style string undeclared RED as required · 10c style= fallback on a registered rung n/a (no registered rung on this tree) · 10d the rung bare n/a
self-test-control 1 (1 = the declared STALE --refuse-dur row, A.1 ruling 4)
