=== chromium-4x-desk-cold-fast3g  loadavg { 3.74 4.58 5.51 }
win 1: boardReady 1369.9ms · toggles 1:1204.1ms/8bakes 2:210.3ms/0bakes 3:110.3ms/0bakes 4:97.6ms/0bakes
win 2: boardReady 1365.2ms · toggles 1:1213.8ms/8bakes 2:93.2ms/0bakes 3:99.6ms/0bakes 4:100.7ms/0bakes
win 3: boardReady 1472.3ms · toggles 1:1294.1ms/8bakes 2:195.4ms/0bakes 3:119.5ms/0bakes 4:124.4ms/0bakes
=== chromium-4x-desk-cold-fast3g done  loadavg { 3.66 4.40 5.39 }
=== chromium-1x-desk-cold-nonet  loadavg { 3.66 4.40 5.39 }
win 1: boardReady 71.6ms · toggles 1:306ms/8bakes 2:0ms/0bakes 3:0ms/0bakes 4:0ms/0bakes
win 2: boardReady 75.3ms · toggles 1:321.3ms/8bakes 2:0ms/0bakes 3:0ms/0bakes 4:0ms/0bakes
win 3: boardReady 74.7ms · toggles 1:311.2ms/8bakes 2:0ms/0bakes 3:0ms/0bakes 4:0ms/0bakes
=== chromium-1x-desk-cold-nonet done  loadavg { 4.67 4.57 5.41 }
=== chromium-6x-desk-cold-fast3g  loadavg { 4.70 4.58 5.41 }
win 1: boardReady 1547.3ms · toggles 1:1979.1ms/8bakes 2:159.6ms/0bakes 3:349.9ms/0bakes 4:158.3ms/0bakes
win 2: boardReady 1594.3ms · toggles 1:1914.2ms/8bakes 2:513.3ms/0bakes 3:181.1ms/0bakes 4:424.7ms/0bakes
win 3: boardReady 1549ms · toggles 1:1921.1ms/8bakes 2:234.1ms/0bakes 3:164.6ms/0bakes 4:497.9ms/0bakes
=== chromium-6x-desk-cold-fast3g done  loadavg { 4.44 4.53 5.34 }
=== chromium-4x-mobile-cold-fast3g  loadavg { 4.44 4.53 5.34 }
win 1: boardReady 1350.8ms · toggles 1:981.2ms/8bakes 2:156.9ms/0bakes 3:83.7ms/0bakes 4:92.9ms/0bakes
win 2: boardReady 1377.9ms · toggles 1:950ms/8bakes 2:99.2ms/0bakes 3:99.5ms/0bakes 4:98ms/0bakes
win 3: boardReady 1361.8ms · toggles 1:1039.2ms/8bakes 2:93.5ms/0bakes 3:100.1ms/0bakes 4:93.9ms/0bakes
=== chromium-4x-mobile-cold-fast3g done  loadavg { 4.54 4.54 5.30 }
=== chromium-4x-desk-warm  loadavg { 4.54 4.54 5.30 }
win 1: boardReady 310.9ms · toggles 1:1233.9ms/8bakes 2:409.2ms/0bakes 3:91.2ms/0bakes 4:99.4ms/0bakes
win 2: boardReady 314.1ms · toggles 1:1229.6ms/8bakes 2:0ms/0bakes 3:100.1ms/0bakes 4:0ms/0bakes
win 3: boardReady 301.6ms · toggles 1:1242.5ms/8bakes 2:93.8ms/0bakes 3:100.4ms/0bakes 4:94.4ms/0bakes
=== chromium-4x-desk-warm done  loadavg { 4.14 4.45 5.23 }
=== webkit-desk-cold  loadavg { 4.14 4.45 5.23 }
win 1: boardReady 402ms · toggles 1:302ms/8bakes 2:0ms/0bakes 3:0ms/0bakes 4:0ms/0bakes
win 2: boardReady 398ms · toggles 1:338ms/8bakes 2:0ms/0bakes 3:0ms/0bakes 4:0ms/0bakes
win 3: boardReady 401ms · toggles 1:341ms/8bakes 2:0ms/0bakes 3:0ms/0bakes 4:0ms/0bakes
=== webkit-desk-cold done  loadavg { 6.34 4.96 5.38 }
=== webkit-mobile-cold  loadavg { 6.34 4.96 5.38 }
win 1: boardReady 383ms · toggles 1:160ms/8bakes 2:0ms/0bakes 3:0ms/0bakes 4:0ms/0bakes
win 2: boardReady 381ms · toggles 1:158ms/8bakes 2:0ms/0bakes 3:0ms/0bakes 4:0ms/0bakes
win 3: boardReady 368ms · toggles 1:147ms/8bakes 2:0ms/0bakes 3:0ms/0bakes 4:0ms/0bakes
=== webkit-mobile-cold done  loadavg { 8.03 5.53 5.57 }
=== startDark 4x  loadavg { 9.75 6.24 5.83 }
=== webkit-desk-cold RETAKE loadavg { 8.78 6.49 5.94 }
