
Running 2 tests using 1 worker

[chromium] stops:
  .sun-moon-toggle <button> 104x104 outline=solid 2px off=54px rgb(10, 10, 10) fv=true
  .logo-trigger <button> 425.58x111.92 outline=solid 2px off=4px color(srgb 0.039 0.039 0.039 / 0.4) fv=true
  .drawer-tab <button> 48x92 outline=dashed 2px off=3px rgb(10, 10, 10) fv=true
  .attribution-trigger <button> 75.53x39.75 outline=auto 1px off=0px oklab(0.144521 0.00000657141 0.00000288337 / 0.5) fv=true
  .ctrl-btn <button> 268.22x38 outline=auto 1px off=0px oklab(0.144521 0.00000657141 0.00000288337 / 0.5) fv=true
  .icon-btn <button> 71.19x72.8 outline=auto 1px off=0px oklab(0.144521 0.00000657141 0.00000288337 / 0.5) fv=true
  .info-btn <button> 32x32 outline=auto 1px off=0px oklab(0.144521 0.00000657141 0.00000288337 / 0.5) fv=true
  a[href] <a> 45.37x17.1 outline=none 3px off=0px oklab(0.144521 0.00000657141 0.00000288337 / 0.5) fv=false
  input.cell-native-input <input> 70.66x70.66 outline=none 1px off=0px oklab(0.144521 0.00000657141 0.00000288337 / 0.5) fv=true
  ✓  1 [chromium] › ../../docs/tranches/2026-08-tranche-9/evidence/w7/loop/pass3/research/MRK-LIVE/probe/stops.probe.ts:74:1 › E · every named stop's indicator at HEAD, by programmatic focus (1.1s)
[webkit] stops:
  .sun-moon-toggle <button> 104x104 outline=solid 2px off=54px rgb(10, 10, 10) fv=true
  .logo-trigger <button> 423.72x111.92 outline=solid 2px off=4px color(srgb 0.039 0.039 0.039 / 0.4) fv=true
  .drawer-tab <button> 48x92 outline=dashed 2px off=3px rgb(10, 10, 10) fv=true
  .attribution-trigger <button> 75.53x39.75 outline=auto 3px off=0px oklab(0.144522 0 0 / 0.5) fv=true
  .ctrl-btn <button> 276.31x38 outline=auto 3px off=0px oklab(0.144522 0 0 / 0.5) fv=true
  .icon-btn <button> 71.19x72.8 outline=auto 3px off=0px oklab(0.144522 0 0 / 0.5) fv=true
  .info-btn <button> 32x32 outline=auto 3px off=0px oklab(0.144522 0 0 / 0.5) fv=true
  a[href] <a> 45.36x16.53 outline=none 3px off=0px oklab(0.144522 0 0 / 0.5) fv=false
  input.cell-native-input <input> 70.66x70.66 outline=none 3px off=0px oklab(0.144522 0 0 / 0.5) fv=true
  ✓  2 [webkit] › ../../docs/tranches/2026-08-tranche-9/evidence/w7/loop/pass3/research/MRK-LIVE/probe/stops.probe.ts:74:1 › E · every named stop's indicator at HEAD, by programmatic focus (1.3s)

  2 passed (3.1s)
