
Running 4 tests using 1 worker

[chromium] travel=190.11px lastMove=515ms pathEvents=0 pathAnims(peak)=2 kinds=[{"key":"div.board-peek-host|waapi","dur":520,"easing":"cubic-bezier(0.32, 0.72, 0, 1)","kind":"waapi"},{"key":"button.drawer-tab|waapi","dur":520,"easing":"cubic-bezier(0.32, 0.72, 0, 1)","kind":"waapi"}]
  ✓  1 [chromium] › ../../docs/tranches/2026-08-tranche-9/evidence/w7/loop/pass3/research/MRK-LIVE/probe/motion.probe.ts:46:1 › A+B · what moves the drawer tab, and for how long (2.8s)
[chromium] tiers={
 "normal": {
  "tier1_base": {
   "strokeWidth": "5px",
   "strokeOpacity": "0.65",
   "fillOpacity": "0.06",
   "stroke": "rgb(38, 38, 38)",
   "fill": "rgb(38, 38, 38)"
  },
  "tier4_peerCursor": {
   "strokeWidth": "4px",
   "strokeOpacity": "0.55",
   "fillOpacity": "0.04",
   "stroke": "rgb(37, 99, 235)",
   "fill": "rgb(37, 99, 235)"
  },
  "tier3_invalid": {
   "strokeWidth": "9px",
   "strokeOpacity": "1",
   "fillOpacity": "0.1",
   "stroke": "rgb(232, 49, 91)",
   "fill": "rgb(232, 49, 91)"
  }
 },
 "contrast": {
  "tier1_base": {
   "strokeWidth": "5px",
   "strokeOpacity": "0.9",
   "fillOpacity": "0.06",
   "stroke": "rgb(38, 38, 38)",
   "fill": "rgb(38, 38, 38)"
  },
  "tier4_peerCursor": {
   "strokeWidth": "4px",
   "strokeOpacity": "0.8",
   "fillOpacity": "0.04",
   "stroke": "rgb(37, 99, 235)",
   "fill": "rgb(37, 99, 235)"
  },
  "tier3_invalid": {
   "strokeWidth": "9px",
   "strokeOpacity": "1",
   "fillOpacity": "0.1",
   "stroke": "rgb(232, 49, 91)",
   "fill": "rgb(232, 49, 91)"
  }
 },
 "tier2": {
  "focusVisible": true,
  "strokeWidth": "7px",
  "strokeOpacity": "0.9",
  "fillOpacity": "0.08",
  "stroke": "rgb(58, 123, 196)",
  "fill": "rgb(58, 123, 196)"
 },
 "tier2Note": null
}
  ✓  2 [chromium] › ../../docs/tranches/2026-08-tranche-9/evidence/w7/loop/pass3/research/MRK-LIVE/probe/motion.probe.ts:200:1 › C · the four ghost tiers' computed ink at HEAD (1.2s)
[webkit] travel=194.16px lastMove=516ms pathEvents=0 pathAnims(peak)=2 kinds=[{"key":"div.board-peek-host|waapi","dur":520,"easing":"cubic-bezier(0.32, 0.72, 0, 1)","kind":"waapi"},{"key":"button.drawer-tab|waapi","dur":520,"easing":"cubic-bezier(0.32, 0.72, 0, 1)","kind":"waapi"}]
  ✓  3 [webkit] › ../../docs/tranches/2026-08-tranche-9/evidence/w7/loop/pass3/research/MRK-LIVE/probe/motion.probe.ts:46:1 › A+B · what moves the drawer tab, and for how long (2.9s)
[webkit] tiers={
 "normal": {
  "tier1_base": {
   "strokeWidth": "5px",
   "strokeOpacity": "0.65",
   "fillOpacity": "0.06",
   "stroke": "rgb(38, 38, 38)",
   "fill": "rgb(38, 38, 38)"
  },
  "tier4_peerCursor": {
   "strokeWidth": "4px",
   "strokeOpacity": "0.55",
   "fillOpacity": "0.04",
   "stroke": "rgb(37, 99, 235)",
   "fill": "rgb(37, 99, 235)"
  },
  "tier3_invalid": {
   "strokeWidth": "9px",
   "strokeOpacity": "1",
   "fillOpacity": "0.1",
   "stroke": "rgb(232, 49, 91)",
   "fill": "rgb(232, 49, 91)"
  }
 },
 "contrast": {
  "tier1_base": {
   "strokeWidth": "5px",
   "strokeOpacity": "0.9",
   "fillOpacity": "0.06",
   "stroke": "rgb(38, 38, 38)",
   "fill": "rgb(38, 38, 38)"
  },
  "tier4_peerCursor": {
   "strokeWidth": "4px",
   "strokeOpacity": "0.8",
   "fillOpacity": "0.04",
   "stroke": "rgb(37, 99, 235)",
   "fill": "rgb(37, 99, 235)"
  },
  "tier3_invalid": {
   "strokeWidth": "9px",
   "strokeOpacity": "1",
   "fillOpacity": "0.1",
   "stroke": "rgb(232, 49, 91)",
   "fill": "rgb(232, 49, 91)"
  }
 },
 "tier2": {
  "focusVisible": true,
  "strokeWidth": "7px",
  "strokeOpacity": "0.9",
  "fillOpacity": "0.08",
  "stroke": "rgb(58, 123, 196)",
  "fill": "rgb(58, 123, 196)"
 },
 "tier2Note": null
}
  ✓  4 [webkit] › ../../docs/tranches/2026-08-tranche-9/evidence/w7/loop/pass3/research/MRK-LIVE/probe/motion.probe.ts:200:1 › C · the four ghost tiers' computed ink at HEAD (978ms)

  4 passed (8.5s)
