
  VITE v8.1.4  ready in 466 ms

  ➜  Local:   http://127.0.0.1:4238/
7:53:24 PM [vite] Internal server error: Failed to resolve import "@mkbabb/csp-solver-wasm" from "src/games/shared/solver/solver.worker.ts?worker_file&type=module". Does the file exist?
  Plugin: vite:import-analysis
  File: /Users/mkbabb/Programming/csc411/CSC411_HW2_ProgrammingQuestion/web/frontend/src/games/shared/solver/solver.worker.ts?worker_file&type=module:36:7
  18 |  * the registry swap flips only `package.json`, never a line here.
  19 |  */
  20 |  ... solveKenKen, solveKiller, solveSudoku, solveThermo } from "@mkbabb/csp-solver-wasm";
     |                                                                 ^
  21 |  // The `--target web` module fetches its `.wasm` from `new URL(..., import.meta.url)` by
  22 |  // default; under Vite that URL does not resolve from a bundled/HMR'd Worker. Import the binary
      at TransformPluginContext._formatLog (file:///Users/mkbabb/Programming/csc411/CSC411_HW2_ProgrammingQuestion/web/frontend/node_modules/vite/dist/node/chunks/node.js:30366:39)
      at TransformPluginContext.error (file:///Users/mkbabb/Programming/csc411/CSC411_HW2_ProgrammingQuestion/web/frontend/node_modules/vite/dist/node/chunks/node.js:30363:14)
      at normalizeUrl (file:///Users/mkbabb/Programming/csc411/CSC411_HW2_ProgrammingQuestion/web/frontend/node_modules/vite/dist/node/chunks/node.js:27393:18)
      at async file:///Users/mkbabb/Programming/csc411/CSC411_HW2_ProgrammingQuestion/web/frontend/node_modules/vite/dist/node/chunks/node.js:27456:30
      at async Promise.all (index 1)
      at async TransformPluginContext.transform (file:///Users/mkbabb/Programming/csc411/CSC411_HW2_ProgrammingQuestion/web/frontend/node_modules/vite/dist/node/chunks/node.js:27424:4)
      at async EnvironmentPluginContainer.transform (file:///Users/mkbabb/Programming/csc411/CSC411_HW2_ProgrammingQuestion/web/frontend/node_modules/vite/dist/node/chunks/node.js:30151:14)
      at async loadAndTransform (file:///Users/mkbabb/Programming/csc411/CSC411_HW2_ProgrammingQuestion/web/frontend/node_modules/vite/dist/node/chunks/node.js:20098:26)
7:53:24 PM [vite] Internal server error: Failed to resolve import "@mkbabb/csp-solver-wasm" from "src/games/shared/solver/solver.worker.ts?worker_file&type=module". Does the file exist?
  Plugin: vite:import-analysis
  File: /Users/mkbabb/Programming/csc411/CSC411_HW2_ProgrammingQuestion/web/frontend/src/games/shared/solver/solver.worker.ts?worker_file&type=module:36:7
  18 |  * the registry swap flips only `package.json`, never a line here.
  19 |  */
  20 |  ... solveKenKen, solveKiller, solveSudoku, solveThermo } from "@mkbabb/csp-solver-wasm";
     |                                                                 ^
  21 |  // The `--target web` module fetches its `.wasm` from `new URL(..., import.meta.url)` by
  22 |  // default; under Vite that URL does not resolve from a bundled/HMR'd Worker. Import the binary
      at TransformPluginContext._formatLog (file:///Users/mkbabb/Programming/csc411/CSC411_HW2_ProgrammingQuestion/web/frontend/node_modules/vite/dist/node/chunks/node.js:30366:39)
      at TransformPluginContext.error (file:///Users/mkbabb/Programming/csc411/CSC411_HW2_ProgrammingQuestion/web/frontend/node_modules/vite/dist/node/chunks/node.js:30363:14)
      at normalizeUrl (file:///Users/mkbabb/Programming/csc411/CSC411_HW2_ProgrammingQuestion/web/frontend/node_modules/vite/dist/node/chunks/node.js:27393:18)
      at async file:///Users/mkbabb/Programming/csc411/CSC411_HW2_ProgrammingQuestion/web/frontend/node_modules/vite/dist/node/chunks/node.js:27456:30
      at async Promise.all (index 1)
      at async TransformPluginContext.transform (file:///Users/mkbabb/Programming/csc411/CSC411_HW2_ProgrammingQuestion/web/frontend/node_modules/vite/dist/node/chunks/node.js:27424:4)
      at async EnvironmentPluginContainer.transform (file:///Users/mkbabb/Programming/csc411/CSC411_HW2_ProgrammingQuestion/web/frontend/node_modules/vite/dist/node/chunks/node.js:30151:14)
      at async loadAndTransform (file:///Users/mkbabb/Programming/csc411/CSC411_HW2_ProgrammingQuestion/web/frontend/node_modules/vite/dist/node/chunks/node.js:20098:26)
      at async viteTransformMiddleware (file:///Users/mkbabb/Programming/csc411/CSC411_HW2_ProgrammingQuestion/web/frontend/node_modules/vite/dist/node/chunks/node.js:24559:20)
7:53:45 PM [vite] Internal server error: Failed to resolve import "@mkbabb/csp-solver-wasm" from "src/games/shared/solver/solver.worker.ts?worker_file&type=module". Does the file exist?
  Plugin: vite:import-analysis
  File: /Users/mkbabb/Programming/csc411/CSC411_HW2_ProgrammingQuestion/web/frontend/src/games/shared/solver/solver.worker.ts?worker_file&type=module:36:7
  18 |  * the registry swap flips only `package.json`, never a line here.
  19 |  */
  20 |  ... solveKenKen, solveKiller, solveSudoku, solveThermo } from "@mkbabb/csp-solver-wasm";
     |                                                                 ^
  21 |  // The `--target web` module fetches its `.wasm` from `new URL(..., import.meta.url)` by
  22 |  // default; under Vite that URL does not resolve from a bundled/HMR'd Worker. Import the binary
      at TransformPluginContext._formatLog (file:///Users/mkbabb/Programming/csc411/CSC411_HW2_ProgrammingQuestion/web/frontend/node_modules/vite/dist/node/chunks/node.js:30366:39)
      at TransformPluginContext.error (file:///Users/mkbabb/Programming/csc411/CSC411_HW2_ProgrammingQuestion/web/frontend/node_modules/vite/dist/node/chunks/node.js:30363:14)
      at normalizeUrl (file:///Users/mkbabb/Programming/csc411/CSC411_HW2_ProgrammingQuestion/web/frontend/node_modules/vite/dist/node/chunks/node.js:27393:18)
      at async file:///Users/mkbabb/Programming/csc411/CSC411_HW2_ProgrammingQuestion/web/frontend/node_modules/vite/dist/node/chunks/node.js:27456:30
      at async Promise.all (index 1)
      at async TransformPluginContext.transform (file:///Users/mkbabb/Programming/csc411/CSC411_HW2_ProgrammingQuestion/web/frontend/node_modules/vite/dist/node/chunks/node.js:27424:4)
      at async EnvironmentPluginContainer.transform (file:///Users/mkbabb/Programming/csc411/CSC411_HW2_ProgrammingQuestion/web/frontend/node_modules/vite/dist/node/chunks/node.js:30151:14)
      at async loadAndTransform (file:///Users/mkbabb/Programming/csc411/CSC411_HW2_ProgrammingQuestion/web/frontend/node_modules/vite/dist/node/chunks/node.js:20098:26)
      at async viteTransformMiddleware (file:///Users/mkbabb/Programming/csc411/CSC411_HW2_ProgrammingQuestion/web/frontend/node_modules/vite/dist/node/chunks/node.js:24559:20)
7:53:45 PM [vite] Internal server error: Failed to resolve import "@mkbabb/csp-solver-wasm" from "src/games/shared/solver/solver.worker.ts?worker_file&type=module". Does the file exist?
  Plugin: vite:import-analysis
  File: /Users/mkbabb/Programming/csc411/CSC411_HW2_ProgrammingQuestion/web/frontend/src/games/shared/solver/solver.worker.ts?worker_file&type=module:36:7
  18 |  * the registry swap flips only `package.json`, never a line here.
  19 |  */
  20 |  ... solveKenKen, solveKiller, solveSudoku, solveThermo } from "@mkbabb/csp-solver-wasm";
     |                                                                 ^
  21 |  // The `--target web` module fetches its `.wasm` from `new URL(..., import.meta.url)` by
  22 |  // default; under Vite that URL does not resolve from a bundled/HMR'd Worker. Import the binary
      at TransformPluginContext._formatLog (file:///Users/mkbabb/Programming/csc411/CSC411_HW2_ProgrammingQuestion/web/frontend/node_modules/vite/dist/node/chunks/node.js:30366:39)
      at TransformPluginContext.error (file:///Users/mkbabb/Programming/csc411/CSC411_HW2_ProgrammingQuestion/web/frontend/node_modules/vite/dist/node/chunks/node.js:30363:14)
      at normalizeUrl (file:///Users/mkbabb/Programming/csc411/CSC411_HW2_ProgrammingQuestion/web/frontend/node_modules/vite/dist/node/chunks/node.js:27393:18)
      at async file:///Users/mkbabb/Programming/csc411/CSC411_HW2_ProgrammingQuestion/web/frontend/node_modules/vite/dist/node/chunks/node.js:27456:30
      at async Promise.all (index 1)
      at async TransformPluginContext.transform (file:///Users/mkbabb/Programming/csc411/CSC411_HW2_ProgrammingQuestion/web/frontend/node_modules/vite/dist/node/chunks/node.js:27424:4)
      at async EnvironmentPluginContainer.transform (file:///Users/mkbabb/Programming/csc411/CSC411_HW2_ProgrammingQuestion/web/frontend/node_modules/vite/dist/node/chunks/node.js:30151:14)
      at async loadAndTransform (file:///Users/mkbabb/Programming/csc411/CSC411_HW2_ProgrammingQuestion/web/frontend/node_modules/vite/dist/node/chunks/node.js:20098:26)
      at async viteTransformMiddleware (file:///Users/mkbabb/Programming/csc411/CSC411_HW2_ProgrammingQuestion/web/frontend/node_modules/vite/dist/node/chunks/node.js:24559:20)
7:54:05 PM [vite] Internal server error: Failed to resolve import "@mkbabb/csp-solver-wasm" from "src/games/shared/solver/solver.worker.ts?worker_file&type=module". Does the file exist?
  Plugin: vite:import-analysis
  File: /Users/mkbabb/Programming/csc411/CSC411_HW2_ProgrammingQuestion/web/frontend/src/games/shared/solver/solver.worker.ts?worker_file&type=module:36:7
  18 |  * the registry swap flips only `package.json`, never a line here.
  19 |  */
  20 |  ... solveKenKen, solveKiller, solveSudoku, solveThermo } from "@mkbabb/csp-solver-wasm";
     |                                                                 ^
  21 |  // The `--target web` module fetches its `.wasm` from `new URL(..., import.meta.url)` by
  22 |  // default; under Vite that URL does not resolve from a bundled/HMR'd Worker. Import the binary
      at TransformPluginContext._formatLog (file:///Users/mkbabb/Programming/csc411/CSC411_HW2_ProgrammingQuestion/web/frontend/node_modules/vite/dist/node/chunks/node.js:30366:39)
      at TransformPluginContext.error (file:///Users/mkbabb/Programming/csc411/CSC411_HW2_ProgrammingQuestion/web/frontend/node_modules/vite/dist/node/chunks/node.js:30363:14)
      at normalizeUrl (file:///Users/mkbabb/Programming/csc411/CSC411_HW2_ProgrammingQuestion/web/frontend/node_modules/vite/dist/node/chunks/node.js:27393:18)
      at async file:///Users/mkbabb/Programming/csc411/CSC411_HW2_ProgrammingQuestion/web/frontend/node_modules/vite/dist/node/chunks/node.js:27456:30
      at async Promise.all (index 1)
      at async TransformPluginContext.transform (file:///Users/mkbabb/Programming/csc411/CSC411_HW2_ProgrammingQuestion/web/frontend/node_modules/vite/dist/node/chunks/node.js:27424:4)
      at async EnvironmentPluginContainer.transform (file:///Users/mkbabb/Programming/csc411/CSC411_HW2_ProgrammingQuestion/web/frontend/node_modules/vite/dist/node/chunks/node.js:30151:14)
      at async loadAndTransform (file:///Users/mkbabb/Programming/csc411/CSC411_HW2_ProgrammingQuestion/web/frontend/node_modules/vite/dist/node/chunks/node.js:20098:26)
      at async viteTransformMiddleware (file:///Users/mkbabb/Programming/csc411/CSC411_HW2_ProgrammingQuestion/web/frontend/node_modules/vite/dist/node/chunks/node.js:24559:20)
7:54:05 PM [vite] Internal server error: Failed to resolve import "@mkbabb/csp-solver-wasm" from "src/games/shared/solver/solver.worker.ts?worker_file&type=module". Does the file exist?
  Plugin: vite:import-analysis
  File: /Users/mkbabb/Programming/csc411/CSC411_HW2_ProgrammingQuestion/web/frontend/src/games/shared/solver/solver.worker.ts?worker_file&type=module:36:7
  18 |  * the registry swap flips only `package.json`, never a line here.
  19 |  */
  20 |  ... solveKenKen, solveKiller, solveSudoku, solveThermo } from "@mkbabb/csp-solver-wasm";
     |                                                                 ^
  21 |  // The `--target web` module fetches its `.wasm` from `new URL(..., import.meta.url)` by
  22 |  // default; under Vite that URL does not resolve from a bundled/HMR'd Worker. Import the binary
      at TransformPluginContext._formatLog (file:///Users/mkbabb/Programming/csc411/CSC411_HW2_ProgrammingQuestion/web/frontend/node_modules/vite/dist/node/chunks/node.js:30366:39)
      at TransformPluginContext.error (file:///Users/mkbabb/Programming/csc411/CSC411_HW2_ProgrammingQuestion/web/frontend/node_modules/vite/dist/node/chunks/node.js:30363:14)
      at normalizeUrl (file:///Users/mkbabb/Programming/csc411/CSC411_HW2_ProgrammingQuestion/web/frontend/node_modules/vite/dist/node/chunks/node.js:27393:18)
      at async file:///Users/mkbabb/Programming/csc411/CSC411_HW2_ProgrammingQuestion/web/frontend/node_modules/vite/dist/node/chunks/node.js:27456:30
      at async Promise.all (index 1)
      at async TransformPluginContext.transform (file:///Users/mkbabb/Programming/csc411/CSC411_HW2_ProgrammingQuestion/web/frontend/node_modules/vite/dist/node/chunks/node.js:27424:4)
      at async EnvironmentPluginContainer.transform (file:///Users/mkbabb/Programming/csc411/CSC411_HW2_ProgrammingQuestion/web/frontend/node_modules/vite/dist/node/chunks/node.js:30151:14)
      at async loadAndTransform (file:///Users/mkbabb/Programming/csc411/CSC411_HW2_ProgrammingQuestion/web/frontend/node_modules/vite/dist/node/chunks/node.js:20098:26)
      at async viteTransformMiddleware (file:///Users/mkbabb/Programming/csc411/CSC411_HW2_ProgrammingQuestion/web/frontend/node_modules/vite/dist/node/chunks/node.js:24559:20)
7:54:26 PM [vite] Internal server error: Failed to resolve import "@mkbabb/csp-solver-wasm" from "src/games/shared/solver/solver.worker.ts?worker_file&type=module". Does the file exist?
  Plugin: vite:import-analysis
  File: /Users/mkbabb/Programming/csc411/CSC411_HW2_ProgrammingQuestion/web/frontend/src/games/shared/solver/solver.worker.ts?worker_file&type=module:36:7
  18 |  * the registry swap flips only `package.json`, never a line here.
  19 |  */
  20 |  ... solveKenKen, solveKiller, solveSudoku, solveThermo } from "@mkbabb/csp-solver-wasm";
     |                                                                 ^
  21 |  // The `--target web` module fetches its `.wasm` from `new URL(..., import.meta.url)` by
  22 |  // default; under Vite that URL does not resolve from a bundled/HMR'd Worker. Import the binary
      at TransformPluginContext._formatLog (file:///Users/mkbabb/Programming/csc411/CSC411_HW2_ProgrammingQuestion/web/frontend/node_modules/vite/dist/node/chunks/node.js:30366:39)
      at TransformPluginContext.error (file:///Users/mkbabb/Programming/csc411/CSC411_HW2_ProgrammingQuestion/web/frontend/node_modules/vite/dist/node/chunks/node.js:30363:14)
      at normalizeUrl (file:///Users/mkbabb/Programming/csc411/CSC411_HW2_ProgrammingQuestion/web/frontend/node_modules/vite/dist/node/chunks/node.js:27393:18)
      at async file:///Users/mkbabb/Programming/csc411/CSC411_HW2_ProgrammingQuestion/web/frontend/node_modules/vite/dist/node/chunks/node.js:27456:30
      at async Promise.all (index 1)
      at async TransformPluginContext.transform (file:///Users/mkbabb/Programming/csc411/CSC411_HW2_ProgrammingQuestion/web/frontend/node_modules/vite/dist/node/chunks/node.js:27424:4)
      at async EnvironmentPluginContainer.transform (file:///Users/mkbabb/Programming/csc411/CSC411_HW2_ProgrammingQuestion/web/frontend/node_modules/vite/dist/node/chunks/node.js:30151:14)
      at async loadAndTransform (file:///Users/mkbabb/Programming/csc411/CSC411_HW2_ProgrammingQuestion/web/frontend/node_modules/vite/dist/node/chunks/node.js:20098:26)
      at async viteTransformMiddleware (file:///Users/mkbabb/Programming/csc411/CSC411_HW2_ProgrammingQuestion/web/frontend/node_modules/vite/dist/node/chunks/node.js:24559:20)
7:54:26 PM [vite] Internal server error: Failed to resolve import "@mkbabb/csp-solver-wasm" from "src/games/shared/solver/solver.worker.ts?worker_file&type=module". Does the file exist?
  Plugin: vite:import-analysis
  File: /Users/mkbabb/Programming/csc411/CSC411_HW2_ProgrammingQuestion/web/frontend/src/games/shared/solver/solver.worker.ts?worker_file&type=module:36:7
  18 |  * the registry swap flips only `package.json`, never a line here.
  19 |  */
  20 |  ... solveKenKen, solveKiller, solveSudoku, solveThermo } from "@mkbabb/csp-solver-wasm";
     |                                                                 ^
  21 |  // The `--target web` module fetches its `.wasm` from `new URL(..., import.meta.url)` by
  22 |  // default; under Vite that URL does not resolve from a bundled/HMR'd Worker. Import the binary
      at TransformPluginContext._formatLog (file:///Users/mkbabb/Programming/csc411/CSC411_HW2_ProgrammingQuestion/web/frontend/node_modules/vite/dist/node/chunks/node.js:30366:39)
      at TransformPluginContext.error (file:///Users/mkbabb/Programming/csc411/CSC411_HW2_ProgrammingQuestion/web/frontend/node_modules/vite/dist/node/chunks/node.js:30363:14)
      at normalizeUrl (file:///Users/mkbabb/Programming/csc411/CSC411_HW2_ProgrammingQuestion/web/frontend/node_modules/vite/dist/node/chunks/node.js:27393:18)
      at async file:///Users/mkbabb/Programming/csc411/CSC411_HW2_ProgrammingQuestion/web/frontend/node_modules/vite/dist/node/chunks/node.js:27456:30
      at async Promise.all (index 1)
      at async TransformPluginContext.transform (file:///Users/mkbabb/Programming/csc411/CSC411_HW2_ProgrammingQuestion/web/frontend/node_modules/vite/dist/node/chunks/node.js:27424:4)
      at async EnvironmentPluginContainer.transform (file:///Users/mkbabb/Programming/csc411/CSC411_HW2_ProgrammingQuestion/web/frontend/node_modules/vite/dist/node/chunks/node.js:30151:14)
      at async loadAndTransform (file:///Users/mkbabb/Programming/csc411/CSC411_HW2_ProgrammingQuestion/web/frontend/node_modules/vite/dist/node/chunks/node.js:20098:26)
      at async viteTransformMiddleware (file:///Users/mkbabb/Programming/csc411/CSC411_HW2_ProgrammingQuestion/web/frontend/node_modules/vite/dist/node/chunks/node.js:24559:20)
7:54:42 PM [vite] Internal server error: Failed to resolve import "@mkbabb/csp-solver-wasm" from "src/games/shared/solver/solver.worker.ts?worker_file&type=module". Does the file exist?
  Plugin: vite:import-analysis
  File: /Users/mkbabb/Programming/csc411/CSC411_HW2_ProgrammingQuestion/web/frontend/src/games/shared/solver/solver.worker.ts?worker_file&type=module:36:7
  18 |  * the registry swap flips only `package.json`, never a line here.
  19 |  */
  20 |  ... solveKenKen, solveKiller, solveSudoku, solveThermo } from "@mkbabb/csp-solver-wasm";
     |                                                                 ^
  21 |  // The `--target web` module fetches its `.wasm` from `new URL(..., import.meta.url)` by
  22 |  // default; under Vite that URL does not resolve from a bundled/HMR'd Worker. Import the binary
      at TransformPluginContext._formatLog (file:///Users/mkbabb/Programming/csc411/CSC411_HW2_ProgrammingQuestion/web/frontend/node_modules/vite/dist/node/chunks/node.js:30366:39)
      at TransformPluginContext.error (file:///Users/mkbabb/Programming/csc411/CSC411_HW2_ProgrammingQuestion/web/frontend/node_modules/vite/dist/node/chunks/node.js:30363:14)
      at normalizeUrl (file:///Users/mkbabb/Programming/csc411/CSC411_HW2_ProgrammingQuestion/web/frontend/node_modules/vite/dist/node/chunks/node.js:27393:18)
      at async file:///Users/mkbabb/Programming/csc411/CSC411_HW2_ProgrammingQuestion/web/frontend/node_modules/vite/dist/node/chunks/node.js:27456:30
      at async Promise.all (index 1)
      at async TransformPluginContext.transform (file:///Users/mkbabb/Programming/csc411/CSC411_HW2_ProgrammingQuestion/web/frontend/node_modules/vite/dist/node/chunks/node.js:27424:4)
      at async EnvironmentPluginContainer.transform (file:///Users/mkbabb/Programming/csc411/CSC411_HW2_ProgrammingQuestion/web/frontend/node_modules/vite/dist/node/chunks/node.js:30151:14)
      at async loadAndTransform (file:///Users/mkbabb/Programming/csc411/CSC411_HW2_ProgrammingQuestion/web/frontend/node_modules/vite/dist/node/chunks/node.js:20098:26)
      at async viteTransformMiddleware (file:///Users/mkbabb/Programming/csc411/CSC411_HW2_ProgrammingQuestion/web/frontend/node_modules/vite/dist/node/chunks/node.js:24559:20)
7:54:42 PM [vite] Internal server error: Failed to resolve import "@mkbabb/csp-solver-wasm" from "src/games/shared/solver/solver.worker.ts?worker_file&type=module". Does the file exist?
  Plugin: vite:import-analysis
  File: /Users/mkbabb/Programming/csc411/CSC411_HW2_ProgrammingQuestion/web/frontend/src/games/shared/solver/solver.worker.ts?worker_file&type=module:36:7
  18 |  * the registry swap flips only `package.json`, never a line here.
  19 |  */
  20 |  ... solveKenKen, solveKiller, solveSudoku, solveThermo } from "@mkbabb/csp-solver-wasm";
     |                                                                 ^
  21 |  // The `--target web` module fetches its `.wasm` from `new URL(..., import.meta.url)` by
  22 |  // default; under Vite that URL does not resolve from a bundled/HMR'd Worker. Import the binary
      at TransformPluginContext._formatLog (file:///Users/mkbabb/Programming/csc411/CSC411_HW2_ProgrammingQuestion/web/frontend/node_modules/vite/dist/node/chunks/node.js:30366:39)
      at TransformPluginContext.error (file:///Users/mkbabb/Programming/csc411/CSC411_HW2_ProgrammingQuestion/web/frontend/node_modules/vite/dist/node/chunks/node.js:30363:14)
      at normalizeUrl (file:///Users/mkbabb/Programming/csc411/CSC411_HW2_ProgrammingQuestion/web/frontend/node_modules/vite/dist/node/chunks/node.js:27393:18)
      at async file:///Users/mkbabb/Programming/csc411/CSC411_HW2_ProgrammingQuestion/web/frontend/node_modules/vite/dist/node/chunks/node.js:27456:30
      at async Promise.all (index 1)
      at async TransformPluginContext.transform (file:///Users/mkbabb/Programming/csc411/CSC411_HW2_ProgrammingQuestion/web/frontend/node_modules/vite/dist/node/chunks/node.js:27424:4)
      at async EnvironmentPluginContainer.transform (file:///Users/mkbabb/Programming/csc411/CSC411_HW2_ProgrammingQuestion/web/frontend/node_modules/vite/dist/node/chunks/node.js:30151:14)
      at async loadAndTransform (file:///Users/mkbabb/Programming/csc411/CSC411_HW2_ProgrammingQuestion/web/frontend/node_modules/vite/dist/node/chunks/node.js:20098:26)
      at async viteTransformMiddleware (file:///Users/mkbabb/Programming/csc411/CSC411_HW2_ProgrammingQuestion/web/frontend/node_modules/vite/dist/node/chunks/node.js:24559:20)
7:55:04 PM [vite] Internal server error: Failed to resolve import "@mkbabb/csp-solver-wasm" from "src/games/shared/solver/solver.worker.ts?worker_file&type=module". Does the file exist?
  Plugin: vite:import-analysis
  File: /Users/mkbabb/Programming/csc411/CSC411_HW2_ProgrammingQuestion/web/frontend/src/games/shared/solver/solver.worker.ts?worker_file&type=module:36:7
  18 |  * the registry swap flips only `package.json`, never a line here.
  19 |  */
  20 |  ... solveKenKen, solveKiller, solveSudoku, solveThermo } from "@mkbabb/csp-solver-wasm";
     |                                                                 ^
  21 |  // The `--target web` module fetches its `.wasm` from `new URL(..., import.meta.url)` by
  22 |  // default; under Vite that URL does not resolve from a bundled/HMR'd Worker. Import the binary
      at TransformPluginContext._formatLog (file:///Users/mkbabb/Programming/csc411/CSC411_HW2_ProgrammingQuestion/web/frontend/node_modules/vite/dist/node/chunks/node.js:30366:39)
      at TransformPluginContext.error (file:///Users/mkbabb/Programming/csc411/CSC411_HW2_ProgrammingQuestion/web/frontend/node_modules/vite/dist/node/chunks/node.js:30363:14)
      at normalizeUrl (file:///Users/mkbabb/Programming/csc411/CSC411_HW2_ProgrammingQuestion/web/frontend/node_modules/vite/dist/node/chunks/node.js:27393:18)
      at async file:///Users/mkbabb/Programming/csc411/CSC411_HW2_ProgrammingQuestion/web/frontend/node_modules/vite/dist/node/chunks/node.js:27456:30
      at async Promise.all (index 1)
      at async TransformPluginContext.transform (file:///Users/mkbabb/Programming/csc411/CSC411_HW2_ProgrammingQuestion/web/frontend/node_modules/vite/dist/node/chunks/node.js:27424:4)
      at async EnvironmentPluginContainer.transform (file:///Users/mkbabb/Programming/csc411/CSC411_HW2_ProgrammingQuestion/web/frontend/node_modules/vite/dist/node/chunks/node.js:30151:14)
      at async loadAndTransform (file:///Users/mkbabb/Programming/csc411/CSC411_HW2_ProgrammingQuestion/web/frontend/node_modules/vite/dist/node/chunks/node.js:20098:26)
      at async viteTransformMiddleware (file:///Users/mkbabb/Programming/csc411/CSC411_HW2_ProgrammingQuestion/web/frontend/node_modules/vite/dist/node/chunks/node.js:24559:20)
7:55:04 PM [vite] Internal server error: Failed to resolve import "@mkbabb/csp-solver-wasm" from "src/games/shared/solver/solver.worker.ts?worker_file&type=module". Does the file exist?
  Plugin: vite:import-analysis
  File: /Users/mkbabb/Programming/csc411/CSC411_HW2_ProgrammingQuestion/web/frontend/src/games/shared/solver/solver.worker.ts?worker_file&type=module:36:7
  18 |  * the registry swap flips only `package.json`, never a line here.
  19 |  */
  20 |  ... solveKenKen, solveKiller, solveSudoku, solveThermo } from "@mkbabb/csp-solver-wasm";
     |                                                                 ^
  21 |  // The `--target web` module fetches its `.wasm` from `new URL(..., import.meta.url)` by
  22 |  // default; under Vite that URL does not resolve from a bundled/HMR'd Worker. Import the binary
      at TransformPluginContext._formatLog (file:///Users/mkbabb/Programming/csc411/CSC411_HW2_ProgrammingQuestion/web/frontend/node_modules/vite/dist/node/chunks/node.js:30366:39)
      at TransformPluginContext.error (file:///Users/mkbabb/Programming/csc411/CSC411_HW2_ProgrammingQuestion/web/frontend/node_modules/vite/dist/node/chunks/node.js:30363:14)
      at normalizeUrl (file:///Users/mkbabb/Programming/csc411/CSC411_HW2_ProgrammingQuestion/web/frontend/node_modules/vite/dist/node/chunks/node.js:27393:18)
      at async file:///Users/mkbabb/Programming/csc411/CSC411_HW2_ProgrammingQuestion/web/frontend/node_modules/vite/dist/node/chunks/node.js:27456:30
      at async Promise.all (index 1)
      at async TransformPluginContext.transform (file:///Users/mkbabb/Programming/csc411/CSC411_HW2_ProgrammingQuestion/web/frontend/node_modules/vite/dist/node/chunks/node.js:27424:4)
      at async EnvironmentPluginContainer.transform (file:///Users/mkbabb/Programming/csc411/CSC411_HW2_ProgrammingQuestion/web/frontend/node_modules/vite/dist/node/chunks/node.js:30151:14)
      at async loadAndTransform (file:///Users/mkbabb/Programming/csc411/CSC411_HW2_ProgrammingQuestion/web/frontend/node_modules/vite/dist/node/chunks/node.js:20098:26)
      at async viteTransformMiddleware (file:///Users/mkbabb/Programming/csc411/CSC411_HW2_ProgrammingQuestion/web/frontend/node_modules/vite/dist/node/chunks/node.js:24559:20)
7:55:07 PM [vite] Internal server error: Failed to resolve import "@mkbabb/csp-solver-wasm" from "src/games/shared/solver/solver.worker.ts?worker_file&type=module". Does the file exist?
  Plugin: vite:import-analysis
  File: /Users/mkbabb/Programming/csc411/CSC411_HW2_ProgrammingQuestion/web/frontend/src/games/shared/solver/solver.worker.ts?worker_file&type=module:36:7
  18 |  * the registry swap flips only `package.json`, never a line here.
  19 |  */
  20 |  ... solveKenKen, solveKiller, solveSudoku, solveThermo } from "@mkbabb/csp-solver-wasm";
     |                                                                 ^
  21 |  // The `--target web` module fetches its `.wasm` from `new URL(..., import.meta.url)` by
  22 |  // default; under Vite that URL does not resolve from a bundled/HMR'd Worker. Import the binary
      at TransformPluginContext._formatLog (file:///Users/mkbabb/Programming/csc411/CSC411_HW2_ProgrammingQuestion/web/frontend/node_modules/vite/dist/node/chunks/node.js:30366:39)
      at TransformPluginContext.error (file:///Users/mkbabb/Programming/csc411/CSC411_HW2_ProgrammingQuestion/web/frontend/node_modules/vite/dist/node/chunks/node.js:30363:14)
      at normalizeUrl (file:///Users/mkbabb/Programming/csc411/CSC411_HW2_ProgrammingQuestion/web/frontend/node_modules/vite/dist/node/chunks/node.js:27393:18)
      at async file:///Users/mkbabb/Programming/csc411/CSC411_HW2_ProgrammingQuestion/web/frontend/node_modules/vite/dist/node/chunks/node.js:27456:30
      at async Promise.all (index 1)
      at async TransformPluginContext.transform (file:///Users/mkbabb/Programming/csc411/CSC411_HW2_ProgrammingQuestion/web/frontend/node_modules/vite/dist/node/chunks/node.js:27424:4)
      at async EnvironmentPluginContainer.transform (file:///Users/mkbabb/Programming/csc411/CSC411_HW2_ProgrammingQuestion/web/frontend/node_modules/vite/dist/node/chunks/node.js:30151:14)
      at async loadAndTransform (file:///Users/mkbabb/Programming/csc411/CSC411_HW2_ProgrammingQuestion/web/frontend/node_modules/vite/dist/node/chunks/node.js:20098:26)
      at async viteTransformMiddleware (file:///Users/mkbabb/Programming/csc411/CSC411_HW2_ProgrammingQuestion/web/frontend/node_modules/vite/dist/node/chunks/node.js:24559:20)
7:55:07 PM [vite] Internal server error: Failed to resolve import "@mkbabb/csp-solver-wasm" from "src/games/shared/solver/solver.worker.ts?worker_file&type=module". Does the file exist?
  Plugin: vite:import-analysis
  File: /Users/mkbabb/Programming/csc411/CSC411_HW2_ProgrammingQuestion/web/frontend/src/games/shared/solver/solver.worker.ts?worker_file&type=module:36:7
  18 |  * the registry swap flips only `package.json`, never a line here.
  19 |  */
  20 |  ... solveKenKen, solveKiller, solveSudoku, solveThermo } from "@mkbabb/csp-solver-wasm";
     |                                                                 ^
  21 |  // The `--target web` module fetches its `.wasm` from `new URL(..., import.meta.url)` by
  22 |  // default; under Vite that URL does not resolve from a bundled/HMR'd Worker. Import the binary
      at TransformPluginContext._formatLog (file:///Users/mkbabb/Programming/csc411/CSC411_HW2_ProgrammingQuestion/web/frontend/node_modules/vite/dist/node/chunks/node.js:30366:39)
      at TransformPluginContext.error (file:///Users/mkbabb/Programming/csc411/CSC411_HW2_ProgrammingQuestion/web/frontend/node_modules/vite/dist/node/chunks/node.js:30363:14)
      at normalizeUrl (file:///Users/mkbabb/Programming/csc411/CSC411_HW2_ProgrammingQuestion/web/frontend/node_modules/vite/dist/node/chunks/node.js:27393:18)
      at async file:///Users/mkbabb/Programming/csc411/CSC411_HW2_ProgrammingQuestion/web/frontend/node_modules/vite/dist/node/chunks/node.js:27456:30
      at async Promise.all (index 1)
      at async TransformPluginContext.transform (file:///Users/mkbabb/Programming/csc411/CSC411_HW2_ProgrammingQuestion/web/frontend/node_modules/vite/dist/node/chunks/node.js:27424:4)
      at async EnvironmentPluginContainer.transform (file:///Users/mkbabb/Programming/csc411/CSC411_HW2_ProgrammingQuestion/web/frontend/node_modules/vite/dist/node/chunks/node.js:30151:14)
      at async loadAndTransform (file:///Users/mkbabb/Programming/csc411/CSC411_HW2_ProgrammingQuestion/web/frontend/node_modules/vite/dist/node/chunks/node.js:20098:26)
      at async viteTransformMiddleware (file:///Users/mkbabb/Programming/csc411/CSC411_HW2_ProgrammingQuestion/web/frontend/node_modules/vite/dist/node/chunks/node.js:24559:20)
7:55:09 PM [vite] Internal server error: Failed to resolve import "@mkbabb/csp-solver-wasm" from "src/games/shared/solver/solver.worker.ts?worker_file&type=module". Does the file exist?
  Plugin: vite:import-analysis
  File: /Users/mkbabb/Programming/csc411/CSC411_HW2_ProgrammingQuestion/web/frontend/src/games/shared/solver/solver.worker.ts?worker_file&type=module:36:7
  18 |  * the registry swap flips only `package.json`, never a line here.
  19 |  */
  20 |  ... solveKenKen, solveKiller, solveSudoku, solveThermo } from "@mkbabb/csp-solver-wasm";
     |                                                                 ^
  21 |  // The `--target web` module fetches its `.wasm` from `new URL(..., import.meta.url)` by
  22 |  // default; under Vite that URL does not resolve from a bundled/HMR'd Worker. Import the binary
      at TransformPluginContext._formatLog (file:///Users/mkbabb/Programming/csc411/CSC411_HW2_ProgrammingQuestion/web/frontend/node_modules/vite/dist/node/chunks/node.js:30366:39)
      at TransformPluginContext.error (file:///Users/mkbabb/Programming/csc411/CSC411_HW2_ProgrammingQuestion/web/frontend/node_modules/vite/dist/node/chunks/node.js:30363:14)
      at normalizeUrl (file:///Users/mkbabb/Programming/csc411/CSC411_HW2_ProgrammingQuestion/web/frontend/node_modules/vite/dist/node/chunks/node.js:27393:18)
      at async file:///Users/mkbabb/Programming/csc411/CSC411_HW2_ProgrammingQuestion/web/frontend/node_modules/vite/dist/node/chunks/node.js:27456:30
      at async Promise.all (index 1)
      at async TransformPluginContext.transform (file:///Users/mkbabb/Programming/csc411/CSC411_HW2_ProgrammingQuestion/web/frontend/node_modules/vite/dist/node/chunks/node.js:27424:4)
      at async EnvironmentPluginContainer.transform (file:///Users/mkbabb/Programming/csc411/CSC411_HW2_ProgrammingQuestion/web/frontend/node_modules/vite/dist/node/chunks/node.js:30151:14)
      at async loadAndTransform (file:///Users/mkbabb/Programming/csc411/CSC411_HW2_ProgrammingQuestion/web/frontend/node_modules/vite/dist/node/chunks/node.js:20098:26)
      at async viteTransformMiddleware (file:///Users/mkbabb/Programming/csc411/CSC411_HW2_ProgrammingQuestion/web/frontend/node_modules/vite/dist/node/chunks/node.js:24559:20)
7:55:09 PM [vite] Internal server error: Failed to resolve import "@mkbabb/csp-solver-wasm" from "src/games/shared/solver/solver.worker.ts?worker_file&type=module". Does the file exist?
  Plugin: vite:import-analysis
  File: /Users/mkbabb/Programming/csc411/CSC411_HW2_ProgrammingQuestion/web/frontend/src/games/shared/solver/solver.worker.ts?worker_file&type=module:36:7
  18 |  * the registry swap flips only `package.json`, never a line here.
  19 |  */
  20 |  ... solveKenKen, solveKiller, solveSudoku, solveThermo } from "@mkbabb/csp-solver-wasm";
     |                                                                 ^
  21 |  // The `--target web` module fetches its `.wasm` from `new URL(..., import.meta.url)` by
  22 |  // default; under Vite that URL does not resolve from a bundled/HMR'd Worker. Import the binary
      at TransformPluginContext._formatLog (file:///Users/mkbabb/Programming/csc411/CSC411_HW2_ProgrammingQuestion/web/frontend/node_modules/vite/dist/node/chunks/node.js:30366:39)
      at TransformPluginContext.error (file:///Users/mkbabb/Programming/csc411/CSC411_HW2_ProgrammingQuestion/web/frontend/node_modules/vite/dist/node/chunks/node.js:30363:14)
      at normalizeUrl (file:///Users/mkbabb/Programming/csc411/CSC411_HW2_ProgrammingQuestion/web/frontend/node_modules/vite/dist/node/chunks/node.js:27393:18)
      at async file:///Users/mkbabb/Programming/csc411/CSC411_HW2_ProgrammingQuestion/web/frontend/node_modules/vite/dist/node/chunks/node.js:27456:30
      at async Promise.all (index 1)
      at async TransformPluginContext.transform (file:///Users/mkbabb/Programming/csc411/CSC411_HW2_ProgrammingQuestion/web/frontend/node_modules/vite/dist/node/chunks/node.js:27424:4)
      at async EnvironmentPluginContainer.transform (file:///Users/mkbabb/Programming/csc411/CSC411_HW2_ProgrammingQuestion/web/frontend/node_modules/vite/dist/node/chunks/node.js:30151:14)
      at async loadAndTransform (file:///Users/mkbabb/Programming/csc411/CSC411_HW2_ProgrammingQuestion/web/frontend/node_modules/vite/dist/node/chunks/node.js:20098:26)
      at async viteTransformMiddleware (file:///Users/mkbabb/Programming/csc411/CSC411_HW2_ProgrammingQuestion/web/frontend/node_modules/vite/dist/node/chunks/node.js:24559:20)
7:55:11 PM [vite] Internal server error: Failed to resolve import "@mkbabb/csp-solver-wasm" from "src/games/shared/solver/solver.worker.ts?worker_file&type=module". Does the file exist?
  Plugin: vite:import-analysis
  File: /Users/mkbabb/Programming/csc411/CSC411_HW2_ProgrammingQuestion/web/frontend/src/games/shared/solver/solver.worker.ts?worker_file&type=module:36:7
  18 |  * the registry swap flips only `package.json`, never a line here.
  19 |  */
  20 |  ... solveKenKen, solveKiller, solveSudoku, solveThermo } from "@mkbabb/csp-solver-wasm";
     |                                                                 ^
  21 |  // The `--target web` module fetches its `.wasm` from `new URL(..., import.meta.url)` by
  22 |  // default; under Vite that URL does not resolve from a bundled/HMR'd Worker. Import the binary
      at TransformPluginContext._formatLog (file:///Users/mkbabb/Programming/csc411/CSC411_HW2_ProgrammingQuestion/web/frontend/node_modules/vite/dist/node/chunks/node.js:30366:39)
      at TransformPluginContext.error (file:///Users/mkbabb/Programming/csc411/CSC411_HW2_ProgrammingQuestion/web/frontend/node_modules/vite/dist/node/chunks/node.js:30363:14)
      at normalizeUrl (file:///Users/mkbabb/Programming/csc411/CSC411_HW2_ProgrammingQuestion/web/frontend/node_modules/vite/dist/node/chunks/node.js:27393:18)
      at async file:///Users/mkbabb/Programming/csc411/CSC411_HW2_ProgrammingQuestion/web/frontend/node_modules/vite/dist/node/chunks/node.js:27456:30
      at async Promise.all (index 1)
      at async TransformPluginContext.transform (file:///Users/mkbabb/Programming/csc411/CSC411_HW2_ProgrammingQuestion/web/frontend/node_modules/vite/dist/node/chunks/node.js:27424:4)
      at async EnvironmentPluginContainer.transform (file:///Users/mkbabb/Programming/csc411/CSC411_HW2_ProgrammingQuestion/web/frontend/node_modules/vite/dist/node/chunks/node.js:30151:14)
      at async loadAndTransform (file:///Users/mkbabb/Programming/csc411/CSC411_HW2_ProgrammingQuestion/web/frontend/node_modules/vite/dist/node/chunks/node.js:20098:26)
      at async viteTransformMiddleware (file:///Users/mkbabb/Programming/csc411/CSC411_HW2_ProgrammingQuestion/web/frontend/node_modules/vite/dist/node/chunks/node.js:24559:20)
7:55:11 PM [vite] Internal server error: Failed to resolve import "@mkbabb/csp-solver-wasm" from "src/games/shared/solver/solver.worker.ts?worker_file&type=module". Does the file exist?
  Plugin: vite:import-analysis
  File: /Users/mkbabb/Programming/csc411/CSC411_HW2_ProgrammingQuestion/web/frontend/src/games/shared/solver/solver.worker.ts?worker_file&type=module:36:7
  18 |  * the registry swap flips only `package.json`, never a line here.
  19 |  */
  20 |  ... solveKenKen, solveKiller, solveSudoku, solveThermo } from "@mkbabb/csp-solver-wasm";
     |                                                                 ^
  21 |  // The `--target web` module fetches its `.wasm` from `new URL(..., import.meta.url)` by
  22 |  // default; under Vite that URL does not resolve from a bundled/HMR'd Worker. Import the binary
      at TransformPluginContext._formatLog (file:///Users/mkbabb/Programming/csc411/CSC411_HW2_ProgrammingQuestion/web/frontend/node_modules/vite/dist/node/chunks/node.js:30366:39)
      at TransformPluginContext.error (file:///Users/mkbabb/Programming/csc411/CSC411_HW2_ProgrammingQuestion/web/frontend/node_modules/vite/dist/node/chunks/node.js:30363:14)
      at normalizeUrl (file:///Users/mkbabb/Programming/csc411/CSC411_HW2_ProgrammingQuestion/web/frontend/node_modules/vite/dist/node/chunks/node.js:27393:18)
      at async file:///Users/mkbabb/Programming/csc411/CSC411_HW2_ProgrammingQuestion/web/frontend/node_modules/vite/dist/node/chunks/node.js:27456:30
      at async Promise.all (index 1)
      at async TransformPluginContext.transform (file:///Users/mkbabb/Programming/csc411/CSC411_HW2_ProgrammingQuestion/web/frontend/node_modules/vite/dist/node/chunks/node.js:27424:4)
      at async EnvironmentPluginContainer.transform (file:///Users/mkbabb/Programming/csc411/CSC411_HW2_ProgrammingQuestion/web/frontend/node_modules/vite/dist/node/chunks/node.js:30151:14)
      at async loadAndTransform (file:///Users/mkbabb/Programming/csc411/CSC411_HW2_ProgrammingQuestion/web/frontend/node_modules/vite/dist/node/chunks/node.js:20098:26)
      at async viteTransformMiddleware (file:///Users/mkbabb/Programming/csc411/CSC411_HW2_ProgrammingQuestion/web/frontend/node_modules/vite/dist/node/chunks/node.js:24559:20)
7:56:30 PM [vite] Internal server error: Failed to resolve import "@mkbabb/csp-solver-wasm" from "src/games/shared/solver/solver.worker.ts?worker_file&type=module". Does the file exist?
  Plugin: vite:import-analysis
  File: /Users/mkbabb/Programming/csc411/CSC411_HW2_ProgrammingQuestion/web/frontend/src/games/shared/solver/solver.worker.ts?worker_file&type=module:36:7
  18 |  * the registry swap flips only `package.json`, never a line here.
  19 |  */
  20 |  ... solveKenKen, solveKiller, solveSudoku, solveThermo } from "@mkbabb/csp-solver-wasm";
     |                                                                 ^
  21 |  // The `--target web` module fetches its `.wasm` from `new URL(..., import.meta.url)` by
  22 |  // default; under Vite that URL does not resolve from a bundled/HMR'd Worker. Import the binary
      at TransformPluginContext._formatLog (file:///Users/mkbabb/Programming/csc411/CSC411_HW2_ProgrammingQuestion/web/frontend/node_modules/vite/dist/node/chunks/node.js:30366:39)
      at TransformPluginContext.error (file:///Users/mkbabb/Programming/csc411/CSC411_HW2_ProgrammingQuestion/web/frontend/node_modules/vite/dist/node/chunks/node.js:30363:14)
      at normalizeUrl (file:///Users/mkbabb/Programming/csc411/CSC411_HW2_ProgrammingQuestion/web/frontend/node_modules/vite/dist/node/chunks/node.js:27393:18)
      at async file:///Users/mkbabb/Programming/csc411/CSC411_HW2_ProgrammingQuestion/web/frontend/node_modules/vite/dist/node/chunks/node.js:27456:30
      at async Promise.all (index 1)
      at async TransformPluginContext.transform (file:///Users/mkbabb/Programming/csc411/CSC411_HW2_ProgrammingQuestion/web/frontend/node_modules/vite/dist/node/chunks/node.js:27424:4)
      at async EnvironmentPluginContainer.transform (file:///Users/mkbabb/Programming/csc411/CSC411_HW2_ProgrammingQuestion/web/frontend/node_modules/vite/dist/node/chunks/node.js:30151:14)
      at async loadAndTransform (file:///Users/mkbabb/Programming/csc411/CSC411_HW2_ProgrammingQuestion/web/frontend/node_modules/vite/dist/node/chunks/node.js:20098:26)
      at async viteTransformMiddleware (file:///Users/mkbabb/Programming/csc411/CSC411_HW2_ProgrammingQuestion/web/frontend/node_modules/vite/dist/node/chunks/node.js:24559:20)
7:56:30 PM [vite] Internal server error: Failed to resolve import "@mkbabb/csp-solver-wasm" from "src/games/shared/solver/solver.worker.ts?worker_file&type=module". Does the file exist?
  Plugin: vite:import-analysis
  File: /Users/mkbabb/Programming/csc411/CSC411_HW2_ProgrammingQuestion/web/frontend/src/games/shared/solver/solver.worker.ts?worker_file&type=module:36:7
  18 |  * the registry swap flips only `package.json`, never a line here.
  19 |  */
  20 |  ... solveKenKen, solveKiller, solveSudoku, solveThermo } from "@mkbabb/csp-solver-wasm";
     |                                                                 ^
  21 |  // The `--target web` module fetches its `.wasm` from `new URL(..., import.meta.url)` by
  22 |  // default; under Vite that URL does not resolve from a bundled/HMR'd Worker. Import the binary
      at TransformPluginContext._formatLog (file:///Users/mkbabb/Programming/csc411/CSC411_HW2_ProgrammingQuestion/web/frontend/node_modules/vite/dist/node/chunks/node.js:30366:39)
      at TransformPluginContext.error (file:///Users/mkbabb/Programming/csc411/CSC411_HW2_ProgrammingQuestion/web/frontend/node_modules/vite/dist/node/chunks/node.js:30363:14)
      at normalizeUrl (file:///Users/mkbabb/Programming/csc411/CSC411_HW2_ProgrammingQuestion/web/frontend/node_modules/vite/dist/node/chunks/node.js:27393:18)
      at async file:///Users/mkbabb/Programming/csc411/CSC411_HW2_ProgrammingQuestion/web/frontend/node_modules/vite/dist/node/chunks/node.js:27456:30
      at async Promise.all (index 1)
      at async TransformPluginContext.transform (file:///Users/mkbabb/Programming/csc411/CSC411_HW2_ProgrammingQuestion/web/frontend/node_modules/vite/dist/node/chunks/node.js:27424:4)
      at async EnvironmentPluginContainer.transform (file:///Users/mkbabb/Programming/csc411/CSC411_HW2_ProgrammingQuestion/web/frontend/node_modules/vite/dist/node/chunks/node.js:30151:14)
      at async loadAndTransform (file:///Users/mkbabb/Programming/csc411/CSC411_HW2_ProgrammingQuestion/web/frontend/node_modules/vite/dist/node/chunks/node.js:20098:26)
      at async viteTransformMiddleware (file:///Users/mkbabb/Programming/csc411/CSC411_HW2_ProgrammingQuestion/web/frontend/node_modules/vite/dist/node/chunks/node.js:24559:20)
7:58:00 PM [vite] Internal server error: Failed to resolve import "@mkbabb/csp-solver-wasm" from "src/games/shared/solver/solver.worker.ts?worker_file&type=module". Does the file exist?
  Plugin: vite:import-analysis
  File: /Users/mkbabb/Programming/csc411/CSC411_HW2_ProgrammingQuestion/web/frontend/src/games/shared/solver/solver.worker.ts?worker_file&type=module:36:7
  18 |  * the registry swap flips only `package.json`, never a line here.
  19 |  */
  20 |  ... solveKenKen, solveKiller, solveSudoku, solveThermo } from "@mkbabb/csp-solver-wasm";
     |                                                                 ^
  21 |  // The `--target web` module fetches its `.wasm` from `new URL(..., import.meta.url)` by
  22 |  // default; under Vite that URL does not resolve from a bundled/HMR'd Worker. Import the binary
      at TransformPluginContext._formatLog (file:///Users/mkbabb/Programming/csc411/CSC411_HW2_ProgrammingQuestion/web/frontend/node_modules/vite/dist/node/chunks/node.js:30366:39)
      at TransformPluginContext.error (file:///Users/mkbabb/Programming/csc411/CSC411_HW2_ProgrammingQuestion/web/frontend/node_modules/vite/dist/node/chunks/node.js:30363:14)
      at normalizeUrl (file:///Users/mkbabb/Programming/csc411/CSC411_HW2_ProgrammingQuestion/web/frontend/node_modules/vite/dist/node/chunks/node.js:27393:18)
      at async file:///Users/mkbabb/Programming/csc411/CSC411_HW2_ProgrammingQuestion/web/frontend/node_modules/vite/dist/node/chunks/node.js:27456:30
      at async Promise.all (index 1)
      at async TransformPluginContext.transform (file:///Users/mkbabb/Programming/csc411/CSC411_HW2_ProgrammingQuestion/web/frontend/node_modules/vite/dist/node/chunks/node.js:27424:4)
      at async EnvironmentPluginContainer.transform (file:///Users/mkbabb/Programming/csc411/CSC411_HW2_ProgrammingQuestion/web/frontend/node_modules/vite/dist/node/chunks/node.js:30151:14)
      at async loadAndTransform (file:///Users/mkbabb/Programming/csc411/CSC411_HW2_ProgrammingQuestion/web/frontend/node_modules/vite/dist/node/chunks/node.js:20098:26)
      at async viteTransformMiddleware (file:///Users/mkbabb/Programming/csc411/CSC411_HW2_ProgrammingQuestion/web/frontend/node_modules/vite/dist/node/chunks/node.js:24559:20)
7:58:00 PM [vite] Internal server error: Failed to resolve import "@mkbabb/csp-solver-wasm" from "src/games/shared/solver/solver.worker.ts?worker_file&type=module". Does the file exist?
  Plugin: vite:import-analysis
  File: /Users/mkbabb/Programming/csc411/CSC411_HW2_ProgrammingQuestion/web/frontend/src/games/shared/solver/solver.worker.ts?worker_file&type=module:36:7
  18 |  * the registry swap flips only `package.json`, never a line here.
  19 |  */
  20 |  ... solveKenKen, solveKiller, solveSudoku, solveThermo } from "@mkbabb/csp-solver-wasm";
     |                                                                 ^
  21 |  // The `--target web` module fetches its `.wasm` from `new URL(..., import.meta.url)` by
  22 |  // default; under Vite that URL does not resolve from a bundled/HMR'd Worker. Import the binary
      at TransformPluginContext._formatLog (file:///Users/mkbabb/Programming/csc411/CSC411_HW2_ProgrammingQuestion/web/frontend/node_modules/vite/dist/node/chunks/node.js:30366:39)
      at TransformPluginContext.error (file:///Users/mkbabb/Programming/csc411/CSC411_HW2_ProgrammingQuestion/web/frontend/node_modules/vite/dist/node/chunks/node.js:30363:14)
      at normalizeUrl (file:///Users/mkbabb/Programming/csc411/CSC411_HW2_ProgrammingQuestion/web/frontend/node_modules/vite/dist/node/chunks/node.js:27393:18)
      at async file:///Users/mkbabb/Programming/csc411/CSC411_HW2_ProgrammingQuestion/web/frontend/node_modules/vite/dist/node/chunks/node.js:27456:30
      at async Promise.all (index 1)
      at async TransformPluginContext.transform (file:///Users/mkbabb/Programming/csc411/CSC411_HW2_ProgrammingQuestion/web/frontend/node_modules/vite/dist/node/chunks/node.js:27424:4)
      at async EnvironmentPluginContainer.transform (file:///Users/mkbabb/Programming/csc411/CSC411_HW2_ProgrammingQuestion/web/frontend/node_modules/vite/dist/node/chunks/node.js:30151:14)
      at async loadAndTransform (file:///Users/mkbabb/Programming/csc411/CSC411_HW2_ProgrammingQuestion/web/frontend/node_modules/vite/dist/node/chunks/node.js:20098:26)
      at async viteTransformMiddleware (file:///Users/mkbabb/Programming/csc411/CSC411_HW2_ProgrammingQuestion/web/frontend/node_modules/vite/dist/node/chunks/node.js:24559:20)
7:58:02 PM [vite] Internal server error: Failed to resolve import "@mkbabb/csp-solver-wasm" from "src/games/shared/solver/solver.worker.ts?worker_file&type=module". Does the file exist?
  Plugin: vite:import-analysis
  File: /Users/mkbabb/Programming/csc411/CSC411_HW2_ProgrammingQuestion/web/frontend/src/games/shared/solver/solver.worker.ts?worker_file&type=module:36:7
  18 |  * the registry swap flips only `package.json`, never a line here.
  19 |  */
  20 |  ... solveKenKen, solveKiller, solveSudoku, solveThermo } from "@mkbabb/csp-solver-wasm";
     |                                                                 ^
  21 |  // The `--target web` module fetches its `.wasm` from `new URL(..., import.meta.url)` by
  22 |  // default; under Vite that URL does not resolve from a bundled/HMR'd Worker. Import the binary
      at TransformPluginContext._formatLog (file:///Users/mkbabb/Programming/csc411/CSC411_HW2_ProgrammingQuestion/web/frontend/node_modules/vite/dist/node/chunks/node.js:30366:39)
      at TransformPluginContext.error (file:///Users/mkbabb/Programming/csc411/CSC411_HW2_ProgrammingQuestion/web/frontend/node_modules/vite/dist/node/chunks/node.js:30363:14)
      at normalizeUrl (file:///Users/mkbabb/Programming/csc411/CSC411_HW2_ProgrammingQuestion/web/frontend/node_modules/vite/dist/node/chunks/node.js:27393:18)
      at async file:///Users/mkbabb/Programming/csc411/CSC411_HW2_ProgrammingQuestion/web/frontend/node_modules/vite/dist/node/chunks/node.js:27456:30
      at async Promise.all (index 1)
      at async TransformPluginContext.transform (file:///Users/mkbabb/Programming/csc411/CSC411_HW2_ProgrammingQuestion/web/frontend/node_modules/vite/dist/node/chunks/node.js:27424:4)
      at async EnvironmentPluginContainer.transform (file:///Users/mkbabb/Programming/csc411/CSC411_HW2_ProgrammingQuestion/web/frontend/node_modules/vite/dist/node/chunks/node.js:30151:14)
      at async loadAndTransform (file:///Users/mkbabb/Programming/csc411/CSC411_HW2_ProgrammingQuestion/web/frontend/node_modules/vite/dist/node/chunks/node.js:20098:26)
      at async viteTransformMiddleware (file:///Users/mkbabb/Programming/csc411/CSC411_HW2_ProgrammingQuestion/web/frontend/node_modules/vite/dist/node/chunks/node.js:24559:20)
7:58:02 PM [vite] Internal server error: Failed to resolve import "@mkbabb/csp-solver-wasm" from "src/games/shared/solver/solver.worker.ts?worker_file&type=module". Does the file exist?
  Plugin: vite:import-analysis
  File: /Users/mkbabb/Programming/csc411/CSC411_HW2_ProgrammingQuestion/web/frontend/src/games/shared/solver/solver.worker.ts?worker_file&type=module:36:7
  18 |  * the registry swap flips only `package.json`, never a line here.
  19 |  */
  20 |  ... solveKenKen, solveKiller, solveSudoku, solveThermo } from "@mkbabb/csp-solver-wasm";
     |                                                                 ^
  21 |  // The `--target web` module fetches its `.wasm` from `new URL(..., import.meta.url)` by
  22 |  // default; under Vite that URL does not resolve from a bundled/HMR'd Worker. Import the binary
      at TransformPluginContext._formatLog (file:///Users/mkbabb/Programming/csc411/CSC411_HW2_ProgrammingQuestion/web/frontend/node_modules/vite/dist/node/chunks/node.js:30366:39)
      at TransformPluginContext.error (file:///Users/mkbabb/Programming/csc411/CSC411_HW2_ProgrammingQuestion/web/frontend/node_modules/vite/dist/node/chunks/node.js:30363:14)
      at normalizeUrl (file:///Users/mkbabb/Programming/csc411/CSC411_HW2_ProgrammingQuestion/web/frontend/node_modules/vite/dist/node/chunks/node.js:27393:18)
      at async file:///Users/mkbabb/Programming/csc411/CSC411_HW2_ProgrammingQuestion/web/frontend/node_modules/vite/dist/node/chunks/node.js:27456:30
      at async Promise.all (index 1)
      at async TransformPluginContext.transform (file:///Users/mkbabb/Programming/csc411/CSC411_HW2_ProgrammingQuestion/web/frontend/node_modules/vite/dist/node/chunks/node.js:27424:4)
      at async EnvironmentPluginContainer.transform (file:///Users/mkbabb/Programming/csc411/CSC411_HW2_ProgrammingQuestion/web/frontend/node_modules/vite/dist/node/chunks/node.js:30151:14)
      at async loadAndTransform (file:///Users/mkbabb/Programming/csc411/CSC411_HW2_ProgrammingQuestion/web/frontend/node_modules/vite/dist/node/chunks/node.js:20098:26)
      at async viteTransformMiddleware (file:///Users/mkbabb/Programming/csc411/CSC411_HW2_ProgrammingQuestion/web/frontend/node_modules/vite/dist/node/chunks/node.js:24559:20)
7:58:11 PM [vite] Internal server error: Failed to resolve import "@mkbabb/csp-solver-wasm" from "src/games/shared/solver/solver.worker.ts?worker_file&type=module". Does the file exist?
  Plugin: vite:import-analysis
  File: /Users/mkbabb/Programming/csc411/CSC411_HW2_ProgrammingQuestion/web/frontend/src/games/shared/solver/solver.worker.ts?worker_file&type=module:36:7
  18 |  * the registry swap flips only `package.json`, never a line here.
  19 |  */
  20 |  ... solveKenKen, solveKiller, solveSudoku, solveThermo } from "@mkbabb/csp-solver-wasm";
     |                                                                 ^
  21 |  // The `--target web` module fetches its `.wasm` from `new URL(..., import.meta.url)` by
  22 |  // default; under Vite that URL does not resolve from a bundled/HMR'd Worker. Import the binary
      at TransformPluginContext._formatLog (file:///Users/mkbabb/Programming/csc411/CSC411_HW2_ProgrammingQuestion/web/frontend/node_modules/vite/dist/node/chunks/node.js:30366:39)
      at TransformPluginContext.error (file:///Users/mkbabb/Programming/csc411/CSC411_HW2_ProgrammingQuestion/web/frontend/node_modules/vite/dist/node/chunks/node.js:30363:14)
      at normalizeUrl (file:///Users/mkbabb/Programming/csc411/CSC411_HW2_ProgrammingQuestion/web/frontend/node_modules/vite/dist/node/chunks/node.js:27393:18)
      at async file:///Users/mkbabb/Programming/csc411/CSC411_HW2_ProgrammingQuestion/web/frontend/node_modules/vite/dist/node/chunks/node.js:27456:30
      at async Promise.all (index 1)
      at async TransformPluginContext.transform (file:///Users/mkbabb/Programming/csc411/CSC411_HW2_ProgrammingQuestion/web/frontend/node_modules/vite/dist/node/chunks/node.js:27424:4)
      at async EnvironmentPluginContainer.transform (file:///Users/mkbabb/Programming/csc411/CSC411_HW2_ProgrammingQuestion/web/frontend/node_modules/vite/dist/node/chunks/node.js:30151:14)
      at async loadAndTransform (file:///Users/mkbabb/Programming/csc411/CSC411_HW2_ProgrammingQuestion/web/frontend/node_modules/vite/dist/node/chunks/node.js:20098:26)
      at async viteTransformMiddleware (file:///Users/mkbabb/Programming/csc411/CSC411_HW2_ProgrammingQuestion/web/frontend/node_modules/vite/dist/node/chunks/node.js:24559:20)
7:58:11 PM [vite] Internal server error: Failed to resolve import "@mkbabb/csp-solver-wasm" from "src/games/shared/solver/solver.worker.ts?worker_file&type=module". Does the file exist?
  Plugin: vite:import-analysis
  File: /Users/mkbabb/Programming/csc411/CSC411_HW2_ProgrammingQuestion/web/frontend/src/games/shared/solver/solver.worker.ts?worker_file&type=module:36:7
  18 |  * the registry swap flips only `package.json`, never a line here.
  19 |  */
  20 |  ... solveKenKen, solveKiller, solveSudoku, solveThermo } from "@mkbabb/csp-solver-wasm";
     |                                                                 ^
  21 |  // The `--target web` module fetches its `.wasm` from `new URL(..., import.meta.url)` by
  22 |  // default; under Vite that URL does not resolve from a bundled/HMR'd Worker. Import the binary
      at TransformPluginContext._formatLog (file:///Users/mkbabb/Programming/csc411/CSC411_HW2_ProgrammingQuestion/web/frontend/node_modules/vite/dist/node/chunks/node.js:30366:39)
      at TransformPluginContext.error (file:///Users/mkbabb/Programming/csc411/CSC411_HW2_ProgrammingQuestion/web/frontend/node_modules/vite/dist/node/chunks/node.js:30363:14)
      at normalizeUrl (file:///Users/mkbabb/Programming/csc411/CSC411_HW2_ProgrammingQuestion/web/frontend/node_modules/vite/dist/node/chunks/node.js:27393:18)
      at async file:///Users/mkbabb/Programming/csc411/CSC411_HW2_ProgrammingQuestion/web/frontend/node_modules/vite/dist/node/chunks/node.js:27456:30
      at async Promise.all (index 1)
      at async TransformPluginContext.transform (file:///Users/mkbabb/Programming/csc411/CSC411_HW2_ProgrammingQuestion/web/frontend/node_modules/vite/dist/node/chunks/node.js:27424:4)
      at async EnvironmentPluginContainer.transform (file:///Users/mkbabb/Programming/csc411/CSC411_HW2_ProgrammingQuestion/web/frontend/node_modules/vite/dist/node/chunks/node.js:30151:14)
      at async loadAndTransform (file:///Users/mkbabb/Programming/csc411/CSC411_HW2_ProgrammingQuestion/web/frontend/node_modules/vite/dist/node/chunks/node.js:20098:26)
      at async viteTransformMiddleware (file:///Users/mkbabb/Programming/csc411/CSC411_HW2_ProgrammingQuestion/web/frontend/node_modules/vite/dist/node/chunks/node.js:24559:20)
7:58:13 PM [vite] Internal server error: Failed to resolve import "@mkbabb/csp-solver-wasm" from "src/games/shared/solver/solver.worker.ts?worker_file&type=module". Does the file exist?
  Plugin: vite:import-analysis
  File: /Users/mkbabb/Programming/csc411/CSC411_HW2_ProgrammingQuestion/web/frontend/src/games/shared/solver/solver.worker.ts?worker_file&type=module:36:7
  18 |  * the registry swap flips only `package.json`, never a line here.
  19 |  */
  20 |  ... solveKenKen, solveKiller, solveSudoku, solveThermo } from "@mkbabb/csp-solver-wasm";
     |                                                                 ^
  21 |  // The `--target web` module fetches its `.wasm` from `new URL(..., import.meta.url)` by
  22 |  // default; under Vite that URL does not resolve from a bundled/HMR'd Worker. Import the binary
      at TransformPluginContext._formatLog (file:///Users/mkbabb/Programming/csc411/CSC411_HW2_ProgrammingQuestion/web/frontend/node_modules/vite/dist/node/chunks/node.js:30366:39)
      at TransformPluginContext.error (file:///Users/mkbabb/Programming/csc411/CSC411_HW2_ProgrammingQuestion/web/frontend/node_modules/vite/dist/node/chunks/node.js:30363:14)
      at normalizeUrl (file:///Users/mkbabb/Programming/csc411/CSC411_HW2_ProgrammingQuestion/web/frontend/node_modules/vite/dist/node/chunks/node.js:27393:18)
      at async file:///Users/mkbabb/Programming/csc411/CSC411_HW2_ProgrammingQuestion/web/frontend/node_modules/vite/dist/node/chunks/node.js:27456:30
      at async Promise.all (index 1)
      at async TransformPluginContext.transform (file:///Users/mkbabb/Programming/csc411/CSC411_HW2_ProgrammingQuestion/web/frontend/node_modules/vite/dist/node/chunks/node.js:27424:4)
      at async EnvironmentPluginContainer.transform (file:///Users/mkbabb/Programming/csc411/CSC411_HW2_ProgrammingQuestion/web/frontend/node_modules/vite/dist/node/chunks/node.js:30151:14)
      at async loadAndTransform (file:///Users/mkbabb/Programming/csc411/CSC411_HW2_ProgrammingQuestion/web/frontend/node_modules/vite/dist/node/chunks/node.js:20098:26)
      at async viteTransformMiddleware (file:///Users/mkbabb/Programming/csc411/CSC411_HW2_ProgrammingQuestion/web/frontend/node_modules/vite/dist/node/chunks/node.js:24559:20)
7:58:13 PM [vite] Internal server error: Failed to resolve import "@mkbabb/csp-solver-wasm" from "src/games/shared/solver/solver.worker.ts?worker_file&type=module". Does the file exist?
  Plugin: vite:import-analysis
  File: /Users/mkbabb/Programming/csc411/CSC411_HW2_ProgrammingQuestion/web/frontend/src/games/shared/solver/solver.worker.ts?worker_file&type=module:36:7
  18 |  * the registry swap flips only `package.json`, never a line here.
  19 |  */
  20 |  ... solveKenKen, solveKiller, solveSudoku, solveThermo } from "@mkbabb/csp-solver-wasm";
     |                                                                 ^
  21 |  // The `--target web` module fetches its `.wasm` from `new URL(..., import.meta.url)` by
  22 |  // default; under Vite that URL does not resolve from a bundled/HMR'd Worker. Import the binary
      at TransformPluginContext._formatLog (file:///Users/mkbabb/Programming/csc411/CSC411_HW2_ProgrammingQuestion/web/frontend/node_modules/vite/dist/node/chunks/node.js:30366:39)
      at TransformPluginContext.error (file:///Users/mkbabb/Programming/csc411/CSC411_HW2_ProgrammingQuestion/web/frontend/node_modules/vite/dist/node/chunks/node.js:30363:14)
      at normalizeUrl (file:///Users/mkbabb/Programming/csc411/CSC411_HW2_ProgrammingQuestion/web/frontend/node_modules/vite/dist/node/chunks/node.js:27393:18)
      at async file:///Users/mkbabb/Programming/csc411/CSC411_HW2_ProgrammingQuestion/web/frontend/node_modules/vite/dist/node/chunks/node.js:27456:30
      at async Promise.all (index 1)
      at async TransformPluginContext.transform (file:///Users/mkbabb/Programming/csc411/CSC411_HW2_ProgrammingQuestion/web/frontend/node_modules/vite/dist/node/chunks/node.js:27424:4)
      at async EnvironmentPluginContainer.transform (file:///Users/mkbabb/Programming/csc411/CSC411_HW2_ProgrammingQuestion/web/frontend/node_modules/vite/dist/node/chunks/node.js:30151:14)
      at async loadAndTransform (file:///Users/mkbabb/Programming/csc411/CSC411_HW2_ProgrammingQuestion/web/frontend/node_modules/vite/dist/node/chunks/node.js:20098:26)
      at async viteTransformMiddleware (file:///Users/mkbabb/Programming/csc411/CSC411_HW2_ProgrammingQuestion/web/frontend/node_modules/vite/dist/node/chunks/node.js:24559:20)
