
Running 22 tests using 9 workers

  ✓   2 [chromium] › e2e/zone-grammar.spec.ts:229:1 › the staged headings are HEADINGS for assistive tech — decided one way, not both (1.9s)
  ✓   3 [chromium] › e2e/zone-grammar.spec.ts:321:1 › the action bar rides the card's own scrollport — at the TOP of a 1039px card, not only at its end (1.9s)
  ✓   5 [chromium] › e2e/zone-grammar.spec.ts:129:1 › every zone is named by its own VISIBLE tape — the accessible name and the drawn one are one string (1.6s)
  ✓   1 [chromium] › e2e/zone-grammar.spec.ts:272:1 › selection is announced: every option chip carries aria-pressed, exactly one per group (2.2s)
  ✓   4 [chromium] › e2e/zone-grammar.spec.ts:428:3 › coarse row regime (≥1024) › the pair branch keeps a 44px floor in BOTH dimensions, where the branch exists (2.2s)
  ✓   6 [chromium] › e2e/zone-grammar.spec.ts:55:1 › rendered-name census, rail: two eyebrows, four tapes, two captions — and the counter can see an injected one (2.4s)
  ✓   9 [chromium] › e2e/zone-grammar.spec.ts:361:1 › a frozen well mints ONE pose node and promotes nothing (the HandDrawnOutline prune) (2.0s)
  ✓   7 [chromium] › e2e/zone-grammar.spec.ts:181:1 › the permanent tape is a LABEL, not a tooltip — and the surface it names has a name (2.4s)
  ✓   8 [chromium] › e2e/zone-grammar.spec.ts:550:3 › coarse regime › the coarse card: regime witnessed first, then two eyebrows and a 44px floor in BOTH dimensions (3.1s)
  ✓  10 [chromium] › e2e/zone-grammar.spec.ts:593:3 › coarse regime › the heading lock holds on the CARD too — the regime its rail arm never visits (2.8s)
  ✓  11 [chromium] › e2e/zone-grammar.spec.ts:671:3 › coarse regime › the checking well says one thing: its chips (2.9s)
  ✓  13 [webkit] › e2e/zone-grammar.spec.ts:129:1 › every zone is named by its own VISIBLE tape — the accessible name and the drawn one are one string (4.0s)
  ✓  12 [webkit] › e2e/zone-grammar.spec.ts:428:3 › coarse row regime (≥1024) › the pair branch keeps a 44px floor in BOTH dimensions, where the branch exists (4.1s)
  ✓  14 [webkit] › e2e/zone-grammar.spec.ts:550:3 › coarse regime › the coarse card: regime witnessed first, then two eyebrows and a 44px floor in BOTH dimensions (5.3s)
  ✓  16 [webkit] › e2e/zone-grammar.spec.ts:671:3 › coarse regime › the checking well says one thing: its chips (3.4s)
  ✓  15 [webkit] › e2e/zone-grammar.spec.ts:593:3 › coarse regime › the heading lock holds on the CARD too — the regime its rail arm never visits (3.8s)
  ✓  18 [webkit] › e2e/zone-grammar.spec.ts:181:1 › the permanent tape is a LABEL, not a tooltip — and the surface it names has a name (2.8s)
  ✓  17 [webkit] › e2e/zone-grammar.spec.ts:229:1 › the staged headings are HEADINGS for assistive tech — decided one way, not both (2.9s)
  ✓  19 [webkit] › e2e/zone-grammar.spec.ts:55:1 › rendered-name census, rail: two eyebrows, four tapes, two captions — and the counter can see an injected one (2.9s)
  ✓  22 [webkit] › e2e/zone-grammar.spec.ts:321:1 › the action bar rides the card's own scrollport — at the TOP of a 1039px card, not only at its end (3.1s)
  ✓  20 [webkit] › e2e/zone-grammar.spec.ts:361:1 › a frozen well mints ONE pose node and promotes nothing (the HandDrawnOutline prune) (3.1s)
  ✓  21 [webkit] › e2e/zone-grammar.spec.ts:272:1 › selection is announced: every option chip carries aria-pressed, exactly one per group (3.3s)

  22 passed (25.2s)
EXIT=0
