
Running 36 tests using 9 workers

  ✓   4 [chromium] › e2e/font-census.spec.ts:287:1 › no string renders in two faces except the ones this estate has ledgered (809ms)
  ✓   2 [chromium] › e2e/drawer.spec.ts:248:3 › drawer under prefers-reduced-motion › PRM: toggle is an instant state swap — no glide class, immediate layout (1.1s)
  ✓   8 [chromium] › e2e/zone-grammar.spec.ts:51:1 › rendered-name census, rail: two eyebrows, three tapes, two captions — and the counter can see an injected one (1.1s)
  ✓   3 [chromium] › e2e/drawer.spec.ts:37:1 › drawer: default open — tab present (≥44px), aria wired, controls visible (1.2s)
  ✓  10 [chromium] › e2e/zone-grammar.spec.ts:117:1 › every zone is named by its own VISIBLE tape — the accessible name and the drawn one are one string (707ms)
  ✓   5 [chromium] › e2e/drawer.spec.ts:281:3 › drawer below the row regime › <1024: no tab, stacked panel in flow exactly as today (1.7s)
  ✓  11 [chromium] › e2e/zone-grammar.spec.ts:164:1 › the permanent tape is a LABEL, not a tooltip — and the surface it names has a name (715ms)
  ✓  12 [chromium] › e2e/zone-grammar.spec.ts:212:1 › the staged headings are HEADINGS for assistive tech — decided one way, not both (712ms)
  ✓  13 [chromium] › e2e/zone-grammar.spec.ts:255:1 › selection is announced: every option chip carries aria-pressed, exactly one per group (743ms)
  ✓  14 [chromium] › e2e/zone-grammar.spec.ts:287:1 › a frozen well mints ONE pose node and promotes nothing (the HandDrawnOutline prune) (658ms)
  ✓   9 [chromium] › e2e/drawer.spec.ts:211:1 › drawer: keyboard shortcuts (undo, K-peek) work with the drawer closed (2.4s)
  ✓  15 [chromium] › e2e/zone-grammar.spec.ts:354:3 › coarse row regime (≥1024) › the pair branch keeps a 44px floor in BOTH dimensions, where the branch exists (991ms)
  ✓  16 [chromium] › e2e/zone-grammar.spec.ts:447:3 › coarse regime › the coarse card: regime witnessed first, then two eyebrows and a 44px floor in BOTH dimensions (964ms)
  ✓  17 [chromium] › e2e/zone-grammar.spec.ts:489:3 › coarse regime › the heading lock holds on the CARD too — the regime its rail arm never visits (970ms)
  ✓  18 [chromium] › e2e/zone-grammar.spec.ts:559:3 › coarse regime › the teacher's well names the check state the card has never shown (1.1s)
  ✓   6 [chromium] › e2e/drawer.spec.ts:58:1 › drawer: close glides transform-only, board grows ≥24px + centers, persists (3.2s)
  ✓   1 [chromium] › e2e/drawer.spec.ts:175:1 › drawer: open focuses the first control; Esc closes from within and returns focus to the tab (4.3s)
  ✓  19 [webkit] › e2e/drawer.spec.ts:37:1 › drawer: default open — tab present (≥44px), aria wired, controls visible (2.0s)
  ✓  23 [webkit] › e2e/drawer.spec.ts:248:3 › drawer under prefers-reduced-motion › PRM: toggle is an instant state swap — no glide class, immediate layout (2.2s)
  ✓  24 [webkit] › e2e/drawer.spec.ts:281:3 › drawer below the row regime › <1024: no tab, stacked panel in flow exactly as today (2.6s)
  ✓   7 [chromium] › e2e/font-census.spec.ts:207:1 › the ledger holds BOTH directions across two games and two regimes (6.6s)
  ✓  26 [webkit] › e2e/zone-grammar.spec.ts:51:1 › rendered-name census, rail: two eyebrows, three tapes, two captions — and the counter can see an injected one (1.5s)
  ✓  20 [webkit] › e2e/drawer.spec.ts:58:1 › drawer: close glides transform-only, board grows ≥24px + centers, persists (3.7s)
  ✓  27 [webkit] › e2e/zone-grammar.spec.ts:117:1 › every zone is named by its own VISIBLE tape — the accessible name and the drawn one are one string (1.4s)
  ✓  22 [webkit] › e2e/drawer.spec.ts:211:1 › drawer: keyboard shortcuts (undo, K-peek) work with the drawer closed (4.2s)
  ✓  28 [webkit] › e2e/font-census.spec.ts:287:1 › no string renders in two faces except the ones this estate has ledgered (1.7s)
  ✓  29 [webkit] › e2e/zone-grammar.spec.ts:164:1 › the permanent tape is a LABEL, not a tooltip — and the surface it names has a name (1.5s)
  ✓  31 [webkit] › e2e/zone-grammar.spec.ts:287:1 › a frozen well mints ONE pose node and promotes nothing (the HandDrawnOutline prune) (1.3s)
  ✓  30 [webkit] › e2e/zone-grammar.spec.ts:255:1 › selection is announced: every option chip carries aria-pressed, exactly one per group (1.6s)
  ✓  21 [webkit] › e2e/drawer.spec.ts:175:1 › drawer: open focuses the first control; Esc closes from within and returns focus to the tab (5.5s)
  ✓  32 [webkit] › e2e/zone-grammar.spec.ts:354:3 › coarse row regime (≥1024) › the pair branch keeps a 44px floor in BOTH dimensions, where the branch exists (1.8s)
  ✓  33 [webkit] › e2e/zone-grammar.spec.ts:447:3 › coarse regime › the coarse card: regime witnessed first, then two eyebrows and a 44px floor in BOTH dimensions (1.8s)
  ✓  34 [webkit] › e2e/zone-grammar.spec.ts:489:3 › coarse regime › the heading lock holds on the CARD too — the regime its rail arm never visits (1.5s)
  ✓  35 [webkit] › e2e/zone-grammar.spec.ts:559:3 › coarse regime › the teacher's well names the check state the card has never shown (1.6s)
  ✓  36 [webkit] › e2e/zone-grammar.spec.ts:212:1 › the staged headings are HEADINGS for assistive tech — decided one way, not both (1.5s)
  ✓  25 [webkit] › e2e/font-census.spec.ts:207:1 › the ledger holds BOTH directions across two games and two regimes (8.1s)

  36 passed (13.1s)
