
Running 20 tests using 9 workers

  ✓   2 [chromium] › e2e/zone-grammar.spec.ts:287:1 › a frozen well mints ONE pose node and promotes nothing (the HandDrawnOutline prune) (1.6s)
  ✓   1 [chromium] › e2e/zone-grammar.spec.ts:255:1 › selection is announced: every option chip carries aria-pressed, exactly one per group (2.2s)
  ✓   3 [chromium] › e2e/zone-grammar.spec.ts:164:1 › the permanent tape is a LABEL, not a tooltip — and the surface it names has a name (2.6s)
  ✓   8 [chromium] › e2e/zone-grammar.spec.ts:212:1 › the staged headings are HEADINGS for assistive tech — decided one way, not both (3.0s)
  ✓   5 [chromium] › e2e/zone-grammar.spec.ts:489:3 › coarse regime › the heading lock holds on the CARD too — the regime its rail arm never visits (3.2s)
  ✓   7 [chromium] › e2e/zone-grammar.spec.ts:51:1 › rendered-name census, rail: two eyebrows, three tapes, two captions — and the counter can see an injected one (2.8s)
  ✓   4 [chromium] › e2e/zone-grammar.spec.ts:354:3 › coarse row regime (≥1024) › the pair branch keeps a 44px floor in BOTH dimensions, where the branch exists (3.3s)
  ✓   6 [chromium] › e2e/zone-grammar.spec.ts:117:1 › every zone is named by its own VISIBLE tape — the accessible name and the drawn one are one string (2.7s)
  ✓   9 [chromium] › e2e/zone-grammar.spec.ts:447:3 › coarse regime › the coarse card: regime witnessed first, then two eyebrows and a 44px floor in BOTH dimensions (3.3s)
  ✓  10 [chromium] › e2e/zone-grammar.spec.ts:559:3 › coarse regime › the teacher's well names the check state the card has never shown (2.8s)
  ✓  12 [webkit] › e2e/zone-grammar.spec.ts:117:1 › every zone is named by its own VISIBLE tape — the accessible name and the drawn one are one string (4.0s)
  ✓  15 [webkit] › e2e/zone-grammar.spec.ts:287:1 › a frozen well mints ONE pose node and promotes nothing (the HandDrawnOutline prune) (3.7s)
  ✓  16 [webkit] › e2e/zone-grammar.spec.ts:212:1 › the staged headings are HEADINGS for assistive tech — decided one way, not both (3.8s)
  ✓  13 [webkit] › e2e/zone-grammar.spec.ts:164:1 › the permanent tape is a LABEL, not a tooltip — and the surface it names has a name (4.4s)
  ✓  11 [webkit] › e2e/zone-grammar.spec.ts:51:1 › rendered-name census, rail: two eyebrows, three tapes, two captions — and the counter can see an injected one (4.5s)
  ✓  14 [webkit] › e2e/zone-grammar.spec.ts:255:1 › selection is announced: every option chip carries aria-pressed, exactly one per group (4.2s)
  ✓  17 [webkit] › e2e/zone-grammar.spec.ts:354:3 › coarse row regime (≥1024) › the pair branch keeps a 44px floor in BOTH dimensions, where the branch exists (3.4s)
  ✓  18 [webkit] › e2e/zone-grammar.spec.ts:447:3 › coarse regime › the coarse card: regime witnessed first, then two eyebrows and a 44px floor in BOTH dimensions (4.0s)
  ✓  19 [webkit] › e2e/zone-grammar.spec.ts:489:3 › coarse regime › the heading lock holds on the CARD too — the regime its rail arm never visits (3.4s)
  ✓  20 [webkit] › e2e/zone-grammar.spec.ts:559:3 › coarse regime › the teacher's well names the check state the card has never shown (2.4s)

  20 passed (14.2s)
