
Running 30 tests using 9 workers

  ✓   2 [chromium] › e2e/a11y.spec.ts:194:5 › 3.1 rowsPerGrid › sudoku: the AX tree reads grid → row → gridcell, N rows of N cells (1.4s)
  ✓   8 [chromium] › e2e/a11y.spec.ts:324:3 › 3.3 optionsInPicker › the picker publishes five named, AX-visible options (1.6s)
  ✓   7 [chromium] › e2e/a11y.spec.ts:194:5 › 3.1 rowsPerGrid › kenken: the AX tree reads grid → row → gridcell, N rows of N cells (1.8s)
  ✓   1 [chromium] › e2e/a11y.spec.ts:194:5 › 3.1 rowsPerGrid › killer: the AX tree reads grid → row → gridcell, N rows of N cells (1.9s)
  ✓   3 [chromium] › e2e/a11y.spec.ts:194:5 › 3.1 rowsPerGrid › thermo: the AX tree reads grid → row → gridcell, N rows of N cells (2.4s)
  ✓   6 [chromium] › e2e/a11y.spec.ts:194:5 › 3.1 rowsPerGrid › futoshiki: the AX tree reads grid → row → gridcell, N rows of N cells (2.4s)
  ✓   9 [chromium] › e2e/a11y.spec.ts:273:3 › 3.2 guardAnnounced › the armed guard contains focus (aria-modal + focus inside the dialog) (2.6s)
  ✓  11 [chromium] › e2e/a11y.spec.ts:394:3 › 3.4 ctrlKDoesNotPeek › a keyboard-shortcuts help names k, g, h, p and d (1.2s)
  ✓   4 [chromium] › e2e/a11y.spec.ts:253:3 › 3.2 guardAnnounced › arming the destructive-work guard announces its armed state (2.8s)
  ✓  12 [chromium] › e2e/a11y.spec.ts:425:3 › 3.5 unnamedImages › a dealt board publishes zero unnamed image nodes (1.2s)
  ✓  13 [chromium] › e2e/a11y.spec.ts:444:3 › 3.5 unnamedImages › a filled cell announces its value exactly once (1.4s)
  ✓  10 [chromium] › e2e/a11y.spec.ts:370:3 › 3.4 ctrlKDoesNotPeek › Ctrl+K and Cmd+K never trigger the single-key peek (2.9s)
  ✓   5 [chromium] › e2e/a11y.spec.ts:296:3 › 3.2 guardAnnounced › a second Enter cannot discard the board unheard (4.8s)
  ✓  14 [chromium] › e2e/a11y.spec.ts:490:3 › 3.6 stability › the grid invariants track N (4×4 and 9×9), never a magic total (2.5s)
  ✓  15 [chromium] › e2e/a11y.spec.ts:506:3 › 3.6 stability › the invariants survive a re-deal (deal-variant figures never asserted) (2.7s)
  ✓  16 [webkit] › e2e/a11y.spec.ts:194:5 › 3.1 rowsPerGrid › sudoku: the AX tree reads grid → row → gridcell, N rows of N cells (2.2s)
  ✓  20 [webkit] › e2e/a11y.spec.ts:194:5 › 3.1 rowsPerGrid › kenken: the AX tree reads grid → row → gridcell, N rows of N cells (1.9s)
  ✓  18 [webkit] › e2e/a11y.spec.ts:194:5 › 3.1 rowsPerGrid › futoshiki: the AX tree reads grid → row → gridcell, N rows of N cells (2.3s)
  ✓  19 [webkit] › e2e/a11y.spec.ts:194:5 › 3.1 rowsPerGrid › killer: the AX tree reads grid → row → gridcell, N rows of N cells (2.3s)
  ✓  17 [webkit] › e2e/a11y.spec.ts:194:5 › 3.1 rowsPerGrid › thermo: the AX tree reads grid → row → gridcell, N rows of N cells (3.7s)
  ✓  25 [webkit] › e2e/a11y.spec.ts:394:3 › 3.4 ctrlKDoesNotPeek › a keyboard-shortcuts help names k, g, h, p and d (1.9s)
  ✓  26 [webkit] › e2e/a11y.spec.ts:425:3 › 3.5 unnamedImages › a dealt board publishes zero unnamed image nodes (2.0s)
  ✓  27 [webkit] › e2e/a11y.spec.ts:444:3 › 3.5 unnamedImages › a filled cell announces its value exactly once (2.0s)
  ✓  21 [webkit] › e2e/a11y.spec.ts:253:3 › 3.2 guardAnnounced › arming the destructive-work guard announces its armed state (3.9s)
  ✓  28 [webkit] › e2e/a11y.spec.ts:324:3 › 3.3 optionsInPicker › the picker publishes five named, AX-visible options (3.4s)
  ✓  29 [webkit] › e2e/a11y.spec.ts:490:3 › 3.6 stability › the grid invariants track N (4×4 and 9×9), never a magic total (3.0s)
  ✓  24 [webkit] › e2e/a11y.spec.ts:370:3 › 3.4 ctrlKDoesNotPeek › Ctrl+K and Cmd+K never trigger the single-key peek (4.5s)
  ✓  23 [webkit] › e2e/a11y.spec.ts:273:3 › 3.2 guardAnnounced › the armed guard contains focus (aria-modal + focus inside the dialog) (4.7s)
  ✓  30 [webkit] › e2e/a11y.spec.ts:506:3 › 3.6 stability › the invariants survive a re-deal (deal-variant figures never asserted) (3.4s)
  ✓  22 [webkit] › e2e/a11y.spec.ts:296:3 › 3.2 guardAnnounced › a second Enter cannot discard the board unheard (7.0s)

  30 passed (23.8s)
