
Running 24 tests using 9 workers

  ✓   7 [chromium] › e2e/gallery-guard.spec.ts:65:1 › snap chime: the centered card carries a scribble underline; flanks do not (1.3s)
  ✓   3 [chromium] › e2e/gallery-guard.spec.ts:82:1 › guard: dirty + different arms the ribbon; leave abandons the marks and switches (2.6s)
  ✓   5 [chromium] › e2e/drawer.spec.ts:37:1 › drawer: default open — tab present (≥44px), aria wired, controls visible (2.2s)
  ✓   9 [chromium] › e2e/drawer.spec.ts:248:3 › drawer under prefers-reduced-motion › PRM: toggle is an instant state swap — no glide class, immediate layout (2.1s)
  ✓   4 [chromium] › e2e/gallery-guard.spec.ts:49:1 › dropdown retired: the wordmark opens the gallery; no listbox affordance remains (2.6s)
  ✓   8 [chromium] › e2e/drawer.spec.ts:281:3 › drawer below the row regime › <1024: no tab, stacked panel in flow exactly as today (2.7s)
  ✓   6 [chromium] › e2e/drawer.spec.ts:211:1 › drawer: keyboard shortcuts (undo, K-peek) work with the drawer closed (2.8s)
  ✓   1 [chromium] › e2e/drawer.spec.ts:58:1 › drawer: close glides transform-only, board grows ≥24px + centers, persists (4.1s)
  ✓   2 [chromium] › e2e/drawer.spec.ts:175:1 › drawer: open focuses the first control; Esc closes from within and returns focus to the tab (3.9s)
  ✓  10 [chromium] › e2e/gallery-guard.spec.ts:106:1 › guard: keep dismisses the ribbon, stays in the gallery, board unchanged (2.7s)
  ✓  11 [chromium] › e2e/gallery-guard.spec.ts:125:1 › guard: a pristine board switches to a different game with no ribbon (1.8s)
  ✓  12 [chromium] › e2e/gallery-guard.spec.ts:139:1 › guard: selecting the same game never asks, even when the board is dirty (2.2s)
  ✓  15 [webkit] › e2e/drawer.spec.ts:37:1 › drawer: default open — tab present (≥44px), aria wired, controls visible (7.3s)
  ✓  14 [webkit] › e2e/drawer.spec.ts:211:1 › drawer: keyboard shortcuts (undo, K-peek) work with the drawer closed (8.6s)
  ✓  17 [webkit] › e2e/drawer.spec.ts:248:3 › drawer under prefers-reduced-motion › PRM: toggle is an instant state swap — no glide class, immediate layout (7.4s)
  ✓  20 [webkit] › e2e/gallery-guard.spec.ts:65:1 › snap chime: the centered card carries a scribble underline; flanks do not (6.7s)
  ✓  13 [webkit] › e2e/drawer.spec.ts:175:1 › drawer: open focuses the first control; Esc closes from within and returns focus to the tab (9.7s)
  ✓  19 [webkit] › e2e/gallery-guard.spec.ts:49:1 › dropdown retired: the wordmark opens the gallery; no listbox affordance remains (7.4s)
  ✓  16 [webkit] › e2e/drawer.spec.ts:58:1 › drawer: close glides transform-only, board grows ≥24px + centers, persists (10.8s)
  ✓  18 [webkit] › e2e/drawer.spec.ts:281:3 › drawer below the row regime › <1024: no tab, stacked panel in flow exactly as today (9.2s)
  ✓  21 [webkit] › e2e/gallery-guard.spec.ts:82:1 › guard: dirty + different arms the ribbon; leave abandons the marks and switches (8.0s)
  ✓  22 [webkit] › e2e/gallery-guard.spec.ts:106:1 › guard: keep dismisses the ribbon, stays in the gallery, board unchanged (5.9s)
  ✓  23 [webkit] › e2e/gallery-guard.spec.ts:125:1 › guard: a pristine board switches to a different game with no ribbon (5.2s)
  ✓  24 [webkit] › e2e/gallery-guard.spec.ts:139:1 › guard: selecting the same game never asks, even when the board is dirty (4.8s)

  24 passed (24.2s)
