vite v8.1.4 building client environment for production...

 WARN  advancedChunks option is deprecated, please use codeSplitting instead.

[2Ktransforming...✓ 260 modules transformed.
rendering chunks...
computing gzip size...
dist/index.html                                      3.28 kB │ gzip:  1.29 kB
dist/assets/firacode-subset-CbuNTc2aGjcY.woff2       3.62 kB
dist/assets/patrickhand-subset-BqV1besB36ib.woff2    4.31 kB
dist/assets/avatar-biqsjs3dzERf.png                  6.09 kB
dist/assets/fraunces-subset-nWzWvP1GNv2C.woff2      13.78 kB
dist/assets/solver.worker-DtKsQEGc.js               18.60 kB
dist/assets/solver.worker-zgwJ3Y5p.js               18.66 kB
dist/assets/solver.worker-BF1TxPdD.js               18.69 kB
dist/assets/solver.worker-CQB8axy5.js               18.74 kB
dist/assets/solver.worker-C2awrY7L.js               18.80 kB
dist/assets/csp_solver_wasm_bg-Cy09b5He.wasm       121.13 kB │ gzip: 49.17 kB
dist/assets/HandwrittenGlyph-C7yR_jeF095t.css        0.14 kB │ gzip:  0.13 kB
dist/assets/FutoshikiGame-Cporqw2ETc2k.css           0.25 kB │ gzip:  0.19 kB
dist/assets/KenKenGame-CFLS0ILyeNAb.css              0.26 kB │ gzip:  0.20 kB
dist/assets/KillerGame-5OrwGG7s4EIl.css              0.26 kB │ gzip:  0.20 kB
dist/assets/ThermoGame-BzZcgW54p-13.css              0.26 kB │ gzip:  0.20 kB
dist/assets/FutoshikiPoster-C7OEgcLl464o.css         0.28 kB │ gzip:  0.16 kB
dist/assets/PosterBoard-DDdWOzWzVgXD.css             0.39 kB │ gzip:  0.21 kB
dist/assets/ThermoTube-GhMCOUSkuH3s.css              0.82 kB │ gzip:  0.27 kB
dist/assets/AnswerKeyLaminate-Cih0GgPxHZT4.css       0.89 kB │ gzip:  0.40 kB
dist/assets/KillerCage-CvKvElx6SB9c.css              0.98 kB │ gzip:  0.35 kB
dist/assets/KenKenCage-C60rX2x-hE07.css              0.99 kB │ gzip:  0.35 kB
dist/assets/index-BRUt7TBblkbs.css                  76.11 kB │ gzip: 15.14 kB
dist/assets/ThermoPoster-Bc2H0Aq_OSgT.js             0.47 kB │ gzip:  0.35 kB
dist/assets/SudokuPoster-DxKd1ocnjzOa.js             0.51 kB │ gzip:  0.34 kB
dist/assets/KillerPoster-Bb_9foucw7NB.js             0.58 kB │ gzip:  0.37 kB
dist/assets/KenKenPoster-DG33QzY-qh1j.js             0.93 kB │ gzip:  0.46 kB
dist/assets/ThermoTube-CDzPKL8IY-i0.js               1.18 kB │ gzip:  0.73 kB
dist/assets/FutoshikiPoster-DFPzOULTW7Nq.js          1.39 kB │ gzip:  0.86 kB
dist/assets/KillerCage-D1CMbFY_6e2x.js               1.57 kB │ gzip:  0.94 kB
dist/assets/KenKenCage-CAIiFmP8BTuT.js               1.63 kB │ gzip:  0.96 kB
dist/assets/PosterBoard-CmgpsNMhwT4-.js              2.39 kB │ gzip:  1.12 kB
dist/assets/AnswerKeyLaminate-DDH2-N7mgsud.js        2.49 kB │ gzip:  1.43 kB
dist/assets/glyphRegistry-D6E4CQ3MaIgh.js            5.00 kB │ gzip:  1.99 kB
dist/assets/animation-vendor-COmzXiBXjAdM.js        10.21 kB │ gzip:  4.24 kB
dist/assets/FutoshikiGame-BFTRGzg2az1D.js           11.06 kB │ gzip:  3.96 kB
dist/assets/HandwrittenGlyph-0eKxoOr7APFZ.js        11.76 kB │ gzip:  4.87 kB
dist/assets/KenKenGame-D3QJaZjrwg3T.js              12.06 kB │ gzip:  4.55 kB
dist/assets/ThermoGame-CIiuTQGOrHg6.js              12.29 kB │ gzip:  4.64 kB
dist/assets/KillerGame-DRw7-bERJKsU.js              12.30 kB │ gzip:  4.68 kB
dist/assets/vue-vendor-BEr3SFHdbMXO.js              83.82 kB │ gzip: 33.46 kB
dist/assets/index-CVZsTqv3Zmrd.js                  197.84 kB │ gzip: 72.72 kB

✓ built in 424ms
