
<--- Last few GCs --->

[44036:0xcb340c000]   237029 ms: Scavenge 4084.7 (4089.1) -> 4082.4 (4089.6) MB, pooled: 0.0 MB, 2.61 / 0.00 ms (average mu = 0.210, current mu = 0.134) allocation failure; 
[44036:0xcb340c000]   238405 ms: Incremental Mark-Compact (reduce) 4082.4 (4089.6) -> 4082.3 (4084.4) MB, pooled: 0.0 MB, 1369.92 / 0.00 ms (+ 1.7 ms in 2 steps since start of marking, biggest step 1.0 ms, walltime since start of marking 1376 ms) (average
FATAL ERROR: Ineffective mark-compacts near heap limit Allocation failed - JavaScript heap out of memory
----- Native stack trace -----

 1: 0x10a5ea8e0 node::OOMErrorHandler(char const*, v8::OOMDetails const&) [/opt/homebrew/Cellar/node/26.0.0/lib/libnode.147.dylib]
 2: 0x1098b0780 v8::Utils::ReportOOMFailure(v8::internal::Isolate*, char const*, v8::OOMDetails const&) [/opt/homebrew/Cellar/node/26.0.0/lib/libnode.147.dylib]
 3: 0x1098b0730 v8::internal::V8::FatalProcessOutOfMemory(v8::internal::Isolate*, char const*, v8::OOMDetails const&) [/opt/homebrew/Cellar/node/26.0.0/lib/libnode.147.dylib]
 4: 0x109a650bc v8::internal::Heap::IsLoadingInitialized() const [/opt/homebrew/Cellar/node/26.0.0/lib/libnode.147.dylib]
 5: 0x109a64570 v8::internal::Heap::OldGenerationConsumedBytes() const [/opt/homebrew/Cellar/node/26.0.0/lib/libnode.147.dylib]
 6: 0x109a63918 v8::internal::Heap::CollectGarbage(v8::internal::AllocationSpace, v8::internal::GarbageCollectionReason, v8::GCCallbackFlags, v8::internal::PerformHeapLimitCheck, v8::internal::PerformIneffectiveMarkCompactCheck) [/opt/homebrew/Cellar/node/26.0.0/lib/libnode.147.dylib]
 7: 0x109a73fa4 v8::internal::IncrementalMarkingJob::Task::RunInternal() [/opt/homebrew/Cellar/node/26.0.0/lib/libnode.147.dylib]
 8: 0x1095dc254 node::PerIsolatePlatformData::RunForegroundTask(std::__1::unique_ptr<v8::Task, std::__1::default_delete<v8::Task>>) [/opt/homebrew/Cellar/node/26.0.0/lib/libnode.147.dylib]
 9: 0x1095db470 node::PerIsolatePlatformData::FlushForegroundTasksInternal() [/opt/homebrew/Cellar/node/26.0.0/lib/libnode.147.dylib]
10: 0x104c963cc uv__async_io [/opt/homebrew/Cellar/libuv/1.52.1/lib/libuv.1.0.0.dylib]
11: 0x104ca51b0 uv__io_poll [/opt/homebrew/Cellar/libuv/1.52.1/lib/libuv.1.0.0.dylib]
12: 0x104c96b64 uv_run [/opt/homebrew/Cellar/libuv/1.52.1/lib/libuv.1.0.0.dylib]
13: 0x1094e8fd0 node::SpinEventLoopInternal(node::Environment*) [/opt/homebrew/Cellar/node/26.0.0/lib/libnode.147.dylib]
14: 0x1095b9974 node::NodeMainInstance::Run(node::ExitCode*, node::Environment*) [/opt/homebrew/Cellar/node/26.0.0/lib/libnode.147.dylib]
15: 0x1095b96a8 node::NodeMainInstance::Run() [/opt/homebrew/Cellar/node/26.0.0/lib/libnode.147.dylib]
16: 0x10955d2d0 node::Start(int, char**) [/opt/homebrew/Cellar/node/26.0.0/lib/libnode.147.dylib]
17: 0x188e73da4 start [/usr/lib/dyld]
