p5-shipped-dpr2#1  worst    298  blocked600    298  blocked900    298  long100 1  bakes  8  cib      0(0)  ctb      0(0)  toBlob   1740(8)  drawImg     3  shell 666x666->650x650  logo 400x118->381x112
p5-shipped-dpr2#2  worst    286  blocked600    286  blocked900    286  long100 1  bakes  8  cib      0(0)  ctb      0(0)  toBlob   1711(8)  drawImg     5  shell 666x666->650x650  logo 400x118->381x112
p5-shipped-dpr2#3  worst    294  blocked600    294  blocked900    294  long100 1  bakes  8  cib      0(0)  ctb      0(0)  toBlob   1702(8)  drawImg     2  shell 666x666->650x650  logo 400x118->381x112
p5-shipped-dpr2#4  worst    293  blocked600    293  blocked900    293  long100 1  bakes  8  cib      0(0)  ctb      0(0)  toBlob   1695(8)  drawImg     1  shell 666x666->650x650  logo 400x118->381x112
--
p5-ablate-dpr2#1  worst    141  blocked600    141  blocked900    141  long100 1  bakes  8  cib      0(8)  ctb    146(7)  toBlob   3403(8)  drawImg     3  shell 666x666->650x650  logo 400x118->381x112
p5-ablate-dpr2#2  worst    378  blocked600    378  blocked900    378  long100 1  bakes  8  cib      0(8)  ctb     69(8)  toBlob   1939(8)  drawImg     2  shell 666x666->650x650  logo 400x118->381x112
p5-ablate-dpr2#3  worst    396  blocked600    396  blocked900    396  long100 1  bakes  8  cib      0(8)  ctb     79(8)  toBlob   2005(8)  drawImg     2  shell 666x666->650x650  logo 400x118->381x112
p5-ablate-dpr2#4  worst    593  blocked600    117  blocked900    710  long100 2  bakes  8  cib      0(7)  ctb    127(7)  toBlob   2615(7)  drawImg     0  shell 666x666->650x650  logo 400x118->381x112
--
p5-pin-dpr2#1  worst     14  blocked600      0  blocked900      0  long100 0  bakes  0  cib      0(0)  ctb      0(0)  toBlob      0(0)  drawImg     0  shell 650x650->650x650  logo 381x112->381x112
p5-pin-dpr2#2  worst     14  blocked600      0  blocked900      0  long100 0  bakes  0  cib      0(0)  ctb      0(0)  toBlob      0(0)  drawImg     0  shell 650x650->650x650  logo 381x112->381x112
p5-pin-dpr2#3  worst     13  blocked600      0  blocked900      0  long100 0  bakes  0  cib      0(0)  ctb      0(0)  toBlob      0(0)  drawImg     0  shell 650x650->650x650  logo 381x112->381x112
p5-pin-dpr2#4  worst     14  blocked600      0  blocked900      0  long100 0  bakes  0  cib      0(0)  ctb      0(0)  toBlob      0(0)  drawImg     0  shell 650x650->650x650  logo 381x112->381x112
--
p5-pinboard-dpr2#1  worst     59  blocked600     59  blocked900     59  long100 0  bakes  4  cib      0(0)  ctb      0(0)  toBlob     81(4)  drawImg     2  shell 650x650->650x650  logo 400x118->381x112
p5-pinboard-dpr2#2  worst     41  blocked600      0  blocked900      0  long100 0  bakes  4  cib      0(0)  ctb      0(0)  toBlob     76(4)  drawImg     2  shell 650x650->650x650  logo 400x118->381x112
p5-pinboard-dpr2#3  worst     40  blocked600      0  blocked900      0  long100 0  bakes  4  cib      0(0)  ctb      0(0)  toBlob     79(4)  drawImg     0  shell 650x650->650x650  logo 400x118->381x112
--
p5-pinlogo-dpr2#1  worst    269  blocked600    269  blocked900    269  long100 1  bakes  4  cib      0(0)  ctb      0(0)  toBlob    657(4)  drawImg     2  shell 666x666->650x650  logo 381x112->381x112
p5-pinlogo-dpr2#2  worst    289  blocked600    289  blocked900    289  long100 1  bakes  4  cib      0(0)  ctb      0(0)  toBlob    700(4)  drawImg     0  shell 666x666->650x650  logo 381x112->381x112
p5-pinlogo-dpr2#3  worst    304  blocked600    304  blocked900    304  long100 1  bakes  4  cib      0(0)  ctb      0(0)  toBlob    740(4)  drawImg     1  shell 666x666->650x650  logo 381x112->381x112
--
