=== BUILD 1 (after) ===
dist/assets/vue-vendor-DO-CUsNNxq8N.js              85.19 kB │ gzip: 34.03 kB
dist/assets/index-B9a19ksbyZ8B.js                  217.00 kB │ gzip: 74.86 kB

✓ built in 358ms
exit=0
=== BUILD 2 (after, determinism) ===
dist/assets/vue-vendor-DO-CUsNNxq8N.js              85.19 kB │ gzip: 34.03 kB
dist/assets/index-B9a19ksbyZ8B.js                  217.00 kB │ gzip: 74.86 kB

✓ built in 363ms
exit=0
two builds identical: exit=0 (0 = byte-for-byte)
=== IDENTITY (after) ===
AUDIT: build-identity — dist entry index-B9a19ksbyZ8B.js · index.html md5 3d8464cb66af6b50a5ac6d36bfbddc74 · 43 files / 809.7 KB · newest mtime 2026-09-19T08:33:28.378Z
=== BUILD (control 74a2b5d9) ===
dist/assets/vue-vendor-DO-CUsNNxq8N.js              85.19 kB │ gzip: 34.03 kB
dist/assets/index-CubiZsMVSwTc.js                  215.59 kB │ gzip: 74.45 kB

✓ built in 358ms
exit=0
=== IDENTITY (control) ===
AUDIT: build-identity — dist entry index-CubiZsMVSwTc.js · index.html md5 a8421b0ffe8ad72809f86fdb4ac50732 · 43 files / 806.3 KB · newest mtime 2026-09-19T08:33:29.146Z
=== DONE ===
