=== filter census chromium ===

Running 6 tests using 6 workers

  ✓  2 [filter-census-chromium] › e2e/filter-census.spec.ts:507:1 › G3.2 · source `forwards|both` fill sites equal FILL_ALLOWLIST exactly (12ms)
  ✓  3 [filter-census-chromium] › e2e/filter-census.spec.ts:448:1 › G3.5 · no :hover state mints a live filter — PICKER regime (built dist) (1.8s)
  ✓  4 [filter-census-chromium] › e2e/filter-census.spec.ts:462:1 › G3.2 · no retained fill supplies a computed transform (built dist) (2.1s)
  ✓  6 [filter-census-chromium] › e2e/filter-census.spec.ts:300:1 › G3.1 · live-filter census equals filterBudget.ts exactly, area and all (built dist) (2.1s)
  ✓  5 [filter-census-chromium] › e2e/filter-census.spec.ts:441:1 › G3.5 · no :hover state mints a live filter — board regime (built dist) (2.4s)
  ✓  1 [filter-census-chromium] › e2e/filter-census.spec.ts:320:3 › G3.3 · the coarse regime › G3.3 · live-filter census holds below 1024 (built dist) (2.7s)

  6 passed (3.4s)
=== filter census webkit ===

Running 6 tests using 6 workers

  ✓  6 [filter-census-webkit] › e2e/filter-census.spec.ts:507:1 › G3.2 · source `forwards|both` fill sites equal FILL_ALLOWLIST exactly (7ms)
  ✓  1 [filter-census-webkit] › e2e/filter-census.spec.ts:300:1 › G3.1 · live-filter census equals filterBudget.ts exactly, area and all (built dist) (2.2s)
  ✓  2 [filter-census-webkit] › e2e/filter-census.spec.ts:462:1 › G3.2 · no retained fill supplies a computed transform (built dist) (2.3s)
  ✓  3 [filter-census-webkit] › e2e/filter-census.spec.ts:448:1 › G3.5 · no :hover state mints a live filter — PICKER regime (built dist) (2.5s)
  ✓  5 [filter-census-webkit] › e2e/filter-census.spec.ts:320:3 › G3.3 · the coarse regime › G3.3 · live-filter census holds below 1024 (built dist) (3.2s)
  ✓  4 [filter-census-webkit] › e2e/filter-census.spec.ts:441:1 › G3.5 · no :hover state mints a live filter — board regime (built dist) (3.7s)

  6 passed (4.5s)
=== goldens (against the served dist) ===

Running 4 tests using 4 workers

  ✓  2 e2e/visual-golden.spec.ts:353:1 › golden · toggle crest (dark, moon) — W13 soul: celestial rest pose (906ms)
  ✓  1 e2e/visual-golden.spec.ts:322:1 › golden · logo wordmark (light) — W13 soul: baked logo pose stack (913ms)
  ✓  3 e2e/visual-golden.spec.ts:377:1 › golden · single cell with given glyph (light) (919ms)
  ✓  4 e2e/visual-golden.spec.ts:388:1 › golden · grid top-left corner (light) — W13 soul: grain-static steady layer (926ms)

  4 passed (1.6s)
=== DONE ===
