=== chromium ===

Running 6 tests using 1 worker

[1/6] [chromium] › .probe/verbs.spec.ts:33:3 › the verbs, on the surface › A the ladder: one node, PRM zero at the root
[2/6] [chromium] › .probe/verbs.spec.ts:62:3 › the verbs, on the surface › B the toggle's beats, live on both builds
[3/6] [chromium] › .probe/verbs.spec.ts:94:3 › the verbs, on the surface › C the drawer SLIDES: the WAAPI tuple, three poses
[4/6] [chromium] › .probe/verbs.spec.ts:142:3 › the verbs, on the surface › D pi: the rect census, after vs 74a2b5d9
[5/6] [chromium] › .probe/verbs.spec.ts:195:3 › the verbs, on the surface › E the two icons: what the curve change is worth, fixed t
[6/6] [chromium] › .probe/verbs.spec.ts:243:3 › the verbs, on the surface › F the fold TURNS: a live transform on the peek host
  6 passed (34.8s)
exit=0
=== webkit ===

Running 6 tests using 1 worker

[1/6] [webkit] › .probe/verbs.spec.ts:33:3 › the verbs, on the surface › A the ladder: one node, PRM zero at the root
[2/6] [webkit] › .probe/verbs.spec.ts:62:3 › the verbs, on the surface › B the toggle's beats, live on both builds
[3/6] [webkit] › .probe/verbs.spec.ts:94:3 › the verbs, on the surface › C the drawer SLIDES: the WAAPI tuple, three poses
[4/6] [webkit] › .probe/verbs.spec.ts:142:3 › the verbs, on the surface › D pi: the rect census, after vs 74a2b5d9
[5/6] [webkit] › .probe/verbs.spec.ts:195:3 › the verbs, on the surface › E the two icons: what the curve change is worth, fixed t
[6/6] [webkit] › .probe/verbs.spec.ts:243:3 › the verbs, on the surface › F the fold TURNS: a live transform on the peek host
  6 passed (38.4s)
exit=0
=== DONE ===
