AUDIT: COVIS VACUITY ABLATION — landed design ablated at ONE term (portrait .scene-controls position:fixed -> static), everything else the head tree. dist=index-C4Ch7jjZuZ52.js :4249 2026-08-02T09:49:51Z
    test-results/board-covisibility-mark-6--6e179-nd-the-play-verbs-are-in-it-chromium/test-failed-1.png
    ────────────────────────────────────────────────────────────────────────────────────────────────

    Error Context: test-results/board-covisibility-mark-6--6e179-nd-the-play-verbs-are-in-it-chromium/error-context.md

  2) [webkit] › e2e/board-covisibility.spec.ts:316:3 › mark 6 — the band dissolves › the case: at 390x664 the page is one viewport, and the play verbs are in it 

    Error: expect(received).toBeLessThanOrEqual(expected)

    Expected: <= 1
    Received:    1.616

      351 |     const fold = await read();
      352 |     // THE BOUND.
    > 353 |     expect(fold.pageVh).toBeLessThanOrEqual(1.0);
          |                         ^
      354 |     expect(fold.maxScroll).toBe(0);
      355 |     // …and the fold is worth having: the four play verbs are in it, each a legal target.
      356 |     expect(fold.verbsInFold).toBeGreaterThanOrEqual(4);
        at /Users/mkbabb/Programming/csc411/CSC411_HW2_ProgrammingQuestion/web/frontend/e2e/board-covisibility.spec.ts:353:25

    attachment #1: screenshot (image/png) ──────────────────────────────────────────────────────────
    test-results/board-covisibility-mark-6--6e179-nd-the-play-verbs-are-in-it-webkit/test-failed-1.png
    ────────────────────────────────────────────────────────────────────────────────────────────────

    Error Context: test-results/board-covisibility-mark-6--6e179-nd-the-play-verbs-are-in-it-webkit/error-context.md

  2 failed
    [chromium] › e2e/board-covisibility.spec.ts:316:3 › mark 6 — the band dissolves › the case: at 390x664 the page is one viewport, and the play verbs are in it 
    [webkit] › e2e/board-covisibility.spec.ts:316:3 › mark 6 — the band dissolves › the case: at 390x664 the page is one viewport, and the play verbs are in it 
