AUDIT: BC pair-floor born-RED re-verified — shared (pointer:coarse) 2.75rem -> 2.5rem, dist :4250 2026-08-02T09:50:49Z
    test-results/zone-grammar-coarse-row-re-6f649-ons-where-the-branch-exists-webkit/test-failed-1.png
    ────────────────────────────────────────────────────────────────────────────────────────────────

    Error Context: test-results/zone-grammar-coarse-row-re-6f649-ons-where-the-branch-exists-webkit/error-context.md

  4) [webkit] › e2e/zone-grammar.spec.ts:461:3 › coarse regime › the coarse card: regime witnessed first, then two eyebrows and a 44px floor in BOTH dimensions 

    Error: chip "4×4" height

    expect(received).toBeGreaterThanOrEqual(expected)

    Expected: >= 44
    Received:    40

      498 |     for (const c of chips) {
      499 |       expect(c.w, `chip "${c.text}" width`).toBeGreaterThanOrEqual(44);
    > 500 |       expect(c.h, `chip "${c.text}" height`).toBeGreaterThanOrEqual(44);
          |                                              ^
      501 |     }
      502 |   });
      503 |
        at /Users/mkbabb/Programming/csc411/CSC411_HW2_ProgrammingQuestion/web/frontend/e2e/zone-grammar.spec.ts:500:46

    attachment #1: screenshot (image/png) ──────────────────────────────────────────────────────────
    test-results/zone-grammar-coarse-regime-79b87-px-floor-in-BOTH-dimensions-webkit/test-failed-1.png
    ────────────────────────────────────────────────────────────────────────────────────────────────

    Error Context: test-results/zone-grammar-coarse-regime-79b87-px-floor-in-BOTH-dimensions-webkit/error-context.md

  4 failed
    [chromium] › e2e/zone-grammar.spec.ts:354:3 › coarse row regime (≥1024) › the pair branch keeps a 44px floor in BOTH dimensions, where the branch exists 
    [chromium] › e2e/zone-grammar.spec.ts:461:3 › coarse regime › the coarse card: regime witnessed first, then two eyebrows and a 44px floor in BOTH dimensions 
    [webkit] › e2e/zone-grammar.spec.ts:354:3 › coarse row regime (≥1024) › the pair branch keeps a 44px floor in BOTH dimensions, where the branch exists 
    [webkit] › e2e/zone-grammar.spec.ts:461:3 › coarse regime › the coarse card: regime witnessed first, then two eyebrows and a 44px floor in BOTH dimensions 
  16 passed (6.8s)
