AUDIT: pre-settle census — non-author, BASE(:4248 index-BNMQu01IbxTY) vs HEAD(:4247 index-Cwxgaa3tBBf6) 2026-08-02T09:47:07Z

[BASE] chromium  n=3  cell 393x699 dpr3 coarse
  run 1: PEAK spec 21 / device 21 at t=455ms · settled 9/13 · 135 frames
  run 2: PEAK spec 21 / device 21 at t=466ms · settled 9/13 · 136 frames
  run 3: PEAK spec 21 / device 21 at t=458ms · settled 9/13 · 136 frames
  MAX PEAK spec across runs: 21
  peak population (run 1):
     2 × g
     3 × g.boil-pose
     1 × g.boil-pose.is-active
     3 × g.logo-pose
     1 × g.logo-pose.is-active
     6 × svg.rest-pose
     2 × svg.rest-pose.is-pose-active
     1 × svg.sparkle-icon
     1 × svg.toggle-icon.toggle-moon
     1 × svg.toggle-icon.toggle-sun

[HEAD] chromium  n=3  cell 393x699 dpr3 coarse
  run 1: PEAK spec 21 / device 21 at t=462ms · settled 9/13 · 135 frames
  run 2: PEAK spec 21 / device 21 at t=477ms · settled 9/13 · 138 frames
  run 3: PEAK spec 21 / device 21 at t=471ms · settled 9/13 · 138 frames
  MAX PEAK spec across runs: 21
  peak population (run 1):
     2 × g
     3 × g.boil-pose
     1 × g.boil-pose.is-active
     3 × g.logo-pose
     1 × g.logo-pose.is-active
     6 × svg.rest-pose
     2 × svg.rest-pose.is-pose-active
     1 × svg.sparkle-icon
     1 × svg.toggle-icon.toggle-moon
     1 × svg.toggle-icon.toggle-sun

[BASE] webkit  n=3  cell 393x699 dpr3 coarse
  run 1: PEAK spec 20 / device 20 at t=102ms · settled 9/13 · 92 frames
  run 2: PEAK spec 20 / device 20 at t=101ms · settled 9/13 · 91 frames
  run 3: PEAK spec 20 / device 20 at t=100ms · settled 9/13 · 74 frames
  MAX PEAK spec across runs: 20
  peak population (run 1):
     2 × g
     3 × g.boil-pose
     1 × g.boil-pose.is-active
     3 × g.logo-pose
     1 × g.logo-pose.is-active
     6 × svg.rest-pose
     2 × svg.rest-pose.is-pose-active
     1 × svg.toggle-icon.toggle-moon
     1 × svg.toggle-icon.toggle-sun

[HEAD] webkit  n=3  cell 393x699 dpr3 coarse
  run 1: PEAK spec 21 / device 21 at t=508ms · settled 9/13 · 73 frames
  run 2: PEAK spec 21 / device 21 at t=466ms · settled 9/13 · 77 frames
  run 3: PEAK spec 21 / device 21 at t=466ms · settled 9/13 · 80 frames
  MAX PEAK spec across runs: 21
  peak population (run 1):
     2 × g
     3 × g.boil-pose
     1 × g.boil-pose.is-active
     3 × g.logo-pose
     1 × g.logo-pose.is-active
     6 × svg.rest-pose
     2 × svg.rest-pose.is-pose-active
     1 × svg.sparkle-icon
     1 × svg.toggle-icon.toggle-moon
     1 × svg.toggle-icon.toggle-sun
