AUDIT: covis gate (HEAD spec) vs BASE dist :4248 — the born-RED arm / landed-design ablation 2026-08-02T09:48:08Z
          |            ^
      239 |         const doc = document.scrollingElement || document.documentElement;
      240 |         const v = document.querySelector<HTMLElement>(".completion-vignette")!;
      241 |         // pass 6 — THE REFERENT SWAPS, and the office is unchanged. The witness must be a
        at grade (/Users/mkbabb/Programming/csc411/CSC411_HW2_ProgrammingQuestion/web/frontend/e2e/board-covisibility.spec.ts:238:12)
        at /Users/mkbabb/Programming/csc411/CSC411_HW2_ProgrammingQuestion/web/frontend/e2e/board-covisibility.spec.ts:262:21

    attachment #1: screenshot (image/png) ──────────────────────────────────────────────────────────
    test-results/board-covisibility-mark-6--c8a05-ration-never-moves-the-page-webkit/test-failed-1.png
    ────────────────────────────────────────────────────────────────────────────────────────────────

    Error Context: test-results/board-covisibility-mark-6--c8a05-ration-never-moves-the-page-webkit/error-context.md

  8) [webkit] › e2e/board-covisibility.spec.ts:316:3 › mark 6 — the band dissolves › the case: at 390x664 the page is one viewport, and the play verbs are in it 

    Error: expect(received).toBeLessThanOrEqual(expected)

    Expected: <= 1
    Received:    1.703

      351 |     const fold = await read();
      352 |     // THE BOUND.
    > 353 |     expect(fold.pageVh).toBeLessThanOrEqual(1.0);
          |                         ^
      354 |     expect(fold.maxScroll).toBe(0);
      355 |     // …and the fold is worth having: the four play verbs are in it, each a legal target.
      356 |     expect(fold.verbsInFold).toBeGreaterThanOrEqual(4);
        at /Users/mkbabb/Programming/csc411/CSC411_HW2_ProgrammingQuestion/web/frontend/e2e/board-covisibility.spec.ts:353:25

    attachment #1: screenshot (image/png) ──────────────────────────────────────────────────────────
    test-results/board-covisibility-mark-6--6e179-nd-the-play-verbs-are-in-it-webkit/test-failed-1.png
    ────────────────────────────────────────────────────────────────────────────────────────────────

    Error Context: test-results/board-covisibility-mark-6--6e179-nd-the-play-verbs-are-in-it-webkit/error-context.md

  8 failed
    [chromium] › e2e/board-covisibility.spec.ts:66:3 › mark 6 — the band dissolves › the tally files with the deal, and the strip it left can still be seen 
    [chromium] › e2e/board-covisibility.spec.ts:156:3 › mark 6 — the band dissolves › a solved board prints its tally exactly once, at every width 
    [chromium] › e2e/board-covisibility.spec.ts:231:3 › mark 6 — the band dissolves › the grade crests on the board — the celebration never moves the page 
    [chromium] › e2e/board-covisibility.spec.ts:316:3 › mark 6 — the band dissolves › the case: at 390x664 the page is one viewport, and the play verbs are in it 
    [webkit] › e2e/board-covisibility.spec.ts:66:3 › mark 6 — the band dissolves › the tally files with the deal, and the strip it left can still be seen 
    [webkit] › e2e/board-covisibility.spec.ts:156:3 › mark 6 — the band dissolves › a solved board prints its tally exactly once, at every width 
    [webkit] › e2e/board-covisibility.spec.ts:231:3 › mark 6 — the band dissolves › the grade crests on the board — the celebration never moves the page 
    [webkit] › e2e/board-covisibility.spec.ts:316:3 › mark 6 — the band dissolves › the case: at 390x664 the page is one viewport, and the play verbs are in it 
  8 passed (32.3s)
