=== corridor whole chromium
 the fill gauge clears 3:1 against both its painted grounds — light (5.2s)
 the fill gauge clears 3:1 against both its painted grounds — dark (5.3s)
 BORN-RED: the corridor names its failure on HEAD's violet — light (5.7s)
 BORN-RED: an in-window ink 25° off the anchor reds on the HUE row — light (5.4s)
 BORN-RED: the corridor names its failure on HEAD's violet — dark (5.3s)
 BORN-RED: an in-window ink 25° off the anchor reds on the HUE row — dark (5.3s)
  6 passed (32.6s)
exit 0
=== corridor whole webkit
 the fill gauge clears 3:1 against both its painted grounds — light (5.8s)
 the fill gauge clears 3:1 against both its painted grounds — dark (5.6s)
 BORN-RED: the corridor names its failure on HEAD's violet — light (5.9s)
 BORN-RED: an in-window ink 25° off the anchor reds on the HUE row — light (6.0s)
 BORN-RED: the corridor names its failure on HEAD's violet — dark (5.8s)
 BORN-RED: an in-window ink 25° off the anchor reds on the HUE row — dark (6.3s)
  6 passed (36.0s)
exit 0
=== G5
chromium/light/proto REST rgb(208, 42, 82) core50 med 4.62 p30 4.358 max 4.917 <4.5 0.31 (n 745) · k70 4.62 · k90 4.62 · k100 4.917 || HOVER rgb(208, 42, 82) core50 med 4.41 p30 4.331 max 4.693 <4.5 0.541 (n 738) · k70 4.62 · k90 4.62 · k100 4.62
chromium/light/control REST rgb(10, 10, 10) core50 med 14.933 p30 14.463 max 17.52 <4.5 0.145 (n 739) · k70 16.19 · k90 17.52 · k100 17.52 || HOVER rgb(10, 10, 10) core50 med 16.724 p30 12.778 max 18.297 <4.5 0.169 (n 763) · k70 16.734 · k90 17.52 · k100 17.52
chromium/dark/proto REST rgb(255, 92, 124) core50 med 5.783 p30 5.783 max 6.392 <4.5 0.047 (n 596) · k70 5.783 · k90 6.392 · k100 6.392 || HOVER rgb(255, 92, 124) core50 med 5.078 p30 4.696 max 5.783 <4.5 0.106 (n 601) · k70 5.493 · k90 5.783 · k100 5.078
chromium/dark/control REST rgb(237, 236, 233) core50 med 13.582 p30 12.27 max 14.374 <4.5 0 (n 609) · k70 13.582 · k90 13.582 · k100 13.582 || HOVER rgb(237, 236, 233) core50 med 12.761 p30 11.63 max 14.374 <4.5 0 (n 610) · k70 12.761 · k90 14.374 · k100 12.761
webkit/light/proto REST rgb(208, 42, 82) core50 med 4.589 p30 4.189 max 4.917 <4.5 0.329 (n 709) · k70 4.589 · k90 4.589 · k100 4.917 || HOVER rgb(208, 42, 82) core50 med 4.384 p30 4.233 max 4.693 <4.5 0.57 (n 700) · k70 4.388 · k90 4.589 · k100 4.589
webkit/light/control REST rgb(10, 10, 10) core50 med 14.798 p30 13.479 max 17.357 <4.5 0.145 (n 690) · k70 15.319 · k90 17.357 · k100 17.357 || HOVER rgb(10, 10, 10) core50 med 16.579 p30 11.849 max 18.297 <4.5 0.16 (n 711) · k70 16.579 · k90 17.357 · k100 17.357
webkit/dark/proto REST rgb(255, 92, 124) core50 med 5.849 p30 5.849 max 6.392 <4.5 0.066 (n 546) · k70 5.849 · k90 6.392 · k100 6.392 || HOVER rgb(255, 92, 124) core50 med 5.078 p30 4.7 max 5.849 <4.5 0.113 (n 556) · k70 5.078 · k90 5.078 · k100 5.078
webkit/dark/control REST rgb(237, 236, 233) core50 med 13.408 p30 12.227 max 14.51 <4.5 0 (n 572) · k70 13.408 · k90 13.408 · k100 13.408 || HOVER rgb(237, 236, 233) core50 med 12.761 p30 11.637 max 14.51 <4.5 0 (n 573) · k70 12.761 · k90 12.761 · k100 12.761
DONE
