
Running 279 tests using 9 workers

  ✓    9 [chromium] › e2e/a11y.spec.ts:194:5 › 3.1 rowsPerGrid › futoshiki: the AX tree reads grid → row → gridcell, N rows of N cells (1.0s)
  ✓    2 [chromium] › e2e/a11y.spec.ts:324:3 › 3.3 optionsInPicker › the picker publishes five named, AX-visible options (1.3s)
  ✓    7 [chromium] › e2e/a11y.spec.ts:194:5 › 3.1 rowsPerGrid › kenken: the AX tree reads grid → row → gridcell, N rows of N cells (1.3s)
  ✓    8 [chromium] › e2e/a11y.spec.ts:194:5 › 3.1 rowsPerGrid › killer: the AX tree reads grid → row → gridcell, N rows of N cells (1.5s)
  ✓    1 [chromium] › e2e/a11y.spec.ts:194:5 › 3.1 rowsPerGrid › sudoku: the AX tree reads grid → row → gridcell, N rows of N cells (1.5s)
  ✓    5 [chromium] › e2e/a11y.spec.ts:194:5 › 3.1 rowsPerGrid › thermo: the AX tree reads grid → row → gridcell, N rows of N cells (1.6s)
  ✓   12 [chromium] › e2e/a11y.spec.ts:425:3 › 3.5 unnamedImages › a dealt board publishes zero unnamed image nodes (934ms)
  ✓    4 [chromium] › e2e/a11y.spec.ts:253:3 › 3.2 guardAnnounced › arming the destructive-work guard announces its armed state (2.6s)
  ✓   11 [chromium] › e2e/a11y.spec.ts:394:3 › 3.4 ctrlKDoesNotPeek › a keyboard-shortcuts help names k, g, h, p and d (1.3s)
  ✓    3 [chromium] › e2e/a11y.spec.ts:273:3 › 3.2 guardAnnounced › the armed guard contains focus (aria-modal + focus inside the dialog) (2.7s)
  ✓   13 [chromium] › e2e/a11y.spec.ts:444:3 › 3.5 unnamedImages › a filled cell announces its value exactly once (1.4s)
  ✓   10 [chromium] › e2e/a11y.spec.ts:370:3 › 3.4 ctrlKDoesNotPeek › Ctrl+K and Cmd+K never trigger the single-key peek (2.5s)
  ✓   18 [chromium] › e2e/affordances.spec.ts:205:1 › tally: solve writes "N backtracks — Xms" in the note meta; the next edit clears it (983ms)
  ✓   17 [chromium] › e2e/affordances.spec.ts:155:1 › stale-note: teacher-red and gold-star notes clear on the next edit (1.0s)
  ✓   20 [chromium] › e2e/affordances.spec.ts:263:1 › fill batch: one Fill sweep undoes as ONE gesture, redo re-fills (1.0s)
  ✓   14 [chromium] › e2e/a11y.spec.ts:490:3 › 3.6 stability › the grid invariants track N (4×4 and 9×9), never a magic total (2.5s)
  ✓   19 [chromium] › e2e/affordances.spec.ts:229:1 › undo: Ctrl+Z reverts, Ctrl+Shift+Z redoes, Meta+Z works, plain z is not swallowed (1.4s)
  ✓   15 [chromium] › e2e/a11y.spec.ts:506:3 › 3.6 stability › the invariants survive a re-deal (deal-variant figures never asserted) (2.7s)
  ✓   26 [chromium] › e2e/board-covisibility.spec.ts:66:3 › mark 6 — the band dissolves › the tally files with the deal, and the strip it left can still be seen (414ms)
  ✓    6 [chromium] › e2e/a11y.spec.ts:296:3 › 3.2 guardAnnounced › a second Enter cannot discard the board unheard (4.6s)
  ✓   16 [chromium] › e2e/affordances.spec.ts:102:1 › print: chrome hidden, black strokes, washes stripped (CSS-only) (2.3s)
  ✓   27 [chromium] › e2e/board-covisibility.spec.ts:104:3 › mark 6 — the band dissolves › the strip below the board is one reserved line — no more, and no less (437ms)
  ✓   23 [chromium] › e2e/affordances.spec.ts:357:1 › marks-gesture: no marks pre-peek, K shows them, Esc clears them (1.4s)
  ✓   29 [chromium] › e2e/board-covisibility.spec.ts:231:3 › mark 6 — the band dissolves › the grade crests on the board — the celebration never moves the page (491ms)
  ✓   30 [chromium] › e2e/board-covisibility.spec.ts:340:3 › mark 6 — the band dissolves › the case: at 390x664 the page is one viewport, and the play verbs are in it (464ms)
  ✓   22 [chromium] › e2e/affordances.spec.ts:333:1 › hint: first H names the technique + highlights, second H inks the digit (1.4s)
  ✓   21 [chromium] › e2e/affordances.spec.ts:294:1 › permalink: share writes ?board= and a reload reproduces the exact board (1.7s)
  ✓   31 [chromium] › e2e/board-covisibility.spec.ts:418:3 › the board fits the viewport it is drawn in › a landscape phone gets a board no larger than the screen it is drawn on (540ms)
  ✓   25 [chromium] › e2e/affordances.spec.ts:458:1 › composed keyboard (futoshiki twin): K-peek from cell focus + roving + undo in one session (1.6s)
  ✓   24 [chromium] › e2e/affordances.spec.ts:376:1 › composed keyboard: K-peek from cell focus + roving tabindex (Ctrl+Home/End) + undo in one session (1.8s)
  ✓   35 [chromium] › e2e/drawer.spec.ts:37:1 › drawer: default open — tab present (≥44px), aria wired, controls visible (952ms)
  ✓   28 [chromium] › e2e/board-covisibility.spec.ts:156:3 › mark 6 — the band dissolves › a solved board prints its tally exactly once, at every width (1.8s)
  ✓   33 [chromium] › e2e/board-covisibility.spec.ts:521:3 › the board fits the viewport it is drawn in › the board hangs no further below the fold than the chrome above it (1.2s)
  ✓   38 [chromium] › e2e/drawer.spec.ts:248:3 › drawer under prefers-reduced-motion › PRM: toggle is an instant state swap — no glide class, immediate layout (776ms)
  ✓   43 [chromium] › e2e/font-census.spec.ts:298:1 › no string renders in two faces except the ones this estate has ledgered (507ms)
  ✓   39 [chromium] › e2e/drawer.spec.ts:293:3 › drawer below the row regime — LANDSCAPE holds the shipped rung › <1024 landscape: no tab, the card in flow, the toggle a defined no-op (1.5s)
  ✓   41 [chromium] › e2e/drawer.spec.ts:365:3 › drawer below the row regime — PORTRAIT is the dock › <1024 portrait always lands closed, and a persisted-open desk choice does not carry (1.3s)
  ✓   34 [chromium] › e2e/drawer.spec.ts:58:1 › drawer: close glides transform-only, board grows ≥24px + centers, persists (2.5s)
  ✓   37 [chromium] › e2e/drawer.spec.ts:211:1 › drawer: keyboard shortcuts (undo, K-peek) work with the drawer closed (2.4s)
  ✓   32 [chromium] › e2e/board-covisibility.spec.ts:448:3 › the board fits the viewport it is drawn in › turning the phone does not shrink the cell a finger has to hit (3.0s)
  ✓   44 [chromium] › e2e/futoshiki.spec.ts:45:1 › gallery switches to futoshiki: default board renders with inequality carets (1.3s)
  ✓   48 [chromium] › e2e/gallery-deal.spec.ts:72:1 › band: a sibling of the listbox, never a control inside role=option (610ms)
  ✓   49 [chromium] › e2e/gallery-deal.spec.ts:150:1 › cold start: an UNMOUNTED game reports its saved board and offers resume (714ms)
  ✓   46 [chromium] › e2e/futoshiki.spec.ts:97:1 › blank cell accepts input via pointer + on-screen affordance (1.2s)
  ✓   51 [chromium] › e2e/gallery-deal.spec.ts:189:1 › cold start: GIVENS ARE NOT WORK — a dealt, untouched board reads "dealt" (415ms)
  ✓   40 [chromium] › e2e/drawer.spec.ts:325:3 › drawer below the row regime — PORTRAIT is the dock › <1024 portrait: the tongue summons a fixed sheet, and the board never moves (2.8s)
  ✓   50 [chromium] › e2e/gallery-deal.spec.ts:178:1 › cold start: a game with NO board offers start, and the card keeps its range line (673ms)
  ✓   47 [chromium] › e2e/futoshiki.spec.ts:131:1 › solve: a fresh generated board solves to solve-success (1.4s)
  ✓   36 [chromium] › e2e/drawer.spec.ts:175:1 › drawer: open focuses the first control; Esc closes from within and returns focus to the tab (3.9s)
  ✓   45 [chromium] › e2e/futoshiki.spec.ts:72:1 › size switching: 4×4/5×5/6×6/7×7 each change the board cell count (2.2s)
  ✓   53 [chromium] › e2e/gallery-deal.spec.ts:243:1 › guard: the NEGATIVE control — an untouched target board deals straight through (1.0s)
  ✓   52 [chromium] › e2e/gallery-deal.spec.ts:210:1 › guard: a deal onto ANOTHER game with work on it arms the ribbon (1.4s)
  ✓   56 [chromium] › e2e/gallery-deal.spec.ts:374:1 › guard: when BOTH boards hold work the sub-line says so (1.3s)
  ✓   57 [chromium] › e2e/gallery-deal.spec.ts:451:1 › guard: a dirty SAME-game deal raises the ribbon too — the subsumption, gated (1.3s)
  ✓   59 [chromium] › e2e/gallery-deal.spec.ts:492:1 › deal: a cross-game deal lands the TARGET game at the STAGED pair (1.0s)
  ✓   60 [chromium] › e2e/gallery-deal.spec.ts:522:1 › deal: a same-game deal rides the BRIDGE — the staged pair, and no remount (682ms)
  ✓   58 [chromium] › e2e/gallery-deal.spec.ts:474:1 › guard: a PRISTINE mounted board deals across with no ribbon (the source-arm control) (1.4s)
  ✓   54 [chromium] › e2e/gallery-deal.spec.ts:266:1 › guard: the `d` hotkey routes through the SAME ribbon, from the deck AND from the band (1.9s)
  ✓   61 [chromium] › e2e/gallery-deal.spec.ts:542:1 › deal: a same-game deal issued BEFORE the scene mounts still lands the staged pair (681ms)
  ✓   55 [chromium] › e2e/gallery-deal.spec.ts:350:1 › guard: a cross-game deal ABANDONS the mounted board — dirty sudoku, clean target, ribbon (2.1s)
  ✓   62 [chromium] › e2e/gallery-deal.spec.ts:613:1 › safe verb: `start` HONOURS the staged pair (a game with no board has none to restore) (966ms)
  ✓   63 [chromium] › e2e/gallery-deal.spec.ts:631:1 › safe verb: `resume` PRINTS the saved pair the moment the chips wander off it (997ms)
  ✓   67 [chromium] › e2e/gallery-guard.spec.ts:65:1 › snap chime: the centered card carries a scribble underline; flanks do not (633ms)
  ✓   65 [chromium] › e2e/gallery-deal.spec.ts:697:1 › a11y: the live region carries the staged pair and the board state (904ms)
  ✓   66 [chromium] › e2e/gallery-guard.spec.ts:49:1 › dropdown retired: the wordmark opens the gallery; no listbox affordance remains (940ms)
  ✓   64 [chromium] › e2e/gallery-deal.spec.ts:668:1 › safe verb: a wandered pair cannot OUTLIVE the transaction (1.4s)
  ✓   72 [chromium] › e2e/gallery.spec.ts:22:1 › gallery: ?view=gallery lands in the carousel — listbox roles, labels, focus, pips (574ms)
  ✓   42 [chromium] › e2e/font-census.spec.ts:207:1 › the ledger holds BOTH directions across two games and two regimes (5.9s)
  ✓   73 [chromium] › e2e/gallery.spec.ts:60:1 › gallery: keyboard step moves the snap, announces it, and updates aria + pips (775ms)
  ✓   74 [chromium] › e2e/gallery.spec.ts:98:1 › gallery: Enter on futoshiki selects it — board swaps, ?game set, ?view cleared (824ms)
  ✓   75 [chromium] › e2e/gallery.spec.ts:114:1 › gallery: Escape cancels back to the board, no swap, ?view cleared (575ms)
  ✓   70 [chromium] › e2e/gallery-guard.spec.ts:125:1 › guard: a pristine board switches to a different game with no ribbon (1.3s)
  ✓   71 [chromium] › e2e/gallery-guard.spec.ts:139:1 › guard: selecting the same game never asks, even when the board is dirty (1.3s)
  ✓   68 [chromium] › e2e/gallery-guard.spec.ts:82:1 › guard: dirty + different arms the ribbon; leave abandons the marks and switches (1.9s)
  ✓   76 [chromium] › e2e/gallery.spec.ts:126:1 › gallery: `g` opens the gallery from playing; a `g` typed into a cell does not (821ms)
  ✓   69 [chromium] › e2e/gallery-guard.spec.ts:106:1 › guard: keep dismisses the ribbon, stays in the gallery, board unchanged (2.0s)
  ✓   79 [chromium] › e2e/gallery.spec.ts:209:3 › gallery on a 375 phone › 375: one card near-fills the width, a neighbor peeks, pips present (514ms)
  ✓   78 [chromium] › e2e/gallery.spec.ts:181:3 › gallery under prefers-reduced-motion › PRM: open is an instant cut — gallery present, no tweening (812ms)
  ✓   77 [chromium] › e2e/gallery.spec.ts:152:1 › gallery: only the centered card boils — a flank frame is inert + frozen (1.2s)
  ✓   81 [chromium] › e2e/mobile-platform.spec.ts:97:3 › ios-discipline (iPhone-geometry coarse) › game surfaces suppress selection + the double-tap-zoom delay (long-press-clean) (1.2s)
  ✓   80 [chromium] › e2e/mobile-platform.spec.ts:86:3 › ios-discipline (iPhone-geometry coarse) › the board scene contains overscroll (no rubber-band / scroll-chain) (1.2s)
  ✓   82 [chromium] › e2e/mobile-platform.spec.ts:140:3 › ios-discipline (iPhone-geometry coarse) › tap-highlight + text-size-adjust are delivered (preflight) app-wide (1.2s)
  ✓   83 [chromium] › e2e/mobile-platform.spec.ts:176:3 › ios-discipline (iPhone-geometry coarse) › viewport opts into the notch + the fixed toggle pads clear of the safe area (1.3s)
  ✓   90 [chromium] › e2e/permalink.spec.ts:78:1 › mismatched ?board=/?size= falls closed to the size path (sudoku) (395ms)
  ✓   89 [chromium] › e2e/permalink.spec.ts:64:1 › board-only ?board= URL loads the encoded board (sudoku) (416ms)
  ✓   84 [chromium] › e2e/mobile-platform.spec.ts:251:3 › keyboard-avoid (emulated visualViewport) › a focused below-fold cell scrolls clear of the emulated keyboard band (1.3s)
  ✓   86 [chromium] › e2e/mobile-platform.spec.ts:439:3 › landscape phone (~844×390, coarse) › no horizontal overflow; entry works (1.3s)
  ✓   88 [chromium] › e2e/mobile-platform.spec.ts:467:3 › large iPad landscape (≥1024, coarse → desktop drawer layout) › the drawer tab is a clean ≥44px tap target and toggles the rail (940ms)
  ✓   87 [chromium] › e2e/mobile-platform.spec.ts:453:3 › iPad portrait (<1024, coarse, stacked) › no horizontal overflow; entry works (1.6s)
  ✓   92 [chromium] › e2e/permalink.spec.ts:118:1 › randomize drops ?board= from the URL (sudoku) (698ms)
  ✓   93 [chromium] › e2e/permalink.spec.ts:131:1 › the share affordance writes ?board= on the explicit act (sudoku) (589ms)
  ✓   95 [chromium] › e2e/permalink.spec.ts:168:1 › an untagged ?board= body fails closed, never a board (sudoku) (572ms)
  ✓   94 [chromium] › e2e/permalink.spec.ts:147:1 › board-only ?board= loads a futoshiki board with its inequalities, randomize drops it (729ms)
  ✓   85 [chromium] › e2e/mobile-platform.spec.ts:325:3 › the 296px keypad band (measured constant, driven through the composable) › with the keypad up, every control seats clear of the band at scrollY 0 (2.3s)
  ✓   91 [chromium] › e2e/permalink.spec.ts:90:1 › game switch leaves no foreign board/size params in the URL (1.3s)
  ✓   96 [chromium] › e2e/permalink.spec.ts:218:3 › share writes a REAL ?board= and it round-trips the board (thermo) (1.0s)
  ✓   99 [chromium] › e2e/share-truth.spec.ts:61:1 › sudoku share success: label + aria confirm AND the clipboard holds the link (634ms)
  ✓   97 [chromium] › e2e/permalink.spec.ts:218:3 › share writes a REAL ?board= and it round-trips the board (killer) (1.1s)
  ✓  100 [chromium] › e2e/share-truth.spec.ts:82:1 › sudoku share failure: "couldn't copy" signal, link still live in the address bar (777ms)
  ✓  101 [chromium] › e2e/share-truth.spec.ts:101:1 › futoshiki share failure: the same "couldn't copy" signal (twin) (744ms)
  ✓  102 [chromium] › e2e/share-truth.spec.ts:123:1 › sudoku corrupt ?board= surfaces the margin-voice notice (647ms)
  ✓   98 [chromium] › e2e/permalink.spec.ts:218:3 › share writes a REAL ?board= and it round-trips the board (kenken) (888ms)
  ✓  103 [chromium] › e2e/share-truth.spec.ts:132:1 › futoshiki corrupt ?board= surfaces the margin-voice notice (twin) (681ms)
  ✓  108 [chromium] › e2e/sudoku-interaction.spec.ts:145:1 › given cell override: foreground stroke reverts to user-ink on override (644ms)
  ✓  104 [chromium] › e2e/sudoku-interaction.spec.ts:47:1 › valid solution: randomize → solve → success state + all cells filled (1.0s)
  ✓  106 [chromium] › e2e/sudoku-interaction.spec.ts:88:1 › consecutive solve: values remain unchanged on second solve (949ms)
  ✓  110 [chromium] › e2e/sudoku-interaction.spec.ts:233:1 › noise animation: randomize produces multiple unique reveal delays (838ms)
  ✓  107 [chromium] › e2e/sudoku-interaction.spec.ts:121:1 › given cells use foreground ink, solved cells use solver-ink (926ms)
  ✓  109 [chromium] › e2e/sudoku-interaction.spec.ts:186:1 › solve failure: conflicting user values produce solve-failure state (942ms)
  ✓  111 [chromium] › e2e/visual-regression.spec.ts:96:1 › light mode: layout, styles, filters, DOM contract (735ms)
  ✓  112 [chromium] › e2e/visual-regression.spec.ts:203:1 › dark mode: celestial swap, control panel carries no filter, DOM contract (936ms)
  ✓  115 [chromium] › e2e/visual-regression.spec.ts:360:1 › graceful degradation: UI renders without backend API (664ms)
  ✓  105 [chromium] › e2e/sudoku-interaction.spec.ts:65:1 › invalid solution: solve → edit cell → state reverts to idle (1.9s)
  ✓  117 [chromium] › e2e/visual-regression.spec.ts:438:1 › the Deal die is not crushed: the commit verb's box fits its own content (613ms)
  ✓  119 [chromium] › e2e/visual-regression.spec.ts:516:1 › the glass curve is the same curve in both layers (550ms)
  ✓  113 [chromium] › e2e/visual-regression.spec.ts:235:1 › grid draw-in completes and path-based boil activates (898ms)
  ✓  114 [chromium] › e2e/visual-regression.spec.ts:294:1 › randomize populates board and blank cells accept input (1.2s)
  ✓  123 [chromium] › e2e/zone-grammar.spec.ts:117:1 › every zone is named by its own VISIBLE tape — the accessible name and the drawn one are one string (552ms)
  ✓  124 [chromium] › e2e/visual-regression.spec.ts:788:1 › toggle warp rest pose: wrung into the page, no carousel travel (538ms)
  ✓  122 [chromium] › e2e/zone-grammar.spec.ts:51:1 › rendered-name census, rail: two eyebrows, three tapes, two captions — and the counter can see an injected one (655ms)
  ✓  125 [chromium] › e2e/zone-grammar.spec.ts:164:1 › the permanent tape is a LABEL, not a tooltip — and the surface it names has a name (610ms)
  ✓  121 [chromium] › e2e/visual-regression.spec.ts:724:1 › the iPad coarse card stays under the P1 seal: the chip seam is PAID for (813ms)
  ✓  118 [chromium] › e2e/visual-regression.spec.ts:541:1 › the deal receipt keeps off the commit verb, hover included (1.4s)
  ✓  128 [chromium] › e2e/zone-grammar.spec.ts:287:1 › a frozen well mints ONE pose node and promotes nothing (the HandDrawnOutline prune) (516ms)
  ✓  126 [chromium] › e2e/zone-grammar.spec.ts:212:1 › the staged headings are HEADINGS for assistive tech — decided one way, not both (735ms)
  ✓  127 [chromium] › e2e/zone-grammar.spec.ts:255:1 › selection is announced: every option chip carries aria-pressed, exactly one per group (614ms)
  ✓  129 [chromium] › e2e/zone-grammar.spec.ts:354:3 › coarse row regime (≥1024) › the pair branch keeps a 44px floor in BOTH dimensions, where the branch exists (962ms)
  ✓  120 [chromium] › e2e/visual-regression.spec.ts:641:1 › option chips keep their separation: ≥6px between neighbours, both axes (2.2s)
  ✓  131 [chromium] › e2e/zone-grammar.spec.ts:504:3 › coarse regime › the heading lock holds on the CARD too — the regime its rail arm never visits (1.5s)
  ✓  130 [chromium] › e2e/zone-grammar.spec.ts:461:3 › coarse regime › the coarse card: regime witnessed first, then two eyebrows and a 44px floor in BOTH dimensions (1.7s)
  ✓  132 [chromium] › e2e/zone-grammar.spec.ts:575:3 › coarse regime › the teacher's well names the check state the card has never shown (1.9s)
  ✓  133 [chromium] › e2e/mobile-affordances.spec.ts:120:1 › native bounded entry (sudoku 9×9): coarse cell raises the numeric keypad, iOS-congruent, 16px floor (1.2s)
  ✓  116 [chromium] › e2e/visual-regression.spec.ts:376:1 › size switching: 4x4, 9x9, 16x16 all render grid lines (4.0s)
  ✓  134 [chromium] › e2e/mobile-affordances.spec.ts:136:1 › native bounded entry (sudoku 16×16): two-digit values 10–16 enter whole (1.4s)
  ✓  136 [chromium] › e2e/mobile-affordances.spec.ts:175:1 › touch play tools (T4-WM §2): undo / redo / hint tappable at ≥44px, wired, and no sticky hover (1.3s)
  ✓  137 [chromium] › e2e/mobile-affordances.spec.ts:224:1 › hint two-press by touch (T4-W7): first tap names the technique, second inks the digit (1.2s)
  ✓  138 [chromium] › e2e/mobile-affordances.spec.ts:251:1 › attribution opens on a single tap (T4-WM §2): the coarse focusin+click double-fire no longer nets closed (1.1s)
  ✓  135 [chromium] › e2e/mobile-affordances.spec.ts:152:1 › native bounded entry (futoshiki twin): coarse cell raises the numeric keypad, iOS-congruent (2.2s)
  ✓  139 [chromium] › e2e/mobile-affordances.spec.ts:264:1 › long-press peek (T4-WM §3, sudoku): a hold on a cell opens the candidate glimpse; release clears it (1.9s)
  ✓  140 [chromium] › e2e/mobile-affordances.spec.ts:287:1 › coarse affordances: persistent peek washi on a ≥44px target, icon sublabels, Clear confirm beat (2.1s)
  ✓  142 [chromium] › e2e/mobile-affordances.spec.ts:379:1 › Deal is dirty-gated (T4-WU/U3): a pristine board carries no arm; a dirty board arms first (2.0s)
  ✓  144 [webkit] › e2e/a11y.spec.ts:194:5 › 3.1 rowsPerGrid › futoshiki: the AX tree reads grid → row → gridcell, N rows of N cells (1.9s)
  ✓  143 [webkit] › e2e/a11y.spec.ts:194:5 › 3.1 rowsPerGrid › sudoku: the AX tree reads grid → row → gridcell, N rows of N cells (2.1s)
  ✓  141 [chromium] › e2e/mobile-affordances.spec.ts:271:1 › long-press peek (T4-WM §3, futoshiki twin): a hold on a cell opens the candidate glimpse; release clears it (3.2s)
  ✓  145 [webkit] › e2e/a11y.spec.ts:194:5 › 3.1 rowsPerGrid › thermo: the AX tree reads grid → row → gridcell, N rows of N cells (2.0s)
  ✓  146 [webkit] › e2e/a11y.spec.ts:194:5 › 3.1 rowsPerGrid › killer: the AX tree reads grid → row → gridcell, N rows of N cells (1.9s)
  ✓  147 [webkit] › e2e/a11y.spec.ts:194:5 › 3.1 rowsPerGrid › kenken: the AX tree reads grid → row → gridcell, N rows of N cells (1.8s)
  ✓  152 [webkit] › e2e/a11y.spec.ts:425:3 › 3.5 unnamedImages › a dealt board publishes zero unnamed image nodes (1.5s)
  ✓  149 [webkit] › e2e/a11y.spec.ts:324:3 › 3.3 optionsInPicker › the picker publishes five named, AX-visible options (1.9s)
  ✓  153 [webkit] › e2e/a11y.spec.ts:444:3 › 3.5 unnamedImages › a filled cell announces its value exactly once (1.6s)
  ✓  154 [webkit] › e2e/a11y.spec.ts:490:3 › 3.6 stability › the grid invariants track N (4×4 and 9×9), never a magic total (2.6s)
  ✓  151 [webkit] › e2e/a11y.spec.ts:370:3 › 3.4 ctrlKDoesNotPeek › Ctrl+K and Cmd+K never trigger the single-key peek (3.5s)
  ✓  148 [webkit] › e2e/a11y.spec.ts:253:3 › 3.2 guardAnnounced › arming the destructive-work guard announces its armed state (3.6s)
  ✓  157 [webkit] › e2e/affordances.spec.ts:155:1 › stale-note: teacher-red and gold-star notes clear on the next edit (2.2s)
  ✓  150 [webkit] › e2e/a11y.spec.ts:273:3 › 3.2 guardAnnounced › the armed guard contains focus (aria-modal + focus inside the dialog) (3.7s)
  ✓  158 [webkit] › e2e/affordances.spec.ts:102:1 › print: chrome hidden, black strokes, washes stripped (CSS-only) (2.6s)
  ✓  156 [webkit] › e2e/a11y.spec.ts:506:3 › 3.6 stability › the invariants survive a re-deal (deal-variant figures never asserted) (3.3s)
  ✓  160 [webkit] › e2e/affordances.spec.ts:205:1 › tally: solve writes "N backtracks — Xms" in the note meta; the next edit clears it (2.2s)
  ✓  161 [webkit] › e2e/affordances.spec.ts:229:1 › undo: Ctrl+Z reverts, Ctrl+Shift+Z redoes, Meta+Z works, plain z is not swallowed (2.5s)
  ✓  162 [webkit] › e2e/affordances.spec.ts:263:1 › fill batch: one Fill sweep undoes as ONE gesture, redo re-fills (2.8s)
  ✓  159 [webkit] › e2e/a11y.spec.ts:394:3 › 3.4 ctrlKDoesNotPeek › a keyboard-shortcuts help names k, g, h, p and d (2.5s)
  ✓  165 [webkit] › e2e/affordances.spec.ts:357:1 › marks-gesture: no marks pre-peek, K shows them, Esc clears them (2.0s)
  ✓  164 [webkit] › e2e/affordances.spec.ts:333:1 › hint: first H names the technique + highlights, second H inks the digit (2.2s)
  ✓  163 [webkit] › e2e/affordances.spec.ts:294:1 › permalink: share writes ?board= and a reload reproduces the exact board (2.9s)
  ✓  168 [webkit] › e2e/board-covisibility.spec.ts:66:3 › mark 6 — the band dissolves › the tally files with the deal, and the strip it left can still be seen (1.3s)
  ✓  171 [webkit] › e2e/board-covisibility.spec.ts:231:3 › mark 6 — the band dissolves › the grade crests on the board — the celebration never moves the page (1.2s)
  ✓  169 [webkit] › e2e/board-covisibility.spec.ts:104:3 › mark 6 — the band dissolves › the strip below the board is one reserved line — no more, and no less (1.3s)
  ✓  172 [webkit] › e2e/board-covisibility.spec.ts:340:3 › mark 6 — the band dissolves › the case: at 390x664 the page is one viewport, and the play verbs are in it (1.2s)
  ✓  167 [webkit] › e2e/affordances.spec.ts:376:1 › composed keyboard: K-peek from cell focus + roving tabindex (Ctrl+Home/End) + undo in one session (2.5s)
  ✓  155 [webkit] › e2e/a11y.spec.ts:296:3 › 3.2 guardAnnounced › a second Enter cannot discard the board unheard (5.8s)
  ✓  166 [webkit] › e2e/affordances.spec.ts:458:1 › composed keyboard (futoshiki twin): K-peek from cell focus + roving + undo in one session (3.0s)
  ✓  173 [webkit] › e2e/board-covisibility.spec.ts:418:3 › the board fits the viewport it is drawn in › a landscape phone gets a board no larger than the screen it is drawn on (1.4s)
  ✓  170 [webkit] › e2e/board-covisibility.spec.ts:156:3 › mark 6 — the band dissolves › a solved board prints its tally exactly once, at every width (3.3s)
  ✓  178 [webkit] › e2e/drawer.spec.ts:37:1 › drawer: default open — tab present (≥44px), aria wired, controls visible (2.1s)
  ✓  175 [webkit] › e2e/board-covisibility.spec.ts:521:3 › the board fits the viewport it is drawn in › the board hangs no further below the fold than the chrome above it (2.4s)
  ✓  181 [webkit] › e2e/drawer.spec.ts:248:3 › drawer under prefers-reduced-motion › PRM: toggle is an instant state swap — no glide class, immediate layout (1.7s)
  ✓  180 [webkit] › e2e/drawer.spec.ts:293:3 › drawer below the row regime — LANDSCAPE holds the shipped rung › <1024 landscape: no tab, the card in flow, the toggle a defined no-op (2.5s)
  ✓  179 [webkit] › e2e/drawer.spec.ts:211:1 › drawer: keyboard shortcuts (undo, K-peek) work with the drawer closed (2.9s)
  ✓  174 [webkit] › e2e/board-covisibility.spec.ts:448:3 › the board fits the viewport it is drawn in › turning the phone does not shrink the cell a finger has to hit (4.0s)
  ✓  176 [webkit] › e2e/drawer.spec.ts:58:1 › drawer: close glides transform-only, board grows ≥24px + centers, persists (3.7s)
  ✓  185 [webkit] › e2e/font-census.spec.ts:298:1 › no string renders in two faces except the ones this estate has ledgered (1.5s)
  ✓  177 [webkit] › e2e/drawer.spec.ts:175:1 › drawer: open focuses the first control; Esc closes from within and returns focus to the tab (4.0s)
  ✓  183 [webkit] › e2e/drawer.spec.ts:365:3 › drawer below the row regime — PORTRAIT is the dock › <1024 portrait always lands closed, and a persisted-open desk choice does not carry (2.7s)
  ✓  182 [webkit] › e2e/drawer.spec.ts:325:3 › drawer below the row regime — PORTRAIT is the dock › <1024 portrait: the tongue summons a fixed sheet, and the board never moves (3.3s)
  ✓  190 [webkit] › e2e/gallery-deal.spec.ts:72:1 › band: a sibling of the listbox, never a control inside role=option (2.3s)
  ✓  186 [webkit] › e2e/futoshiki.spec.ts:45:1 › gallery switches to futoshiki: default board renders with inequality carets (3.4s)
  ✓  191 [webkit] › e2e/gallery-deal.spec.ts:150:1 › cold start: an UNMOUNTED game reports its saved board and offers resume (2.5s)
  ✓  188 [webkit] › e2e/futoshiki.spec.ts:97:1 › blank cell accepts input via pointer + on-screen affordance (3.3s)
  ✓  193 [webkit] › e2e/gallery-deal.spec.ts:189:1 › cold start: GIVENS ARE NOT WORK — a dealt, untouched board reads "dealt" (1.7s)
  ✓  189 [webkit] › e2e/futoshiki.spec.ts:131:1 › solve: a fresh generated board solves to solve-success (3.4s)
  ✓  192 [webkit] › e2e/gallery-deal.spec.ts:178:1 › cold start: a game with NO board offers start, and the card keeps its range line (2.4s)
  ✓  187 [webkit] › e2e/futoshiki.spec.ts:72:1 › size switching: 4×4/5×5/6×6/7×7 each change the board cell count (5.0s)
  ✓  194 [webkit] › e2e/gallery-deal.spec.ts:210:1 › guard: a deal onto ANOTHER game with work on it arms the ribbon (2.9s)
  ✓  195 [webkit] › e2e/gallery-deal.spec.ts:243:1 › guard: the NEGATIVE control — an untouched target board deals straight through (2.5s)
  ✓  199 [webkit] › e2e/gallery-deal.spec.ts:451:1 › guard: a dirty SAME-game deal raises the ribbon too — the subsumption, gated (2.8s)
  ✓  198 [webkit] › e2e/gallery-deal.spec.ts:374:1 › guard: when BOTH boards hold work the sub-line says so (2.9s)
  ✓  196 [webkit] › e2e/gallery-deal.spec.ts:266:1 › guard: the `d` hotkey routes through the SAME ribbon, from the deck AND from the band (3.6s)
  ✓  197 [webkit] › e2e/gallery-deal.spec.ts:350:1 › guard: a cross-game deal ABANDONS the mounted board — dirty sudoku, clean target, ribbon (3.5s)
  ✓  200 [webkit] › e2e/gallery-deal.spec.ts:474:1 › guard: a PRISTINE mounted board deals across with no ribbon (the source-arm control) (3.3s)
  ✓  201 [webkit] › e2e/gallery-deal.spec.ts:492:1 › deal: a cross-game deal lands the TARGET game at the STAGED pair (2.5s)
  ✓  203 [webkit] › e2e/gallery-deal.spec.ts:542:1 › deal: a same-game deal issued BEFORE the scene mounts still lands the staged pair (1.6s)
  ✓  202 [webkit] › e2e/gallery-deal.spec.ts:522:1 › deal: a same-game deal rides the BRIDGE — the staged pair, and no remount (2.0s)
  ✓  204 [webkit] › e2e/gallery-deal.spec.ts:613:1 › safe verb: `start` HONOURS the staged pair (a game with no board has none to restore) (2.5s)
  ✓  209 [webkit] › e2e/gallery-guard.spec.ts:65:1 › snap chime: the centered card carries a scribble underline; flanks do not (1.7s)
  ✓  184 [webkit] › e2e/font-census.spec.ts:207:1 › the ledger holds BOTH directions across two games and two regimes (10.3s)
  ✓  207 [webkit] › e2e/gallery-deal.spec.ts:697:1 › a11y: the live region carries the staged pair and the board state (2.4s)
  ✓  205 [webkit] › e2e/gallery-deal.spec.ts:631:1 › safe verb: `resume` PRINTS the saved pair the moment the chips wander off it (2.8s)
  ✓  208 [webkit] › e2e/gallery-guard.spec.ts:49:1 › dropdown retired: the wordmark opens the gallery; no listbox affordance remains (2.4s)
  ✓  206 [webkit] › e2e/gallery-deal.spec.ts:668:1 › safe verb: a wandered pair cannot OUTLIVE the transaction (3.1s)
  ✓  211 [webkit] › e2e/gallery-guard.spec.ts:106:1 › guard: keep dismisses the ribbon, stays in the gallery, board unchanged (3.5s)
  ✓  217 [webkit] › e2e/gallery.spec.ts:114:1 › gallery: Escape cancels back to the board, no swap, ?view cleared (1.7s)
  ✓  214 [webkit] › e2e/gallery.spec.ts:22:1 › gallery: ?view=gallery lands in the carousel — listbox roles, labels, focus, pips (1.9s)
  ✓  210 [webkit] › e2e/gallery-guard.spec.ts:82:1 › guard: dirty + different arms the ribbon; leave abandons the marks and switches (4.0s)
  ✓  213 [webkit] › e2e/gallery-guard.spec.ts:139:1 › guard: selecting the same game never asks, even when the board is dirty (2.5s)
  ✓  215 [webkit] › e2e/gallery.spec.ts:60:1 › gallery: keyboard step moves the snap, announces it, and updates aria + pips (2.2s)
  ✓  216 [webkit] › e2e/gallery.spec.ts:98:1 › gallery: Enter on futoshiki selects it — board swaps, ?game set, ?view cleared (2.3s)
  ✓  212 [webkit] › e2e/gallery-guard.spec.ts:125:1 › guard: a pristine board switches to a different game with no ribbon (2.9s)
  ✓  218 [webkit] › e2e/gallery.spec.ts:126:1 › gallery: `g` opens the gallery from playing; a `g` typed into a cell does not (2.1s)
  ✓  221 [webkit] › e2e/gallery.spec.ts:209:3 › gallery on a 375 phone › 375: one card near-fills the width, a neighbor peeks, pips present (1.4s)
  ✓  222 [webkit] › e2e/mobile-platform.spec.ts:86:3 › ios-discipline (iPhone-geometry coarse) › the board scene contains overscroll (no rubber-band / scroll-chain) (1.4s)
  ✓  223 [webkit] › e2e/mobile-platform.spec.ts:97:3 › ios-discipline (iPhone-geometry coarse) › game surfaces suppress selection + the double-tap-zoom delay (long-press-clean) (1.5s)
  ✓  224 [webkit] › e2e/mobile-platform.spec.ts:140:3 › ios-discipline (iPhone-geometry coarse) › tap-highlight + text-size-adjust are delivered (preflight) app-wide (1.5s)
  ✓  220 [webkit] › e2e/gallery.spec.ts:181:3 › gallery under prefers-reduced-motion › PRM: open is an instant cut — gallery present, no tweening (1.9s)
  ✓  225 [webkit] › e2e/mobile-platform.spec.ts:176:3 › ios-discipline (iPhone-geometry coarse) › viewport opts into the notch + the fixed toggle pads clear of the safe area (1.5s)
  ✓  219 [webkit] › e2e/gallery.spec.ts:152:1 › gallery: only the centered card boils — a flank frame is inert + frozen (2.0s)
  ✓  226 [webkit] › e2e/mobile-platform.spec.ts:251:3 › keyboard-avoid (emulated visualViewport) › a focused below-fold cell scrolls clear of the emulated keyboard band (1.7s)
  ✓  228 [webkit] › e2e/mobile-platform.spec.ts:439:3 › landscape phone (~844×390, coarse) › no horizontal overflow; entry works (1.8s)
  ✓  227 [webkit] › e2e/mobile-platform.spec.ts:325:3 › the 296px keypad band (measured constant, driven through the composable) › with the keypad up, every control seats clear of the band at scrollY 0 (2.6s)
  ✓  232 [webkit] › e2e/permalink.spec.ts:78:1 › mismatched ?board=/?size= falls closed to the size path (sudoku) (1.5s)
  ✓  231 [webkit] › e2e/permalink.spec.ts:64:1 › board-only ?board= URL loads the encoded board (sudoku) (1.7s)
  ✓  229 [webkit] › e2e/mobile-platform.spec.ts:453:3 › iPad portrait (<1024, coarse, stacked) › no horizontal overflow; entry works (2.2s)
  ✓  234 [webkit] › e2e/permalink.spec.ts:118:1 › randomize drops ?board= from the URL (sudoku) (1.8s)
  ✓  230 [webkit] › e2e/mobile-platform.spec.ts:467:3 › large iPad landscape (≥1024, coarse → desktop drawer layout) › the drawer tab is a clean ≥44px tap target and toggles the rail (2.1s)
  ✓  235 [webkit] › e2e/permalink.spec.ts:131:1 › the share affordance writes ?board= on the explicit act (sudoku) (1.6s)
  ✓  233 [webkit] › e2e/permalink.spec.ts:90:1 › game switch leaves no foreign board/size params in the URL (2.9s)
  ✓  236 [webkit] › e2e/permalink.spec.ts:147:1 › board-only ?board= loads a futoshiki board with its inequalities, randomize drops it (1.9s)
  ✓  239 [webkit] › e2e/permalink.spec.ts:168:1 › an untagged ?board= body fails closed, never a board (sudoku) (2.0s)
  ✓  241 [webkit] › e2e/sudoku-interaction.spec.ts:47:1 › valid solution: randomize → solve → success state + all cells filled (2.2s)
  ✓  238 [webkit] › e2e/permalink.spec.ts:218:3 › share writes a REAL ?board= and it round-trips the board (killer) (3.2s)
  ✓  240 [webkit] › e2e/permalink.spec.ts:218:3 › share writes a REAL ?board= and it round-trips the board (kenken) (3.1s)
  ✓  237 [webkit] › e2e/permalink.spec.ts:218:3 › share writes a REAL ?board= and it round-trips the board (thermo) (3.4s)
  ✓  243 [webkit] › e2e/sudoku-interaction.spec.ts:88:1 › consecutive solve: values remain unchanged on second solve (2.6s)
  ✓  244 [webkit] › e2e/sudoku-interaction.spec.ts:121:1 › given cells use foreground ink, solved cells use solver-ink (2.4s)
  ✓  245 [webkit] › e2e/sudoku-interaction.spec.ts:145:1 › given cell override: foreground stroke reverts to user-ink on override (2.1s)
  ✓  242 [webkit] › e2e/sudoku-interaction.spec.ts:65:1 › invalid solution: solve → edit cell → state reverts to idle (3.6s)
  ✓  246 [webkit] › e2e/sudoku-interaction.spec.ts:186:1 › solve failure: conflicting user values produce solve-failure state (2.1s)
  ✓  247 [webkit] › e2e/sudoku-interaction.spec.ts:233:1 › noise animation: randomize produces multiple unique reveal delays (1.7s)
  ✓  249 [webkit] › e2e/visual-regression.spec.ts:235:1 › grid draw-in completes and path-based boil activates (1.9s)
  ✓  252 [webkit] › e2e/visual-regression.spec.ts:360:1 › graceful degradation: UI renders without backend API (1.8s)
  ✓  251 [webkit] › e2e/visual-regression.spec.ts:294:1 › randomize populates board and blank cells accept input (2.1s)
  ✓  250 [webkit] › e2e/visual-regression.spec.ts:203:1 › dark mode: celestial swap, control panel carries no filter, DOM contract (2.3s)
  ✓  254 [webkit] › e2e/visual-regression.spec.ts:438:1 › the Deal die is not crushed: the commit verb's box fits its own content (1.7s)
  ✓  255 [webkit] › e2e/visual-regression.spec.ts:516:1 › the glass curve is the same curve in both layers (1.6s)
  ✓  248 [webkit] › e2e/visual-regression.spec.ts:96:1 › light mode: layout, styles, filters, DOM contract (2.7s)
  ✓  259 [webkit] › e2e/visual-regression.spec.ts:788:1 › toggle warp rest pose: wrung into the page, no carousel travel (1.9s)
  ✓  256 [webkit] › e2e/visual-regression.spec.ts:541:1 › the deal receipt keeps off the commit verb, hover included (2.9s)
  ✓  258 [webkit] › e2e/visual-regression.spec.ts:724:1 › the iPad coarse card stays under the P1 seal: the chip seam is PAID for (2.2s)
  ✓  260 [webkit] › e2e/zone-grammar.spec.ts:51:1 › rendered-name census, rail: two eyebrows, three tapes, two captions — and the counter can see an injected one (2.2s)
  ✓  263 [webkit] › e2e/zone-grammar.spec.ts:212:1 › the staged headings are HEADINGS for assistive tech — decided one way, not both (2.3s)
  ✓  261 [webkit] › e2e/zone-grammar.spec.ts:117:1 › every zone is named by its own VISIBLE tape — the accessible name and the drawn one are one string (2.4s)
  ✓  262 [webkit] › e2e/zone-grammar.spec.ts:164:1 › the permanent tape is a LABEL, not a tooltip — and the surface it names has a name (2.9s)
  ✓  253 [webkit] › e2e/visual-regression.spec.ts:376:1 › size switching: 4x4, 9x9, 16x16 all render grid lines (5.8s)
  ✓  265 [webkit] › e2e/zone-grammar.spec.ts:287:1 › a frozen well mints ONE pose node and promotes nothing (the HandDrawnOutline prune) (2.4s)
  ✓  264 [webkit] › e2e/zone-grammar.spec.ts:255:1 › selection is announced: every option chip carries aria-pressed, exactly one per group (2.7s)
  ✓  266 [webkit] › e2e/zone-grammar.spec.ts:354:3 › coarse row regime (≥1024) › the pair branch keeps a 44px floor in BOTH dimensions, where the branch exists (2.9s)
  ✓  257 [webkit] › e2e/visual-regression.spec.ts:641:1 › option chips keep their separation: ≥6px between neighbours, both axes (5.5s)
  ✓  267 [webkit] › e2e/zone-grammar.spec.ts:461:3 › coarse regime › the coarse card: regime witnessed first, then two eyebrows and a 44px floor in BOTH dimensions (3.7s)
  ✓  268 [webkit] › e2e/zone-grammar.spec.ts:504:3 › coarse regime › the heading lock holds on the CARD too — the regime its rail arm never visits (3.6s)
  ✓  269 [webkit] › e2e/zone-grammar.spec.ts:575:3 › coarse regime › the teacher's well names the check state the card has never shown (3.8s)
  ✓  273 [webkit] › e2e/mobile-affordances.spec.ts:152:1 › native bounded entry (futoshiki twin): coarse cell raises the numeric keypad, iOS-congruent (5.3s)
  ✓  275 [webkit] › e2e/mobile-affordances.spec.ts:251:1 › attribution opens on a single tap (T4-WM §2): the coarse focusin+click double-fire no longer nets closed (5.4s)
  ✓  274 [webkit] › e2e/mobile-affordances.spec.ts:224:1 › hint two-press by touch (T4-W7): first tap names the technique, second inks the digit (5.8s)
  ✓  272 [webkit] › e2e/mobile-affordances.spec.ts:120:1 › native bounded entry (sudoku 9×9): coarse cell raises the numeric keypad, iOS-congruent, 16px floor (5.9s)
  ✓  270 [webkit] › e2e/mobile-affordances.spec.ts:136:1 › native bounded entry (sudoku 16×16): two-digit values 10–16 enter whole (5.9s)
  ✓  271 [webkit] › e2e/mobile-affordances.spec.ts:175:1 › touch play tools (T4-WM §2): undo / redo / hint tappable at ≥44px, wired, and no sticky hover (6.1s)
  ✓  277 [webkit] › e2e/mobile-affordances.spec.ts:271:1 › long-press peek (T4-WM §3, futoshiki twin): a hold on a cell opens the candidate glimpse; release clears it (5.3s)
  ✓  276 [webkit] › e2e/mobile-affordances.spec.ts:264:1 › long-press peek (T4-WM §3, sudoku): a hold on a cell opens the candidate glimpse; release clears it (6.3s)
  ✓  278 [webkit] › e2e/mobile-affordances.spec.ts:287:1 › coarse affordances: persistent peek washi on a ≥44px target, icon sublabels, Clear confirm beat (6.3s)
  ✓  279 [webkit] › e2e/mobile-affordances.spec.ts:379:1 › Deal is dirty-gated (T4-WU/U3): a pristine board carries no arm; a dirty board arms first (2.7s)

  279 passed (1.2m)
