
Running 238 tests using 3 workers

[1/238] [chromium] › e2e/a11y.spec.ts:268:5 › 3.1 rowsPerGrid › sudoku: the AX tree reads grid → row → gridcell, N rows of N cells
[2/238] [chromium] › e2e/a11y.spec.ts:268:5 › 3.1 rowsPerGrid › thermo: the AX tree reads grid → row → gridcell, N rows of N cells
[3/238] [chromium] › e2e/a11y.spec.ts:268:5 › 3.1 rowsPerGrid › futoshiki: the AX tree reads grid → row → gridcell, N rows of N cells
[4/238] [chromium] › e2e/a11y.spec.ts:268:5 › 3.1 rowsPerGrid › killer: the AX tree reads grid → row → gridcell, N rows of N cells
[5/238] [chromium] › e2e/a11y.spec.ts:268:5 › 3.1 rowsPerGrid › kenken: the AX tree reads grid → row → gridcell, N rows of N cells
[6/238] [chromium] › e2e/a11y.spec.ts:327:3 › 3.2 guardAnnounced › arming the destructive-work guard announces its armed state
[7/238] [chromium] › e2e/a11y.spec.ts:347:3 › 3.2 guardAnnounced › the armed guard contains focus (aria-modal + focus inside the dialog)
[8/238] [chromium] › e2e/a11y.spec.ts:370:3 › 3.2 guardAnnounced › an Enter into the armed guard cannot discard the board unheard
[9/238] [chromium] › e2e/a11y.spec.ts:427:3 › 3.3 optionsInPicker › the picker publishes five named, AX-visible options
[10/238] [chromium] › e2e/a11y.spec.ts:476:3 › 3.4 ctrlKDoesNotPeek › Ctrl+K and Cmd+K never trigger the single-key peek
[11/238] [chromium] › e2e/a11y.spec.ts:506:3 › 3.4 ctrlKDoesNotPeek › a keyboard-shortcuts help names k, g, h, p and d
[12/238] [chromium] › e2e/a11y.spec.ts:537:3 › 3.5 unnamedImages › a dealt board publishes zero unnamed image nodes
[13/238] [chromium] › e2e/a11y.spec.ts:573:3 › 3.5 unnamedImages › a filled cell announces its value exactly once
[14/238] [chromium] › e2e/a11y.spec.ts:619:3 › 3.6 stability › the grid invariants track N (4×4 and 9×9), never a magic total
[15/238] [chromium] › e2e/a11y.spec.ts:635:3 › 3.6 stability › the invariants survive a re-deal (deal-variant figures never asserted)
[16/238] [chromium] › e2e/access.spec.ts:235:3 › 2.1 focus-occlusion census — the desktop card › no control in the controls card focuses into a full burial
[17/238] [chromium] › e2e/access.spec.ts:255:3 › 2.1 focus-occlusion census — the desktop card › the marks-mode "Normal" button is reachable, found by identity
[18/238] [chromium] › e2e/access.spec.ts:328:3 › 2.2 drawer-open inert census — the phone › no covered control in the drawer subtree stays tabbable
[19/238] [chromium] › e2e/access.spec.ts:375:3 › 2.3 the roster announces › a join and a leave each move a live region
[20/238] [chromium] › e2e/access.spec.ts:515:5 › 2.3 contrast floor — light › .icon-sublabel and .ctrl-btn clear 4.5:1 (light)
[21/238] [chromium] › e2e/access.spec.ts:515:5 › 2.3 contrast floor — dark › .icon-sublabel and .ctrl-btn clear 4.5:1 (dark)
[22/238] [chromium] › e2e/affordances.spec.ts:122:1 › print: chrome hidden, black strokes, washes stripped (CSS-only)
[23/238] [chromium] › e2e/affordances.spec.ts:175:1 › stale-note: teacher-red and gold-star notes clear on the next edit
[24/238] [chromium] › e2e/affordances.spec.ts:244:1 › conflict note: a pure column duplicate names the COLUMN, never a row
[25/238] [chromium] › e2e/affordances.spec.ts:287:1 › tally: solve writes "N backtracks · Xms" in the note meta; the next edit clears it
[26/238] [chromium] › e2e/affordances.spec.ts:326:1 › tally: with debug off a solved board prints no tally at all
[27/238] [chromium] › e2e/affordances.spec.ts:339:1 › undo: Ctrl+Z reverts, Ctrl+Shift+Z redoes, Meta+Z works, plain z is not swallowed
[28/238] [chromium] › e2e/affordances.spec.ts:373:1 › fill batch: one Fill sweep undoes as ONE gesture, redo re-fills
[29/238] [chromium] › e2e/affordances.spec.ts:410:1 › permalink: share writes ?board= and a reload reproduces the exact board
[30/238] [chromium] › e2e/affordances.spec.ts:449:1 › hint: first H gives the reasoning + highlights, second H inks the digit
[31/238] [chromium] › e2e/affordances.spec.ts:480:1 › marks-gesture: no marks pre-peek, K shows them, Esc clears them
[32/238] [chromium] › e2e/affordances.spec.ts:499:1 › composed keyboard: K-peek from cell focus + roving tabindex (Ctrl+Home/End) + undo in one session
[33/238] [chromium] › e2e/affordances.spec.ts:581:1 › composed keyboard (futoshiki twin): K-peek from cell focus + roving + undo in one session
[34/238] [chromium] › e2e/board-covisibility.spec.ts:70:3 › mark 6 — the band dissolves › the tally files with the deal, and the strip it left can still be seen
[35/238] [chromium] › e2e/board-covisibility.spec.ts:108:3 › mark 6 — the band dissolves › the strip below the board is one reserved line — no more, and no less
[36/238] [chromium] › e2e/board-covisibility.spec.ts:175:3 › mark 6 — the band dissolves › a solved board prints its tally exactly once, at every width
[37/238] [chromium] › e2e/board-covisibility.spec.ts:254:3 › mark 6 — the band dissolves › the grade crests on the board — the celebration never moves the page
[38/238] [chromium] › e2e/board-covisibility.spec.ts:397:3 › mark 6 — the band dissolves › the case: at 390x664 the page is one viewport, and the play verbs are in it
[39/238] [chromium] › e2e/board-covisibility.spec.ts:573:3 › the board fits the viewport it is drawn in › a landscape phone gets a board no larger than the screen it is drawn on
[40/238] [chromium] › e2e/board-covisibility.spec.ts:603:3 › the board fits the viewport it is drawn in › turning the phone does not shrink the cell a finger has to hit
[41/238] [chromium] › e2e/board-covisibility.spec.ts:676:3 › the board fits the viewport it is drawn in › the board hangs no further below the fold than the chrome above it
[42/238] [chromium] › e2e/drawer.spec.ts:91:1 › drawer: default open — tab present (≥44px), aria wired, controls visible
[43/238] [chromium] › e2e/drawer.spec.ts:135:1 › drawer: close glides transform-only, board grows ≥24px + centers, persists
[44/238] [chromium] › e2e/drawer.spec.ts:272:1 › drawer: open focuses the first control; Esc closes from within and returns focus to the tab
[45/238] [chromium] › e2e/drawer.spec.ts:308:1 › drawer: keyboard shortcuts (undo, K-peek) work with the drawer closed
[46/238] [chromium] › e2e/drawer.spec.ts:345:3 › drawer under prefers-reduced-motion › PRM: toggle is an instant state swap — no glide class, immediate layout
[47/238] [chromium] › e2e/drawer.spec.ts:394:3 › drawer below the row regime — LANDSCAPE IS THE DOCK (T9-W2 §2.2, a declared delta on T5-W4 charter (c)) › <1024 landscape: the tab rides the board, the card docks, nothing scrolls
[48/238] [chromium] › e2e/drawer.spec.ts:453:3 › drawer below the row regime — PORTRAIT is the dock › <1024 portrait: the tongue summons a fixed sheet, and the board never moves
[49/238] [chromium] › e2e/drawer.spec.ts:493:3 › drawer below the row regime — PORTRAIT is the dock › <1024 portrait always lands closed, and a persisted-open desk choice does not carry
[50/238] [chromium] › e2e/follow-still-authorship.spec.ts:54:1 › a still the table turned away from keeps its peer's ink
[51/238] [chromium] › e2e/font-census.spec.ts:231:1 › the ledger holds BOTH directions across two games and two regimes
[52/238] [chromium] › e2e/font-census.spec.ts:344:1 › no string renders in two faces except the ones this estate has ledgered
[53/238] [chromium] › e2e/futoshiki.spec.ts:80:1 › gallery switches to futoshiki: default board renders with inequality carets
[54/238] [chromium] › e2e/futoshiki.spec.ts:107:1 › size switching: 4×4/5×5/6×6/7×7 each change the board cell count
[55/238] [chromium] › e2e/futoshiki.spec.ts:132:1 › blank cell accepts input via pointer + on-screen affordance
[56/238] [chromium] › e2e/futoshiki.spec.ts:166:1 › solve: a fresh generated board solves to solve-success
[57/238] [chromium] › e2e/gallery-deal.spec.ts:103:1 › band: a sibling of the listbox, never a control inside role=option
[58/238] [chromium] › e2e/gallery-deal.spec.ts:192:1 › cold start: an UNMOUNTED game reports its saved board and offers resume
[59/238] [chromium] › e2e/gallery-deal.spec.ts:220:1 › cold start: a game with NO board offers start, and the card keeps its range line
[60/238] [chromium] › e2e/gallery-deal.spec.ts:231:1 › cold start: GIVENS ARE NOT WORK — a dealt, untouched board reads "dealt"
[61/238] [chromium] › e2e/gallery-deal.spec.ts:252:1 › guard: a deal onto ANOTHER game with work on it arms the ribbon
[62/238] [chromium] › e2e/gallery-deal.spec.ts:285:1 › guard: the NEGATIVE control — an untouched target board deals straight through
[63/238] [chromium] › e2e/gallery-deal.spec.ts:308:1 › guard: the `d` hotkey routes through the SAME ribbon, from the deck AND from the band
[64/238] [chromium] › e2e/gallery-deal.spec.ts:391:1 › guard: a cross-game deal ABANDONS the mounted board — dirty sudoku, clean target, ribbon
[65/238] [chromium] › e2e/gallery-deal.spec.ts:415:1 › guard: when BOTH boards hold work the sub-line says so
[66/238] [chromium] › e2e/gallery-deal.spec.ts:491:1 › guard: a dirty SAME-game deal raises the ribbon too — the subsumption, gated
[67/238] [chromium] › e2e/gallery-deal.spec.ts:514:1 › guard: a PRISTINE mounted board deals across with no ribbon (the source-arm control)
[68/238] [chromium] › e2e/gallery-deal.spec.ts:531:1 › deal: a cross-game deal lands the TARGET game at the STAGED pair
[69/238] [chromium] › e2e/gallery-deal.spec.ts:561:1 › deal: a same-game deal rides the BRIDGE — the staged pair, and no remount
[70/238] [chromium] › e2e/gallery-deal.spec.ts:581:1 › deal: a same-game deal issued BEFORE the scene mounts still lands the staged pair
[71/238] [chromium] › e2e/gallery-deal.spec.ts:652:1 › safe verb: `start` HONOURS the staged pair (a game with no board has none to restore)
[72/238] [chromium] › e2e/gallery-deal.spec.ts:670:1 › safe verb: `resume` PRINTS the saved pair the moment the chips wander off it
[73/238] [chromium] › e2e/gallery-deal.spec.ts:707:1 › safe verb: a wandered pair cannot OUTLIVE the transaction
[74/238] [chromium] › e2e/gallery-deal.spec.ts:735:1 › a11y: the live region carries the staged pair and the board state
[75/238] [chromium] › e2e/gallery-guard.spec.ts:58:1 › dropdown retired: the wordmark opens the gallery; no listbox affordance remains
[76/238] [chromium] › e2e/gallery-guard.spec.ts:78:1 › snap chime: the centered card carries a scribble underline; flanks do not
[77/238] [chromium] › e2e/gallery-guard.spec.ts:99:1 › guard: a solo dirty select switches freely, and the marks are there on return
[78/238] [chromium] › e2e/gallery-guard.spec.ts:126:1 › guard: keep dismisses the deal ribbon, stays in the gallery, board unchanged
[79/238] [chromium] › e2e/gallery-guard.spec.ts:146:1 › guard: a pristine board switches to a different game with no ribbon
[80/238] [chromium] › e2e/gallery-guard.spec.ts:160:1 › guard: selecting the same game never asks, even when the board is dirty
[81/238] [chromium] › e2e/gallery-guard.spec.ts:213:1 › guard: the armed ribbon is anchored on the chosen card, not on the deck frame
[82/238] [chromium] › e2e/gallery.spec.ts:107:1 › gallery: ?view=gallery lands in the carousel — listbox roles, labels, focus, pips
[83/238] [chromium] › e2e/gallery.spec.ts:145:1 › gallery: keyboard step moves the snap, announces it, and updates aria + pips
[84/238] [chromium] › e2e/gallery.spec.ts:183:1 › gallery: Enter on futoshiki selects it — board swaps, ?game set, ?view cleared
[85/238] [chromium] › e2e/gallery.spec.ts:199:1 › gallery: Escape cancels back to the board, no swap, ?view cleared
[86/238] [chromium] › e2e/gallery.spec.ts:235:3 › gallery: Escape still exits with focus moved off the listbox by a staged chip
[87/238] [chromium] › e2e/gallery.spec.ts:235:3 › gallery: Escape still exits with focus moved off the listbox by a page pip
[88/238] [chromium] › e2e/gallery.spec.ts:235:3 › gallery: Escape still exits with focus moved off the listbox by bare page
[89/238] [chromium] › e2e/gallery.spec.ts:253:1 › gallery: `g` opens the gallery from playing; a `g` typed into a cell does not
[90/238] [chromium] › e2e/gallery.spec.ts:279:1 › gallery: only the centered card boils — a flank frame is inert + frozen
[91/238] [chromium] › e2e/gallery.spec.ts:308:3 › gallery under prefers-reduced-motion › PRM: open is an instant cut — gallery present, no tweening
[92/238] [chromium] › e2e/gallery.spec.ts:480:1 › drag: pushing the deck left advances the snap and announces it
[93/238] [chromium] › e2e/gallery.spec.ts:521:1 › drag: a flick moves exactly one card; a release over the centered card selects nothing
[94/238] [chromium] › e2e/gallery.spec.ts:556:1 › drag: a flick whose every move lands inside the sample floor is still a flick
[95/238] [chromium] › e2e/gallery.spec.ts:606:1 › drag: a slow first sample does not swallow the flick that follows it
[96/238] [chromium] › e2e/gallery.spec.ts:653:1 › drag: a release that lands a frame after the last move is still a flick
[97/238] [chromium] › e2e/gallery.spec.ts:704:1 › drag: a grab during a keyboard glide freezes the deck where it is drawn
[98/238] [chromium] › e2e/gallery.spec.ts:765:1 › click: a flank warps the deck to it, aria + the live region following the same seam
[99/238] [chromium] › e2e/gallery.spec.ts:801:1 › click: the card the warp delivered then SELECTS on the next click
[100/238] [chromium] › e2e/gallery.spec.ts:824:1 › drag: a release that lands over a FLANK is swallowed, not taken as a warp
[101/238] [chromium] › e2e/gallery.spec.ts:860:1 › drag: kenken — the LAST card — is reachable by dragging
[102/238] [chromium] › e2e/gallery.spec.ts:903:1 › header: the masthead persists in the gallery, names the snapped card, and is inert there
[103/238] [chromium] › e2e/gallery.spec.ts:995:1 › CH-67: every settled wordmark bake is minted at the size it is shown at
[104/238] [chromium] › e2e/gallery.spec.ts:1032:3 › gallery on a 375 phone › 375: one card near-fills the width, a neighbor peeks, pips present
[105/238] [chromium] › e2e/join-language-prm.spec.ts:60:1 › a join renders no ring at all, and the row lands open and written
[106/238] [chromium] › e2e/join-language-prm.spec.ts:106:1 › a departure is gone the same frame: no held row, no retreating ring
[107/238] [chromium] › e2e/join-language-prm.spec.ts:129:1 › a peer’s ghost lands drawn — tier 4 sketches on nowhere
[108/238] [chromium] › e2e/join-language.spec.ts:69:1 › a join rings the board, in the joiner’s own ink, once
[109/238] [chromium] › e2e/join-language.spec.ts:107:1 › the ring is baked geometry: it mints no filter, in either engine
[110/238] [chromium] › e2e/join-language.spec.ts:134:1 › the roster row is the other half: the name lands in their ink, and the well says who
[111/238] [chromium] › e2e/masthead-alignment.spec.ts:112:5 › M17 — the head line › the badge and the celestial hang from one rule (light)
[112/238] [chromium] › e2e/masthead-alignment.spec.ts:112:5 › M17 — the head line › the badge and the celestial hang from one rule (dark)
[113/238] [chromium] › e2e/masthead-alignment.spec.ts:158:5 › M18 — the board rule › the board hangs from the title at 1280, in all five games
[114/238] [chromium] › e2e/masthead-alignment.spec.ts:158:5 › M18 — the board rule › the board hangs from the title at 1440, in all five games
[115/238] [chromium] › e2e/masthead-alignment.spec.ts:231:3 › M20 — the dock stays a phone regime › a tall landscape window keeps the masthead above the board
[116/238] [chromium] › e2e/masthead-alignment.spec.ts:278:3 › M20 — the dock stays a phone regime › the dock itself stands at landscape phones
[117/238] [chromium] › e2e/mobile-platform.spec.ts:90:3 › ios-discipline (iPhone-geometry coarse) › the board scene contains overscroll (no rubber-band / scroll-chain)
[118/238] [chromium] › e2e/mobile-platform.spec.ts:101:3 › ios-discipline (iPhone-geometry coarse) › game surfaces suppress selection + the double-tap-zoom delay (long-press-clean)
[119/238] [chromium] › e2e/mobile-platform.spec.ts:144:3 › ios-discipline (iPhone-geometry coarse) › tap-highlight + text-size-adjust are delivered (preflight) app-wide
