
Running 72 tests using 2 workers

[1/72] [chromium] › e2e/access.spec.ts:235:3 › 2.1 focus-occlusion census — the desktop card › no control in the controls card focuses into a full burial
[2/72] [chromium] › e2e/a11y.spec.ts:268:5 › 3.1 rowsPerGrid › sudoku: the AX tree reads grid → row → gridcell, N rows of N cells
[3/72] [chromium] › e2e/access.spec.ts:255:3 › 2.1 focus-occlusion census — the desktop card › the marks-mode "Normal" button is reachable, found by identity
[4/72] [chromium] › e2e/a11y.spec.ts:268:5 › 3.1 rowsPerGrid › futoshiki: the AX tree reads grid → row → gridcell, N rows of N cells
[5/72] [chromium] › e2e/access.spec.ts:328:3 › 2.2 drawer-open inert census — the phone › no covered control in the drawer subtree stays tabbable
[6/72] [chromium] › e2e/a11y.spec.ts:268:5 › 3.1 rowsPerGrid › thermo: the AX tree reads grid → row → gridcell, N rows of N cells
[7/72] [chromium] › e2e/access.spec.ts:375:3 › 2.3 the roster announces › a join and a leave each move a live region
[8/72] [chromium] › e2e/a11y.spec.ts:268:5 › 3.1 rowsPerGrid › killer: the AX tree reads grid → row → gridcell, N rows of N cells
[9/72] [chromium] › e2e/a11y.spec.ts:268:5 › 3.1 rowsPerGrid › kenken: the AX tree reads grid → row → gridcell, N rows of N cells
[10/72] [chromium] › e2e/a11y.spec.ts:327:3 › 3.2 guardAnnounced › arming the destructive-work guard announces its armed state
[11/72] [chromium] › e2e/access.spec.ts:515:5 › 2.3 contrast floor — light › .icon-sublabel and .ctrl-btn clear 4.5:1 (light)
[12/72] [chromium] › e2e/access.spec.ts:515:5 › 2.3 contrast floor — dark › .icon-sublabel and .ctrl-btn clear 4.5:1 (dark)
[13/72] [chromium] › e2e/spoken-controls.spec.ts:174:5 › §3.1 the occlusion law — 390x844 › the risen sheet takes the covered board out of the tab route
[14/72] [chromium] › e2e/a11y.spec.ts:347:3 › 3.2 guardAnnounced › the armed guard contains focus (aria-modal + focus inside the dialog)
[15/72] [chromium] › e2e/a11y.spec.ts:370:3 › 3.2 guardAnnounced › an Enter into the armed guard cannot discard the board unheard
[16/72] [chromium] › e2e/spoken-controls.spec.ts:213:5 › §3.1 the occlusion law — 390x844 › a keystroke cannot land on a cell the sheet is painting over
[17/72] [chromium] › e2e/a11y.spec.ts:427:3 › 3.3 optionsInPicker › the picker publishes five named, AX-visible options
[18/72] [chromium] › e2e/spoken-controls.spec.ts:174:5 › §3.1 the occlusion law — 768x1024 › the risen sheet takes the covered board out of the tab route
[19/72] [chromium] › e2e/a11y.spec.ts:476:3 › 3.4 ctrlKDoesNotPeek › Ctrl+K and Cmd+K never trigger the single-key peek
[20/72] [chromium] › e2e/spoken-controls.spec.ts:213:5 › §3.1 the occlusion law — 768x1024 › a keystroke cannot land on a cell the sheet is painting over
[21/72] [chromium] › e2e/a11y.spec.ts:506:3 › 3.4 ctrlKDoesNotPeek › a keyboard-shortcuts help names k, g, h, p and d
[22/72] [chromium] › e2e/spoken-controls.spec.ts:272:3 › §3.5 deals and forced fills announce › a deal says a board arrived, and says what board
[23/72] [chromium] › e2e/spoken-controls.spec.ts:291:3 › §3.5 deals and forced fills announce › a forced fill says how many squares it filled
[24/72] [chromium] › e2e/a11y.spec.ts:537:3 › 3.5 unnamedImages › a dealt board publishes zero unnamed image nodes
[25/72] [chromium] › e2e/spoken-controls.spec.ts:324:3 › §3.6 the copy act reaches AT › the outcome is spoken, and the name agrees with the label at every beat
[26/72] [chromium] › e2e/spoken-gallery.spec.ts:93:1 › deck exit by Escape hands focus back to the wordmark that opened it
[27/72] [chromium] › e2e/a11y.spec.ts:573:3 › 3.5 unnamedImages › a filled cell announces its value exactly once
[28/72] [chromium] › e2e/spoken-gallery.spec.ts:105:1 › deck exit by Enter on the SAME game hands focus back
[29/72] [chromium] › e2e/a11y.spec.ts:619:3 › 3.6 stability › the grid invariants track N (4×4 and 9×9), never a magic total
[30/72] [chromium] › e2e/spoken-gallery.spec.ts:120:1 › deck exit by Enter on ANOTHER game hands focus back
[31/72] [chromium] › e2e/spoken-gallery.spec.ts:136:1 › deck exit by `d` to deal hands focus back
[32/72] [chromium] › e2e/a11y.spec.ts:635:3 › 3.6 stability › the invariants survive a re-deal (deal-variant figures never asserted)
[33/72] [chromium] › e2e/spoken-gallery.spec.ts:150:1 › deck entered by `g` hands focus back to the control that held it, not to the wordmark
[34/72] [chromium] › e2e/spoken-gallery.spec.ts:178:1 › an Escape taken with focus OUTSIDE the deck does not steal focus back
[35/72] [webkit] › e2e/a11y.spec.ts:268:5 › 3.1 rowsPerGrid › sudoku: the AX tree reads grid → row → gridcell, N rows of N cells
[36/72] [chromium] › e2e/spoken-gallery.spec.ts:236:1 › the deck focus ring rides the ACTIVE option, not the clipping scrollport
[37/72] [webkit] › e2e/a11y.spec.ts:268:5 › 3.1 rowsPerGrid › futoshiki: the AX tree reads grid → row → gridcell, N rows of N cells
[38/72] [chromium] › e2e/spoken-gallery.spec.ts:308:1 › the head is read in the order it is painted, at every width
[39/72] [webkit] › e2e/a11y.spec.ts:268:5 › 3.1 rowsPerGrid › thermo: the AX tree reads grid → row → gridcell, N rows of N cells
[40/72] [webkit] › e2e/access.spec.ts:235:3 › 2.1 focus-occlusion census — the desktop card › no control in the controls card focuses into a full burial
[41/72] [webkit] › e2e/a11y.spec.ts:268:5 › 3.1 rowsPerGrid › killer: the AX tree reads grid → row → gridcell, N rows of N cells
[42/72] [webkit] › e2e/access.spec.ts:255:3 › 2.1 focus-occlusion census — the desktop card › the marks-mode "Normal" button is reachable, found by identity
[43/72] [webkit] › e2e/a11y.spec.ts:268:5 › 3.1 rowsPerGrid › kenken: the AX tree reads grid → row → gridcell, N rows of N cells
[44/72] [webkit] › e2e/a11y.spec.ts:327:3 › 3.2 guardAnnounced › arming the destructive-work guard announces its armed state
[45/72] [webkit] › e2e/access.spec.ts:328:3 › 2.2 drawer-open inert census — the phone › no covered control in the drawer subtree stays tabbable
[46/72] [webkit] › e2e/access.spec.ts:375:3 › 2.3 the roster announces › a join and a leave each move a live region
[47/72] [webkit] › e2e/a11y.spec.ts:347:3 › 3.2 guardAnnounced › the armed guard contains focus (aria-modal + focus inside the dialog)
[48/72] [webkit] › e2e/a11y.spec.ts:370:3 › 3.2 guardAnnounced › an Enter into the armed guard cannot discard the board unheard
[49/72] [webkit] › e2e/a11y.spec.ts:427:3 › 3.3 optionsInPicker › the picker publishes five named, AX-visible options
[50/72] [webkit] › e2e/access.spec.ts:515:5 › 2.3 contrast floor — light › .icon-sublabel and .ctrl-btn clear 4.5:1 (light)
[51/72] [webkit] › e2e/a11y.spec.ts:476:3 › 3.4 ctrlKDoesNotPeek › Ctrl+K and Cmd+K never trigger the single-key peek
[52/72] [webkit] › e2e/access.spec.ts:515:5 › 2.3 contrast floor — dark › .icon-sublabel and .ctrl-btn clear 4.5:1 (dark)
[53/72] [webkit] › e2e/spoken-controls.spec.ts:174:5 › §3.1 the occlusion law — 390x844 › the risen sheet takes the covered board out of the tab route
[54/72] [webkit] › e2e/a11y.spec.ts:506:3 › 3.4 ctrlKDoesNotPeek › a keyboard-shortcuts help names k, g, h, p and d
[55/72] [webkit] › e2e/a11y.spec.ts:537:3 › 3.5 unnamedImages › a dealt board publishes zero unnamed image nodes
[56/72] [webkit] › e2e/spoken-controls.spec.ts:213:5 › §3.1 the occlusion law — 390x844 › a keystroke cannot land on a cell the sheet is painting over
[57/72] [webkit] › e2e/a11y.spec.ts:573:3 › 3.5 unnamedImages › a filled cell announces its value exactly once
[58/72] [webkit] › e2e/a11y.spec.ts:619:3 › 3.6 stability › the grid invariants track N (4×4 and 9×9), never a magic total
[59/72] [webkit] › e2e/spoken-controls.spec.ts:174:5 › §3.1 the occlusion law — 768x1024 › the risen sheet takes the covered board out of the tab route
[60/72] [webkit] › e2e/a11y.spec.ts:635:3 › 3.6 stability › the invariants survive a re-deal (deal-variant figures never asserted)
[61/72] [webkit] › e2e/spoken-gallery.spec.ts:93:1 › deck exit by Escape hands focus back to the wordmark that opened it
[62/72] [webkit] › e2e/spoken-controls.spec.ts:213:5 › §3.1 the occlusion law — 768x1024 › a keystroke cannot land on a cell the sheet is painting over
[63/72] [webkit] › e2e/spoken-gallery.spec.ts:105:1 › deck exit by Enter on the SAME game hands focus back
[64/72] [webkit] › e2e/spoken-controls.spec.ts:272:3 › §3.5 deals and forced fills announce › a deal says a board arrived, and says what board
[65/72] [webkit] › e2e/spoken-gallery.spec.ts:120:1 › deck exit by Enter on ANOTHER game hands focus back
[66/72] [webkit] › e2e/spoken-controls.spec.ts:291:3 › §3.5 deals and forced fills announce › a forced fill says how many squares it filled
[67/72] [webkit] › e2e/spoken-controls.spec.ts:324:3 › §3.6 the copy act reaches AT › the outcome is spoken, and the name agrees with the label at every beat
[68/72] [webkit] › e2e/spoken-gallery.spec.ts:136:1 › deck exit by `d` to deal hands focus back
[69/72] [webkit] › e2e/spoken-gallery.spec.ts:150:1 › deck entered by `g` hands focus back to the control that held it, not to the wordmark
[70/72] [webkit] › e2e/spoken-gallery.spec.ts:178:1 › an Escape taken with focus OUTSIDE the deck does not steal focus back
[71/72] [webkit] › e2e/spoken-gallery.spec.ts:236:1 › the deck focus ring rides the ACTIVE option, not the clipping scrollport
[72/72] [webkit] › e2e/spoken-gallery.spec.ts:308:1 › the head is read in the order it is painted, at every width
  1 skipped
  71 passed (56.7s)
EXIT 0
