== npm run -s lint:lanes
LANE-MEMBERSHIP CENSUS — 27 script(s) across web/frontend/scripts + ./scripts (0 exempt), 124 CI-reachable command(s) (30 npm script(s) resolved)
  · scripts/check-doc-truth.mjs — ci.yml:1582
  · scripts/check-evidence-policy.mjs — ci.yml:1513
  · scripts/check-inline-tests.mjs — ci.yml:200
  · scripts/edge-probe.mjs — package.json scripts.test:edge-probe
  · scripts/ledger-diff.mjs — ci.yml:1592
  · web/frontend/scripts/check-copy-register.mjs — package.json scripts.lint:copy
  · web/frontend/scripts/check-coverage-floor.mjs — ci.yml:1168, package.json scripts.test:coverage:floor
  · web/frontend/scripts/check-empty-catch.mjs — package.json scripts.lint:catch
  · web/frontend/scripts/check-font-coverage.mjs — package.json scripts.test:font-coverage
  · web/frontend/scripts/check-gen-latency.mjs — package.json scripts.test:gen-latency
  · web/frontend/scripts/check-golden-bytes.mjs — package.json scripts.test:golden:bytes
  · web/frontend/scripts/check-ink-pressure.mjs — package.json scripts.lint:ink
  · web/frontend/scripts/check-lane-membership.mjs — package.json scripts.lint:lanes
  · web/frontend/scripts/check-live-regions.mjs — package.json scripts.lint:live-regions
  · web/frontend/scripts/check-motion-contract.mjs — package.json scripts.lint:motion
  · web/frontend/scripts/check-prod-shake.mjs — ci.yml:1925, package.json scripts.test:prod-shake
  · web/frontend/scripts/check-pw-projects.mjs — ci.yml:1203, package.json scripts.test:e2e:projects
  · web/frontend/scripts/check-pw-retries.mjs — NOT-A-LANE: the browser-executing CI lanes were removed on the owner's ruling of 2026-08-03 — the Playwright suites are local instruments now and this retries-policy lint rides them locally via `npm run test:e2e:retries`; see docs/tranches/2026-08-tranche-7/DISPOSITIONS.md (row O-12).
  · web/frontend/scripts/check-sleep-lint.mjs — package.json scripts.lint:sleep
  · web/frontend/scripts/check-support-floor.mjs — package.json scripts.test:support-floor
  · web/frontend/scripts/check-theme-selectors.mjs — package.json scripts.lint:theme-selectors
  · web/frontend/scripts/check-theme-tokens.mjs — package.json scripts.lint:theme-tokens
  · web/frontend/scripts/check-unit-count.mjs — ci.yml:1163, package.json scripts.test:unit:count
  · web/frontend/scripts/dist-identity.mjs — ci.yml:1854, ci.yml:1875, ci.yml:1906
  · web/frontend/scripts/golden-magnitude.mjs — NOT-A-LANE: it spawns `playwright test`, and CI is browserless by standing ruling O-12 (T7-WGATE, d1daefb3), so its cadence is the local golden estate — run beside `npm run test:golden` and `npm run test:golden:selfdelta` whenever a baseline is re-minted; docs/tranches/2026-08-tranche-9/evidence/w5/gates-wired.md.
  · web/frontend/scripts/golden-selfdelta.mjs — NOT-A-LANE: it spawns `playwright test` twice, and CI is browserless by standing ruling O-12 (T7-WGATE, d1daefb3), so its cadence is the local golden estate — it runs beside `npm run test:golden` whenever a baseline is re-minted, which is the only moment its question (does the compare still bite?) has an answer worth having; docs/tranches/2026-08-tranche-9/evidence/w5/gates-wired.md.
  · web/frontend/scripts/tdz-probe.mjs — package.json scripts.lint:tdz
  ✓ 1 UNCLAIMED SCRIPT
  ✓ 2 DECLARATION SOUND
  ✓ 3 LANE RESOLVES
  ✓ 4 EXEMPTION LIVE

SELF-TEST — each check against fixture models:
  [1 UNCLAIMED SCRIPT] the wave's exact shape — a census with no npm script and no step
      → RED (want RED)
  [1 UNCLAIMED SCRIPT] the tdz shape — a package.json script exists, no CI step calls it
      → RED (want RED)
  [1 UNCLAIMED SCRIPT] the only mention is a ci.yml comment — documentation is not a lane
      → RED (want RED)
  [1 UNCLAIMED SCRIPT] a same-named script under the REPO-ROOT scripts/ — wrong tree, not this lane
      → RED (want RED)
  [1 UNCLAIMED SCRIPT] a declaration below the header window is not a declaration
      → RED (want RED)
  [1 UNCLAIMED SCRIPT] a header that QUOTES the token is discussing the law, not invoking it
      → RED (want RED)
  [1 UNCLAIMED SCRIPT] positive control — a step runs `npm run lint:ink`, which runs the file
      → GREEN (want GREEN)
  [1 UNCLAIMED SCRIPT] positive control — a step runs `node scripts/…` directly
      → GREEN (want GREEN)
  [1 UNCLAIMED SCRIPT] positive control — reached transitively through a chained npm script
      → GREEN (want GREEN)
  [1 UNCLAIMED SCRIPT] positive control — a block-scalar `run: |` body counts
      → GREEN (want GREEN)
  [1 UNCLAIMED SCRIPT] V5's NAME-SHAPE ESCAPEE — no `check-` prefix, no `-probe` suffix, and it ran nowhere
      → RED (want RED)
  [1 UNCLAIMED SCRIPT] positive control — the escapee, once explicitly exempt
      → GREEN (want GREEN)
  [1 UNCLAIMED SCRIPT] the REPO-ROOT tree is under the law too — a root gate nothing runs
      → RED (want RED)
  [1 UNCLAIMED SCRIPT] positive control — a repo-root step names the root file directly
      → GREEN (want GREEN)
  [1 UNCLAIMED SCRIPT] positive control — a frontend script reaches the root tree through `../../scripts/`
      → GREEN (want GREEN)
  [1 UNCLAIMED SCRIPT] positive control — the declared escape hatch
      → GREEN (want GREEN)
  [2 DECLARATION SOUND] a declaration whose reason is a shrug
      → RED (want RED)
  [2 DECLARATION SOUND] a long reason that cites nothing checkable
      → RED (want RED)
  [2 DECLARATION SOUND] the file says NOT-A-LANE and a lane runs it
      → RED (want RED)
  [2 DECLARATION SOUND] positive control — reason above the floor, with a cite
      → GREEN (want GREEN)
  [3 LANE RESOLVES] a step runs an npm script package.json does not have
      → RED (want RED)
  [3 LANE RESOLVES] a step runs a guard that is not on disk
      → RED (want RED)
  [3 LANE RESOLVES] positive control — every lane names something that exists
      → GREEN (want GREEN)
  [4 EXEMPTION LIVE] an exemption whose file is gone — the doorway outlived its subject
      → RED (want RED)
  [4 EXEMPTION LIVE] an exemption on a file a lane runs anyway
      → RED (want RED)
  [4 EXEMPTION LIVE] an exemption whose reason is a shrug
      → RED (want RED)
  [4 EXEMPTION LIVE] a long exemption that cites nothing checkable
      → RED (want RED)
  [4 EXEMPTION LIVE] positive control — a live subject, a reason above the floor, with a cite
      → GREEN (want GREEN)
  [4 EXEMPTION LIVE] positive control — the EMPTY list this wave ships, which excuses nothing
      → GREEN (want GREEN)

OK — every .mjs in web/frontend/scripts and ./scripts is named by a CI lane, declares itself NOT-A-LANE with a cite, or is explicitly exempt with one; every lane names something that exists.
EXIT[npm run -s lint:lanes] 0
== npm run -s lint:theme-tokens
@theme declared: 52
unreferenced (corpus only):     0
unreferenced (transitive rule): 0

negative control (re-add --color-input): RED as required

check-theme-tokens: 0 unreferenced @theme tokens
EXIT[npm run -s lint:theme-tokens] 0
== npm run -s lint:theme-selectors
THEME-SELECTOR CENSUS — 56 style files, 3 data-attribute selector sites over 3 attribute(s), 0 prefers-color-scheme site(s), 0 allowlisted
  writers for `data-fold-above`: src/games/shared/GameControlPanel.vue:666 (toggleAttribute)
  writers for `data-fold-below`: src/games/shared/GameControlPanel.vue:667 (toggleAttribute)
  writers for `data-under-bar`: src/games/shared/GameControlPanel.vue:677 (toggleAttribute)
  ✓ 1 UNWRITTEN ATTRIBUTES
  ✓ 2 UNHONORED MEDIA
  ✓ 3 ALLOWLIST CLOSED
  ✓ 0 POPULATION CANARY — a planted `[data-canary-theme]` rule over the live 141-file corpus reds check 1

SELF-TEST — each check against fixture trees:
  [1 UNWRITTEN ATTRIBUTES] the wave's exact shape — a [data-theme] rule with a class-only writer
      → RED (want RED)
  [1 UNWRITTEN ATTRIBUTES] the only mention of the writer is inside a comment
      → RED (want RED)
  [1 UNWRITTEN ATTRIBUTES] positive control — a real setAttribute writer lands
      → GREEN (want GREEN)
  [1 UNWRITTEN ATTRIBUTES] a doc comment that SPELLS a style open tag must not blank the writer under it (T9-W2)
      → GREEN (want GREEN)
  [1 UNWRITTEN ATTRIBUTES] positive control — vueuse writes through `attribute:`, no setAttribute in sight
      → GREEN (want GREEN)
  [1 UNWRITTEN ATTRIBUTES] positive control — Vue's own scope id is not an app attribute
      → GREEN (want GREEN)
  [1 UNWRITTEN ATTRIBUTES] positive control — the cured, class-keyed block
      → GREEN (want GREEN)
  [2 UNHONORED MEDIA] a prefers-color-scheme block with nothing said about it
      → RED (want RED)
  [2 UNHONORED MEDIA] positive control — allowlisted with a reason
      → GREEN (want GREEN)
  [3 ALLOWLIST CLOSED] a stale entry — the selector it excuses is gone
      → RED (want RED)
  [3 ALLOWLIST CLOSED] the excused attribute gained a writer — the excuse outlived its reason
      → RED (want RED)
  [3 ALLOWLIST CLOSED] an entry whose reason is a shrug
      → RED (want RED)

OK — every data-attribute selector has a runtime writer, every prefers-color-scheme block is allowlisted with a reason, and the table is closed.
EXIT[npm run -s lint:theme-selectors] 0
== npm run -s lint:sleep
SLEEP LINT — 34 specs · 36 waitForTimeout sites in 15 files · 3 fixed in-page sampling windows · 4 cited exemptions · 2 sleep-ok tags

SELF-TEST — red fixtures must flag, green fixtures must not:
  ✓ RED — sleep → boundingBox → one-shot expect (the plain disease)
      → 1 flag(s), expected flag
  ✓ RED — sleep → helper-wrapped .count() → one-shot expect (a11y:305's shape)
      → 1 flag(s), expected flag
  ✓ RED — fixed rAF deadline → distant one-shot geometry (drawer:154's shape)
      → 1 flag(s), expected flag
  ✓ RED — sleep-ok tag present but the reason is a shrug
      → 1 flag(s), expected flag
  ✓ GREEN — the cure: expect.poll over the same surface, no sleep at all
      → 0 flag(s), expected clean
  ✓ GREEN — sleep with a cited sleep-ok: the elapsed time is the subject
      → 0 flag(s), expected clean
  ✓ GREEN — a sleep before a retrying assertion (auto-waiting locator matcher)
      → 0 flag(s), expected clean
  ✓ GREEN — a sleep before a read that feeds NO assertion in the window
      → 0 flag(s), expected clean
  ✓ RED — an EXEMPT entry that no longer resolves to a site
      → 4 stale

OK — no fixed-duration wait precedes a one-shot assertion on a live surface across 34 specs.
EXIT[npm run -s lint:sleep] 0
== npm run -s lint:copy
copy register scanned across 137 files
allowlisted: src/pencil/dev/FilterTuner.vue (DEV-only tool, gated import.meta.env.DEV — never shipped), src/pencil/config/filterBudget.ts (census reasons read by check-prod-shake, never by a reader)
em/en dashes in product copy: 0
jargon over RENDERED strings: 0 hit(s), 0 admitted, 0 unadmitted (lexicon: 25 entries)

self-test (both colours):
  dash · template text dash  →  1 offence(s), RED as required
  dash · string literal dash  →  1 offence(s), RED as required
  dash · dash inside a comment  →  0 offence(s), GREEN as required
  dash · dash inside a template comment  →  0 offence(s), GREEN as required
  dash · a header that mentions `<style>`, then a template dash  →  1 offence(s), RED as required
  jargon · a technique name in an aria-label  →  1 offence(s), RED as required
  jargon · the machine naming itself on a washi tape  →  1 offence(s), RED as required
  jargon · solver vocabulary in a script-side copy constant  →  2 offence(s), RED as required
  jargon · positive control — an ENGINE identifier is not display copy  →  0 offence(s), GREEN as required
  jargon · positive control — a BOUND attribute is an expression, not a string  →  0 offence(s), GREEN as required
  jargon · positive control — the player's own verb survives  →  0 offence(s), GREEN as required
  jargon · positive control — jargon inside a comment is prose about the law  →  0 offence(s), GREEN as required
  jargon · a narration source speaks the machine's name  →  1 offence(s), RED as required
  jargon · a narration source in a template literal  →  2 offence(s), RED as required
  jargon · a narration source whose string carries a close paren  →  1 offence(s), RED as required
  jargon · a copy table whose name carries the word COPY  →  1 offence(s), RED as required
  jargon · a copy table whose type says copy and whose NAME does not — the arm is blind  →  0 offence(s), GREEN as required
  jargon · a spoken core built as a template literal in an accessible-name source  →  1 offence(s), RED as required
  jargon · a copy table keyed by its domain, its sentence a template literal  →  1 offence(s), RED as required
  jargon · a copy table keyed by its domain, its sentence a plain string  →  1 offence(s), RED as required
  jargon · a spoken name written as an object property, not a declaration  →  1 offence(s), RED as required
  jargon · a copy table named in SCREAMING_SNAKE for its office  →  1 offence(s), RED as required
  jargon · twin — the same SCREAMING_SNAKE table in the player's words  →  0 offence(s), GREEN as required
  jargon · a function that RETURNS the sentence, its name and its type both saying copy  →  1 offence(s), RED as required
  jargon · positive control — a void handler named for messages is not a copy source  →  0 offence(s), GREEN as required
  jargon · a spoken ref written by ASSIGNMENT, long after it was declared empty  →  1 offence(s), RED as required
  jargon · positive control — a comparison is not an assignment  →  0 offence(s), GREEN as required
  jargon · a BOUND accessible name built as a template literal  →  1 offence(s), RED as required
  jargon · a BOUND accessible name built as a ternary over two quoted strings  →  1 offence(s), RED as required
  jargon · twin — the same bound accessible name in the player's words  →  0 offence(s), GREEN as required
  jargon · positive control — a TYPE whose name says copy holds identifiers, not copy  →  0 offence(s), GREEN as required
  jargon · positive control — a component tag with a bind is not a spoken declaration  →  0 offence(s), GREEN as required
  jargon · two byte-identical sentences on one line are TWO offences  →  2 offence(s), RED as required
  jargon · twin — the same spoken core in the player's words  →  0 offence(s), GREEN as required
  jargon · twin — the same copy table in the player's words  →  0 offence(s), GREEN as required
  jargon · positive control — an INTERPOLATION is code, not copy  →  0 offence(s), GREEN as required
  jargon · positive control — a template literal in a declaration that says nothing about copy  →  0 offence(s), GREEN as required
  jargon · positive control — an utterance region declares no copy at its call  →  0 offence(s), GREEN as required
  jargon · positive control — a narration source in plain English survives  →  0 offence(s), GREEN as required
  jargon · an utterance handed to the voice a live region returned  →  1 offence(s), RED as required
  jargon · twin — the same utterance in the player's words  →  0 offence(s), GREEN as required
  jargon · an utterance through a local WRAPPER over that voice  →  1 offence(s), RED as required
  jargon · an utterance through a voice PASSED to a function as a parameter  →  1 offence(s), RED as required
  jargon · positive control — an IDENTIFIER handed to a voice is code, not copy  →  0 offence(s), GREEN as required
  jargon · positive control — a wrapper over NO voice is not a voice (the name is not the rule)  →  0 offence(s), GREEN as required
  jargon · a COPY_KEY whose value is a CALL, not a quote  →  1 offence(s), RED as required
  jargon · twin — the same key and call in the player's words  →  0 offence(s), GREEN as required
  jargon · positive control — a COPY_KEY whose value is a bare identifier reads nothing  →  0 offence(s), GREEN as required
  jargon · a PLURAL copy table named in SCREAMING_SNAKE for its office  →  1 offence(s), RED as required
  jargon · a PLURAL TitleCase copy table  →  1 offence(s), RED as required
  jargon · twin — the same plural table in the player's words  →  0 offence(s), GREEN as required
  admissions · a ghost admission is detected stale  →  1/1, RED as required

check-copy-register: 0 em/en dashes and 0 unadmitted jargon in product copy (0 admitted, each with its cure's seam)
EXIT[npm run -s lint:copy] 0
== npm run -s lint:motion
MOTION CONTRACT — 34 specs, 34 declaring, 0 silent (head = first 20 lines)
  ✓ 1 DECLARED
  ✓ 2 GRAMMAR
  ✓ 3 ROUTE

SELF-TEST — each check against a known-bad model:
  [1 DECLARED] the declaration is deleted in a refactor (the silent-by-default state)
      → RED (as it must)
  [1 DECLARED] the declaration slides below the head window during a doc-block edit
      → RED (as it must)
  [2 GRAMMAR] a third mode is invented (`PRM: reduced`)
      → RED (as it must)
  [2 GRAMMAR] `PRM: live` lands with no reason — a declaration that says nothing
      → RED (as it must)
  [2 GRAMMAR] `PRM: frozen` lands with an empty cite
      → RED (as it must)
  [2 GRAMMAR] two declarations disagree (a merge keeps both sides)
      → RED (as it must)
  [3 ROUTE] CH-65 regresses — the freeze is 'restored' as `test.use({ reducedMotion })`
      → RED (as it must)
  [3 ROUTE] a frozen file loses its emulateMedia call entirely
      → RED (as it must)

OK — 34 specs, every one declaring its motion state, every `frozen` backed by the route that lands.
EXIT[npm run -s lint:motion] 0
== npm run -s lint:ink
ink-pressure ladder — every rung clears its floor, strictly increasing, in all 3 scopes (light, dark, print), each resolved out of index.css:
  --ink-press-rule    55%  3.53 light / 4.36 dark / 4.76 print  ≥3 (non-text)
  --ink-press-quiet   68%  5.23 light / 6.06 dark / 7.86 print  ≥4.5 (text)
  --color-red-ink          4.98 light / 6.32 dark  ≥4.5 (.icon-sublabel.is-armed)
  washi tape               17.36 light / 9.06 dark  ≥4.5 (--color-foreground on --sheet-washi-neutral)

ship-4 census — the six re-pitched surfaces, each pinned to the rung above (so the rung's floor is the surface's floor):
  1  .keyboard-legend         color: var(--ink-press-quiet)
  2  .legend-row kbd          border: var(--ink-press-rule)
  3  .legend-sep              no `opacity` declaration
  4  .margin-note-meta        color: var(--ink-press-quiet)
  5  .icon-sublabel.is-armed  color: var(--color-red-ink)
  6  .vignette-meta           color: var(--ink-press-quiet)

ungoverned register — --color-muted-foreground 4.65 light / 7.69 dark:
  light  rule < muted-foreground < quiet
  dark   rule < quiet < muted-foreground
  the ramp and the register cross between themes, and the crossing is GATED: exactly one ruling is admitted (src/assets/index.css §INK PRESSURE, 'WHAT THE LADDER DOES NOT GOVERN'), pinned to both rank strings above, and it reds on a second crossing, on a re-pitch that moves either rank, and on its own cure.
EXIT[npm run -s lint:ink] 0
== npm run -s test:e2e:projects
PW PROJECT MATRIX — 3 configs, 11 projects, 34 manifest specs, 6 declared holdouts (3 single-engine at file scope, 2 engine row + 1 env-gated row), 0 declared quarantines (T5-W1 1.10 / CH-56 · T7-W6 · T9-W5 §5.2 · T9-W3+W6 seal)
  floors stamped: 4686436f · 2026-09-17 · platform darwin · T9-W3+W6 fold 2026-09-17 — the CH-62 park torn down, W3's four new specs, share-truth per-row
  floors read from scripts/census.stamp.json; band = 85% of max(stamped census, live)
  chromium                  listed 238  live 237  derived 213  floor 214  band 203   ← 1 env-gated, dark in both engines
  webkit                    listed 238  live 235  derived 211  floor 212  band 201   ← 2 row-held out of webkit + 1 env-gated, dark in both engines
  (default)                 listed   4  live   4  derived   4  floor   4  band   4
  throttled-void            listed   1  live   1  derived   1  floor   1  band   1
  filter-census-chromium    listed   6  live   6  derived   6  floor   6  band   6
  filter-census-webkit      listed   6  live   6  derived   6  floor   6  band   6
  wordmark-webkit           listed   6  live   6  derived   6  floor   6  band   6
  theme-bake-chromium       listed  10  live  10  derived  10  floor  10  band   9
  theme-bake-webkit         listed  10  live  10  derived  10  floor  10  band   9
  theme-quadrants-chromium  listed  14  live  14  derived  12  floor  14  band  12
  theme-quadrants-webkit    listed  14  live  14  derived  12  floor  14  band  12
  ✓ 1 DECLARED MATRIX
  ✓ 2 SPEC OWNERSHIP
  ✓ 3 ENGINE COVERAGE
  ✓ 4 HOLDOUTS CLOSED
  ✓ 5 COUNT FLOORS
  ✓ 6 SPEC MANIFEST
  ✓ 7 QUARANTINES CLOSED
  ✓ 8 FLOOR BAND

SELF-TEST — each check against a known-bad matrix:
  [1 DECLARED MATRIX] a third project appears (a firefox arm nobody ratified)
      → RED (as it must)
  [1 DECLARED MATRIX] the webkit project is quietly re-engined to chromium
      → RED (as it must)
  [2 SPEC OWNERSHIP] a spec is dropped from every project (the orphan)
      → RED (as it must)
  [2 SPEC OWNERSHIP] a spec is claimed by two configs at once
      → RED (as it must)
  [3 ENGINE COVERAGE] CH-56 regresses — mobile-affordances loses its webkit arm
      → RED (as it must)
  [4 HOLDOUTS CLOSED] throttled-void is widened but the holdout record is left standing
      → RED (as it must)
  [5 COUNT FLOORS] the chromium project sheds half its tests
      → RED (as it must)
  [8 FLOOR BAND] the estate grows 25% and nothing restamps it (silent slack, the disease)
      → RED (as it must)
  [6 SPEC MANIFEST] a whole spec FILE is deleted (green on all 5 checks before T7-W6)
      → RED (as it must)
  [6 SPEC MANIFEST] a spec lands on disk that the manifest never sanctioned
      → RED (as it must)
  [4 HOLDOUTS CLOSED · row grain] UNDECLARED — a manifest spec grows a per-row engine skip nobody declared (CH-56 at row grain)
      → RED (as it must)
  [4 HOLDOUTS CLOSED · row grain] UNDECLARED · ENV — a manifest spec grows an env-gated skip nobody declared (dark in BOTH engines)
      → RED (as it must)
  [4 HOLDOUTS CLOSED · row grain] GUARDED · ENV — the record names a variable the spec does not gate on (two floors lowered for nothing)
      → RED (as it must)
  [4 HOLDOUTS CLOSED · row grain] AGNOSTIC · ENV — an env-gated row also claims an engine it runs in (one row, two facts)
      → RED (as it must)
  [4 HOLDOUTS CLOSED · row grain] DECLARED — the row is retitled on disk and the subtraction outlives it
      → RED (as it must)
  [4 HOLDOUTS CLOSED · row grain] GUARDED — the record holds a row out of an engine the tree still runs it in (a floor lowered for nothing)
      → RED (as it must)
  [4 HOLDOUTS CLOSED · row grain] COHERENT — per-row grain declared inside a per-file holdout (one fact, two records)
      → RED (as it must)
  [4 HOLDOUTS CLOSED · row grain · PROOF] the declared T62 env row is clean at row grain AND subtracts 1 from BOTH engines
      → GREEN (as it must) · 0 complaint(s); env-gated rows subtracted: chromium 1, webkit 1
  [7 QUARANTINES CLOSED] the quarantine module is deleted while the floors still subtract its rows
      → RED (as it must)
  [8 FLOOR BAND] a census stamped 20% above live (the stamp as a wish)
      → RED (as it must)
  [8 FLOOR BAND] a floor hand-lowered one step under the band
      → RED (as it must)
  [8 FLOOR BAND] a floor smuggled back into CONFIGS (two homes for one number)
      → RED (as it must)
  [8 FLOOR BAND] a stamped floor for a project no config declares (the orphan row)
      → RED (as it must)

OK — 34 specs, 547 resolved tests, every spec in both engines except the 6 recorded holdouts, and every row live in both except the 2 engine-skipped and 1 env-gated rows the record names.
EXIT[npm run -s test:e2e:projects] 0
== node scripts/check-pw-projects.mjs
PW PROJECT MATRIX — 3 configs, 11 projects, 34 manifest specs, 6 declared holdouts (3 single-engine at file scope, 2 engine row + 1 env-gated row), 0 declared quarantines (T5-W1 1.10 / CH-56 · T7-W6 · T9-W5 §5.2 · T9-W3+W6 seal)
  floors stamped: 4686436f · 2026-09-17 · platform darwin · T9-W3+W6 fold 2026-09-17 — the CH-62 park torn down, W3's four new specs, share-truth per-row
  floors read from scripts/census.stamp.json; band = 85% of max(stamped census, live)
  chromium                  listed 238  live 237  derived 213  floor 214  band 203   ← 1 env-gated, dark in both engines
  webkit                    listed 238  live 235  derived 211  floor 212  band 201   ← 2 row-held out of webkit + 1 env-gated, dark in both engines
  (default)                 listed   4  live   4  derived   4  floor   4  band   4
  throttled-void            listed   1  live   1  derived   1  floor   1  band   1
  filter-census-chromium    listed   6  live   6  derived   6  floor   6  band   6
  filter-census-webkit      listed   6  live   6  derived   6  floor   6  band   6
  wordmark-webkit           listed   6  live   6  derived   6  floor   6  band   6
  theme-bake-chromium       listed  10  live  10  derived  10  floor  10  band   9
  theme-bake-webkit         listed  10  live  10  derived  10  floor  10  band   9
  theme-quadrants-chromium  listed  14  live  14  derived  12  floor  14  band  12
  theme-quadrants-webkit    listed  14  live  14  derived  12  floor  14  band  12
  ✓ 1 DECLARED MATRIX
  ✓ 2 SPEC OWNERSHIP
  ✓ 3 ENGINE COVERAGE
  ✓ 4 HOLDOUTS CLOSED
  ✓ 5 COUNT FLOORS
  ✓ 6 SPEC MANIFEST
  ✓ 7 QUARANTINES CLOSED
  ✓ 8 FLOOR BAND

OK — 34 specs, 547 resolved tests, every spec in both engines except the 6 recorded holdouts, and every row live in both except the 2 engine-skipped and 1 env-gated rows the record names.
EXIT[node scripts/check-pw-projects.mjs] 0
== node scripts/check-copy-register.mjs
copy register scanned across 137 files
allowlisted: src/pencil/dev/FilterTuner.vue (DEV-only tool, gated import.meta.env.DEV — never shipped), src/pencil/config/filterBudget.ts (census reasons read by check-prod-shake, never by a reader)
em/en dashes in product copy: 0
jargon over RENDERED strings: 0 hit(s), 0 admitted, 0 unadmitted (lexicon: 25 entries)

check-copy-register: 0 em/en dashes and 0 unadmitted jargon in product copy (0 admitted, each with its cure's seam)
EXIT[node scripts/check-copy-register.mjs] 0
== npx eslint .
EXIT[npx eslint .] 0
== npm run -s lint
Checking formatting...
All matched files use Prettier code style!
EXIT[npm run -s lint] 0
== npx vue-tsc -b --noEmit
EXIT[npx vue-tsc -b --noEmit] 0
== npm run -s typecheck:e2e
EXIT[npm run -s typecheck:e2e] 0
BATTERY-DONE
