== landed-lane-A 00:36:05
EXIT[landed-lane-A] 0   8 passed (2.3m) 
== landed-control-74a2b5d9 00:38:23
EXIT[landed-control-74a2b5d9] 1   8 failed 
BREAK break-B1-ledger-9.99 edited index.css f72e8996d8c390d3fa4573377ce62beb98f4079a (clean 1a78d770849c22bd22b3dd6cbf0f9b5ee6090bdf)
== break-B1-ledger-9.99 00:39:28
EXIT[break-B1-ledger-9.99] 1   2 failed 
RESTORED break-B1-ledger-9.99 sha1 1a78d770849c22bd22b3dd6cbf0f9b5ee6090bdf
BREAK break-B3-source-opacity-0.9 edited gameCell.css b68edf4cea386848067d453f62140fae0d4d3f54 (clean d2e3b9b0aec45ac73084a64a44f9bc09ad9835b6)
== break-B3-source-opacity-0.9 00:40:16
EXIT[break-B3-source-opacity-0.9] 1   2 failed 
RESTORED break-B3-source-opacity-0.9 sha1 d2e3b9b0aec45ac73084a64a44f9bc09ad9835b6
BREAK break-B4-inset1-dist-E edited pencilConfig.ts 2a295724a61914e76ff151fa1ca164826ba78d09 (clean 1050ff9f0cbf13f1b6d38cfd837aa3255661e4a8)
== break-B4-inset1-dist-E 00:41:06
EXIT[break-B4-inset1-dist-E] 1   2 failed 
RESTORED break-B4-inset1-dist-E sha1 1050ff9f0cbf13f1b6d38cfd837aa3255661e4a8
BREAK arm-D-inset0.9-dist-D edited pencilConfig.ts 4ff936895a816bdebcc2417ff700728af1aa73de (clean 1050ff9f0cbf13f1b6d38cfd837aa3255661e4a8)
== arm-D-inset0.9-dist-D 00:41:09
EXIT[arm-D-inset0.9-dist-D] 0   2 passed (2.1s) 
RESTORED arm-D-inset0.9-dist-D sha1 1050ff9f0cbf13f1b6d38cfd837aa3255661e4a8
== filter-census-lane-A 00:41:11
EXIT[filter-census-lane-A] 1   4 failed   20 passed (54.9s) 
== filter-census-control-74a2b5d9 00:42:07
EXIT[filter-census-control-74a2b5d9] 1   4 failed   20 passed (54.6s) 
CHAIN4-DONE 00:43:02
