
Running 8 tests using 1 worker

[1/8] [chromium] › e2e/focus-ring.spec.ts:224:3 › MRK-ABS · the board ring › G-ABS-5 · the ledger is true at the opacity it names, and reds when it is not
[chromium] › e2e/focus-ring.spec.ts:224:3 › MRK-ABS · the board ring › G-ABS-5 · the ledger is true at the opacity it names, and reds when it is not
[G-ABS-5 chromium] opacity ledger 0.95 source 0.95 computed 0.95 · ablated 0.9
16×16 paper light: painted 3.972 ledger 3.97
16×16 frame light: painted 2.812 ledger 2.81
16×16 paper dark: painted 3.989 ledger 3.99
16×16 frame dark: painted 2.404 ledger 2.4
9×9 paper light: painted 3.92 ledger 3.92
9×9 paper dark: painted 3.989 ledger 3.99
ablated: 3.679 2.693 3.763 2.312 3.667 3.723

[2/8] [chromium] › e2e/focus-ring.spec.ts:282:3 › MRK-ABS · the board ring › G-ABS-7 · MA-N from the DOM: no ring enters its neighbour (G-ABS-8 identity; the f = 1.00 witness)
[chromium] › e2e/focus-ring.spec.ts:282:3 › MRK-ABS · the board ring › G-ABS-7 · MA-N from the DOM: no ring enters its neighbour (G-ABS-8 identity; the f = 1.00 witness)
[G-ABS-7] stroke 7: product 2.373 px · witness f=1.00 0.232 px · identical 256/256 · scale 0.489 px/u

[G-ABS-7] stroke 10: product 1.639 px · witness f=1.00 -0.501 px · identical 256/256 · scale 0.489 px/u

[3/8] [chromium] › e2e/focus-ring.spec.ts:399:3 › MRK-ABS · the chrome ring › G-ABS-4 · one ink on every game route, no `auto`, the final colour on the first frame
[4/8] [chromium] › e2e/focus-ring.spec.ts:442:3 › MRK-ABS · the chrome ring › G-ABS-3 · the chrome ring's painted floor, boil parked
[chromium] › e2e/focus-ring.spec.ts:442:3 › MRK-ABS · the chrome ring › G-ABS-3 · the chrome ring's painted floor, boil parked
[G-ABS-3 chromium light]
button.attribution-trigger worst 4.188 under3 0 (22)
button.sun-moon-toggle worst 4.188 under3 0 (15)
button.logo-trigger worst 4.188 under3 0 (44)
button.drawer-tab worst 1.043 under3 0.154 (26)
button.ctrl-btn worst 4.289 under3 0 (44)
button.icon-btn worst 3.574 under3 0 (27)
button.info-btn worst 2.608 under3 0.068 (44)

[G-ABS-3 chromium dark]
button.attribution-trigger worst 4.379 under3 0 (22)
button.sun-moon-toggle worst 4.379 under3 0 (15)
button.logo-trigger worst 4.379 under3 0 (44)
button.drawer-tab worst 1.655 under3 0.13 (23)
button.ctrl-btn worst 4.286 under3 0 (44)
button.icon-btn worst 3.614 under3 0 (27)
button.info-btn worst 2.418 under3 0.068 (44)

[5/8] [webkit] › e2e/focus-ring.spec.ts:224:3 › MRK-ABS · the board ring › G-ABS-5 · the ledger is true at the opacity it names, and reds when it is not
[webkit] › e2e/focus-ring.spec.ts:224:3 › MRK-ABS · the board ring › G-ABS-5 · the ledger is true at the opacity it names, and reds when it is not
[G-ABS-5 webkit] opacity ledger 0.95 source 0.95 computed 0.95 · ablated 0.9
16×16 paper light: painted 3.965 ledger 3.97
16×16 frame light: painted 2.85 ledger 2.85
16×16 paper dark: painted 3.997 ledger 4
16×16 frame dark: painted 2.404 ledger 2.4
9×9 paper light: painted 3.965 ledger 3.97
9×9 paper dark: painted 3.989 ledger 3.99
ablated: 3.685 2.693 3.755 2.316 3.68 3.715

[6/8] [webkit] › e2e/focus-ring.spec.ts:282:3 › MRK-ABS · the board ring › G-ABS-7 · MA-N from the DOM: no ring enters its neighbour (G-ABS-8 identity; the f = 1.00 witness)
[webkit] › e2e/focus-ring.spec.ts:282:3 › MRK-ABS · the board ring › G-ABS-7 · MA-N from the DOM: no ring enters its neighbour (G-ABS-8 identity; the f = 1.00 witness)
[G-ABS-7] stroke 7: product 2.373 px · witness f=1.00 0.232 px · identical 256/256 · scale 0.489 px/u

[G-ABS-7] stroke 10: product 1.639 px · witness f=1.00 -0.501 px · identical 256/256 · scale 0.489 px/u

[7/8] [webkit] › e2e/focus-ring.spec.ts:399:3 › MRK-ABS · the chrome ring › G-ABS-4 · one ink on every game route, no `auto`, the final colour on the first frame
[8/8] [webkit] › e2e/focus-ring.spec.ts:442:3 › MRK-ABS · the chrome ring › G-ABS-3 · the chrome ring's painted floor, boil parked
[webkit] › e2e/focus-ring.spec.ts:442:3 › MRK-ABS · the chrome ring › G-ABS-3 · the chrome ring's painted floor, boil parked
[G-ABS-3 webkit light]
button.attribution-trigger worst 4.188 under3 0 (22)
button.sun-moon-toggle worst 4.188 under3 0 (15)
button.logo-trigger worst 4.188 under3 0 (44)
button.drawer-tab worst 3.606 under3 0 (23)
button.ctrl-btn worst 4.289 under3 0 (44)
button.icon-btn worst 3.494 under3 0 (27)
button.info-btn worst 3.6 under3 0 (44)

[G-ABS-3 webkit dark]
button.attribution-trigger worst 4.379 under3 0 (22)
button.sun-moon-toggle worst 4.379 under3 0 (15)
button.logo-trigger worst 4.379 under3 0 (44)
button.drawer-tab worst 2.903 under3 0.087 (23)
button.ctrl-btn worst 4.286 under3 0 (44)
button.icon-btn worst 3.603 under3 0 (27)
button.info-btn worst 3.004 under3 0 (44)

  8 passed (2.3m)
