===== lint:knip =====
Unused exports (1)
motionRungsCss  function  src/pencil/config/motionRungs.ts:18:17
EXITCHAIN=
===== lint:boundary =====
EXITCHAIN=
===== lint:theme-tokens =====
@theme declared: 52
unreferenced (corpus only):     0
unreferenced (transitive rule): 0

negative control (re-add --color-input): RED as required

check-theme-tokens: 0 unreferenced @theme tokens
EXITCHAIN=
===== lint:theme-selectors =====
  [1 UNWRITTEN ATTRIBUTES] a doc comment that SPELLS a style open tag must not blank the writer under it (T9-W2)
      → GREEN (want GREEN)
  [1 UNWRITTEN ATTRIBUTES] positive control — vueuse writes through `attribute:`, no setAttribute in sight
      → GREEN (want GREEN)
  [1 UNWRITTEN ATTRIBUTES] positive control — Vue's own scope id is not an app attribute
      → GREEN (want GREEN)
  [1 UNWRITTEN ATTRIBUTES] positive control — the cured, class-keyed block
      → GREEN (want GREEN)
  [2 UNHONORED MEDIA] a prefers-color-scheme block with nothing said about it
      → RED (want RED)
  [2 UNHONORED MEDIA] positive control — allowlisted with a reason
      → GREEN (want GREEN)
  [3 ALLOWLIST CLOSED] a stale entry — the selector it excuses is gone
      → RED (want RED)
  [3 ALLOWLIST CLOSED] the excused attribute gained a writer — the excuse outlived its reason
      → RED (want RED)
  [3 ALLOWLIST CLOSED] an entry whose reason is a shrug
      → RED (want RED)

OK — every data-attribute selector has a runtime writer, every prefers-color-scheme block is allowlisted with a reason, and the table is closed.
EXITCHAIN=
===== lint:sleep =====
  ✓ RED — sleep → boundingBox → one-shot expect (the plain disease)
      → 1 flag(s), expected flag
  ✓ RED — sleep → helper-wrapped .count() → one-shot expect (a11y:305's shape)
      → 1 flag(s), expected flag
  ✓ RED — fixed rAF deadline → distant one-shot geometry (drawer:154's shape)
      → 1 flag(s), expected flag
  ✓ RED — sleep-ok tag present but the reason is a shrug
      → 1 flag(s), expected flag
  ✓ GREEN — the cure: expect.poll over the same surface, no sleep at all
      → 0 flag(s), expected clean
  ✓ GREEN — sleep with a cited sleep-ok: the elapsed time is the subject
      → 0 flag(s), expected clean
  ✓ GREEN — a sleep before a retrying assertion (auto-waiting locator matcher)
      → 0 flag(s), expected clean
  ✓ GREEN — a sleep before a read that feeds NO assertion in the window
      → 0 flag(s), expected clean
  ✓ RED — an EXEMPT entry that no longer resolves to a site
      → 4 stale

OK — no fixed-duration wait precedes a one-shot assertion on a live surface across 34 specs.
EXITCHAIN=
===== lint:catch =====
catch clauses scanned across 205 src files
swallows (no statement, no explanation): 0

negative controls:
  statement form  `catch { /* ignore */ }`  →  1 swallow(s), RED as required
  arrow form      `.catch(() => {})`  →  1 swallow(s), RED as required; the pre-W6 head saw 0 — the structural miss this cures
  quoted in prose `/** … .catch(() => {}) … */`  →  0 swallow(s), GREEN as required

check-empty-catch: 0 swallowed catch bodies
EXITCHAIN=
===== lint:tdz =====
reproduction (4 modules, executed):
  OLD graph (scene → game → registry → scene): THREW — ReferenceError: Cannot access 'scene' before initialization
  NEW graph (spec → defineGame, cards → spec): BOOTED

graph census (src/games): 0 cycle edge(s)

negative control (a synthetic game importing the table): RED as required

tdz-probe: TDZ severed structurally — 0 cycle edges, reproduction both ways
EXITCHAIN=
===== lint:lanes =====
  [3 LANE RESOLVES] a step runs an npm script package.json does not have
      → RED (want RED)
  [3 LANE RESOLVES] a step runs a guard that is not on disk
      → RED (want RED)
  [3 LANE RESOLVES] positive control — every lane names something that exists
      → GREEN (want GREEN)
  [4 EXEMPTION LIVE] an exemption whose file is gone — the doorway outlived its subject
      → RED (want RED)
  [4 EXEMPTION LIVE] an exemption on a file a lane runs anyway
      → RED (want RED)
  [4 EXEMPTION LIVE] an exemption whose reason is a shrug
      → RED (want RED)
  [4 EXEMPTION LIVE] a long exemption that cites nothing checkable
      → RED (want RED)
  [4 EXEMPTION LIVE] positive control — a live subject, a reason above the floor, with a cite
      → GREEN (want GREEN)
  [4 EXEMPTION LIVE] positive control — the EMPTY list this wave ships, which excuses nothing
      → GREEN (want GREEN)

OK — every .mjs in web/frontend/scripts and ./scripts is named by a CI lane, declares itself NOT-A-LANE with a cite, or is explicitly exempt with one; every lane names something that exists.
EXITCHAIN=
