ledger-diff — 2026-08-tranche-9 disposition completeness + ledger currency
==============================================================================
generated   2026-09-18T20:06:39.191Z
node        v26.0.0
repo HEAD   4b3b19b3 2026-09-18 15:55:09 -0400 T9-W7 G17 repair r2: the copy gate reads what the estate SPEAKS -- the voice a live region hands back is discovered at its destructuring and followed through a wrapper and through a parameter, a copy key's value is read whole rather than only when a quote follows the colon, and a plural copy table is a copy table; six plants that shipped green at 4235e382 now red 1/1/1/1/1/1 each naming its own line and kind, 52 self-test colours (was 40), 63 spoken subjects and 6 voices across 3 files, lint:copy still 0 with 0 admissions and lexicon 25, dist byte-for-byte identical (diff -r dist-before dist exit 0) and 0.00px over 5,712 rects
tranche     docs/tranches/2026-08-tranche-9  (open)
arms        ORPHAN · FREEZE · TERMINALITY · FOLD-TARGET · PROBE · DUPLICATE · ONE-HOME · LIVE-REGION · CITES
mode        require-ledger (W-GATE) · SELF-TEST

THE ESTATE (sealed = a close record on disk)
  docs/tranches/2026-07-tranche-2    SEALED  superseded by 2026-07-tranche-3
  docs/tranches/2026-07-tranche-3    SEALED  superseded by 2026-07-tranche-4
  docs/tranches/2026-07-tranche-4    SEALED  WGATE-record.md
  docs/tranches/2026-08-tranche-5    SEALED  evidence/wgate/close-record.md
  docs/tranches/2026-08-tranche-6    SEALED  CLOSE.md
  docs/tranches/2026-08-tranche-7    SEALED  evidence/wgate/close-record.md
  docs/tranches/2026-08-tranche-8    SEALED  evidence/wgate/close-record.md
  docs/tranches/2026-08-tranche-9    open   ← this tranche

FREEZE SWEEP (every sealed tranche re-diffed against its OWN tranche-time corpus)
  docs/tranches/2026-07-tranche-2    SKIPPED — no audited row set (closed inside its own records)
  docs/tranches/2026-07-tranche-3    SKIPPED — no audited row set (closed inside its own records)
  docs/tranches/2026-07-tranche-4    SKIPPED — no audited row set (closed inside its own records)
  docs/tranches/2026-08-tranche-5    220 audited rows · 10 corpus files · 0 orphan
  docs/tranches/2026-08-tranche-6     36 audited rows · 5 corpus files · 0 orphan
  docs/tranches/2026-08-tranche-7    145 audited rows · 11 corpus files · 0 orphan
  docs/tranches/2026-08-tranche-8     17 audited rows · 3 corpus files · 0 orphan

CORPUS (14 files)
  docs/tranches/2026-08-tranche-9/waves/T9-W0-record.md  7057 B
  docs/tranches/2026-08-tranche-9/waves/T9-W1-board-law.md  5693 B
  docs/tranches/2026-08-tranche-9/waves/T9-W2-viewport-law.md  6682 B
  docs/tranches/2026-08-tranche-9/waves/T9-W3-spoken-product.md  9177 B
  docs/tranches/2026-08-tranche-9/waves/T9-W4-generation.md  4822 B
  docs/tranches/2026-08-tranche-9/waves/T9-W5-gates.md  7197 B
  docs/tranches/2026-08-tranche-9/waves/T9-W6-substrate.md  5882 B
  docs/tranches/2026-08-tranche-9/waves/T9-W7-design.md  6556 B
  docs/tranches/2026-08-tranche-9/waves/T9-W8-first-paint.md  4268 B
  docs/tranches/2026-08-tranche-9/waves/T9-WGATE.md  3082 B
  docs/tranches/2026-08-tranche-9/FORMULATION-ORDER.md  2884 B
  docs/tranches/2026-08-tranche-9/README.md  8422 B
  docs/tranches/2026-08-tranche-9/design-marks-2026-08-10.md  7027 B
  docs/tranches/LEDGER.md  79330 B

INPUTS (excluded from the corpus — a row set cannot cite itself terminal)
  docs/tranches/2026-08-tranche-9/DISPOSITIONS.md
    5 row ids  (2 T8-nn + 3 CH-nn)
  1 range expressions in the corpus, read as scope, not citation

LIVING LEDGER  docs/tranches/LEDGER.md
  §1 Open — what the next close must carry              7 rows   ← open
  §2 Terminal — decided, closed, retired, excluded     73 rows
  §3 Recap orphans, homed                               7 rows
  §4 The unaddressed eleven                            11 rows
  §5 The superseded eleven                             11 rows
  §6 T7 — the unledgered, homed 2026-08-03             65 rows

CURRENCY COVERAGE  (174 ledger rows)
  TERMINALITY    7  4.0%  §1 only — the accretion disease is an OPEN-row disease
  FOLD-TARGET   79  45.4%  every row naming a wave, in any section
  PROBE          2  1.1%  rows carrying a registration (CH-16, CH-69)
  DUPLICATE    174  100.0%  every row, against every other
  ONE-HOME     174  100.0%  every row, against 1 registered class home(s)
  CITES         14  8.0%  §1 + terminal-under-WATCH — scope HELD, see the header
  ─ union      174  100.0%  (was 14 · 8.0% before T9-W5)
  of which 18 dead-state FOLDED rows, 0 under any arm before, 18 under FOLD-TARGET now

SATISFACTION (ORPHAN arm)
  CORPUS     5
  SELF       0
  DELEGATED  0
  ORPHAN     0
  total      5

FREEZE — clean

TERMINALITY — clean

FOLD-TARGET — clean

PROBE — clean

DUPLICATE — clean

ONE-HOME — clean

LIVE-REGION — clean

CITES — clean

SELF-TEST — each arm against a synthetic violation and its conformant control
  [GRAMMAR/reads] a lettered, recap-prefixed or titled id cell falls outside the grammar
      violation → RED (as it must)
      control   → GREEN (as it must)
  [GRAMMAR/refuses] prose, a header or a verdict is read as a row id
      violation → RED (as it must)
      control   → GREEN (as it must)
  [OWNER-BLOCK] a balloted row prints no trigger and no default, or a state cut mid-phrase
      violation → RED (as it must)
      control   → GREEN (as it must)
  [TERMINALITY] an open row lands at a wave of a sealed tranche
      violation → RED (as it must)
      control   → GREEN (as it must)
  [PROBE] an open row's claim is refuted by the tree
      violation → RED (as it must)
      control   → GREEN (as it must)
  [PROBE/CH-16] the registered CH-16 probe fires when a game spec loses the shared codec its closure claims
      violation → RED (as it must)
      control   → GREEN (as it must)
  [PROBE/registration] a probe is registered for a row the ledger no longer tables
      violation → RED (as it must)
      control   → GREEN (as it must)
  [PROBE/CH-69] the registered CH-69 probe fires when either guard leaves csp-solver/tests/killer.rs
      violation → RED (as it must)
      control   → GREEN (as it must)
  [FOLD-TARGET] a row folds into a wave its tranche never had
      violation → RED (as it must)
      control   → GREEN (as it must)
  [DUPLICATE] one id is tabled twice — open and terminal, or twice terminal
      violation → RED (as it must)
      control   → GREEN (as it must)
  [ONE-HOME] a new id carries a registered class's subject and names no home
      violation → RED (as it must)
      control   → GREEN (as it must)
  [ONE-HOME/registration] a class home is registered for a row the ledger no longer tables
      violation → RED (as it must)
      control   → GREEN (as it must)
  [LIVE-REGION] an aria-live region is born under v-if with its content already inside
      violation → RED (as it must)
      control   → GREEN (as it must)
  [LIVE-REGION/admission] an admission outlives the site it admits
      violation → RED (as it must)
      control   → GREEN (as it must)
  [FREEZE] a sealed tranche's own audited row reaches no disposition in its tranche-time corpus
      violation → RED (as it must)
      control   → GREEN (as it must)
  [CITES/resolve] a cite runs past the end of the file it names
      violation → RED (as it must)
      control   → GREEN (as it must)
  [CITES/anchor] the anchor moved and the line-cite did not
      violation → RED (as it must)
      control   → GREEN (as it must)
  [CITES/row-token] a file-plus-row-token cite that greps to nothing
      violation → RED (as it must)
      control   → GREEN (as it must)
  [ORPHAN] an audited id reaches no disposition in the corpus
      violation → RED (as it must)
      control   → GREEN (as it must)

VERDICT
  GREEN — 5 audited rows present-or-cited; 7 open ledger rows current under ORPHAN · FREEZE · TERMINALITY · FOLD-TARGET · PROBE · DUPLICATE · ONE-HOME · LIVE-REGION · CITES. exit 0
exit 0
