
Running 17 tests using 9 workers

  ✓   9 e2e/gallery-deal.spec.ts:165:1 › cold start: a game with NO board offers start, and the card keeps its range line (897ms)
  ✓   3 e2e/gallery-deal.spec.ts:176:1 › cold start: GIVENS ARE NOT WORK — a dealt, untouched board reads "dealt" (1.1s)
  ✓   2 e2e/gallery-deal.spec.ts:137:1 › cold start: an UNMOUNTED game reports its saved board and offers resume (1.3s)
  ✓   8 e2e/gallery-deal.spec.ts:72:1 › band: a sibling of the listbox, never a control inside role=option (1.4s)
  ✓   6 e2e/gallery-deal.spec.ts:230:1 › guard: the NEGATIVE control — an untouched target board deals straight through (1.4s)
  ✓   5 e2e/gallery-deal.spec.ts:197:1 › guard: a deal onto ANOTHER game with work on it arms the ribbon (1.7s)
  ✓   7 e2e/gallery-deal.spec.ts:342:1 › guard: when BOTH boards hold work the sub-line says so (1.8s)
  ✓   4 e2e/gallery-deal.spec.ts:318:1 › guard: a cross-game deal ABANDONS the mounted board — dirty sudoku, clean target, ribbon (2.0s)
  ✓  12 e2e/gallery-deal.spec.ts:412:1 › deal: a same-game deal rides the BRIDGE — the staged pair, and no remount (758ms)
  ✓  11 e2e/gallery-deal.spec.ts:382:1 › deal: a cross-game deal lands the TARGET game at the STAGED pair (1.1s)
  ✓  13 e2e/gallery-deal.spec.ts:432:1 › deal: a same-game deal issued BEFORE the scene mounts still lands the staged pair (814ms)
  ✓  10 e2e/gallery-deal.spec.ts:364:1 › guard: a PRISTINE mounted board deals across with no ribbon (the source-arm control) (1.5s)
  ✓  14 e2e/gallery-deal.spec.ts:462:1 › safe verb: `start` HONOURS the staged pair (a game with no board has none to restore) (1.0s)
  ✓  15 e2e/gallery-deal.spec.ts:480:1 › safe verb: `resume` PRINTS the saved pair the moment the chips wander off it (924ms)
  ✓  17 e2e/gallery-deal.spec.ts:546:1 › a11y: the live region carries the staged pair and the board state (740ms)
  ✓  16 e2e/gallery-deal.spec.ts:517:1 › safe verb: a wandered pair cannot OUTLIVE the transaction (1.2s)
  ✘   1 e2e/gallery-deal.spec.ts:253:1 › guard: the `d` hotkey routes through the SAME ribbon, from the deck AND from the band (12.0s)


  1) e2e/gallery-deal.spec.ts:253:1 › guard: the `d` hotkey routes through the SAME ribbon, from the deck AND from the band 

    Error: expect(locator).toBeVisible() failed

    Locator: locator('.gallery-guard')
    Expected: visible
    Timeout: 10000ms
    Error: element(s) not found

    Call log:
      - Expect "toBeVisible" with timeout 10000ms
      - waiting for locator('.gallery-guard')


      282 |   // assertion cannot fail on that; this can.
      283 |   await page.locator('.staging-deal').press('d');
    > 284 |   await expect(page.locator('.gallery-guard')).toBeVisible();
          |                                                ^
      285 |   await expect(page.locator('.gallery-guard .guard-leave')).toHaveText('deal');
      286 | });
      287 |
        at /Users/mkbabb/Programming/csc411/CSC411_HW2_ProgrammingQuestion/web/frontend/e2e/gallery-deal.spec.ts:284:48

    attachment #1: screenshot (image/png) ──────────────────────────────────────────────────────────
    test-results/gallery-deal-guard-the-d-h-3a557--the-deck-AND-from-the-band/test-failed-1.png
    ────────────────────────────────────────────────────────────────────────────────────────────────

    Error Context: test-results/gallery-deal-guard-the-d-h-3a557--the-deck-AND-from-the-band/error-context.md

  1 failed
    e2e/gallery-deal.spec.ts:253:1 › guard: the `d` hotkey routes through the SAME ribbon, from the deck AND from the band 
  16 passed (13.2s)
