
Running 17 tests using 9 workers

  ✓   6 e2e/gallery-deal.spec.ts:176:1 › cold start: GIVENS ARE NOT WORK — a dealt, untouched board reads "dealt" (739ms)
  ✓   5 e2e/gallery-deal.spec.ts:72:1 › band: a sibling of the listbox, never a control inside role=option (867ms)
  ✓   2 e2e/gallery-deal.spec.ts:253:1 › guard: the `d` hotkey routes through the SAME ribbon, from the deck AND from the band (1.3s)
  ✓   4 e2e/gallery-deal.spec.ts:137:1 › cold start: an UNMOUNTED game reports its saved board and offers resume (1.3s)
  ✓   7 e2e/gallery-deal.spec.ts:165:1 › cold start: a game with NO board offers start, and the card keeps its range line (1.4s)
  ✓   3 e2e/gallery-deal.spec.ts:230:1 › guard: the NEGATIVE control — an untouched target board deals straight through (1.6s)
  ✓   1 e2e/gallery-deal.spec.ts:338:1 › guard: when BOTH boards hold work the sub-line says so (1.7s)
  ✓  10 e2e/gallery-deal.spec.ts:360:1 › guard: a PRISTINE mounted board deals across with no ribbon (the source-arm control) (1.4s)
  ✓  12 e2e/gallery-deal.spec.ts:408:1 › deal: a same-game deal rides the BRIDGE — the staged pair, and no remount (870ms)
  ✓   9 e2e/gallery-deal.spec.ts:197:1 › guard: a deal onto ANOTHER game with work on it arms the ribbon (2.3s)
  ✓  13 e2e/gallery-deal.spec.ts:428:1 › deal: a same-game deal issued BEFORE the scene mounts still lands the staged pair (940ms)
  ✓  11 e2e/gallery-deal.spec.ts:378:1 › deal: a cross-game deal lands the TARGET game at the STAGED pair (1.4s)
  ✓  14 e2e/gallery-deal.spec.ts:458:1 › safe verb: `start` HONOURS the staged pair (a game with no board has none to restore) (1.1s)
  ✓  15 e2e/gallery-deal.spec.ts:476:1 › safe verb: `resume` PRINTS the saved pair the moment the chips wander off it (991ms)
  ✓  17 e2e/gallery-deal.spec.ts:542:1 › a11y: the live region carries the staged pair and the board state (637ms)
  ✓  16 e2e/gallery-deal.spec.ts:513:1 › safe verb: a wandered pair cannot OUTLIVE the transaction (1.2s)
  ✘   8 e2e/gallery-deal.spec.ts:314:1 › guard: a cross-game deal ABANDONS the mounted board — dirty sudoku, clean target, ribbon (11.9s)


  1) e2e/gallery-deal.spec.ts:314:1 › guard: a cross-game deal ABANDONS the mounted board — dirty sudoku, clean target, ribbon 

    Error: expect(locator).toBeVisible() failed

    Locator: locator('.gallery-guard')
    Expected: visible
    Timeout: 10000ms
    Error: element(s) not found

    Call log:
      - Expect "toBeVisible" with timeout 10000ms
      - waiting for locator('.gallery-guard')


      325 |
      326 |   const ribbon = page.locator('.gallery-guard');
    > 327 |   await expect(ribbon).toBeVisible();
          |                        ^
      328 |   await expect(ribbon).toHaveAttribute('aria-label', 'Deal a new board?');
      329 |   // The marks at risk are the MOUNTED board's, and the sub-line says so.
      330 |   await expect(ribbon.locator('.guard-note-sub')).toHaveText("your marks aren't saved");
        at /Users/mkbabb/Programming/csc411/CSC411_HW2_ProgrammingQuestion/web/frontend/e2e/gallery-deal.spec.ts:327:24

    attachment #1: screenshot (image/png) ──────────────────────────────────────────────────────────
    test-results/gallery-deal-guard-a-cross-90214--sudoku-clean-target-ribbon/test-failed-1.png
    ────────────────────────────────────────────────────────────────────────────────────────────────

    Error Context: test-results/gallery-deal-guard-a-cross-90214--sudoku-clean-target-ribbon/error-context.md

  1 failed
    e2e/gallery-deal.spec.ts:314:1 › guard: a cross-game deal ABANDONS the mounted board — dirty sudoku, clean target, ribbon 
  16 passed (13.0s)
