
Running 17 tests using 9 workers

  ✓   2 e2e/gallery-deal.spec.ts:72:1 › band: a sibling of the listbox, never a control inside role=option (839ms)
  ✓   6 e2e/gallery-deal.spec.ts:176:1 › cold start: GIVENS ARE NOT WORK — a dealt, untouched board reads "dealt" (942ms)
  ✓   5 e2e/gallery-deal.spec.ts:165:1 › cold start: a game with NO board offers start, and the card keeps its range line (1.3s)
  ✓   3 e2e/gallery-deal.spec.ts:137:1 › cold start: an UNMOUNTED game reports its saved board and offers resume (1.3s)
  ✓   9 e2e/gallery-deal.spec.ts:230:1 › guard: the NEGATIVE control — an untouched target board deals straight through (1.6s)
  ✓   7 e2e/gallery-deal.spec.ts:342:1 › guard: when BOTH boards hold work the sub-line says so (1.6s)
  ✓   1 e2e/gallery-deal.spec.ts:197:1 › guard: a deal onto ANOTHER game with work on it arms the ribbon (1.9s)
  ✓   8 e2e/gallery-deal.spec.ts:253:1 › guard: the `d` hotkey routes through the SAME ribbon, from the deck AND from the band (2.0s)
  ✓  11 e2e/gallery-deal.spec.ts:382:1 › deal: a cross-game deal lands the TARGET game at the STAGED pair (1.1s)
  ✓  12 e2e/gallery-deal.spec.ts:412:1 › deal: a same-game deal rides the BRIDGE — the staged pair, and no remount (825ms)
  ✓   4 e2e/gallery-deal.spec.ts:318:1 › guard: a cross-game deal ABANDONS the mounted board — dirty sudoku, clean target, ribbon (2.2s)
  ✓  10 e2e/gallery-deal.spec.ts:364:1 › guard: a PRISTINE mounted board deals across with no ribbon (the source-arm control) (1.5s)
  ✓  14 e2e/gallery-deal.spec.ts:462:1 › safe verb: `start` HONOURS the staged pair (a game with no board has none to restore) (969ms)
  ✓  15 e2e/gallery-deal.spec.ts:480:1 › safe verb: `resume` PRINTS the saved pair the moment the chips wander off it (969ms)
  ✓  17 e2e/gallery-deal.spec.ts:546:1 › a11y: the live region carries the staged pair and the board state (732ms)
  ✓  16 e2e/gallery-deal.spec.ts:517:1 › safe verb: a wandered pair cannot OUTLIVE the transaction (1.1s)
  ✘  13 e2e/gallery-deal.spec.ts:432:1 › deal: a same-game deal issued BEFORE the scene mounts still lands the staged pair (20.6s)


  1) e2e/gallery-deal.spec.ts:432:1 › deal: a same-game deal issued BEFORE the scene mounts still lands the staged pair 

    Error: expect(locator).toHaveCount(expected) failed

    Locator:  locator('.futoshiki-cell')
    Expected: 36
    Received: 25
    Timeout:  20000ms

    Call log:
      - Expect "toHaveCount" with timeout 20000ms
      - waiting for locator('.futoshiki-cell')
        - locator resolved to 0 elements
        - unexpected value "0"
        42 × locator resolved to 25 elements
           - unexpected value "25"


      454 |
      455 |   release();
    > 456 |   await expect(page.locator('.futoshiki-cell')).toHaveCount(36, { timeout: 20000 });
          |                                                 ^
      457 |   expect(new URL(page.url()).searchParams.get('board_size')).toBe('6');
      458 | });
      459 |
        at /Users/mkbabb/Programming/csc411/CSC411_HW2_ProgrammingQuestion/web/frontend/e2e/gallery-deal.spec.ts:456:49

    attachment #1: screenshot (image/png) ──────────────────────────────────────────────────────────
    test-results/gallery-deal-deal-a-same-g-21454-still-lands-the-staged-pair/test-failed-1.png
    ────────────────────────────────────────────────────────────────────────────────────────────────

    Error Context: test-results/gallery-deal-deal-a-same-g-21454-still-lands-the-staged-pair/error-context.md

  1 failed
    e2e/gallery-deal.spec.ts:432:1 › deal: a same-game deal issued BEFORE the scene mounts still lands the staged pair 
  16 passed (23.0s)
