chromium  light 1440  select  note     320×115.31  overflow 0/0  slack 73.93/73.93  text→acts 9.59  "your marks aren't saved"
chromium  light 1440  target  note     320×115.31  overflow 0/0  slack 61.63/61.65  text→acts 9.59  "kenken's marks aren't saved"
chromium  light 1440  both    note     320×115.31  overflow 0/0  slack 50.4/50.4  text→acts 9.59  "neither board's marks are saved"
chromium  light 375   select  note  300.94× 106.2  overflow 0/0  slack 74.53/74.52  text→acts 9.59  "your marks aren't saved"
chromium  light 375   target  note  300.94× 106.2  overflow 0/0  slack 63.95/63.96  text→acts 9.59  "kenken's marks aren't saved"
chromium  light 375   both    note  300.94× 106.2  overflow 0/0  slack 54.29/54.29  text→acts 9.59  "neither board's marks are saved"
chromium  light 320   select  note  255.83× 106.2  overflow 0/0  slack 51.96/51.98  text→acts 9.59  "your marks aren't saved"
chromium  light 320   target  note  255.83× 106.2  overflow 0/0  slack 41.4/41.4  text→acts 9.59  "kenken's marks aren't saved"
chromium  light 320   both    note  255.83× 106.2  overflow 0/0  slack 31.73/31.74  text→acts 9.59  "neither board's marks are saved"
chromium  dark  1440  select  note     320×115.31  overflow 0/0  slack 73.93/73.93  text→acts 9.59  "your marks aren't saved"
chromium  dark  1440  target  note     320×115.31  overflow 0/0  slack 61.63/61.65  text→acts 9.59  "kenken's marks aren't saved"
chromium  dark  1440  both    note     320×115.31  overflow 0/0  slack 50.4/50.4  text→acts 9.59  "neither board's marks are saved"
chromium  dark  375   select  note  300.94× 106.2  overflow 0/0  slack 74.53/74.52  text→acts 9.59  "your marks aren't saved"
chromium  dark  375   target  note  300.94× 106.2  overflow 0/0  slack 63.95/63.96  text→acts 9.59  "kenken's marks aren't saved"
chromium  dark  375   both    note  300.94× 106.2  overflow 0/0  slack 54.29/54.29  text→acts 9.59  "neither board's marks are saved"
chromium  dark  320   select  note  255.83× 106.2  overflow 0/0  slack 51.96/51.98  text→acts 9.59  "your marks aren't saved"
chromium  dark  320   target  note  255.83× 106.2  overflow 0/0  slack 41.4/41.4  text→acts 9.59  "kenken's marks aren't saved"
chromium  dark  320   both    note  255.83× 106.2  overflow 0/0  slack 31.73/31.74  text→acts 9.59  "neither board's marks are saved"
webkit    light 1440  select  note     320×115.27  overflow 0/0  slack 73.9/73.9  text→acts 9.59  "your marks aren't saved"
webkit    light 1440  target  note     320×115.27  overflow 0/0  slack 61.61/61.61  text→acts 9.59  "kenken's marks aren't saved"
webkit    light 1440  both    note     320×115.27  overflow 0/0  slack 50.36/50.37  text→acts 9.59  "neither board's marks are saved"
webkit    light 375   select  note  300.94× 106.2  overflow 0/0  slack 74.53/74.53  text→acts 9.59  "your marks aren't saved"
webkit    light 375   target  note  300.94× 106.2  overflow 0/0  slack 63.95/63.97  text→acts 9.59  "kenken's marks aren't saved"
webkit    light 375   both    note  300.94× 106.2  overflow 0/0  slack 54.29/54.29  text→acts 9.59  "neither board's marks are saved"
webkit    light 320   select  note  255.83× 106.2  overflow 0/0  slack 51.97/51.98  text→acts 9.59  "your marks aren't saved"
webkit    light 320   target  note  255.83× 106.2  overflow 0/0  slack 41.41/41.41  text→acts 9.59  "kenken's marks aren't saved"
webkit    light 320   both    note  255.83× 106.2  overflow 0/0  slack 31.73/31.75  text→acts 9.59  "neither board's marks are saved"
webkit    dark  1440  select  note     320×115.27  overflow 0/0  slack 73.9/73.9  text→acts 9.59  "your marks aren't saved"
webkit    dark  1440  target  note     320×115.27  overflow 0/0  slack 61.61/61.61  text→acts 9.59  "kenken's marks aren't saved"
webkit    dark  1440  both    note     320×115.27  overflow 0/0  slack 50.36/50.37  text→acts 9.59  "neither board's marks are saved"
webkit    dark  375   select  note  300.94× 106.2  overflow 0/0  slack 74.53/74.53  text→acts 9.59  "your marks aren't saved"
webkit    dark  375   target  note  300.94× 106.2  overflow 0/0  slack 63.95/63.97  text→acts 9.59  "kenken's marks aren't saved"
webkit    dark  375   both    note  300.94× 106.2  overflow 0/0  slack 54.29/54.29  text→acts 9.59  "neither board's marks are saved"
webkit    dark  320   select  note  255.83× 106.2  overflow 0/0  slack 51.97/51.98  text→acts 9.59  "your marks aren't saved"
webkit    dark  320   target  note  255.83× 106.2  overflow 0/0  slack 41.41/41.41  text→acts 9.59  "kenken's marks aren't saved"
webkit    dark  320   both    note  255.83× 106.2  overflow 0/0  slack 31.73/31.75  text→acts 9.59  "neither board's marks are saved"
