
  VITE v8.1.4  ready in 208 ms

  ➜  Local:   http://localhost:5321/
  ➜  Network: http://192.168.1.166:5321/
  ➜  Network: http://192.168.64.1:5321/
10:38:57 PM [vite] (client) hmr update /src/pencil/chrome/GameGallery/GameGallery.vue, /src/assets/index.css
10:39:10 PM [vite] (client) hmr update /src/pencil/chrome/GameGallery/GameGallery.vue, /src/assets/index.css
10:39:25 PM [vite] (client) hmr update /src/pencil/chrome/GameGallery/GameGallery.vue, /src/assets/index.css
10:39:38 PM [vite] (client) hmr update /src/pencil/chrome/GameGallery/GameGallery.vue, /src/assets/index.css
10:39:44 PM [vite] (client) hmr update /src/pencil/chrome/GameGallery/StagingBand.vue, /src/assets/index.css
10:39:49 PM [vite] (client) hmr update /src/pencil/chrome/GameGallery/StagingBand.vue, /src/assets/index.css
10:40:19 PM [vite] (client) hmr update /src/pencil/chrome/GameGallery/StagingBand.vue, /src/assets/index.css
10:40:20 PM [vite] (client) hmr update /src/pencil/chrome/GameGallery/StagingBand.vue, /src/assets/index.css
10:40:35 PM [vite] (client) hmr update /src/pencil/chrome/GameGallery/StagingBand.vue, /src/assets/index.css
10:40:37 PM [vite] (client) hmr update /src/pencil/chrome/GameGallery/StagingBand.vue, /src/assets/index.css
10:40:57 PM [vite] (client) hmr update /src/pencil/chrome/GameGallery/StagingBand.vue, /src/assets/index.css
10:41:10 PM [vite] (client) hmr update /src/pencil/chrome/GameGallery/StagingBand.vue, /src/assets/index.css
10:41:17 PM [vite] (client) hmr update /src/App.vue, /src/assets/index.css
10:41:40 PM [vite] (client) hmr update /src/App.vue, /src/assets/index.css
10:41:55 PM [vite] (client) hmr update /src/App.vue, /src/assets/index.css
10:42:19 PM [vite] (client) hmr update /src/App.vue, /src/assets/index.css
10:44:08 PM [vite] (client) page reload dist-throttle/404.html
10:44:08 PM [vite] (client) page reload dist-throttle/index.html
10:44:08 PM [vite] (client) page reload dist-throttle/index.html
10:55:54 PM [vite] (client) hmr update /src/pencil/chrome/OptionSelector/OptionSelector.vue?vue&type=style&index=0&scoped=1e72f8ed&lang.css, /src/assets/index.css
10:55:55 PM [vite] (client) page reload dist-throttle/404.html
10:55:55 PM [vite] (client) page reload dist-throttle/index.html
10:56:09 PM [vite] (client) page reload dist-throttle/404.html
10:56:09 PM [vite] (client) page reload dist-throttle/index.html
10:56:09 PM [vite] (client) page reload dist-throttle/index.html
10:56:25 PM [vite] (client) hmr update /src/pencil/chrome/OptionSelector/OptionSelector.vue?vue&type=style&index=0&scoped=1e72f8ed&lang.css, /src/assets/index.css
10:56:26 PM [vite] (client) page reload dist-throttle/404.html
10:56:26 PM [vite] (client) page reload dist-throttle/index.html
10:56:42 PM [vite] (client) hmr update /src/pencil/chrome/GameGallery/StagingBand.vue, /src/assets/index.css
10:58:14 PM [vite] (client) hmr update /src/App.vue, /src/games/sudoku/SudokuGame.vue, /src/games/futoshiki/FutoshikiGame.vue, /src/games/thermo/ThermoGame.vue, /src/games/killer/KillerGame.vue, /src/games/kenken/KenKenGame.vue, /src/assets/index.css
10:58:14 PM [vite] (client) hmr update /src/App.vue, /src/assets/index.css
10:58:14 PM [vite] (client) hmr update /src/pencil/chrome/GameGallery/GameGallery.vue, /src/assets/index.css
10:58:14 PM [vite] (client) hmr update /src/pencil/chrome/GameGallery/StagingBand.vue, /src/assets/index.css
10:58:19 PM [vite] (client) hmr update /src/App.vue, /src/games/sudoku/SudokuGame.vue, /src/games/futoshiki/FutoshikiGame.vue, /src/games/thermo/ThermoGame.vue, /src/games/killer/KillerGame.vue, /src/games/kenken/KenKenGame.vue, /src/assets/index.css
10:58:19 PM [vite] (client) hmr update /src/App.vue, /src/assets/index.css
10:58:19 PM [vite] (client) hmr update /src/pencil/chrome/GameGallery/StagingBand.vue, /src/assets/index.css
10:58:19 PM [vite] (client) hmr update /src/pencil/chrome/GameGallery/GameGallery.vue, /src/assets/index.css
10:59:13 PM [vite] (client) page reload dist-throttle/404.html
10:59:13 PM [vite] (client) page reload dist-throttle/404.html
10:59:13 PM [vite] (client) page reload dist-throttle/index.html
11:01:07 PM [vite] (client) page reload playwright-report/index.html
11:01:19 PM [vite] (client) page reload playwright-report/index.html
11:02:05 PM [vite] (client) page reload dist-throttle/404.html
11:02:05 PM [vite] (client) page reload dist-throttle/404.html
11:02:05 PM [vite] (client) page reload dist-throttle/index.html
