
Running 64 tests using 1 worker

  ✓   1 [chromium] › e2e/a11y.spec.ts:268:5 › 3.1 rowsPerGrid › sudoku: the AX tree reads grid → row → gridcell, N rows of N cells (1.2s)
  ✓   2 [chromium] › e2e/a11y.spec.ts:268:5 › 3.1 rowsPerGrid › futoshiki: the AX tree reads grid → row → gridcell, N rows of N cells (1.2s)
  ✓   3 [chromium] › e2e/a11y.spec.ts:268:5 › 3.1 rowsPerGrid › thermo: the AX tree reads grid → row → gridcell, N rows of N cells (1.3s)
  ✓   4 [chromium] › e2e/a11y.spec.ts:268:5 › 3.1 rowsPerGrid › killer: the AX tree reads grid → row → gridcell, N rows of N cells (1.2s)
  ✓   5 [chromium] › e2e/a11y.spec.ts:268:5 › 3.1 rowsPerGrid › kenken: the AX tree reads grid → row → gridcell, N rows of N cells (1.3s)
  ✓   6 [chromium] › e2e/a11y.spec.ts:327:3 › 3.2 guardAnnounced › arming the destructive-work guard announces its armed state (1.8s)
  ✓   7 [chromium] › e2e/a11y.spec.ts:347:3 › 3.2 guardAnnounced › the armed guard contains focus (aria-modal + focus inside the dialog) (1.8s)
  ✓   8 [chromium] › e2e/a11y.spec.ts:370:3 › 3.2 guardAnnounced › an Enter into the armed guard cannot discard the board unheard (1.8s)
  ✓   9 [chromium] › e2e/a11y.spec.ts:427:3 › 3.3 optionsInPicker › the picker publishes five named, AX-visible options (1.3s)
  ✓  10 [chromium] › e2e/a11y.spec.ts:476:3 › 3.4 ctrlKDoesNotPeek › Ctrl+K and Cmd+K never trigger the single-key peek (3.0s)
  ✓  11 [chromium] › e2e/a11y.spec.ts:506:3 › 3.4 ctrlKDoesNotPeek › a keyboard-shortcuts help names k, g, h, p and d (1.2s)
  ✓  12 [chromium] › e2e/a11y.spec.ts:537:3 › 3.5 unnamedImages › a dealt board publishes zero unnamed image nodes (1.3s)
  ✓  13 [chromium] › e2e/a11y.spec.ts:573:3 › 3.5 unnamedImages › a filled cell announces its value exactly once (1.3s)
  ✓  14 [chromium] › e2e/a11y.spec.ts:619:3 › 3.6 stability › the grid invariants track N (4×4 and 9×9), never a magic total (2.3s)
  ✓  15 [chromium] › e2e/a11y.spec.ts:635:3 › 3.6 stability › the invariants survive a re-deal (deal-variant figures never asserted) (1.4s)
  ✓  16 [chromium] › e2e/join-language-prm.spec.ts:60:1 › a join renders no ring at all, and the row lands open and written (2.9s)
  ✓  17 [chromium] › e2e/join-language-prm.spec.ts:105:1 › a departure is gone the same frame: no held row, no retreating ring (2.9s)
  ✓  18 [chromium] › e2e/join-language-prm.spec.ts:128:1 › a peer’s ghost lands drawn — tier 4 sketches on nowhere (505ms)
  ✓  19 [chromium] › e2e/masthead-alignment.spec.ts:112:5 › M17 — the head line › the badge and the celestial hang from one rule (light) (2.3s)
  ✓  20 [chromium] › e2e/masthead-alignment.spec.ts:112:5 › M17 — the head line › the badge and the celestial hang from one rule (dark) (2.2s)
  ✓  21 [chromium] › e2e/masthead-alignment.spec.ts:158:5 › M18 — the board rule › the board hangs from the title at 1280, in all five games (2.8s)
  ✓  22 [chromium] › e2e/masthead-alignment.spec.ts:158:5 › M18 — the board rule › the board hangs from the title at 1440, in all five games (2.8s)
  ✓  23 [chromium] › e2e/masthead-alignment.spec.ts:231:3 › M20 — the dock stays a phone regime › a tall landscape window keeps the masthead above the board (1.9s)
  ✓  24 [chromium] › e2e/masthead-alignment.spec.ts:278:3 › M20 — the dock stays a phone regime › the dock itself stands at landscape phones (1.1s)
  ✓  25 [chromium] › e2e/player-mark.spec.ts:47:1 › the mark rests graphite alone and takes the room ink the moment somebody else is here (1.5s)
  ✓  26 [chromium] › e2e/player-mark.spec.ts:97:1 › a mouse press opens the sheet, keeps the cell focused, and tells the room nothing (1.8s)
  ✓  27 [chromium] › e2e/player-mark.spec.ts:130:1 › Space and Enter each toggle once, Escape shuts it, and focus never leaves the mark (1.6s)
  ✓  28 [chromium] › e2e/player-mark.spec.ts:159:1 › the sheet never scrolls, and it compresses rather than outgrow its budget (783ms)
  ✓  29 [chromium] › e2e/player-mark.spec.ts:207:1 › the head rule is a registered length whose publisher can be struck visibly (392ms)
  ✓  30 [chromium] › e2e/player-mark.spec.ts:295:1 › Escape reaches only the open sheet, and reaches the peek when the sheet is shut (1.1s)
  ✓  31 [chromium] › e2e/player-mark.spec.ts:333:1 › the desk draws the same rows at 800 and at 799, and the old query is why it did not (1.5s)
  ✓  32 [chromium] › e2e/presence.spec.ts:177:1 › a page that dies without a bye leaves the roster on a clock, and the quiet pages keep theirs (1.0m)
  ✓  33 [webkit] › e2e/a11y.spec.ts:268:5 › 3.1 rowsPerGrid › sudoku: the AX tree reads grid → row → gridcell, N rows of N cells (1.4s)
  ✓  34 [webkit] › e2e/a11y.spec.ts:268:5 › 3.1 rowsPerGrid › futoshiki: the AX tree reads grid → row → gridcell, N rows of N cells (1.1s)
  ✓  35 [webkit] › e2e/a11y.spec.ts:268:5 › 3.1 rowsPerGrid › thermo: the AX tree reads grid → row → gridcell, N rows of N cells (1.2s)
  ✓  36 [webkit] › e2e/a11y.spec.ts:268:5 › 3.1 rowsPerGrid › killer: the AX tree reads grid → row → gridcell, N rows of N cells (1.2s)
  ✓  37 [webkit] › e2e/a11y.spec.ts:268:5 › 3.1 rowsPerGrid › kenken: the AX tree reads grid → row → gridcell, N rows of N cells (917ms)
  ✓  38 [webkit] › e2e/a11y.spec.ts:327:3 › 3.2 guardAnnounced › arming the destructive-work guard announces its armed state (2.0s)
  ✓  39 [webkit] › e2e/a11y.spec.ts:347:3 › 3.2 guardAnnounced › the armed guard contains focus (aria-modal + focus inside the dialog) (2.2s)
  ✓  40 [webkit] › e2e/a11y.spec.ts:370:3 › 3.2 guardAnnounced › an Enter into the armed guard cannot discard the board unheard (2.4s)
  ✓  41 [webkit] › e2e/a11y.spec.ts:427:3 › 3.3 optionsInPicker › the picker publishes five named, AX-visible options (2.1s)
  ✓  42 [webkit] › e2e/a11y.spec.ts:476:3 › 3.4 ctrlKDoesNotPeek › Ctrl+K and Cmd+K never trigger the single-key peek (4.4s)
  ✓  43 [webkit] › e2e/a11y.spec.ts:506:3 › 3.4 ctrlKDoesNotPeek › a keyboard-shortcuts help names k, g, h, p and d (1.5s)
  ✓  44 [webkit] › e2e/a11y.spec.ts:537:3 › 3.5 unnamedImages › a dealt board publishes zero unnamed image nodes (1.5s)
  ✓  45 [webkit] › e2e/a11y.spec.ts:573:3 › 3.5 unnamedImages › a filled cell announces its value exactly once (1.5s)
  ✓  46 [webkit] › e2e/a11y.spec.ts:619:3 › 3.6 stability › the grid invariants track N (4×4 and 9×9), never a magic total (2.3s)
  ✓  47 [webkit] › e2e/a11y.spec.ts:635:3 › 3.6 stability › the invariants survive a re-deal (deal-variant figures never asserted) (2.3s)
  ✓  48 [webkit] › e2e/join-language-prm.spec.ts:60:1 › a join renders no ring at all, and the row lands open and written (4.6s)
  ✓  49 [webkit] › e2e/join-language-prm.spec.ts:105:1 › a departure is gone the same frame: no held row, no retreating ring (4.7s)
  ✓  50 [webkit] › e2e/join-language-prm.spec.ts:128:1 › a peer’s ghost lands drawn — tier 4 sketches on nowhere (1.3s)
  ✓  51 [webkit] › e2e/masthead-alignment.spec.ts:112:5 › M17 — the head line › the badge and the celestial hang from one rule (light) (4.7s)
  ✓  52 [webkit] › e2e/masthead-alignment.spec.ts:112:5 › M17 — the head line › the badge and the celestial hang from one rule (dark) (4.8s)
  ✓  53 [webkit] › e2e/masthead-alignment.spec.ts:158:5 › M18 — the board rule › the board hangs from the title at 1280, in all five games (6.2s)
  ✓  54 [webkit] › e2e/masthead-alignment.spec.ts:158:5 › M18 — the board rule › the board hangs from the title at 1440, in all five games (6.9s)
  ✓  55 [webkit] › e2e/masthead-alignment.spec.ts:231:3 › M20 — the dock stays a phone regime › a tall landscape window keeps the masthead above the board (5.0s)
  ✓  56 [webkit] › e2e/masthead-alignment.spec.ts:278:3 › M20 — the dock stays a phone regime › the dock itself stands at landscape phones (2.7s)
  ✓  57 [webkit] › e2e/player-mark.spec.ts:47:1 › the mark rests graphite alone and takes the room ink the moment somebody else is here (3.5s)
  ✓  58 [webkit] › e2e/player-mark.spec.ts:97:1 › a mouse press opens the sheet, keeps the cell focused, and tells the room nothing (2.7s)
  ✓  59 [webkit] › e2e/player-mark.spec.ts:130:1 › Space and Enter each toggle once, Escape shuts it, and focus never leaves the mark (2.8s)
  ✓  60 [webkit] › e2e/player-mark.spec.ts:159:1 › the sheet never scrolls, and it compresses rather than outgrow its budget (2.2s)
  ✓  61 [webkit] › e2e/player-mark.spec.ts:207:1 › the head rule is a registered length whose publisher can be struck visibly (1.6s)
  ✓  62 [webkit] › e2e/player-mark.spec.ts:295:1 › Escape reaches only the open sheet, and reaches the peek when the sheet is shut (2.1s)
  ✓  63 [webkit] › e2e/player-mark.spec.ts:333:1 › the desk draws the same rows at 800 and at 799, and the old query is why it did not (2.6s)
  ✓  64 [webkit] › e2e/presence.spec.ts:177:1 › a page that dies without a bye leaves the roster on a clock, and the quiet pages keep theirs (1.1m)

  64 passed (4.4m)
EXIT=0
