=== lint:copy
copy register scanned across 142 files
allowlisted: src/pencil/dev/FilterTuner.vue (DEV-only tool, gated import.meta.env.DEV — never shipped), src/pencil/config/filterBudget.ts (census reasons read by check-prod-shake, never by a reader)
em/en dashes in product copy: 0
jargon over RENDERED strings: 0 hit(s), 0 admitted, 0 unadmitted (lexicon: 25 entries)

self-test (both colours):
  dash · template text dash  →  1 offence(s), RED as required
  dash · string literal dash  →  1 offence(s), RED as required
  dash · dash inside a comment  →  0 offence(s), GREEN as required
  dash · dash inside a template comment  →  0 offence(s), GREEN as required
  dash · a header that mentions `<style>`, then a template dash  →  1 offence(s), RED as required
  jargon · a technique name in an aria-label  →  1 offence(s), RED as required
  jargon · the machine naming itself on a washi tape  →  1 offence(s), RED as required
  jargon · solver vocabulary in a script-side copy constant  →  2 offence(s), RED as required
  jargon · positive control — an ENGINE identifier is not display copy  →  0 offence(s), GREEN as required
  jargon · positive control — a BOUND attribute is an expression, not a string  →  0 offence(s), GREEN as required
  jargon · positive control — the player's own verb survives  →  0 offence(s), GREEN as required
  jargon · positive control — jargon inside a comment is prose about the law  →  0 offence(s), GREEN as required
  jargon · a narration source speaks the machine's name  →  1 offence(s), RED as required
  jargon · a narration source in a template literal  →  2 offence(s), RED as required
  jargon · a narration source whose string carries a close paren  →  1 offence(s), RED as required
  jargon · a copy table whose name carries the word COPY  →  1 offence(s), RED as required
  jargon · a copy table whose type says copy and whose NAME does not — the arm is blind  →  0 offence(s), GREEN as required
  jargon · a spoken core built as a template literal in an accessible-name source  →  1 offence(s), RED as required
  jargon · a copy table keyed by its domain, its sentence a template literal  →  1 offence(s), RED as required
  jargon · a copy table keyed by its domain, its sentence a plain string  →  1 offence(s), RED as required
  jargon · a spoken name written as an object property, not a declaration  →  1 offence(s), RED as required
  jargon · a copy table named in SCREAMING_SNAKE for its office  →  1 offence(s), RED as required
  jargon · twin — the same SCREAMING_SNAKE table in the player's words  →  0 offence(s), GREEN as required
  jargon · a function that RETURNS the sentence, its name and its type both saying copy  →  1 offence(s), RED as required
  jargon · positive control — a void handler named for messages is not a copy source  →  0 offence(s), GREEN as required
  jargon · a spoken ref written by ASSIGNMENT, long after it was declared empty  →  1 offence(s), RED as required
  jargon · positive control — a comparison is not an assignment  →  0 offence(s), GREEN as required
  jargon · a BOUND accessible name built as a template literal  →  1 offence(s), RED as required
  jargon · a BOUND accessible name built as a ternary over two quoted strings  →  1 offence(s), RED as required
  jargon · twin — the same bound accessible name in the player's words  →  0 offence(s), GREEN as required
  jargon · positive control — a TYPE whose name says copy holds identifiers, not copy  →  0 offence(s), GREEN as required
  jargon · positive control — a component tag with a bind is not a spoken declaration  →  0 offence(s), GREEN as required
  jargon · two byte-identical sentences on one line are TWO offences  →  2 offence(s), RED as required
  jargon · twin — the same spoken core in the player's words  →  0 offence(s), GREEN as required
  jargon · twin — the same copy table in the player's words  →  0 offence(s), GREEN as required
  jargon · positive control — an INTERPOLATION is code, not copy  →  0 offence(s), GREEN as required
  jargon · positive control — a template literal in a declaration that says nothing about copy  →  0 offence(s), GREEN as required
  jargon · positive control — an utterance region declares no copy at its call  →  0 offence(s), GREEN as required
  jargon · positive control — a narration source in plain English survives  →  0 offence(s), GREEN as required
  jargon · an utterance handed to the voice a live region returned  →  1 offence(s), RED as required
  jargon · twin — the same utterance in the player's words  →  0 offence(s), GREEN as required
  jargon · an utterance through a local WRAPPER over that voice  →  1 offence(s), RED as required
  jargon · an utterance through a voice PASSED to a function as a parameter  →  1 offence(s), RED as required
  jargon · positive control — an IDENTIFIER handed to a voice is code, not copy  →  0 offence(s), GREEN as required
  jargon · positive control — a wrapper over NO voice is not a voice (the name is not the rule)  →  0 offence(s), GREEN as required
  jargon · a COPY_KEY whose value is a CALL, not a quote  →  1 offence(s), RED as required
  jargon · twin — the same key and call in the player's words  →  0 offence(s), GREEN as required
  jargon · positive control — a COPY_KEY whose value is a bare identifier reads nothing  →  0 offence(s), GREEN as required
  jargon · a PLURAL copy table named in SCREAMING_SNAKE for its office  →  1 offence(s), RED as required
  jargon · a PLURAL TitleCase copy table  →  1 offence(s), RED as required
  jargon · twin — the same plural table in the player's words  →  0 offence(s), GREEN as required
  admissions · a ghost admission is detected stale  →  1/1, RED as required

check-copy-register: 0 em/en dashes and 0 unadmitted jargon in product copy (0 admitted, each with its cure's seam)
exit=0
=== test:font-coverage
font coverage OK — 2 subset faces, each covered as authored AND as transformed, each corpus a superset of what 155 src files actually render:
  Fraunces: 30 codepoints, 14636 B, 8 declared strings over 2 group(s), each derived
  Patrick Hand: 46 codepoints, 4312 B, 27 declared strings over 5 group(s), each derived
  bound tapes: 3 pinned · WRITEABLE == the hand cut, both directions
  departures (declared, no longer rendered — the cut stays a superset on purpose):
    Fraunces · .section-heading: "Board Size"
    Patrick Hand · .washi-tag (compartment names) + the tapes: "teacher's"
exit=0
=== lint:live-regions
live-region police scanned 55 SFCs under src
regions declared: 10 — src/games/shared/GameBoard.vue:1182, src/games/shared/GameControlPanel.vue:1093, src/games/shared/GameControlPanel.vue:1139, src/games/shared/GameControlPanel.vue:1172, src/games/shared/GameControlPanel.vue:1357, src/games/shared/SolverErrorNote.vue:43, src/pencil/chrome/GameGallery/GameGallery.vue:1068, src/pencil/chrome/GameGallery/GameGallery.vue:1074, src/pencil/chrome/MarginNote.vue:54, src/pencil/sheet/AnswerKeyLaminate.vue:204

self-test — the rule against a planted defect and its cure
  violation · a region born under v-if with its sentence already inside  →  1 finding(s), RED as required
  control   · the cured idiom: unconditional region, conditional content  →  0 finding(s), GREEN as required

check-live-regions: 0 regions born speaking — every declared region takes its content as a mutation
exit=0
=== lint:motion
MOTION CONTRACT — 35 specs, 35 declaring, 0 silent (head = first 20 lines)
  ✓ 1 DECLARED
  ✗ 2 GRAMMAR — 1
  ✓ 3 ROUTE

SELF-TEST — each check against a known-bad model:
  [1 DECLARED] the declaration is deleted in a refactor (the silent-by-default state)
      → RED (as it must)
  [1 DECLARED] the declaration slides below the head window during a doc-block edit
      → RED (as it must)
  [2 GRAMMAR] a third mode is invented (`PRM: reduced`)
      → RED (as it must)
  [2 GRAMMAR] `PRM: live` lands with no reason — a declaration that says nothing
      → RED (as it must)
  [2 GRAMMAR] `PRM: frozen` lands with an empty cite
      → RED (as it must)
  [2 GRAMMAR] two declarations disagree (a merge keeps both sides)
      → RED (as it must)
  [3 ROUTE] CH-65 regresses — the freeze is 'restored' as `test.use({ reducedMotion })`
      → RED (as it must)
  [3 ROUTE] a frozen file loses its emulateMedia call entirely
      → RED (as it must)

1 failure(s):

  • [2 GRAMMAR] player-mark.spec.ts: unparseable declaration `PRM: this file drives no motion. The mark's one beat is a 400ms `` — mode read as "this". Exactly two are lawful: `frozen — <cite>` or `live, because <reason>`.

exit=1
=== lint:theme-tokens
@theme declared: 52
unreferenced (corpus only):     0
unreferenced (transitive rule): 0

negative control (re-add --color-input): RED as required

check-theme-tokens: 0 unreferenced @theme tokens
exit=0
