sha1 (final) check-theme-tokens 4e986f901533 check-font-coverage bc6216683278 shape-census 3ba7738ee8d4 · mirror copies identical: yes
clean mirror: theme-tokens 0 font 0 · self-tests: theme-tokens 0 font 0
── pass-5 doors (run first) ──
font · CONTROL plain <StagingBand :safe-verb> -> exit 1
font · alias import <Band :safe-verb> -> exit 1
font · kebab tag <staging-band :safe-verb> -> exit 1
font · v-bind variable -> exit 1
font · unquoted :safe-verb=planted -> exit 1
font · dynamic arg v-bind:[k] -> exit 1
law20 · CONTROL panel re-aimed -> exit 1
law20 · A sparkle-rainbow inherits #solver-ink's stops (href, no own stops) -> exit 1
law20 · B chrome :stroke=`url(#${inkId})` (the estate's own idiom) -> exit 1
law20 · C admitted consumer struck, a comment keeps the count -> exit 1
── pass-6 doors ──
clean mirror: theme-tokens 0 · font-coverage 0
LAW20 CONTROL a literal url(#solver-ink) in the panel template: 1 (must be 1)
LAW20 T1 dynamic url(#${id}) built in script, bound by NAME (:stroke="inkUrl"): 1
LAW20 T2 string concatenation :stroke="'url(#' + 'solver-ink' + ')'": 1
LAW20 T3 gradient href by NAME (:href="inkHref"): 1
LAW20 T4 a /* inside a string (accept="image/*") swallows a literal consumer up to the next */: 1
LAW20 CONTROL-2 the lane's own :style dynamic shape: 1 (must be 1)
FONT CONTROL <StagingBand :safe-verb=plantedVerb>: 1 (must be 1)
FONT F1 dynamic component <component :is="StagingBand" :safe-verb>: 1
FONT F2 defineAsyncComponent alias <Band2 :safe-verb>: 1
FONT F3 named-default import alias <Band3 :safe-verb>: 1
FONT F4 render function h(StagingBand, { safeVerb }): 1
restored src/pencil/chrome/GameGallery/GameGallery.vue OK
restored src/games/shared/GameControlPanel.vue OK
clean mirror again: theme-tokens 0 · font-coverage 0
── in-script self-test rows (pass 7) ──
law-20 plant (a chrome rule names a stop): RED as required
law-20 twin (the same rule names the rung): GREEN as required
law-20 admission (#solver-ink's own element, own file): GREEN as required
law-20 window holes (proximity ×2 + the file's chrome twin): RED ×3 as required
law-20 url plant · the panel's sparkle re-aimed at #solver-ink (the critic's bypass, the REAL file): 2 offence(s) — RED as required
law-20 url plant · a quoted reference from chrome: 1 offence(s) — RED as required
law-20 url plant · a SECOND consumer in the admitted file (over its value): 1 offence(s) — RED as required
law-20 url plant · the admitted file with its one consumer struck (STALE): 1 offence(s) — RED as required
law-20 url plant · (a) #sparkle-rainbow inherits #solver-ink's stops by href, its own stops struck: 1 offence(s) — RED as required
law-20 url plant · (a') the same by xlink:href: 1 offence(s) — RED as required
law-20 url plant · (b) chrome `:stroke` with a dynamic url(#${inkId}) (the panel, the estate's own idiom): 1 offence(s) — RED as required
law-20 url plant · (b') a CSS `fill:` with a dynamic url in a style object: 1 offence(s) — RED as required
law-20 url plant · (c) the admitted consumer struck, a comment keeps the count: 1 offence(s) — RED as required
law-20 url plant · (c') the same with a block comment: 1 offence(s) — RED as required
law-20 url plant · (T1) an id built in script, bound BY NAME (`const inkUrl = `url(#${inkId})`` · `:stroke="inkUrl"`): 1 offence(s) — RED as required
law-20 url plant · (T1') the same through a computed (`computed(() => `url(#${inkId})`)`): 1 offence(s) — RED as required
law-20 url plant · (T2) string concatenation (`:stroke="'url(#' + 'solver-ink' + ')'"`): 1 offence(s) — RED as required
law-20 url plant · (T2') concatenation around a variable (`'url(#' + id + ')'`): 1 offence(s) — RED as required
law-20 url plant · (T3) a gradient `:href` bound BY NAME (`const inkHref = "#solver-ink"`): 1 offence(s) — RED as required
law-20 url plant · (T4) `accept="image/*"` ahead of a literal consumer (a `/*` in a string opens nothing): 1 offence(s) — RED as required
law-20 url plant · (T4') a `/*` inside a SCRIPT string ahead of a script consumer: 1 offence(s) — RED as required
law-20 url plant · (T5) a dynamic url with NO consumer the gate can find (UNRESOLVED): 1 offence(s) — RED as required
law-20 url plant · CONTROL — a dynamic FILTER id built in script, bound by name (`:filter="grainUrl"`): 0 offence(s) — GREEN as required
law-20 url plant · CONTROL — `accept="image/*"` and no consumer: 0 offence(s) — GREEN as required
law-20 url plant · CONTROL — a dynamic id on `filter=` (the logo, the REAL file): 0 offence(s) — GREEN as required
law-20 url plant · CONTROL — the gradient file as it stands: 0 offence(s) — GREEN as required
law-20 url plant · CONTROL — the admitted file as it stands: 0 offence(s) — GREEN as required
law-20 url plant · CONTROL — an e2e selector reading the reference: 0 offence(s) — GREEN as required
check-theme-tokens: 0 unreferenced @theme tokens · 0 undeclared alias-only tokens · 0 law-20 offences
bound-census plant · a plain bound prop the sink paints: 1 problem(s) — RED as required
bound-census plant · an arrow handler before it (`>` inside quotes): 1 problem(s) — RED as required
bound-census plant · a comparison before it (`>` inside quotes): 1 problem(s) — RED as required
bound-census plant · a kebab prop painted camelCase: 1 problem(s) — RED as required
bound-census plant · a v-bind object: 1 problem(s) — RED as required
bound-census plant · a prop painted through a computed: 1 problem(s) — RED as required
bound-census plant · an ALIAS import (`import Band from './StageSink.vue'`): 1 problem(s) — RED as required
bound-census plant · a KEBAB tag (`<stage-sink>`): 1 problem(s) — RED as required
bound-census plant · a NON-LITERAL `v-bind="obj"`: 1 problem(s) — RED as required
bound-census plant · an UNQUOTED value (`:text=x`): 1 problem(s) — RED as required
bound-census plant · a DYNAMIC argument (`v-bind:[k]`): 1 problem(s) — RED as required
bound-census plant · a DYNAMIC shorthand (`:[k]`): 1 problem(s) — RED as required
bound-census plant · a DYNAMIC component (`<component :is="StageSink" :text>`): 1 problem(s) — RED as required
bound-census plant · a `defineAsyncComponent` alias (`const Band2 = defineAsyncComponent(() => import(…))`): 1 problem(s) — RED as required
bound-census plant · the async alias through `<component :is>`: 1 problem(s) — RED as required
bound-census plant · a named-default import (`import { default as Band3 }`): 1 problem(s) — RED as required
bound-census plant · a render function (`h(StageSink, { text })`): 1 problem(s) — RED as required
bound-census plant · a render function with a non-literal props object (`h(StageSink, props)`): 1 problem(s) — RED as required
bound-census plant · an UNRESOLVED sink (`<component :is="pick()" :text>`, unpinned): 1 problem(s) — RED as required
bound-census plant · an UNRESOLVED async sink (a loader that names no `.vue`): 1 problem(s) — RED as required
bound-census plant · CONTROL — `<component :is>` on native tags (`'span'` / `'button'`): 0 problem(s) — GREEN as required
bound-census plant · CONTROL — `h()` on a sink that paints no bound prop: 0 problem(s) — GREEN as required
bound-census plant · CONTROL — a commented-out `h()`: 0 problem(s) — GREEN as required
bound-census plant · CONTROL — a binding inside an HTML comment: 0 problem(s) — GREEN as required
bound-census plant · CONTROL — a non-literal v-bind on a sink that paints no prop: 0 problem(s) — GREEN as required
bound-census plant · CONTROL — an alias import of a sink that paints no prop: 0 problem(s) — GREEN as required
bound-census plant · CONTROL — a bound prop the sink never paints: 0 problem(s) — GREEN as required
bound-census plant · CONTROL — a computed the template never reads: 0 problem(s) — GREEN as required
bound-census live · StagingBand :safe-verb / :saved-pair discovered: true / true
admission plant · the card's site obeys (no separator left): 1 problem(s) — RED as required
admission plant · a third admitted codepoint (over the ceiling): 2 problem(s) — RED as required
admission plant · CONTROL — the tree as it stands: 0 problem(s) — GREEN as required
