run 0
{"k":[1,"Reveal a hint in the selected cell"],"vt":"0 of 59 on the board","meta":null,"voice":"only 4 fits here","filled":22,"url":"?board=ATMuNDAwMDAwM"}
{"k":[1,"Reveal a hint in the selected cell"],"vt":"1 of 59 on the board","meta":"1 of 59 on the board","voice":"","filled":23,"url":"?board=ATMuNDAwMDAwM"}
{"k":[1,"Reveal a hint in the selected cell"],"vt":"1 of 59 on the board","meta":null,"voice":"6 goes nowhere else in this row","filled":23,"url":"?board=ATMuNDAwMDAwM"}
{"k":[1,"Reveal a hint in the selected cell"],"vt":"2 of 59 on the board","meta":null,"voice":"","filled":24,"url":"?board=ATMuNDAwMDAwM"}
{"k":[1,"Reveal a hint in the selected cell"],"vt":"2 of 59 on the board","meta":null,"voice":"6 goes nowhere else in this row","filled":24,"url":"?board=ATMuNDAwMDAwM"}
{"k":[1,"Reveal a hint in the selected cell"],"vt":"3 of 59 on the board","meta":null,"voice":"","filled":25,"url":"?board=ATMuNDAwMDAwM"}
{"k":[1,"Reveal a hint in the selected cell"],"vt":"3 of 59 on the board","meta":null,"voice":"9 goes nowhere else in this row","filled":25,"url":"?board=ATMuNDAwMDAwM"}
{"k":[1,"Reveal a hint in the selected cell"],"vt":"4 of 59 on the board","meta":null,"voice":"","filled":26,"url":"?board=ATMuNDAwMDAwM"}
run 1
{"k":[1,"Reveal a hint in the selected cell"],"vt":"0 of 59 on the board","meta":null,"voice":"only 4 fits here","filled":22,"url":"?board=ATMuNDAwMDAwM"}
{"k":[1,"Reveal a hint in the selected cell"],"vt":"1 of 59 on the board","meta":"1 of 59 on the board","voice":"","filled":23,"url":"?board=ATMuNDAwMDAwM"}
{"k":[1,"Reveal a hint in the selected cell"],"vt":"1 of 59 on the board","meta":null,"voice":"6 goes nowhere else in this row","filled":23,"url":"?board=ATMuNDAwMDAwM"}
{"k":[1,"Reveal a hint in the selected cell"],"vt":"2 of 59 on the board","meta":null,"voice":"","filled":24,"url":"?board=ATMuNDAwMDAwM"}
{"k":[1,"Reveal a hint in the selected cell"],"vt":"2 of 59 on the board","meta":null,"voice":"6 goes nowhere else in this row","filled":24,"url":"?board=ATMuNDAwMDAwM"}
{"k":[1,"Reveal a hint in the selected cell"],"vt":"3 of 59 on the board","meta":null,"voice":"","filled":25,"url":"?board=ATMuNDAwMDAwM"}
{"k":[1,"Reveal a hint in the selected cell"],"vt":"3 of 59 on the board","meta":null,"voice":"9 goes nowhere else in this row","filled":25,"url":"?board=ATMuNDAwMDAwM"}
{"k":[1,"Reveal a hint in the selected cell"],"vt":"4 of 59 on the board","meta":null,"voice":"","filled":26,"url":"?board=ATMuNDAwMDAwM"}
run 2
{"k":[1,"Reveal a hint in the selected cell"],"vt":"0 of 59 on the board","meta":null,"voice":"only 4 fits here","filled":22,"url":"?board=ATMuNDAwMDAwM"}
{"k":[1,"Reveal a hint in the selected cell"],"vt":"1 of 59 on the board","meta":"1 of 59 on the board","voice":"","filled":23,"url":"?board=ATMuNDAwMDAwM"}
{"k":[1,"Reveal a hint in the selected cell"],"vt":"1 of 59 on the board","meta":null,"voice":"6 goes nowhere else in this row","filled":23,"url":"?board=ATMuNDAwMDAwM"}
{"k":[1,"Reveal a hint in the selected cell"],"vt":"2 of 59 on the board","meta":null,"voice":"","filled":24,"url":"?board=ATMuNDAwMDAwM"}
{"k":[1,"Reveal a hint in the selected cell"],"vt":"2 of 59 on the board","meta":null,"voice":"6 goes nowhere else in this row","filled":24,"url":"?board=ATMuNDAwMDAwM"}
{"k":[1,"Reveal a hint in the selected cell"],"vt":"3 of 59 on the board","meta":null,"voice":"","filled":25,"url":"?board=ATMuNDAwMDAwM"}
{"k":[1,"Reveal a hint in the selected cell"],"vt":"3 of 59 on the board","meta":null,"voice":"9 goes nowhere else in this row","filled":25,"url":"?board=ATMuNDAwMDAwM"}
{"k":[1,"Reveal a hint in the selected cell"],"vt":"4 of 59 on the board","meta":null,"voice":"","filled":26,"url":"?board=ATMuNDAwMDAwM"}
run 3
{"k":[1,"Reveal a hint in the selected cell"],"vt":"0 of 59 on the board","meta":null,"voice":"only 4 fits here","filled":22,"url":"?board=ATMuNDAwMDAwM"}
{"k":[1,"Reveal a hint in the selected cell"],"vt":"1 of 59 on the board","meta":"1 of 59 on the board","voice":"","filled":23,"url":"?board=ATMuNDAwMDAwM"}
{"k":[1,"Reveal a hint in the selected cell"],"vt":"1 of 59 on the board","meta":null,"voice":"6 goes nowhere else in this row","filled":23,"url":"?board=ATMuNDAwMDAwM"}
{"k":[1,"Reveal a hint in the selected cell"],"vt":"2 of 59 on the board","meta":null,"voice":"","filled":24,"url":"?board=ATMuNDAwMDAwM"}
{"k":[1,"Reveal a hint in the selected cell"],"vt":"2 of 59 on the board","meta":null,"voice":"6 goes nowhere else in this row","filled":24,"url":"?board=ATMuNDAwMDAwM"}
{"k":[1,"Reveal a hint in the selected cell"],"vt":"3 of 59 on the board","meta":null,"voice":"","filled":25,"url":"?board=ATMuNDAwMDAwM"}
{"k":[1,"Reveal a hint in the selected cell"],"vt":"3 of 59 on the board","meta":null,"voice":"9 goes nowhere else in this row","filled":25,"url":"?board=ATMuNDAwMDAwM"}
{"k":[1,"Reveal a hint in the selected cell"],"vt":"4 of 59 on the board","meta":null,"voice":"","filled":26,"url":"?board=ATMuNDAwMDAwM"}
