chromium tree EASY:61g coarse true load 12.78 | w:px 0:0 1:1788 1:1756 2:1817 2:1802 3:0 3:0 4:0 | blinks 0 yielded false
chromium tree MEDIUM:35g coarse true load 12.42 | w:px 0:0 1:1716 1:1692 2:1743 2:1762 3:0 3:0 4:0 | blinks 0 yielded false
chromium tree HARD:22g coarse true load 12.07 | w:px 0:0 1:1719 1:0 0:0 0:0 1:1719 1:0 2:0 | blinks 1 yielded true
chromium tree EASY:61g coarse true load 12.00 | w:px 0:0 1:1788 1:1759 2:1817 2:1797 3:0 3:0 4:0 | blinks 0 yielded false
chromium tree MEDIUM:35g coarse true load 16.28 | w:px 0:0 1:1716 1:1692 2:1743 2:1739 3:0 3:0 4:0 | blinks 0 yielded false
chromium tree HARD:23g coarse true load 19.30 | w:px 0:0 1:1777 1:0 2:0 2:0 3:0 3:0 4:0 | blinks 0 yielded true
chromium tree EASY:61g coarse true load 22.04 | w:px 0:0 1:1788 1:1732 2:1817 2:1806 3:0 3:0 4:0 | blinks 0 yielded false
chromium tree MEDIUM:35g coarse true load 21.56 | w:px 0:0 1:1716 1:1684 2:1743 2:1749 3:0 3:0 4:0 | blinks 0 yielded false
chromium tree HARD:24g coarse true load 26.06 | w:px 0:0 1:1747 1:0 2:0 2:0 3:0 3:0 4:0 | blinks 0 yielded true
chromium tree P16 coarse true load 24.93 | w:px 0:0 1:1829 1:0 2:0 2:0 3:0 3:0 4:0 | blinks 0 yielded true
chromium pass6 EASY:61g coarse true load 23.07 | w:px 0:0 1:1788 1:1756 2:1817 2:1802 3:0 3:0 4:0 | blinks 0 yielded false
chromium pass6 MEDIUM:35g coarse true load 22.93 | w:px 0:0 1:1716 1:1692 2:1743 2:1762 3:0 3:0 4:0 | blinks 0 yielded false
chromium pass6 HARD:22g coarse true load 22.21 | w:px 0:0 1:1719 1:0r2 2:1763 2:0r2 3:0 3:0 4:0 | blinks 1 yielded true
chromium pass6 EASY:61g coarse true load 21.27 | w:px 0:0 1:1788 1:1759 2:1817 2:1797 3:0 3:0 4:0 | blinks 0 yielded false
chromium pass6 MEDIUM:35g coarse true load 19.85 | w:px 0:0 1:1716 1:1692 2:1743 2:1739 3:0 3:0 4:0 | blinks 0 yielded false
chromium pass6 HARD:23g coarse true load 19.30 | w:px 0:0 1:1777 1:0r2 2:1821 2:1814 3:0 3:0 4:0 | blinks 1 yielded true
chromium pass6 EASY:61g coarse true load 18.28 | w:px 0:0 1:1788 1:1732 2:1817 2:1806 3:0 3:0 4:0 | blinks 0 yielded false
chromium pass6 MEDIUM:35g coarse true load 19.71 | w:px 0:0 1:1716 1:1684 2:1743 2:1749 3:0 3:0 4:0 | blinks 0 yielded false
chromium pass6 HARD:24g coarse true load 19.41 | w:px 0:0 1:1747 1:0r2 2:1777 2:0r2 3:0 3:0 4:0 | blinks 1 yielded true
chromium pass6 P16 coarse true load 17.74 | w:px 0:0 1:1829 1:0r2 2:1852 2:0r2 3:0 3:0 4:0 | blinks 1 yielded true
webkit tree EASY:61g coarse true load 16.72 | w:px 0:0 1:1756 1:1751 2:1803 2:1770 3:0 3:0 4:0 | blinks 0 yielded false
webkit tree MEDIUM:35g coarse true load 15.92 | w:px 0:0 1:1698 1:1677 2:1747 2:1726 3:0 3:0 4:0 | blinks 0 yielded false
webkit tree HARD:22g coarse true load 14.76 | w:px 0:0 1:1706 1:0 2:0 2:0 3:0 3:0 4:0 | blinks 0 yielded true
webkit tree EASY:61g coarse true load 14.54 | w:px 0:0 1:1756 1:1721 2:1803 2:1758 3:0 3:0 4:0 | blinks 0 yielded false
webkit tree MEDIUM:35g coarse true load 13.74 | w:px 0:0 1:1698 1:1677 2:1747 2:1722 3:0 3:0 4:0 | blinks 0 yielded false
webkit tree HARD:23g coarse true load 12.54 | w:px 0:0 1:1763 1:0 2:0 2:0 3:0 3:0 4:0 | blinks 0 yielded true
webkit tree EASY:61g coarse true load 11.94 | w:px 0:0 1:1756 1:1724 2:1803 2:1778 3:0 3:0 4:0 | blinks 0 yielded false
webkit tree MEDIUM:35g coarse true load 12.60 | w:px 0:0 1:1698 1:1675 2:1747 2:1726 3:0 3:0 4:0 | blinks 0 yielded false
webkit tree HARD:24g coarse true load 11.80 | w:px 0:0 1:1720 1:0 2:0 2:0 3:0 3:0 4:0 | blinks 0 yielded true
webkit tree P16 coarse true load 11.49 | w:px 0:0 1:1782 1:0 2:0 2:0 3:0 3:0 4:0 | blinks 0 yielded true
webkit pass6 EASY:61g coarse true load 11.98 | w:px 0:0 1:1756 1:1751 2:1803 2:1770 3:0 3:0 4:0 | blinks 0 yielded false
webkit pass6 MEDIUM:35g coarse true load 11.59 | w:px 0:0 1:1698 1:1677 2:1747 2:1726 3:0 3:0 4:0 | blinks 0 yielded false
webkit pass6 HARD:22g coarse true load 12.83 | w:px 0:0 1:1706 1:0r2 2:1770 2:0r2 3:0 3:0 4:0 | blinks 1 yielded true
webkit pass6 EASY:61g coarse true load 12.32 | w:px 0:0 1:1756 1:1721 2:1803 2:1758 3:0 3:0 4:0 | blinks 0 yielded false
webkit pass6 MEDIUM:35g coarse true load 12.35 | w:px 0:0 1:1698 1:1677 2:1747 2:1722 3:0 3:0 4:0 | blinks 0 yielded false
webkit pass6 HARD:23g coarse true load 18.79 | w:px 0:0 1:1763 1:0r2 2:1815 2:1777 3:0 3:0 4:0 | blinks 1 yielded true
webkit pass6 EASY:61g coarse true load 21.37 | w:px 0:0 1:1756 1:1724 2:1803 2:1778 3:0 3:0 4:0 | blinks 0 yielded false
webkit pass6 MEDIUM:35g coarse true load 20.78 | w:px 0:0 1:1698 1:1675 2:1747 2:1726 3:0 3:0 4:0 | blinks 0 yielded false
webkit pass6 HARD:24g coarse true load 19.88 | w:px 0:0 1:1720 1:0r2 2:1769 2:0r2 3:0 3:0 4:0 | blinks 1 yielded true
webkit pass6 P16 coarse true load 18.77 | w:px 0:0 1:1782 1:0r2 2:1831 2:0r2 3:0 3:0 4:0 | blinks 1 yielded true
{"chromium/tree":{"deals":10,"laid":10,"yielded":4,"blinks":1,"dealsWithBlink":1},"chromium/pass6":{"deals":10,"laid":10,"yielded":4,"blinks":4,"dealsWithBlink":4},"webkit/tree":{"deals":10,"laid":10,"yielded":4,"blinks":0,"dealsWithBlink":0},"webkit/pass6":{"deals":10,"laid":10,"yielded":4,"blinks":4,"dealsWithBlink":4}}
exit 0
