chromium tree EASY:61g coarse true load 12.95 | w:px 0:0 1:1788 1:1776 2:1817 2:1797 3:0 | blinks 0 yielded false
chromium tree MEDIUM:35g coarse true load 12.63 | w:px 0:0 1:1716 1:1692 2:1743 2:1762 3:0 | blinks 0 yielded false
chromium tree HARD:24g coarse true load 12.58 | w:px 0:0 1:1747 1:0 2:0 2:0 3:0 | blinks 0 yielded true
chromium tree EASY:61g coarse true load 12.54 | w:px 0:0 1:1788 1:1759 2:1817 2:0 3:0 | blinks 0 yielded true
chromium tree MEDIUM:35g coarse true load 11.69 | w:px 0:0 1:1716 1:1684 2:1743 2:1749 3:0 | blinks 0 yielded false
chromium tree HARD:24g coarse true load 11.23 | w:px 0:0 1:1747 1:0 2:0 2:0 3:0 | blinks 0 yielded true
chromium tree EASY:61g coarse true load 11.94 | w:px 0:0 1:1788 1:1745 2:1817 2:1804 3:0 | blinks 0 yielded false
chromium tree MEDIUM:35g coarse true load 12.23 | w:px 0:0 1:1716 1:1692 2:1743 2:1735 3:0 | blinks 0 yielded false
chromium tree HARD:25g coarse true load 12.46 | w:px 0:0 1:1745 1:0 2:0 2:0 3:0 | blinks 0 yielded true
chromium tree P16 coarse true load 12.26 | w:px 0:0 1:1829 1:0 2:0 2:0 3:0 | blinks 0 yielded true
chromium pass6 EASY:61g coarse true load 13.51 | w:px 0:0 1:1788 1:1776 2:1817 2:1797 3:0 | blinks 0 yielded false
chromium pass6 MEDIUM:35g coarse true load 14.11 | w:px 0:0 1:1716 1:1692 2:1743 2:1762 3:0 | blinks 0 yielded false
chromium pass6 HARD:24g coarse true load 14.18 | w:px 0:0 1:1747 1:0r2 2:1777 2:0r2 3:0 | blinks 1 yielded true
chromium pass6 EASY:61g coarse true load 13.73 | w:px 0:0 1:1788 1:1759 2:1817 2:0r2 3:0 | blinks 0 yielded true
chromium pass6 MEDIUM:35g coarse true load 13.75 | w:px 0:0 1:1716 1:1684 2:1743 2:1749 3:0 | blinks 0 yielded false
chromium pass6 HARD:24g coarse true load 13.77 | w:px 0:0 1:1747 1:0r2 2:1777 2:0r2 3:0 | blinks 1 yielded true
chromium pass6 EASY:61g coarse true load 14.63 | w:px 0:0 1:1788 1:1745 2:1817 2:1804 3:0 | blinks 0 yielded false
chromium pass6 MEDIUM:35g coarse true load 14.98 | w:px 0:0 1:1716 1:1692 2:1743 2:1735 3:0 | blinks 0 yielded false
chromium pass6 HARD:25g coarse true load 15.62 | w:px 0:0 1:1745 1:0r2 2:1772 2:0r2 3:0 | blinks 1 yielded true
chromium pass6 P16 coarse true load 14.60 | w:px 0:0 1:1829 1:0r2 2:1852 2:0r2 3:0 | blinks 1 yielded true
webkit tree EASY:61g coarse true load 14.39 | w:px 0:0 1:1756 1:1732 2:1803 2:1758 3:0 | blinks 0 yielded false
webkit tree MEDIUM:35g coarse true load 14.12 | w:px 0:0 1:1698 1:1677 2:1747 2:1726 3:0 | blinks 0 yielded false
webkit tree HARD:24g coarse true load 13.83 | w:px 0:0 1:1720 1:0 2:0 2:0 3:0 | blinks 0 yielded true
webkit tree EASY:61g coarse true load 13.60 | w:px 0:0 1:1756 1:1721 2:1803 2:0 3:0 | blinks 0 yielded true
webkit tree MEDIUM:35g coarse true load 13.29 | w:px 0:0 1:1698 1:1675 2:1747 2:1726 3:0 | blinks 0 yielded false
webkit tree HARD:24g coarse true load 13.51 | w:px 0:0 1:1720 1:0 2:0 2:0 3:0 | blinks 0 yielded true
webkit tree EASY:61g coarse true load 13.39 | w:px 0:0 1:1756 1:1724 2:1803 2:1791 3:0 | blinks 0 yielded false
webkit tree MEDIUM:35g coarse true load 13.49 | w:px 0:0 1:1698 1:1677 2:1747 2:1707 3:0 | blinks 0 yielded false
webkit tree HARD:25g coarse true load 15.94 | w:px 0:0 1:1728 1:0 2:0 2:0 3:0 | blinks 0 yielded true
webkit tree P16 coarse true load 15.70 | w:px 0:0 1:1782 1:0 2:0 2:0 3:0 | blinks 0 yielded true
webkit pass6 EASY:61g coarse true load 14.45 | w:px 0:0 1:1756 1:1732 2:1803 2:1758 3:0 | blinks 0 yielded false
webkit pass6 MEDIUM:35g coarse true load 14.09 | w:px 0:0 1:1698 1:1677 2:1747 2:1726 3:0 | blinks 0 yielded false
webkit pass6 HARD:24g coarse true load 13.40 | w:px 0:0 1:1720 1:0r2 2:1769 2:0r2 3:0 | blinks 1 yielded true
webkit pass6 EASY:61g coarse true load 12.96 | w:px 0:0 1:1756 1:1721 2:1803 2:0r2 3:0 | blinks 0 yielded true
webkit pass6 MEDIUM:35g coarse true load 13.70 | w:px 0:0 1:1698 1:1675 2:1747 2:1726 3:0 | blinks 0 yielded false
webkit pass6 HARD:24g coarse true load 13.49 | w:px 0:0 1:1720 1:0r2 2:1769 2:0r2 3:0 | blinks 1 yielded true
webkit pass6 EASY:61g coarse true load 12.89 | w:px 0:0 1:1756 1:1724 2:1803 2:1791 3:0 | blinks 0 yielded false
webkit pass6 MEDIUM:35g coarse true load 12.82 | w:px 0:0 1:1698 1:1677 2:1747 2:1707 3:0 | blinks 0 yielded false
webkit pass6 HARD:25g coarse true load 12.60 | w:px 0:0 1:1728 1:0r2 2:1777 2:0r2 3:0 | blinks 1 yielded true
webkit pass6 P16 coarse true load 11.68 | w:px 0:0 1:1782 1:0r2 2:1831 2:0r2 3:0 | blinks 1 yielded true
{"chromium/tree":{"deals":10,"laid":10,"yielded":5,"blinks":0,"dealsWithBlink":0},"chromium/pass6":{"deals":10,"laid":10,"yielded":5,"blinks":4,"dealsWithBlink":4},"webkit/tree":{"deals":10,"laid":10,"yielded":5,"blinks":0,"dealsWithBlink":0},"webkit/pass6":{"deals":10,"laid":10,"yielded":5,"blinks":4,"dealsWithBlink":4}}
exit 0
