spec sha1 e3a7fd17b5e2 MarginNote 46769311ec04 GameBoard b0d8e92f7168 load 20.85
tree chromium exit 0 :: YIELD 393x699: rest strip 20.8 tab 508.73 · laid strip 20.8/20.8 tab 508.73/508.73 meta 1 of 170 on the board · widest strip 20.8/20.8 tab 508.73/508.73 meta - · press3 strip 41.59/41.59 tab 498.33/498.33 meta - · press4 strip 20.8/20.8 tab 508.73/508.73 meta -|YIELD 812x375: rest strip 20.8 tab 159.09 · laid strip 20.8/20.8 tab 159.09/159.09 meta 1 of 170 on the board · widest strip 21.97/21.97 tab 159.67/159.67 meta - · press3 strip 43.94/43.94 tab 170.66/170.66 meta - · press4 strip 21.97/21.97 tab 159.67/159.67 meta -|
tree webkit exit 0 :: YIELD 393x699: rest strip 20.8 tab 508.42 · laid strip 20.8/20.8 tab 508.42/508.42 meta 1 of 170 on the board · widest strip 20.8/20.8 tab 508.42/508.42 meta - · press3 strip 41.59/41.59 tab 498.03/498.03 meta - · press4 strip 20.8/20.8 tab 508.42/508.42 meta -|YIELD 812x375: rest strip 20.8 tab 159.09 · laid strip 20.8/20.8 tab 159.09/159.09 meta 1 of 170 on the board · widest strip 21.97/21.97 tab 159.67/159.67 meta - · press3 strip 43.94/43.94 tab 170.66/170.66 meta - · press4 strip 21.97/21.97 tab 159.67/159.67 meta -|
plant yieldoff emit-sites-left: 0
yieldoff chromium exit 1 :: Error: the count yields beside the widest voice|Error: widest: the count never paints on a second row, below the strip| :: 
yieldoff webkit exit 1 :: Error: the count yields beside the widest voice|Error: widest: the count never paints on a second row, below the strip| :: 
plant yieldoff listener 73217 killed; 4239 now: 
plant pass6 emit-sites-left: 0
pass6 chromium exit 1 :: Error: the count yields beside the widest voice|Error: widest: the count never paints on a second row, below the strip| :: 
pass6 webkit exit 1 :: Error: the count yields beside the widest voice|Error: widest: the count never paints on a second row, below the strip| :: 
plant pass6 listener 74592 killed; 4239 now: 
plant unheight emit-sites-left: 0
unheight chromium exit 1 :: Error: the count yields beside the widest voice|Error: widest: the count adds no height to the strip| :: 
unheight webkit exit 1 :: Error: the count yields beside the widest voice|Error: widest: the count adds no height to the strip| :: 
plant unheight listener 75804 killed; 4239 now: 
ALLDONE
== neg-pass6-chromium.log
   2 Error: press3: once yielded the count stays gone (no blink)
   2 Error: press3: the count never paints on a second row, below the strip
   2 Error: press4: once yielded the count stays gone (no blink)
   2 Error: press4: the count never paints on a second row, below the strip
   2 Error: the count yields beside the widest voice
   2 Error: widest: once yielded the count stays gone (no blink)
   2 Error: widest: the count never paints on a second row, below the strip
YIELD 393x699: rest strip 20.8 tab 508.73 · laid strip 20.8/20.8 tab 508.73/508.73 meta 1 of 170 on the board · widest strip 20.8/20.8 tab 508.73/508.73 meta 1 of 170 on the board ROW2 · press3 strip 41.59/41.59 tab 498.33/498.33 meta 1 of 170 on the board ROW2 · press4 strip 20.8/20.8 tab 508.73/508.73 meta 2 of 170 on the board ROW2
YIELD 812x375: rest strip 20.8 tab 159.09 · laid strip 20.8/20.8 tab 159.09/159.09 meta 1 of 170 on the board · widest strip 21.97/21.97 tab 159.67/159.67 meta 1 of 170 on the board ROW2 · press3 strip 43.94/43.94 tab 170.66/170.66 meta 1 of 170 on the board ROW2 · press4 strip 21.97/21.97 tab 159.67/159.67 meta 2 of 170 on the board ROW2
== neg-pass6-webkit.log
   2 Error: press3: once yielded the count stays gone (no blink)
   2 Error: press3: the count never paints on a second row, below the strip
   2 Error: press4: once yielded the count stays gone (no blink)
   2 Error: press4: the count never paints on a second row, below the strip
   2 Error: the count yields beside the widest voice
   2 Error: widest: once yielded the count stays gone (no blink)
   2 Error: widest: the count never paints on a second row, below the strip
YIELD 393x699: rest strip 20.8 tab 508.42 · laid strip 20.8/20.8 tab 508.42/508.42 meta 1 of 170 on the board · widest strip 20.8/20.8 tab 508.42/508.42 meta 1 of 170 on the board ROW2 · press3 strip 41.59/41.59 tab 498.03/498.03 meta 1 of 170 on the board ROW2 · press4 strip 20.8/20.8 tab 508.42/508.42 meta 2 of 170 on the board ROW2
YIELD 812x375: rest strip 20.8 tab 159.09 · laid strip 20.8/20.8 tab 159.09/159.09 meta 1 of 170 on the board · widest strip 21.97/21.97 tab 159.67/159.67 meta 1 of 170 on the board ROW2 · press3 strip 43.94/43.94 tab 170.66/170.66 meta 1 of 170 on the board ROW2 · press4 strip 21.97/21.97 tab 159.67/159.67 meta 2 of 170 on the board ROW2
== neg-unheight-chromium.log
   2 Error: press3: W2's tab does not move for the count
   2 Error: press3: once yielded the count stays gone (no blink)
   2 Error: press3: the count adds no height to the strip
   2 Error: press3: the count never paints on a second row, below the strip
   2 Error: press4: W2's tab does not move for the count
   2 Error: press4: once yielded the count stays gone (no blink)
   2 Error: press4: the count adds no height to the strip
   2 Error: press4: the count never paints on a second row, below the strip
   2 Error: the count yields beside the widest voice
   2 Error: widest: W2's tab does not move for the count
   2 Error: widest: once yielded the count stays gone (no blink)
   2 Error: widest: the count adds no height to the strip
   2 Error: widest: the count never paints on a second row, below the strip
YIELD 393x699: rest strip 20.8 tab 508.73 · laid strip 20.8/20.8 tab 508.73/508.73 meta 1 of 170 on the board · widest strip 38.98/20.8 tab 499.64/508.73 meta 1 of 170 on the board ROW2 · press3 strip 59.78/41.59 tab 489.23/498.33 meta 1 of 170 on the board ROW2 · press4 strip 38.98/20.8 tab 499.64/508.73 meta 2 of 170 on the board ROW2
YIELD 812x375: rest strip 20.8 tab 159.09 · laid strip 20.8/20.8 tab 159.09/159.09 meta 1 of 170 on the board · widest strip 40.16/21.97 tab 168.77/159.67 meta 1 of 170 on the board ROW2 · press3 strip 62.13/43.94 tab 179.75/170.66 meta 1 of 170 on the board ROW2 · press4 strip 40.16/21.97 tab 168.77/159.67 meta 2 of 170 on the board ROW2
== neg-unheight-webkit.log
   2 Error: press3: W2's tab does not move for the count
   2 Error: press3: once yielded the count stays gone (no blink)
   2 Error: press3: the count adds no height to the strip
   2 Error: press3: the count never paints on a second row, below the strip
   2 Error: press4: W2's tab does not move for the count
   2 Error: press4: once yielded the count stays gone (no blink)
   2 Error: press4: the count adds no height to the strip
   2 Error: press4: the count never paints on a second row, below the strip
   2 Error: the count yields beside the widest voice
   2 Error: widest: W2's tab does not move for the count
   2 Error: widest: once yielded the count stays gone (no blink)
   2 Error: widest: the count adds no height to the strip
   2 Error: widest: the count never paints on a second row, below the strip
YIELD 393x699: rest strip 20.8 tab 508.42 · laid strip 20.8/20.8 tab 508.42/508.42 meta 1 of 170 on the board · widest strip 38.98/20.8 tab 499.33/508.42 meta 1 of 170 on the board ROW2 · press3 strip 59.78/41.59 tab 488.94/498.03 meta 1 of 170 on the board ROW2 · press4 strip 38.98/20.8 tab 499.33/508.42 meta 2 of 170 on the board ROW2
YIELD 812x375: rest strip 20.8 tab 159.09 · laid strip 20.8/20.8 tab 159.09/159.09 meta 1 of 170 on the board · widest strip 40.16/21.97 tab 168.77/159.67 meta 1 of 170 on the board ROW2 · press3 strip 62.13/43.94 tab 179.75/170.66 meta 1 of 170 on the board ROW2 · press4 strip 40.16/21.97 tab 168.77/159.67 meta 2 of 170 on the board ROW2
== neg-yieldoff-chromium.log
   2 Error: press3: once yielded the count stays gone (no blink)
   2 Error: press3: the count never paints on a second row, below the strip
   2 Error: press4: once yielded the count stays gone (no blink)
   2 Error: press4: the count never paints on a second row, below the strip
   2 Error: the count yields beside the widest voice
   2 Error: widest: once yielded the count stays gone (no blink)
   2 Error: widest: the count never paints on a second row, below the strip
YIELD 393x699: rest strip 20.8 tab 508.73 · laid strip 20.8/20.8 tab 508.73/508.73 meta 1 of 170 on the board · widest strip 20.8/20.8 tab 508.73/508.73 meta 1 of 170 on the board ROW2 · press3 strip 41.59/41.59 tab 498.33/498.33 meta 1 of 170 on the board ROW2 · press4 strip 20.8/20.8 tab 508.73/508.73 meta 2 of 170 on the board ROW2
YIELD 812x375: rest strip 20.8 tab 159.09 · laid strip 20.8/20.8 tab 159.09/159.09 meta 1 of 170 on the board · widest strip 21.97/21.97 tab 159.67/159.67 meta 1 of 170 on the board ROW2 · press3 strip 43.94/43.94 tab 170.66/170.66 meta 1 of 170 on the board ROW2 · press4 strip 21.97/21.97 tab 159.67/159.67 meta 2 of 170 on the board ROW2
== neg-yieldoff-webkit.log
   2 Error: press3: once yielded the count stays gone (no blink)
   2 Error: press3: the count never paints on a second row, below the strip
   2 Error: press4: once yielded the count stays gone (no blink)
   2 Error: press4: the count never paints on a second row, below the strip
   2 Error: the count yields beside the widest voice
   2 Error: widest: once yielded the count stays gone (no blink)
   2 Error: widest: the count never paints on a second row, below the strip
YIELD 393x699: rest strip 20.8 tab 508.42 · laid strip 20.8/20.8 tab 508.42/508.42 meta 1 of 170 on the board · widest strip 20.8/20.8 tab 508.42/508.42 meta 1 of 170 on the board ROW2 · press3 strip 41.59/41.59 tab 498.03/498.03 meta 1 of 170 on the board ROW2 · press4 strip 20.8/20.8 tab 508.42/508.42 meta 2 of 170 on the board ROW2
YIELD 812x375: rest strip 20.8 tab 159.09 · laid strip 20.8/20.8 tab 159.09/159.09 meta 1 of 170 on the board · widest strip 21.97/21.97 tab 159.67/159.67 meta 1 of 170 on the board ROW2 · press3 strip 43.94/43.94 tab 170.66/170.66 meta 1 of 170 on the board ROW2 · press4 strip 21.97/21.97 tab 159.67/159.67 meta 2 of 170 on the board ROW2
