C0 as built (cfg sha1 ec263af6)
  vitest exit=0 ::  Tests 11 passed (11)
C1 MINT erase: 125 into MOTION.rungs (the act the charter named)
1
  vitest exit=1 :: ⎯⎯⎯⎯⎯⎯⎯ Failed Tests 1 ⎯⎯⎯⎯⎯⎯⎯
 Tests 1 failed | 10 passed (11)
         × G5: THE FOLD CARRIES NO LADDER ROW — the rung SET is §13's, exactly 3ms
     FAIL  src/pencil/chrome/marginNote.motion.test.ts > the margin note's motion (T9-W7 §7) > G5: THE FOLD CARRIES NO LADDER ROW — the rung SET is §13's, exactly
  restored cfg sha1 ok ec263af6
C2 RETUNE whisper 150 -> 125
1
  vitest exit=0 ::  Tests 11 passed (11)
  restored cfg sha1 ok ec263af6
C3 SWAP whisper<->dusk values (150<->350): the verb now spends the dusk clock
180:    whisper: 350,
186:    dusk: 150,
  vitest exit=0 ::  Tests 11 passed (11)
  restored cfg sha1 ok ec263af6
C4 RETUNE step 440 -> 1 (a consumer-less rung, nobody reads it)
1
  vitest exit=0 ::  Tests 11 passed (11)
  restored cfg sha1 ok ec263af6
DONE
EXIT 0
