
> csp-solver-frontend@0.1.0 test:coverage:floor
> node scripts/check-coverage-floor.mjs

scope               | files |    stmts |   branch |    funcs |    lines
-----------------------------------------------------------------------
src/games/sudoku    |     5 |   81.35% |   81.25% |   60.00% |   80.39%
src/games/futoshiki |     7 |   87.89% |  100.00% |   62.00% |   87.21%
src/games/thermo    |     7 |   80.85% |   90.90% |   64.70% |   82.20%
src/games/killer    |     5 |   85.83% |  100.00% |   60.46% |   84.69%
src/games/kenken    |     5 |   85.95% |  100.00% |   62.22% |   85.00%
src/games/shared    |    51 |   77.11% |   69.28% |   73.77% |   78.23%
src/games           |     1 |  100.00% |  100.00% |  100.00% |  100.00%
src/pencil          |    48 |   42.57% |   41.47% |   35.13% |   44.71%
src/composables     |     4 |  100.00% |  100.00% |  100.00% |  100.00%
src/lib             |     1 |  100.00% |  100.00% |  100.00% |  100.00%
src/App.vue         |     1 |    0.00% |    0.00% |    0.00% |    0.00%
TOTAL               |   137 |   60.58% |   56.60% |   55.41% |   61.28%

[coverage-floor] 2 covered file(s) match NO banked scope — every source file must answer to a floor:
  - src/probe/deviceMarks.ts
  - src/probe/devicePaint.ts

[coverage-floor] RED. The floor is the T5-W1.14 baseline (f38c5130); W2's collapse must clear it, not re-cut it.
exit 1
