
=== p4base · chromium (:4903) ===
coarse-390x664-THE-CASE  ok=true  pageVh=1.705  doc=1132   band=21   flow tally=control-panel  panelH=558    sq=366   fits=true   need any/chip/deal=413.19/531.98/593.73 covisNeed=229.73  COVIS=YES
coarse-390x844           ok=true  pageVh=1.341  doc=1132   band=21   flow tally=control-panel  panelH=558    sq=366   fits=true   need any/chip/deal=413.19/531.98/593.73 covisNeed=229.73  COVIS=YES
coarse-375x812           ok=true  pageVh=1.401  doc=1138   band=21   flow tally=control-panel  panelH=580    sq=351   fits=true   need any/chip/deal=398.19/516.98/578.7 covisNeed=229.7   COVIS=YES
coarse-430x932           ok=true  pageVh=1.258  doc=1172   band=21   flow tally=control-panel  panelH=559    sq=406   fits=true   need any/chip/deal=453.19/571.98/633.83 covisNeed=229.83  COVIS=YES
coarse-820x1180-iPadP    ok=true  pageVh=1.212  doc=1430   band=22   flow tally=control-panel  panelH=567    sq=672   fits=true   need any/chip/deal=720.41/841.14/903.8 covisNeed=233.8   COVIS=YES
coarse-844x390-land      ok=true  pageVh=2.533  doc=988    band=22   flow tally=control-panel  panelH=567    sq=230   fits=true   need any/chip/deal=278.48/399.27/461.97 covisNeed=233.97  COVIS=no
coarse-1280x800-rail     ok=true  pageVh=1.012  doc=810    band=24   ovl  tally=control-panel  panelH=1068   sq=640   fits=true   need any/chip/deal=16/129.45/482.48 covisNeed=-155.52 COVIS=YES
fine-1440x900-rail       ok=true  pageVh=1      doc=900    band=24   ovl  tally=control-panel  panelH=975    sq=672   fits=true   need any/chip/deal=16/123.45/446.83 covisNeed=-223.17 COVIS=YES
fine-390x844-NEGCTRL     ok=true  pageVh=1.177  doc=993    band=21   flow tally=control-panel  panelH=424    sq=366   fits=true   need any/chip/deal=413.19/517.38/579.13 covisNeed=215.13  COVIS=YES

=== p4base · webkit (:4903) ===
coarse-390x664-THE-CASE  ok=true  pageVh=1.703  doc=1131   band=21   flow tally=control-panel  panelH=558    sq=366   fits=true   need any/chip/deal=413.19/531.98/593.73 covisNeed=229.73  COVIS=YES
coarse-390x844           ok=true  pageVh=1.34   doc=1131   band=21   flow tally=control-panel  panelH=558    sq=366   fits=true   need any/chip/deal=413.19/531.98/593.73 covisNeed=229.73  COVIS=YES
coarse-375x812           ok=true  pageVh=1.4    doc=1137   band=21   flow tally=control-panel  panelH=580    sq=351   fits=true   need any/chip/deal=398.19/516.98/578.7 covisNeed=229.7   COVIS=YES
coarse-430x932           ok=true  pageVh=1.258  doc=1172   band=21   flow tally=control-panel  panelH=559    sq=406   fits=true   need any/chip/deal=453.19/571.98/633.81 covisNeed=229.81  COVIS=YES
coarse-820x1180-iPadP    ok=true  pageVh=1.211  doc=1429   band=22   flow tally=control-panel  panelH=567    sq=672   fits=true   need any/chip/deal=720.39/841.11/903.77 covisNeed=233.77  COVIS=YES
coarse-844x390-land      ok=true  pageVh=2.533  doc=988    band=22   flow tally=control-panel  panelH=567    sq=230   fits=true   need any/chip/deal=278.48/399.25/461.95 covisNeed=233.95  COVIS=no
coarse-1280x800-rail     ok=true  pageVh=1.011  doc=809    band=24   ovl  tally=control-panel  panelH=1068   sq=640   fits=true   need any/chip/deal=16/129.44/482.45 covisNeed=-155.55 COVIS=YES
fine-1440x900-rail       ok=true  pageVh=1      doc=900    band=24   ovl  tally=control-panel  panelH=975    sq=672   fits=true   need any/chip/deal=16/123.44/446.78 covisNeed=-223.22 COVIS=YES
fine-390x844-NEGCTRL     ok=true  pageVh=1.175  doc=992    band=21   flow tally=control-panel  panelH=424    sq=366   fits=true   need any/chip/deal=413.19/517.36/579.11 covisNeed=215.11  COVIS=YES
