
Running 115 tests using 9 workers

  ✓    9 e2e/affordances.spec.ts:357:1 › marks-gesture: no marks pre-peek, K shows them, Esc clears them (996ms)
  ✓    8 e2e/affordances.spec.ts:205:1 › tally: solve writes "N backtracks — Xms" in the note meta; the next edit clears it (1.1s)
  ✓    4 e2e/affordances.spec.ts:155:1 › stale-note: teacher-red and gold-star notes clear on the next edit (1.1s)
  ✓    7 e2e/affordances.spec.ts:376:1 › composed keyboard: K-peek from cell focus + roving tabindex (Ctrl+Home/End) + undo in one session (1.4s)
  ✓   11 e2e/board-covisibility.spec.ts:55:3 › mark 6 — the band dissolves › the tally files with the deal, and the strip it left can still be seen (360ms)
  ✓   12 e2e/board-covisibility.spec.ts:78:3 › mark 6 — the band dissolves › the strip below the board is one reserved line (365ms)
  ✓    2 e2e/affordances.spec.ts:333:1 › hint: first H names the technique + highlights, second H inks the digit (1.5s)
  ✓    1 e2e/affordances.spec.ts:229:1 › undo: Ctrl+Z reverts, Ctrl+Shift+Z redoes, Meta+Z works, plain z is not swallowed (1.7s)
  ✓    6 e2e/affordances.spec.ts:294:1 › permalink: share writes ?board= and a reload reproduces the exact board (1.7s)
  ✓   14 e2e/board-covisibility.spec.ts:180:3 › mark 6 — the band dissolves › the grade crests on the board — the celebration never moves the page (347ms)
  ✓    3 e2e/affordances.spec.ts:263:1 › fill batch: one Fill sweep undoes as ONE gesture, redo re-fills (1.9s)
  ✓   15 e2e/board-covisibility.spec.ts:226:3 › the board fits the viewport it is drawn in › a landscape phone gets a board it can see, not one it must scroll (397ms)
  ✓    5 e2e/affordances.spec.ts:102:1 › print: chrome hidden, black strokes, washes stripped (CSS-only) (2.0s)
  ✓   13 e2e/board-covisibility.spec.ts:107:3 › mark 6 — the band dissolves › a solved board prints its tally exactly once, at every width (1.0s)
  ✓   10 e2e/affordances.spec.ts:449:1 › composed keyboard (futoshiki twin): K-peek from cell focus + roving + undo in one session (1.5s)
  ✓   21 e2e/drawer.spec.ts:248:3 › drawer under prefers-reduced-motion › PRM: toggle is an instant state swap — no glide class, immediate layout (624ms)
  ✓   23 e2e/font-census.spec.ts:146:1 › no string renders in two faces except the ones this estate has ledgered (460ms)
  ✓   17 e2e/drawer.spec.ts:37:1 › drawer: default open — tab present (≥44px), aria wired, controls visible (1.3s)
  ✓   24 e2e/futoshiki.spec.ts:45:1 › gallery switches to futoshiki: default board renders with inequality carets (1.0s)
  ✓   22 e2e/drawer.spec.ts:281:3 › drawer below the row regime › <1024: no tab, stacked panel in flow exactly as today (1.5s)
  ✓   20 e2e/drawer.spec.ts:211:1 › drawer: keyboard shortcuts (undo, K-peek) work with the drawer closed (1.8s)
  ✓   16 e2e/board-covisibility.spec.ts:256:3 › the board fits the viewport it is drawn in › turning the phone does not shrink the cell a finger has to hit (2.4s)
  ✓   26 e2e/futoshiki.spec.ts:97:1 › blank cell accepts input via pointer + on-screen affordance (1.1s)
  ✓   28 e2e/gallery-deal.spec.ts:72:1 › band: a sibling of the listbox, never a control inside role=option (476ms)
  ✓   27 e2e/futoshiki.spec.ts:131:1 › solve: a fresh generated board solves to solve-success (1.1s)
  ✓   29 e2e/gallery-deal.spec.ts:137:1 › cold start: an UNMOUNTED game reports its saved board and offers resume (536ms)
  ✓   25 e2e/futoshiki.spec.ts:72:1 › size switching: 4×4/5×5/6×6/7×7 each change the board cell count (1.7s)
  ✓   30 e2e/gallery-deal.spec.ts:165:1 › cold start: a game with NO board offers start, and the card keeps its range line (575ms)
  ✓   31 e2e/gallery-deal.spec.ts:176:1 › cold start: GIVENS ARE NOT WORK — a dealt, untouched board reads "dealt" (393ms)
  ✓   18 e2e/drawer.spec.ts:58:1 › drawer: close glides transform-only, board grows ≥24px + centers, persists (2.8s)
  ✓   33 e2e/gallery-deal.spec.ts:230:1 › guard: the NEGATIVE control — an untouched target board deals straight through (828ms)
  ✓   39 e2e/gallery-deal.spec.ts:412:1 › deal: a same-game deal rides the BRIDGE — the staged pair, and no remount (565ms)
  ✓   34 e2e/gallery-deal.spec.ts:253:1 › guard: the `d` hotkey routes through the SAME ribbon, from the deck AND from the band (1.1s)
  ✓   38 e2e/gallery-deal.spec.ts:382:1 › deal: a cross-game deal lands the TARGET game at the STAGED pair (814ms)
  ✓   36 e2e/gallery-deal.spec.ts:342:1 › guard: when BOTH boards hold work the sub-line says so (1.1s)
  ✓   32 e2e/gallery-deal.spec.ts:197:1 › guard: a deal onto ANOTHER game with work on it arms the ribbon (1.3s)
  ✓   37 e2e/gallery-deal.spec.ts:364:1 › guard: a PRISTINE mounted board deals across with no ribbon (the source-arm control) (1.0s)
  ✓   35 e2e/gallery-deal.spec.ts:318:1 › guard: a cross-game deal ABANDONS the mounted board — dirty sudoku, clean target, ribbon (1.6s)
  ✓   45 e2e/gallery-guard.spec.ts:65:1 › snap chime: the centered card carries a scribble underline; flanks do not (478ms)
  ✓   41 e2e/gallery-deal.spec.ts:462:1 › safe verb: `start` HONOURS the staged pair (a game with no board has none to restore) (784ms)
  ✓   42 e2e/gallery-deal.spec.ts:480:1 › safe verb: `resume` PRINTS the saved pair the moment the chips wander off it (808ms)
  ✓   44 e2e/gallery-deal.spec.ts:546:1 › a11y: the live region carries the staged pair and the board state (647ms)
  ✓   19 e2e/drawer.spec.ts:175:1 › drawer: open focuses the first control; Esc closes from within and returns focus to the tab (4.2s)
  ✓   46 e2e/gallery-guard.spec.ts:49:1 › dropdown retired: the wordmark opens the gallery; no listbox affordance remains (703ms)
  ✓   43 e2e/gallery-deal.spec.ts:517:1 › safe verb: a wandered pair cannot OUTLIVE the transaction (1.1s)
  ✓   51 e2e/gallery.spec.ts:22:1 › gallery: ?view=gallery lands in the carousel — listbox roles, labels, focus, pips (411ms)
  ✓   53 e2e/gallery.spec.ts:95:1 › gallery: Enter on futoshiki selects it — board swaps, ?game set, ?view cleared (556ms)
  ✓   52 e2e/gallery.spec.ts:57:1 › gallery: keyboard step moves the snap, announces it, and updates aria + pips (600ms)
  ✓   54 e2e/gallery.spec.ts:111:1 › gallery: Escape cancels back to the board, no swap, ?view cleared (439ms)
  ✓   50 e2e/gallery-guard.spec.ts:139:1 › guard: selecting the same game never asks, even when the board is dirty (875ms)
  ✓   49 e2e/gallery-guard.spec.ts:125:1 › guard: a pristine board switches to a different game with no ribbon (1.1s)
  ✓   58 e2e/gallery.spec.ts:206:3 › gallery on a 375 phone › 375: one card near-fills the width, a neighbor peeks, pips present (293ms)
  ✓   47 e2e/gallery-guard.spec.ts:82:1 › guard: dirty + different arms the ribbon; leave abandons the marks and switches (1.4s)
  ✓   55 e2e/gallery.spec.ts:123:1 › gallery: `g` opens the gallery from playing; a `g` typed into a cell does not (743ms)
  ✓   57 e2e/gallery.spec.ts:178:3 › gallery under prefers-reduced-motion › PRM: open is an instant cut — gallery present, no tweening (572ms)
  ✓   59 e2e/permalink.spec.ts:45:1 › board-only ?board= URL loads the encoded board (sudoku) (487ms)
  ✓   60 e2e/permalink.spec.ts:59:1 › mismatched ?board=/?size= falls closed to the size path (sudoku) (443ms)
  ✓   48 e2e/gallery-guard.spec.ts:106:1 › guard: keep dismisses the ribbon, stays in the gallery, board unchanged (1.6s)
  ✓   62 e2e/permalink.spec.ts:99:1 › randomize drops ?board= from the URL (sudoku) (499ms)
  ✓   56 e2e/gallery.spec.ts:149:1 › gallery: only the centered card boils — a flank frame is inert + frozen (1.1s)
  ✓   64 e2e/permalink.spec.ts:128:1 › board-only ?board= loads a futoshiki board with its inequalities, randomize drops it (528ms)
  ✓   63 e2e/permalink.spec.ts:112:1 › the share affordance writes ?board= on the explicit act (sudoku) (591ms)
  ✓   65 e2e/share-truth.spec.ts:61:1 › sudoku share success: label + aria confirm AND the clipboard holds the link (536ms)
  ✓   66 e2e/share-truth.spec.ts:82:1 › sudoku share failure: "couldn't copy" signal, link still live in the address bar (544ms)
  ✓   61 e2e/permalink.spec.ts:71:1 › game switch leaves no foreign board/size params in the URL (986ms)
  ✓   67 e2e/share-truth.spec.ts:101:1 › futoshiki share failure: the same "couldn't copy" signal (twin) (548ms)
  ✓   68 e2e/share-truth.spec.ts:123:1 › sudoku corrupt ?board= surfaces the margin-voice notice (483ms)
  ✓   69 e2e/share-truth.spec.ts:132:1 › futoshiki corrupt ?board= surfaces the margin-voice notice (twin) (459ms)
  ✓   70 e2e/sudoku-interaction.spec.ts:47:1 › valid solution: randomize → solve → success state + all cells filled (687ms)
  ✓   74 e2e/sudoku-interaction.spec.ts:145:1 › given cell override: foreground stroke reverts to user-ink on override (512ms)
  ✓   73 e2e/sudoku-interaction.spec.ts:121:1 › given cells use foreground ink, solved cells use solver-ink (658ms)
  ✓   72 e2e/sudoku-interaction.spec.ts:88:1 › consecutive solve: values remain unchanged on second solve (773ms)
  ✓   75 e2e/sudoku-interaction.spec.ts:186:1 › solve failure: conflicting user values produce solve-failure state (674ms)
  ✓   76 e2e/sudoku-interaction.spec.ts:233:1 › noise animation: randomize produces multiple unique reveal delays (635ms)
  ✓   77 e2e/visual-regression.spec.ts:96:1 › light mode: layout, styles, filters, DOM contract (531ms)
  ✓   78 e2e/visual-regression.spec.ts:203:1 › dark mode: celestial swap, control panel carries no filter, DOM contract (602ms)
  ✓   84 e2e/visual-regression.spec.ts:429:1 › the Deal die is not crushed: the commit verb's box fits its own content (391ms)
  ✓   83 e2e/visual-regression.spec.ts:497:1 › the glass curve is the same curve in both layers (451ms)
  ✓   81 e2e/visual-regression.spec.ts:351:1 › graceful degradation: UI renders without backend API (516ms)
  ✓   71 e2e/sudoku-interaction.spec.ts:65:1 › invalid solution: solve → edit cell → state reverts to idle (1.5s)
  ✓   88 e2e/visual-regression.spec.ts:760:1 › toggle warp rest pose: wrung into the page, no carousel travel (486ms)
  ✓   79 e2e/visual-regression.spec.ts:235:1 › grid draw-in completes and path-based boil activates (1.2s)
  ✓   89 e2e/zone-grammar.spec.ts:51:1 › rendered-name census, rail: two eyebrows, three tapes, two captions — and the counter can see an injected one (474ms)
  ✓   87 e2e/visual-regression.spec.ts:696:1 › the iPad coarse card stays under the P1 seal: the chip seam is PAID for (592ms)
  ✓   80 e2e/visual-regression.spec.ts:285:1 › randomize populates board and blank cells accept input (1.4s)
  ✓   92 e2e/zone-grammar.spec.ts:201:1 › the staged headings are HEADINGS for assistive tech — decided one way, not both (470ms)
  ✓   90 e2e/zone-grammar.spec.ts:117:1 › every zone is named by its own VISIBLE tape — the accessible name and the drawn one are one string (523ms)
  ✓   91 e2e/zone-grammar.spec.ts:164:1 › the permanent tape is a LABEL, not a tooltip — and the surface it names has a name (526ms)
  ✓   93 e2e/zone-grammar.spec.ts:244:1 › selection is announced: every option chip carries aria-pressed, exactly one per group (534ms)
  ✓   85 e2e/visual-regression.spec.ts:522:1 › the deal receipt keeps off the commit verb, hover included (1.4s)
  ✓   94 e2e/zone-grammar.spec.ts:276:1 › a frozen well mints ONE pose node and promotes nothing (the HandDrawnOutline prune) (463ms)
  ✓   86 e2e/visual-regression.spec.ts:621:1 › option chips keep their separation: ≥6px between neighbours, both axes (1.3s)
  ✓   96 e2e/zone-grammar.spec.ts:382:3 › coarse regime › the teacher's well names the check state the card has never shown (1.0s)
  ✓   95 e2e/zone-grammar.spec.ts:340:3 › coarse regime › the coarse card: regime witnessed first, then two eyebrows and a 44px floor in BOTH dimensions (1.2s)
  ✓   99 e2e/mobile-affordances.spec.ts:139:1 › native bounded entry (futoshiki twin): coarse cell raises the numeric keypad, iOS-congruent (1.1s)
  ✓   98 e2e/mobile-affordances.spec.ts:123:1 › native bounded entry (sudoku 16×16): two-digit values 10–16 enter whole (1.2s)
  ✓  100 e2e/mobile-affordances.spec.ts:206:1 › hint two-press by touch (T4-W7): first tap names the technique, second inks the digit (1.1s)
  ✓   97 e2e/mobile-affordances.spec.ts:107:1 › native bounded entry (sudoku 9×9): coarse cell raises the numeric keypad, iOS-congruent, 16px floor (1.4s)
  ✓  101 e2e/mobile-affordances.spec.ts:162:1 › touch play tools (T4-WM §2): undo / redo / hint tappable at ≥44px, wired, and no sticky hover (1.2s)
  ✓  102 e2e/mobile-affordances.spec.ts:232:1 › attribution opens on a single tap (T4-WM §2): the coarse focusin+click double-fire no longer nets closed (979ms)
  ✓   82 e2e/visual-regression.spec.ts:367:1 › size switching: 4x4, 9x9, 16x16 all render grid lines (4.4s)
  ✓  105 e2e/mobile-affordances.spec.ts:268:1 › coarse affordances: persistent peek washi on a ≥44px target, icon sublabels, Clear confirm beat (1.2s)
  ✓  107 e2e/mobile-platform.spec.ts:52:3 › ios-discipline (iPhone-geometry coarse) › the board scene contains overscroll (no rubber-band / scroll-chain) (1.1s)
  ✓  108 e2e/mobile-platform.spec.ts:63:3 › ios-discipline (iPhone-geometry coarse) › game surfaces suppress selection + the double-tap-zoom delay (long-press-clean) (1.1s)
  ✓  106 e2e/mobile-affordances.spec.ts:341:1 › Deal is dirty-gated (T4-WU/U3): a pristine board carries no arm; a dirty board arms first (1.3s)
  ✓  104 e2e/mobile-affordances.spec.ts:252:1 › long-press peek (T4-WM §3, futoshiki twin): a hold on a cell opens the candidate glimpse; release clears it (1.8s)
  ✓  109 e2e/mobile-platform.spec.ts:105:3 › ios-discipline (iPhone-geometry coarse) › tap-highlight + text-size-adjust are delivered (preflight) app-wide (1.1s)
  ✓  103 e2e/mobile-affordances.spec.ts:245:1 › long-press peek (T4-WM §3, sudoku): a hold on a cell opens the candidate glimpse; release clears it (1.8s)
  ✓  112 e2e/mobile-platform.spec.ts:364:3 › landscape phone (~844×390, coarse) › no horizontal overflow; entry works (1.1s)
  ✓  111 e2e/mobile-platform.spec.ts:256:3 › the 296px keypad band (measured constant, driven through the composable) › every control can be seated clear of the keypad, verb and deepest chip alike (1.3s)
  ✓  113 e2e/mobile-platform.spec.ts:125:3 › ios-discipline (iPhone-geometry coarse) › viewport opts into the notch + the fixed toggle pads clear of the safe area (1.1s)
  ✓  114 e2e/mobile-platform.spec.ts:378:3 › iPad portrait (<1024, coarse, stacked) › no horizontal overflow; entry works (1.4s)
  ✓  115 e2e/mobile-platform.spec.ts:392:3 › large iPad landscape (≥1024, coarse → desktop drawer layout) › the drawer tab is a clean ≥44px tap target and toggles the rail (1.3s)
  ✓  110 e2e/mobile-platform.spec.ts:200:3 › keyboard-avoid (emulated visualViewport) › a focused below-fold cell scrolls clear of the emulated keyboard band (1.9s)
  ✘   40 e2e/gallery-deal.spec.ts:432:1 › deal: a same-game deal issued BEFORE the scene mounts still lands the staged pair (10.4s)


  1) e2e/gallery-deal.spec.ts:432:1 › deal: a same-game deal issued BEFORE the scene mounts still lands the staged pair 

    Error: expect(locator).toHaveCount(expected) failed

    Locator:  locator('.futoshiki-cell')
    Expected: 0
    Received: 25
    Timeout:  10000ms

    Call log:
      - Expect "toHaveCount" with timeout 10000ms
      - waiting for locator('.futoshiki-cell')
        24 × locator resolved to 25 elements
           - unexpected value "25"


      447 |   await page.goto('./?view=gallery&game=futoshiki');
      448 |   await page.waitForSelector('.staging-band', { timeout: 20000 });
    > 449 |   await expect(page.locator('.futoshiki-cell')).toHaveCount(0); // still resolving
          |                                                 ^
      450 |
      451 |   await axis(page, 'size').getByRole('button', { name: '6×6' }).click();
      452 |   await page.locator('.staging-deal').click();
        at /Users/mkbabb/Programming/csc411/CSC411_HW2_ProgrammingQuestion/web/frontend/e2e/gallery-deal.spec.ts:449:49

    attachment #1: screenshot (image/png) ──────────────────────────────────────────────────────────
    test-results/gallery-deal-deal-a-same-g-21454-still-lands-the-staged-pair/test-failed-1.png
    ────────────────────────────────────────────────────────────────────────────────────────────────

    Error Context: test-results/gallery-deal-deal-a-same-g-21454-still-lands-the-staged-pair/error-context.md

  1 failed
    e2e/gallery-deal.spec.ts:432:1 › deal: a same-game deal issued BEFORE the scene mounts still lands the staged pair 
  114 passed (16.3s)
