
=== land-844x390  (844×390)  regimeOk=true
  cap               cell(ch)  cell(wk)  square  fits   pageVh  needChip  chipCoVis
  revert              74.22    74.22      672  false    3.667   841.27  false
  cap-10rem-SHIPPED   25.11    25.11      230   true    2.533   399.27  false
  cap-4rem            35.77    35.77      326   true    2.779   495.27  false
  cap-1.5rem          40.22    40.22      366   true    2.882   535.27  false
  cap-0               42.88    42.88      390   true    2.944   559.27  false

=== land-926x428  (926×428)  regimeOk=true
  cap               cell(ch)  cell(wk)  square  fits   pageVh  needChip  chipCoVis
  revert              74.22    74.22      672  false    3.346   841.72  false
  cap-10rem-SHIPPED   29.33    29.33      268   true    2.402   437.72  false
  cap-4rem               40       40      364   true    2.626   533.72  false
  cap-1.5rem          44.44    44.44      404   true     2.72   573.72  false
  cap-0               47.11    47.11      428   true    2.776   597.72  false

=== land-740x360  (740×360)  regimeOk=true
  cap               cell(ch)  cell(wk)  square  fits   pageVh  needChip  chipCoVis
  revert              74.22    74.22      672  false    4.061   838.92  false
  cap-10rem-SHIPPED   21.77    21.77      200   true     2.75   366.92  false
  cap-4rem            32.44    32.44      296   true    3.017   462.92  false
  cap-1.5rem          36.88    36.88      336   true    3.128   502.92  false
  cap-0               39.55    39.55      360   true    3.194   526.92  false

=== port-390x844  (390×844)  regimeOk=true
  cap               cell(ch)  cell(wk)  square  fits   pageVh  needChip  chipCoVis
  revert              40.22    40.22      366   true    1.341   531.98   true
  cap-10rem-SHIPPED   40.22    40.22      366   true    1.341   531.98   true
  cap-4rem            40.22    40.22      366   true    1.341   531.98   true
  cap-1.5rem          40.22    40.22      366   true    1.341   531.98   true
  cap-0               40.22    40.22      366   true    1.341   531.98   true

=== port-390x664-THE-CASE  (390×664)  regimeOk=true
  cap               cell(ch)  cell(wk)  square  fits   pageVh  needChip  chipCoVis
  revert              40.22    40.22      366   true    1.705   531.98   true
  cap-10rem-SHIPPED   40.22    40.22      366   true    1.705   531.98   true
  cap-4rem            40.22    40.22      366   true    1.705   531.98   true
  cap-1.5rem          40.22    40.22      366   true    1.705   531.98   true
  cap-0               40.22    40.22      366   true    1.705   531.98   true

=== port-320x568  (320×568)  regimeOk=true
  cap               cell(ch)  cell(wk)  square  fits   pageVh  needChip  chipCoVis
  revert              32.44    32.44      296   true    1.891   461.98   true
  cap-10rem-SHIPPED   32.44    32.44      296   true    1.891   461.98   true
  cap-4rem            32.44    32.44      296   true    1.891   461.98   true
  cap-1.5rem          32.44    32.44      296   true    1.891   461.98   true
  cap-0               32.44    32.44      296   true    1.891   461.98   true

=== port-820x1180-iPadP  (820×1180)  regimeOk=true
  cap               cell(ch)  cell(wk)  square  fits   pageVh  needChip  chipCoVis
  revert              74.22    74.22      672   true    1.212   841.14   true
  cap-10rem-SHIPPED   74.22    74.22      672   true    1.212   841.14   true
  cap-4rem            74.22    74.22      672   true    1.212   841.14   true
  cap-1.5rem          74.22    74.22      672   true    1.212   841.14   true
  cap-0               74.22    74.22      672   true    1.212   841.14   true

=== rail-1280x800-GOLDEN  (1280×800)  regimeOk=true
  cap               cell(ch)  cell(wk)  square  fits   pageVh  needChip  chipCoVis
  revert              74.22    74.22      672   true    1.032   139.45   true
  cap-10rem-SHIPPED   70.66    70.66      640   true    1.012   123.45   true
  cap-4rem            74.22    74.22      672   true    1.032   139.45   true
  cap-1.5rem          74.22    74.22      672   true    1.032   139.45   true
  cap-0               74.22    74.22      672   true    1.032   139.45   true

=== rail-1440x900  (1440×900)  regimeOk=true
  cap               cell(ch)  cell(wk)  square  fits   pageVh  needChip  chipCoVis
  revert              74.22    74.22      672   true        1   123.45   true
  cap-10rem-SHIPPED   74.22    74.22      672   true        1   123.45   true
  cap-4rem            74.22    74.22      672   true        1   123.45   true
  cap-1.5rem          74.22    74.22      672   true        1   123.45   true
  cap-0               74.22    74.22      672   true        1   123.45   true
