
== chromium · 320x568 coarse ==
  proto  coarse=true cardH 352 clientH 700 chipMin 0x0 n14
    cap "marks" used 87 minC 87 (d 0) x 16->103 top 558.8 basis auto align start self flex-start ws nowrap face Fraunces·25.89·800·lowercase clone Fraunces·25.89·800 strip@16 next-line
    cap "what fits" used 120.69 minC 120.69 (d 0) x 16->136.69 top 651.45 basis auto align start self flex-start ws nowrap face Fraunces·25.89·800·lowercase clone Fraunces·25.89·800 strip@144.69 SAME-LINE
    left spread 0 right spread 33.69
    voices ["Fraunces·25.89·800·lowercase"] tapes ["Fraunces·25.89·800"]
    counts {"heads":2,"tapes":4,"caps":2} nPrinted 8
    tok {"ringInk":"#3a7bc4","whisper":"0s","headRule":"0px","cardPadT":"6px"}
    paint {"headTransition":"color cubic-bezier(0.4, 0, 0.2, 1)","headTransDur":"0s","chipOutline":"oklab(0.144521 0.00000657141 0.00000288337 / 0.5)"}
  headP  coarse=true cardH 352 clientH 675 chipMin 0x0 n14
    cap "marks" used 60 minC 33.36 (d 26.64) x 16->76 top 548.91 basis 60px align right self auto ws normal face Patrick Hand·14·400·none clone Patrick Hand·14·400 strip@16 next-line
    cap "what fits" used 60 minC 47.41 (d 12.59) x 16->76 top 644.19 basis 60px align right self auto ws normal face Patrick Hand·14·400·none clone Patrick Hand·14·400 strip@84 next-line
    left spread 0 right spread 0
    voices ["Fraunces·20.35·800·lowercase"] tapes ["Patrick Hand·14·500"]
    counts {"heads":2,"tapes":4,"caps":2} nPrinted 8
    tok {"ringInk":"","whisper":"","headRule":"0px","cardPadT":"6px"}
    paint {"headTransition":"all","headTransDur":"0s","chipOutline":"oklab(0.144787 0.00000661612 0.00000289828 / 0.5)"}
    >>> cardH delta proto-head = 0

== chromium · 390x844 coarse ==
  proto  coarse=true cardH 628 clientH 661 chipMin 0x0 n14
    cap "marks" used 87 minC 87 (d 0) x 16->103 top 558.8 basis auto align start self flex-start ws nowrap face Fraunces·25.89·800·lowercase clone Fraunces·25.89·800 strip@111 SAME-LINE
    cap "what fits" used 120.69 minC 120.69 (d 0) x 16->136.69 top 612.39 basis auto align start self flex-start ws nowrap face Fraunces·25.89·800·lowercase clone Fraunces·25.89·800 strip@144.69 SAME-LINE
    left spread 0 right spread 33.69
    voices ["Fraunces·25.89·800·lowercase"] tapes ["Fraunces·25.89·800"]
    counts {"heads":2,"tapes":4,"caps":2} nPrinted 8
    tok {"ringInk":"#3a7bc4","whisper":"0s","headRule":"0px","cardPadT":"6px"}
    paint {"headTransition":"color cubic-bezier(0.4, 0, 0.2, 1)","headTransDur":"0s","chipOutline":"oklab(0.144521 0.00000657141 0.00000288337 / 0.5)"}
  headP  coarse=true cardH 628 clientH 675 chipMin 0x0 n14
    cap "marks" used 60 minC 33.36 (d 26.64) x 16->76 top 548.91 basis 60px align right self auto ws normal face Patrick Hand·14·400·none clone Patrick Hand·14·400 strip@16 next-line
    cap "what fits" used 60 minC 47.41 (d 12.59) x 16->76 top 644.19 basis 60px align right self auto ws normal face Patrick Hand·14·400·none clone Patrick Hand·14·400 strip@84 next-line
    left spread 0 right spread 0
    voices ["Fraunces·20.35·800·lowercase"] tapes ["Patrick Hand·14·500"]
    counts {"heads":2,"tapes":4,"caps":2} nPrinted 8
    tok {"ringInk":"","whisper":"","headRule":"0px","cardPadT":"6px"}
    paint {"headTransition":"all","headTransDur":"0s","chipOutline":"oklab(0.144787 0.00000661612 0.00000289828 / 0.5)"}
    >>> cardH delta proto-head = 0

== chromium · 768x1024 coarse ==
  proto  coarse=true cardH 685.08 clientH 661 chipMin 0x0 n14
    cap "marks" used 87 minC 87 (d 0) x 16->103 top 681.72 basis auto align start self flex-start ws nowrap face Fraunces·25.89·800·lowercase clone Fraunces·25.89·800 strip@111 SAME-LINE
    cap "what fits" used 120.69 minC 120.69 (d 0) x 16->136.69 top 735.31 basis auto align start self flex-start ws nowrap face Fraunces·25.89·800·lowercase clone Fraunces·25.89·800 strip@144.69 SAME-LINE
    left spread 0 right spread 33.69
    voices ["Fraunces·25.89·800·lowercase"] tapes ["Fraunces·25.89·800"]
    counts {"heads":2,"tapes":4,"caps":2} nPrinted 8
    tok {"ringInk":"#3a7bc4","whisper":"0s","headRule":"12px","cardPadT":"6px"}
    paint {"headTransition":"color cubic-bezier(0.4, 0, 0.2, 1)","headTransDur":"0s","chipOutline":"oklab(0.144521 0.00000657141 0.00000288337 / 0.5)"}
  headP  coarse=true cardH 681.02 clientH 657 chipMin 0x0 n14
    cap "marks" used 60 minC 33.36 (d 26.64) x 16->76 top 697.55 basis 60px align right self auto ws normal face Patrick Hand·14·400·none clone Patrick Hand·14·400 strip@84 next-line
    cap "what fits" used 60 minC 47.41 (d 12.59) x 16->76 top 752.14 basis 60px align right self auto ws normal face Patrick Hand·14·400·none clone Patrick Hand·14·400 strip@84 next-line
    left spread 0 right spread 0
    voices ["Fraunces·25.89·800·lowercase"] tapes ["Patrick Hand·14·500"]
    counts {"heads":2,"tapes":4,"caps":2} nPrinted 8
    tok {"ringInk":"","whisper":"","headRule":"calc(.75rem + 0px)","cardPadT":"6px"}
    paint {"headTransition":"all","headTransDur":"0s","chipOutline":"oklab(0.144787 0.00000661612 0.00000289828 / 0.5)"}
    >>> cardH delta proto-head = 4.06

== chromium · 1280x800 fine ==
  proto  coarse=false cardH 608 clientH 1097 chipMin 130.52x38 n14
    cap "marks" used 87 minC 87 (d 0) x 853.89->940.89 top 710.45 basis auto align start self flex-start ws nowrap face Fraunces·25.89·800·lowercase clone Fraunces·25.89·800 strip@null next-line
    cap "what fits" used 120.69 minC 120.69 (d 0) x 853.89->974.58 top 871.48 basis auto align start self flex-start ws nowrap face Fraunces·25.89·800·lowercase clone Fraunces·25.89·800 strip@null next-line
    left spread 0 right spread 33.69
    voices ["Fraunces·25.89·800·lowercase"] tapes ["Fraunces·25.89·800"]
    counts {"heads":2,"tapes":4,"caps":2} nPrinted 8
    tok {"ringInk":"#3a7bc4","whisper":"0s","headRule":"12px","cardPadT":"20px"}
    paint {"headTransition":"color cubic-bezier(0.4, 0, 0.2, 1)","headTransDur":"0s","chipOutline":"oklab(0.144521 0.00000657141 0.00000288337 / 0.5)"}
  headP  coarse=false cardH 608 clientH 1066 chipMin 130.52x38 n14
    cap "marks" used 268.22 minC 33.45 (d 234.77) x 853.89->1122.11 top 710.39 basis auto align left self auto ws normal face Patrick Hand·14.05·400·none clone Patrick Hand·14.05·400 strip@null next-line
    cap "what fits" used 268.22 minC 47.55 (d 220.67) x 853.89->1122.11 top 855.8 basis auto align left self auto ws normal face Patrick Hand·14.05·400·none clone Patrick Hand·14.05·400 strip@null next-line
    left spread 0 right spread 0
    voices ["Fraunces·25.89·800·lowercase"] tapes ["Patrick Hand·14.05·500"]
    counts {"heads":2,"tapes":4,"caps":2} nPrinted 8
    tok {"ringInk":"","whisper":"","headRule":"calc(.75rem + 0px)","cardPadT":"20px"}
    paint {"headTransition":"all","headTransDur":"0s","chipOutline":"oklab(0.144787 0.00000661612 0.00000289828 / 0.5)"}
    >>> cardH delta proto-head = 0

== webkit · 320x568 coarse ==
  proto  coarse=true cardH 351.98 clientH 700 chipMin 0x0 n14
    cap "marks" used 87.03 minC 87.03 (d 0) x 16->103.03 top 559.08 basis auto align start self flex-start ws nowrap face Fraunces·25.89·800·lowercase clone Fraunces·25.89·800 strip@16 next-line
    cap "what fits" used 120.72 minC 120.72 (d 0) x 16->136.72 top 651.72 basis auto align start self flex-start ws nowrap face Fraunces·25.89·800·lowercase clone Fraunces·25.89·800 strip@144.72 SAME-LINE
    left spread 0 right spread 33.69
    voices ["Fraunces·25.89·800·lowercase"] tapes ["Fraunces·25.89·800"]
    counts {"heads":2,"tapes":4,"caps":2} nPrinted 8
    tok {"ringInk":"#3a7bc4","whisper":"0s","headRule":"0px","cardPadT":"6px"}
    paint {"headTransition":"color cubic-bezier(0.4, 0, 0.2, 1)","headTransDur":"0s","chipOutline":"oklab(0.144522 0 0 / 0.5)"}
  headP  coarse=true cardH 351.98 clientH 675 chipMin 0x0 n14
    cap "marks" used 60 minC 33.36 (d 26.64) x 16->76 top 549.23 basis 60px align right self auto ws normal face Patrick Hand·14·400·none clone Patrick Hand·14·400 strip@16 next-line
    cap "what fits" used 60 minC 47.41 (d 12.59) x 16->76 top 644.52 basis 60px align right self auto ws normal face Patrick Hand·14·400·none clone Patrick Hand·14·400 strip@84 next-line
    left spread 0 right spread 0
    voices ["Fraunces·20.35·800·lowercase"] tapes ["Patrick Hand·14·500"]
    counts {"heads":2,"tapes":4,"caps":2} nPrinted 8
    tok {"ringInk":"","whisper":"","headRule":"0px","cardPadT":"6px"}
    paint {"headTransition":"all","headTransDur":"0s","chipOutline":"oklab(0.144788 0 0 / 0.5)"}
    >>> cardH delta proto-head = 0

== webkit · 390x844 coarse ==
  proto  coarse=true cardH 627.98 clientH 661 chipMin 0x0 n14
    cap "marks" used 87.03 minC 87.03 (d 0) x 16->103.03 top 559.08 basis auto align start self flex-start ws nowrap face Fraunces·25.89·800·lowercase clone Fraunces·25.89·800 strip@111.03 SAME-LINE
    cap "what fits" used 120.72 minC 120.72 (d 0) x 16->136.72 top 612.67 basis auto align start self flex-start ws nowrap face Fraunces·25.89·800·lowercase clone Fraunces·25.89·800 strip@144.72 SAME-LINE
    left spread 0 right spread 33.69
    voices ["Fraunces·25.89·800·lowercase"] tapes ["Fraunces·25.89·800"]
    counts {"heads":2,"tapes":4,"caps":2} nPrinted 8
    tok {"ringInk":"#3a7bc4","whisper":"0s","headRule":"0px","cardPadT":"6px"}
    paint {"headTransition":"color cubic-bezier(0.4, 0, 0.2, 1)","headTransDur":"0s","chipOutline":"oklab(0.144522 0 0 / 0.5)"}
  headP  coarse=true cardH 627.98 clientH 675 chipMin 0x0 n14
    cap "marks" used 60 minC 33.36 (d 26.64) x 16->76 top 549.23 basis 60px align right self auto ws normal face Patrick Hand·14·400·none clone Patrick Hand·14·400 strip@16 next-line
    cap "what fits" used 60 minC 47.41 (d 12.59) x 16->76 top 644.52 basis 60px align right self auto ws normal face Patrick Hand·14·400·none clone Patrick Hand·14·400 strip@84 next-line
    left spread 0 right spread 0
    voices ["Fraunces·20.35·800·lowercase"] tapes ["Patrick Hand·14·500"]
    counts {"heads":2,"tapes":4,"caps":2} nPrinted 8
    tok {"ringInk":"","whisper":"","headRule":"0px","cardPadT":"6px"}
    paint {"headTransition":"all","headTransDur":"0s","chipOutline":"oklab(0.144788 0 0 / 0.5)"}
    >>> cardH delta proto-head = 0

== webkit · 768x1024 coarse ==
  proto  coarse=true cardH 685.33 clientH 661 chipMin 0x0 n14
    cap "marks" used 87.03 minC 87.03 (d 0) x 16->103.03 top 681.74 basis auto align start self flex-start ws nowrap face Fraunces·25.89·800·lowercase clone Fraunces·25.89·800 strip@111.03 SAME-LINE
    cap "what fits" used 120.72 minC 120.72 (d 0) x 16->136.72 top 735.34 basis auto align start self flex-start ws nowrap face Fraunces·25.89·800·lowercase clone Fraunces·25.89·800 strip@144.72 SAME-LINE
    left spread 0 right spread 33.69
    voices ["Fraunces·25.89·800·lowercase"] tapes ["Fraunces·25.89·800"]
    counts {"heads":2,"tapes":4,"caps":2} nPrinted 8
    tok {"ringInk":"#3a7bc4","whisper":"0s","headRule":"12px","cardPadT":"6px"}
    paint {"headTransition":"color cubic-bezier(0.4, 0, 0.2, 1)","headTransDur":"0s","chipOutline":"oklab(0.144522 0 0 / 0.5)"}
  headP  coarse=true cardH 681.33 clientH 657 chipMin 0x0 n14
    cap "marks" used 60 minC 33.36 (d 26.64) x 16->76 top 697.54 basis 60px align right self auto ws normal face Patrick Hand·14·400·none clone Patrick Hand·14·400 strip@84 next-line
    cap "what fits" used 60 minC 47.41 (d 12.59) x 16->76 top 752.14 basis 60px align right self auto ws normal face Patrick Hand·14·400·none clone Patrick Hand·14·400 strip@84 next-line
    left spread 0 right spread 0
    voices ["Fraunces·25.89·800·lowercase"] tapes ["Patrick Hand·14·500"]
    counts {"heads":2,"tapes":4,"caps":2} nPrinted 8
    tok {"ringInk":"","whisper":"","headRule":"calc(.75rem + 0px)","cardPadT":"6px"}
    paint {"headTransition":"all","headTransDur":"0s","chipOutline":"oklab(0.144788 0 0 / 0.5)"}
    >>> cardH delta proto-head = 4

== webkit · 1280x800 fine ==
  proto  coarse=false cardH 608 clientH 1097 chipMin 130.56x38 n14
    cap "marks" used 87.03 minC 87.03 (d 0) x 853.84->940.88 top 710.09 basis auto align start self flex-start ws nowrap face Fraunces·25.89·800·lowercase clone Fraunces·25.89·800 strip@null next-line
    cap "what fits" used 120.72 minC 120.72 (d 0) x 853.84->974.56 top 871.11 basis auto align start self flex-start ws nowrap face Fraunces·25.89·800·lowercase clone Fraunces·25.89·800 strip@null next-line
    left spread 0 right spread 33.68
    voices ["Fraunces·25.89·800·lowercase"] tapes ["Fraunces·25.89·800"]
    counts {"heads":2,"tapes":4,"caps":2} nPrinted 8
    tok {"ringInk":"#3a7bc4","whisper":"0s","headRule":"12px","cardPadT":"20px"}
    paint {"headTransition":"color cubic-bezier(0.4, 0, 0.2, 1)","headTransDur":"0s","chipOutline":"oklab(0.144522 0 0 / 0.5)"}
  headP  coarse=false cardH 608 clientH 1066 chipMin 130.56x38 n14
    cap "marks" used 268.31 minC 33.47 (d 234.84) x 853.84->1122.16 top 710.06 basis auto align left self auto ws normal face Patrick Hand·14.05·400·none clone Patrick Hand·14.05·400 strip@null next-line
    cap "what fits" used 268.31 minC 47.58 (d 220.73) x 853.84->1122.16 top 855.47 basis auto align left self auto ws normal face Patrick Hand·14.05·400·none clone Patrick Hand·14.05·400 strip@null next-line
    left spread 0 right spread 0
    voices ["Fraunces·25.89·800·lowercase"] tapes ["Patrick Hand·14.05·500"]
    counts {"heads":2,"tapes":4,"caps":2} nPrinted 8
    tok {"ringInk":"","whisper":"","headRule":"calc(.75rem + 0px)","cardPadT":"20px"}
    paint {"headTransition":"all","headTransDur":"0s","chipOutline":"oklab(0.144788 0 0 / 0.5)"}
    >>> cardH delta proto-head = 0

DONE-A
