RINGINK {"engine":"chromium","scheme":"light","rootRingInk":"#3a7bc4","rootFocusSketch":"#3a7bc4","chip":{"cls":"ctrl-btn rounded-md px-3 pt-1.5 pb-0 tex","focusVisible":false,"outline":"3px none oklab(0.144521 0.00000657141 0.00000288337 / 0.5)","offset":"0px","ringInkHere":"#3a7bc4"},"tabHead":{"cls":"mobile-heading-btn","focusVisible":false,"outline":"3px none oklab(0.144521 0.00000657141 0.00000288337 / 0.5)","offset":"0px","ringInkHere":"#3a7bc4"}}
RINGINK {"engine":"chromium","scheme":"dark","rootRingInk":"#3a7bc4","rootFocusSketch":"#3a7bc4","chip":{"cls":"ctrl-btn rounded-md px-3 pt-1.5 pb-0 tex","focusVisible":false,"outline":"3px none oklab(0.874786 -0.000648469 0.00767565 / 0.5)","offset":"0px","ringInkHere":"#3a7bc4"},"tabHead":{"cls":"mobile-heading-btn","focusVisible":false,"outline":"3px none oklab(0.874786 -0.000648469 0.00767565 / 0.5)","offset":"0px","ringInkHere":"#3a7bc4"}}
DECK chromium (dev vs dev): proto 49 / head 43 elements, 18 deltas
   COUNT button|ctrl-btn rounded-md px-3 pt-1.5 pb-0 text-center transition-colors duration-150 text-muted-foreground hover:text-foreground hover-item|4×4 proto 1 head 0
   COUNT span|ctrl-word|4×4 proto 1 head 0
   COUNT button|ctrl-btn rounded-md px-3 pt-1.5 pb-0 text-center transition-colors duration-150 selected-item font-bold text-foreground|9×9 proto 1 head 0
   COUNT span|ctrl-word|9×9 proto 1 head 0
   COUNT button|ctrl-btn rounded-md px-3 pt-1.5 pb-0 text-center transition-colors duration-150 text-muted-foreground hover:text-foreground hover-item|16×16 proto 1 head 0
   COUNT span|ctrl-word|16×16 proto 1 head 0
   COUNT button|ctrl-btn rounded-md px-3 pt-1.5 pb-0 text-center transition-colors duration-150 text-muted-foreground hover:text-foreground hover-item|Easy proto 1 head 0
   COUNT span|ctrl-word|Easy proto 1 head 0
   COUNT button|ctrl-btn rounded-md px-3 pt-1.5 pb-0 text-center transition-colors duration-150 selected-item font-bold crayon-orange|Medium proto 1 head 0
   COUNT span|ctrl-word|Medium proto 1 head 0
   COUNT button|ctrl-btn rounded-md px-3 pt-1.5 pb-0 text-center transition-colors duration-150 text-muted-foreground hover:text-foreground hover-item|Hard proto 1 head 0
   COUNT span|ctrl-word|Hard proto 1 head 0
   COUNT button|ctrl-btn rounded-md px-3 py-1.5 text-center transition-colors duration-150 text-muted-foreground hover:text-foreground hover-item|4×4 proto 0 head 1
   COUNT button|ctrl-btn rounded-md px-3 py-1.5 text-center transition-colors duration-150 selected-item font-bold text-foreground|9×9 proto 0 head 1
   COUNT button|ctrl-btn rounded-md px-3 py-1.5 text-center transition-colors duration-150 text-muted-foreground hover:text-foreground hover-item|16×16 proto 0 head 1
   COUNT button|ctrl-btn rounded-md px-3 py-1.5 text-center transition-colors duration-150 text-muted-foreground hover:text-foreground hover-item|Easy proto 0 head 1
   COUNT button|ctrl-btn rounded-md px-3 py-1.5 text-center transition-colors duration-150 selected-item font-bold crayon-orange|Medium proto 0 head 1
   COUNT button|ctrl-btn rounded-md px-3 py-1.5 text-center transition-colors duration-150 text-muted-foreground hover:text-foreground hover-item|Hard proto 0 head 1
RINGINK {"engine":"webkit","scheme":"light","rootRingInk":"#3a7bc4","rootFocusSketch":"#3a7bc4","chip":{"cls":"ctrl-btn rounded-md px-3 pt-1.5 pb-0 tex","focusVisible":false,"outline":"3px none oklab(0.144522 0 0 / 0.5)","offset":"0px","ringInkHere":"#3a7bc4"},"tabHead":{"cls":"mobile-heading-btn","focusVisible":false,"outline":"3px none oklab(0.144522 0 0 / 0.5)","offset":"0px","ringInkHere":"#3a7bc4"}}
RINGINK {"engine":"webkit","scheme":"dark","rootRingInk":"#3a7bc4","rootFocusSketch":"#3a7bc4","chip":{"cls":"ctrl-btn rounded-md px-3 pt-1.5 pb-0 tex","focusVisible":false,"outline":"3px none oklab(0.874791 -0.000688 0.007658 / 0.5)","offset":"0px","ringInkHere":"#3a7bc4"},"tabHead":{"cls":"mobile-heading-btn","focusVisible":false,"outline":"3px none oklab(0.874791 -0.000688 0.007658 / 0.5)","offset":"0px","ringInkHere":"#3a7bc4"}}
DECK webkit (dev vs dev): proto 67 / head 61 elements, 18 deltas
   COUNT button|ctrl-btn rounded-md px-3 pt-1.5 pb-0 text-center transition-colors duration-150 text-muted-foreground hover:text-foreground hover-item|4×4 proto 1 head 0
   COUNT span|ctrl-word|4×4 proto 1 head 0
   COUNT button|ctrl-btn rounded-md px-3 pt-1.5 pb-0 text-center transition-colors duration-150 selected-item font-bold text-foreground|9×9 proto 1 head 0
   COUNT span|ctrl-word|9×9 proto 1 head 0
   COUNT button|ctrl-btn rounded-md px-3 pt-1.5 pb-0 text-center transition-colors duration-150 text-muted-foreground hover:text-foreground hover-item|16×16 proto 1 head 0
   COUNT span|ctrl-word|16×16 proto 1 head 0
   COUNT button|ctrl-btn rounded-md px-3 pt-1.5 pb-0 text-center transition-colors duration-150 text-muted-foreground hover:text-foreground hover-item|Easy proto 1 head 0
   COUNT span|ctrl-word|Easy proto 1 head 0
   COUNT button|ctrl-btn rounded-md px-3 pt-1.5 pb-0 text-center transition-colors duration-150 selected-item font-bold crayon-orange|Medium proto 1 head 0
   COUNT span|ctrl-word|Medium proto 1 head 0
   COUNT button|ctrl-btn rounded-md px-3 pt-1.5 pb-0 text-center transition-colors duration-150 text-muted-foreground hover:text-foreground hover-item|Hard proto 1 head 0
   COUNT span|ctrl-word|Hard proto 1 head 0
   COUNT button|ctrl-btn rounded-md px-3 py-1.5 text-center transition-colors duration-150 text-muted-foreground hover:text-foreground hover-item|4×4 proto 0 head 1
   COUNT button|ctrl-btn rounded-md px-3 py-1.5 text-center transition-colors duration-150 selected-item font-bold text-foreground|9×9 proto 0 head 1
   COUNT button|ctrl-btn rounded-md px-3 py-1.5 text-center transition-colors duration-150 text-muted-foreground hover:text-foreground hover-item|16×16 proto 0 head 1
   COUNT button|ctrl-btn rounded-md px-3 py-1.5 text-center transition-colors duration-150 text-muted-foreground hover:text-foreground hover-item|Easy proto 0 head 1
   COUNT button|ctrl-btn rounded-md px-3 py-1.5 text-center transition-colors duration-150 selected-item font-bold crayon-orange|Medium proto 0 head 1
   COUNT button|ctrl-btn rounded-md px-3 py-1.5 text-center transition-colors duration-150 text-muted-foreground hover:text-foreground hover-item|Hard proto 0 head 1
DONE-C
