RING chromium light: {"engine":"chromium","scheme":"light","dark":false,"reach":true,"chip":"4×4","outline":"2px dashed rgb(58, 123, 196)","offset":"3px","cardBg":"rgb(253, 253, 252)","strokePx":2331,"best":{"ratio":4.29,"ink":[58,123,196],"paper":[253,253,252]},"median":{"ratio":4.29,"ink":[58,123,196],"paper":[253,253,252]}}
RING chromium dark: {"engine":"chromium","scheme":"dark","dark":true,"reach":true,"chip":"4×4","outline":"2px dashed rgb(58, 123, 196)","offset":"3px","cardBg":"rgb(19, 18, 17)","strokePx":2320,"best":{"ratio":4.29,"ink":[58,123,196],"paper":[19,18,17]},"median":{"ratio":4.29,"ink":[58,123,196],"paper":[19,18,17]}}
DECK chromium: proto 48 elements / head 42; 70 deltas
   #8 ctrl-word FACE Fira Code·16·400·24px·normal·none vs Fira Code·16·700·24px·normal·none
   #8 ctrl-word COLOR rgb(115, 115, 115) vs rgb(10, 10, 10)
   #8 ctrl-word BOX d[-46.39,6,-20.781,-6]
   #9 ctrl-btn rounded-md px-3 pt-1.5 pb-0 text-center FACE Fira Code·16·700·24px·normal·none vs Fira Code·16·400·24px·normal·none
   #9 ctrl-btn rounded-md px-3 pt-1.5 pb-0 text-center COLOR rgb(10, 10, 10) vs rgb(115, 115, 115)
   #9 ctrl-btn rounded-md px-3 pt-1.5 pb-0 text-center BOX d[-56.782,0,-19.187,0]
   #10 ctrl-word FACE Fira Code·16·700·24px·normal·none vs Georgia·16·400·24px·normal·none
   #10 ctrl-word BOX d[123.172,-34.781,-263.187,-10.781]
   #11 ctrl-btn rounded-md px-3 pt-1.5 pb-0 text-center FACE Fira Code·16·400·24px·normal·none vs Patrick Hand·16·800·19.2px·0.4px·lowercase
   #11 ctrl-btn rounded-md px-3 pt-1.5 pb-0 text-center COLOR rgb(115, 115, 115) vs rgb(162, 96, 9)
   #11 ctrl-btn rounded-md px-3 pt-1.5 pb-0 text-center BOX d[169.563,-51.578,20.781,16.812]
   #12 ctrl-word FACE Fira Code·16·400·24px·normal·none vs Georgia·16·400·24px·normal·none
   #12 ctrl-word COLOR rgb(115, 115, 115) vs rgb(10, 10, 10)
   #12 ctrl-word BOX d[123.953,-34.781,-188,-10.781]
RING webkit light: {"engine":"webkit","scheme":"light","dark":false,"reach":"FORCED (webkit: <button> is not in the Tab order)","chip":"4×4","outline":"2px dashed rgb(58, 123, 196)","offset":"3px","cardBg":"rgb(253, 253, 252)","strokePx":1938,"best":{"ratio":4.29,"ink":[58,123,196],"paper":[253,253,252]},"median":{"ratio":4.29,"ink":[58,123,196],"paper":[253,253,252]}}
RING webkit dark: {"engine":"webkit","scheme":"dark","dark":true,"reach":"FORCED (webkit: <button> is not in the Tab order)","chip":"4×4","outline":"2px dashed rgb(58, 123, 196)","offset":"3px","cardBg":"rgb(19, 18, 17)","strokePx":1930,"best":{"ratio":4.29,"ink":[58,123,196],"paper":[19,18,17]},"median":{"ratio":4.29,"ink":[58,123,196],"paper":[19,18,17]}}
DECK webkit: proto 66 elements / head 60; 91 deltas
   #8 ctrl-word FACE Fira Code·16·400·24px·normal·none vs Fira Code·16·700·24px·normal·none
   #8 ctrl-word COLOR rgb(115, 115, 115) vs rgb(10, 10, 10)
   #8 ctrl-word BOX d[-46.39,6,-20.781,-6]
   #9 ctrl-btn rounded-md px-3 pt-1.5 pb-0 text-center FACE Fira Code·16·700·24px·normal·none vs Fira Code·16·400·24px·normal·none
   #9 ctrl-btn rounded-md px-3 pt-1.5 pb-0 text-center COLOR rgb(10, 10, 10) vs rgb(115, 115, 115)
   #9 ctrl-btn rounded-md px-3 pt-1.5 pb-0 text-center BOX d[-56.782,0,-19.187,0]
   #10 ctrl-word FACE Fira Code·16·700·24px·normal·none vs Georgia·16·400·24px·normal·none
   #10 ctrl-word BOX d[123.172,-34.781,-263.187,-10.781]
   #11 ctrl-btn rounded-md px-3 pt-1.5 pb-0 text-center FACE Fira Code·16·400·24px·normal·none vs Patrick Hand·16·800·19.200001px·0.4px·lowercase
   #11 ctrl-btn rounded-md px-3 pt-1.5 pb-0 text-center COLOR rgb(115, 115, 115) vs rgb(162, 96, 9)
   #11 ctrl-btn rounded-md px-3 pt-1.5 pb-0 text-center BOX d[169.563,-51.578,20.781,16.812]
   #12 ctrl-word FACE Fira Code·16·400·24px·normal·none vs Georgia·16·400·24px·normal·none
   #12 ctrl-word COLOR rgb(115, 115, 115) vs rgb(10, 10, 10)
   #12 ctrl-word BOX d[123.953,-34.781,-188,-10.781]
DONE-B
