AUDIT 2026-08-02T11:03:23Z · host darwin · sha 4b28f034 · harness NONE (doc gates, no server)
cmd: node scripts/check-doc-truth.mjs ; node scripts/check-evidence-policy.mjs — run AFTER this lane's two file edits

── SHARED-TREE STATE AT RUN TIME (git status --porcelain) ──
 M .github/workflows/ci.yml
 M docs/tranches/2026-08-tranche-5/evidence/design-loop/pass4/A-report.md
 M docs/tranches/PRECEPTS.md
 M scripts/check-doc-truth.mjs
 M scripts/check-evidence-policy.mjs
 M scripts/ledger-diff.mjs
 D web/frontend/e2e/linux-webkit-bake-quarantine.ts
 M web/frontend/e2e/theme-bake-freshness.spec.ts
 M web/frontend/e2e/wordmark-integrity.spec.ts
 M web/frontend/package-lock.json
 M web/frontend/package.json
 M web/frontend/scripts/check-coverage-floor.mjs
 M web/frontend/scripts/check-golden-bytes.mjs
 M web/frontend/scripts/check-prod-shake.mjs
 M web/frontend/scripts/check-pw-projects.mjs
 M web/frontend/scripts/check-theme-tokens.mjs
 M web/frontend/scripts/golden-magnitude.mjs
 M web/frontend/scripts/tdz-probe.mjs
 M web/frontend/src/pencil/chrome/HandwrittenLogo/HandwrittenLogo.vue
?? docs/tranches/2026-08-tranche-5/evidence/design-loop/pass7/
?? web/frontend/playwright.pass7f3.config.ts

── check-evidence-policy.mjs (governs this lane's new pass7/A/ tree) ──
[evidence-policy] scope docs/tranches/** — 365 png, 31,902,951 B across 28 wave bucket(s)
[evidence-policy] caps 153,600 B/image · 2,097,152 B/wave · name ban /-full\.png$/
[evidence-policy] banked dists — 29 directory bank(s), 2 archive(s); form required: .tar.gz + md5, or TESTIMONY.md
[evidence-policy] grandfathered 64 image pin(s), 5 wave pin(s), 29 dist pin(s)
[evidence-policy] PASS — every image, every wave and every banked dist within policy.
EXIT=0

── check-doc-truth.mjs ──
          expected: pencil-boil ^0.12.0
          got:      ^0.11.0 — | `@mkbabb/pencil-boil` | npm (frontend dep) | ^0.11.0 (tagged `v0.11.0`; the `stop()` no-throw contract and `rasterizePoseToBlob()`) |
        README.md:131
          expected: pencil-boil ^0.12.0
          got:      0.11.0 — | `@mkbabb/pencil-boil` | npm (frontend dep) | ^0.11.0 (tagged `v0.11.0`; the `stop()` no-throw contract and `rasterizePoseToBlob()`) |
        web/frontend/README.md:11
          expected: pencil-boil ^0.12.0
          got:      ^0.11.0 — [`@mkbabb/pencil-boil`](https://github.com/mkbabb/pencil-boil) `^0.11.0`. The motion

GREEN  test-count-208-vs-204
        derived: 208 native #[test] attributes (csp-solver/src + csp-solver/tests, comments elided) · 29 #[wasm_bindgen_test] in the wasm crate (cfg'd to wasm32, not host-run) · 28 test binaries (csp-solver + csp-solver/wasm lib targets + integration files)

GREEN  make-wasm-recipe
        derived: csp-solver/wasm/Makefile:33 runs --no-default-features --profile wasm-release --scope mkbabb --target web — LEAN; 5 families registered (sudoku, futoshiki, thermo, killer, kenken)

GREEN  ci-lane-count
        derived: 18 jobs in .github/workflows/ci.yml (lint, rust, py-compile, py-runtime, wasm, build-lean-wasm, twiggy, wasm-publish-dryrun, frontend, fe-unit, boundary, e2e, perf-subset, iai, cargo-audit, evidence-policy, doc-truth, npm-audit)

GREEN  iai-golden-figure
        derived: 1,529,452 instructions enforced ±2.0% — csp-solver/benches/iai_queens.baseline, gated by .github/workflows/ci.yml's iai lane over bench iai_queens

1 RED / 12 GREEN — doc canon disagrees with the tree

── ATTRIBUTION OF THE ONE RED — NOT THIS LANE'S ──
row pencil-boil-0.9.2 reads web/frontend/package.json against README.md + web/frontend/README.md.
This lane edited neither. At HEAD both sides reconcile:
  HEAD:web/frontend/package.json      "@mkbabb/pencil-boil": "^0.11.0",
  HEAD:README.md:131              | `@mkbabb/pencil-boil` | npm (frontend dep) | ^0.11.0 (tagged `v0.11.0`; the `stop()` no-
The worktree carries an IN-FLIGHT ^0.12.0 bump (package.json is 'M' above) whose README restamp
has not landed. Booked as A7-G2, routed to the lead — not touched here.
