load 19.85 40.98 57.74
tree lint:lanes 0
tree lint:theme-tokens 0
tree lint:sleep 0
tree lint:bands 1
tree lint:verbs 1
tree test:e2e:projects 1
tree lint:copy 0
tree lint:face-engine 0
tree test:font-coverage 0
tree lint:motion 0
tree lint 0
tree check-copy-register(bare) 0
tree check-pw-projects(bare) 1
tree check-property-block(source) 0
tree undefined-token-census 1
tree eslint . 0
control lint:lanes 0
control lint:theme-tokens 0
control lint:sleep 0
control lint:bands 1
control lint:verbs 1
control test:e2e:projects 0
control lint:copy 0
control lint:face-engine 1
control test:font-coverage 0
control lint:motion 0
control lint 2
control check-copy-register(bare) 0
control check-pw-projects(bare) 0
control check-property-block(source) 0
control undefined-token-census 1
control eslint . 0
DONE
