tree chromium 0
control chromium 0
plant chromium 0
chromium-tree-vs-control light 1280x800-fine: n=855/855 paintΔ 0 rectΔ 0 missing 0
chromium-tree-vs-control light 1280x800-coarse: n=855/855 paintΔ 0 rectΔ 0 missing 0
chromium-tree-vs-control light 390x844-coarse: n=877/877 paintΔ 0 rectΔ 0 missing 0
chromium-tree-vs-control dark 1280x800-fine: n=855/855 paintΔ 0 rectΔ 0 missing 0
chromium-tree-vs-control dark 1280x800-coarse: n=855/855 paintΔ 0 rectΔ 0 missing 0
chromium-tree-vs-control dark 390x844-coarse: n=877/877 paintΔ 0 rectΔ 0 missing 0
chromium-plant-vs-control light 1280x800-fine: n=855/855 paintΔ 1 rectΔ 0 missing 0
chromium-plant-vs-control light 1280x800-coarse: n=855/855 paintΔ 1 rectΔ 0 missing 0
chromium-plant-vs-control light 390x844-coarse: n=877/877 paintΔ 1 rectΔ 0 missing 0
chromium-plant-vs-control dark 1280x800-fine: n=855/855 paintΔ 1 rectΔ 0 missing 0
chromium-plant-vs-control dark 1280x800-coarse: n=855/855 paintΔ 1 rectΔ 0 missing 0
chromium-plant-vs-control dark 390x844-coarse: n=877/877 paintΔ 1 rectΔ 0 missing 0
tree webkit 0
control webkit 0
plant webkit 0
webkit-tree-vs-control light 1280x800-fine: n=855/855 paintΔ 0 rectΔ 0 missing 0
webkit-tree-vs-control light 1280x800-coarse: n=855/855 paintΔ 0 rectΔ 0 missing 0
webkit-tree-vs-control light 390x844-coarse: n=877/877 paintΔ 0 rectΔ 0 missing 0
webkit-tree-vs-control dark 1280x800-fine: n=855/855 paintΔ 0 rectΔ 0 missing 0
webkit-tree-vs-control dark 1280x800-coarse: n=855/855 paintΔ 0 rectΔ 0 missing 0
webkit-tree-vs-control dark 390x844-coarse: n=877/877 paintΔ 0 rectΔ 0 missing 0
webkit-plant-vs-control light 1280x800-fine: n=855/855 paintΔ 1 rectΔ 0 missing 0
webkit-plant-vs-control light 1280x800-coarse: n=855/855 paintΔ 1 rectΔ 0 missing 0
webkit-plant-vs-control light 390x844-coarse: n=877/877 paintΔ 1 rectΔ 0 missing 0
webkit-plant-vs-control dark 1280x800-fine: n=855/855 paintΔ 1 rectΔ 0 missing 0
webkit-plant-vs-control dark 1280x800-coarse: n=855/855 paintΔ 1 rectΔ 0 missing 0
webkit-plant-vs-control dark 390x844-coarse: n=877/877 paintΔ 1 rectΔ 0 missing 0
load 24.16 35.06 52.82
DONE
