RING chromium light 1280x800 dpr1 fine PRM .tray-well .ctrl-btn PLANT X1_opacity0 (focus-visible held true) top 1  · right 1  · bottom 1  · left 1  | topOnly RED → RED B2 top core median 1 < 3; B2 rig
RING chromium light 1280x800 dpr1 fine PRM .tray-well .ctrl-btn PLANT FAINT15_ring (focus-visible held true) top 1.207  · right 1.207  · bottom 1.207  · left 1.207  | topOnly RED → RED B2 top core med
RING chromium light 1280x800 dpr1 fine PRM .tray-well .ctrl-btn PLANT X6_bottom_erased (focus-visible held true) top 4.289  · right 4.289  · bottom 1  · left 4.289  | topOnly GREEN → RED B2 bottom cor
RING chromium light 1280x800 dpr1 fine PRM .tray-well .ctrl-btn PLANT C_INK40 (focus-visible held true) top 1.676  · right 1.676  · bottom 1.676  · left 1.676  | topOnly RED → RED B2 top core median 1
RING chromium light 1280x800 dpr1 fine PRM .tray-well .ctrl-btn PLANT C_CARD_OPACITY30 (focus-visible held true) top 1.476  · right 1.476  · bottom 1.476  · left 1.476  | topOnly RED → RED B2 top core
RING chromium light 1280x800 dpr1 fine PRM .tray-well .ctrl-btn PLANT C_INSET (focus-visible held true) top 1  · right 1  · bottom 1  · left 1  | topOnly RED → RED B2 top core median 1 < 3; B2 right c
RING chromium light 1280x800 dpr1 fine PRM .tray-well .ctrl-btn PLANT C_THIN (focus-visible held true) top 4.289  · right 4.289  · bottom 4.289  · left 4.289  | topOnly GREEN → GREEN
RING chromium dark 1280x800 dpr1 fine PRM .tray-well .ctrl-btn PLANT X1_opacity0 (focus-visible held true) top 1  · right 1  · bottom 1  · left 1  | topOnly RED → RED B2 top core median 1 < 3; B2 righ
RING chromium dark 1280x800 dpr1 fine PRM .tray-well .ctrl-btn PLANT FAINT15_ring (focus-visible held true) top 1.151  · right 1.151  · bottom 1.151  · left 1.151  | topOnly RED → RED B2 top core medi
RING chromium dark 1280x800 dpr1 fine PRM .tray-well .ctrl-btn PLANT X6_bottom_erased (focus-visible held true) top 4.286  · right 4.286  · bottom 1  · left 4.286  | topOnly GREEN → RED B2 bottom core
RING chromium dark 1280x800 dpr1 fine PRM .tray-well .ctrl-btn PLANT C_INK40 (focus-visible held true) top 1.653  · right 1.653  · bottom 1.653  · left 1.653  | topOnly RED → RED B2 top core median 1.
RING chromium dark 1280x800 dpr1 fine PRM .tray-well .ctrl-btn PLANT C_CARD_OPACITY30 (focus-visible held true) top 1.396  · right 1.396  · bottom 1.396  · left 1.396  | topOnly RED → RED B2 top core 
RING chromium dark 1280x800 dpr1 fine PRM .tray-well .ctrl-btn PLANT C_INSET (focus-visible held true) top 1  · right 1  · bottom 1  · left 1  | topOnly RED → RED B2 top core median 1 < 3; B2 right co
RING chromium dark 1280x800 dpr1 fine PRM .tray-well .ctrl-btn PLANT C_THIN (focus-visible held true) top 4.286  · right 4.286  · bottom 4.286  · left 4.286  | topOnly GREEN → GREEN
RING webkit light 1280x800 dpr1 fine PRM .tray-well .ctrl-btn PLANT X1_opacity0 (focus-visible held true) top 1  · right 1  · bottom 1  · left 1  | topOnly RED → RED B2 top core median 1 < 3 (occluder
RING webkit light 1280x800 dpr1 fine PRM .tray-well .ctrl-btn PLANT FAINT15_ring (focus-visible held true) top 1.205  · right 1.205  · bottom 1.205  · left 1.205  | topOnly RED → RED B2 top core media
RING webkit light 1280x800 dpr1 fine PRM .tray-well .ctrl-btn PLANT X6_bottom_erased (focus-visible held true) top 4.289  · right 4.289  · bottom 1  · left 4.289  | topOnly GREEN → RED B2 bottom core 
RING webkit light 1280x800 dpr1 fine PRM .tray-well .ctrl-btn PLANT C_INK40 (focus-visible held true) top 1.676  · right 1.676  · bottom 1.676  · left 1.676  | topOnly RED → RED B2 top core median 1.6
RING webkit light 1280x800 dpr1 fine PRM .tray-well .ctrl-btn PLANT C_CARD_OPACITY30 (focus-visible held true) top 1.463  · right 1.463  · bottom 1.463  · left 1.463  | topOnly RED → RED B2 top core m
RING webkit light 1280x800 dpr1 fine PRM .tray-well .ctrl-btn PLANT C_INSET (focus-visible held true) top 1  · right 1  · bottom 1  · left 1  | topOnly RED → RED B2 top core median 1 < 3 (occluder h2.
RING webkit light 1280x800 dpr1 fine PRM .tray-well .ctrl-btn PLANT C_THIN (focus-visible held true) top 4.289  · right 4.289  · bottom 4.289  · left 4.289  | topOnly GREEN → GREEN
RING webkit dark 1280x800 dpr1 fine PRM .tray-well .ctrl-btn PLANT X1_opacity0 (focus-visible held true) top 1  · right 1  · bottom 1  · left 1  | topOnly RED → RED B2 top core median 1 < 3 (occluder 
RING webkit dark 1280x800 dpr1 fine PRM .tray-well .ctrl-btn PLANT FAINT15_ring (focus-visible held true) top 1.153  · right 1.153  · bottom 1.153  · left 1.153  | topOnly RED → RED B2 top core median
RING webkit dark 1280x800 dpr1 fine PRM .tray-well .ctrl-btn PLANT X6_bottom_erased (focus-visible held true) top 4.286  · right 4.286  · bottom 1  · left 4.286  | topOnly GREEN → RED B2 bottom core m
RING webkit dark 1280x800 dpr1 fine PRM .tray-well .ctrl-btn PLANT C_INK40 (focus-visible held true) top 1.653  · right 1.653  · bottom 1.653  · left 1.653  | topOnly RED → RED B2 top core median 1.65
RING webkit dark 1280x800 dpr1 fine PRM .tray-well .ctrl-btn PLANT C_CARD_OPACITY30 (focus-visible held true) top 1.406  · right 1.406  · bottom 1.406  · left 1.406  | topOnly RED → RED B2 top core me
RING webkit dark 1280x800 dpr1 fine PRM .tray-well .ctrl-btn PLANT C_INSET (focus-visible held true) top 1  · right 1  · bottom 1  · left 1  | topOnly RED → RED B2 top core median 1 < 3 (occluder h2.s
RING webkit dark 1280x800 dpr1 fine PRM .tray-well .ctrl-btn PLANT C_THIN (focus-visible held true) top 4.286  · right 4.286  · bottom 4.286  · left 4.286  | topOnly GREEN → GREEN
RING chromium light 1280x800 dpr1 fine PRM .tray-well .ctrl-btn PLANT X1_opacity0 (focus-visible held true) top 1  · right 1  · bottom 1  · left 1  | topOnly RED → RED B2 top core median 1 < 3; B2 rig
RING chromium light 1280x800 dpr1 fine PRM .tray-well .ctrl-btn PLANT FAINT15_ring (focus-visible held true) top 4.742  · right 4.742  · bottom 4.742  · left 1  | topOnly GREEN → RED B2 left core medi
RING chromium light 1280x800 dpr1 fine PRM .tray-well .ctrl-btn PLANT X6_bottom_erased (focus-visible held true) top 3.74  · right 3.74  · bottom 1  · left 1  | topOnly GREEN → RED B2 bottom core medi
RING chromium light 1280x800 dpr1 fine PRM .tray-well .ctrl-btn PLANT C_INK40 (focus-visible held true) top 4.742  · right 4.742  · bottom 4.742  · left 1  | topOnly GREEN → RED B2 left core median 1 
RING chromium light 1280x800 dpr1 fine PRM .tray-well .ctrl-btn PLANT C_CARD_OPACITY30 (focus-visible held true) top 1.404  · right 1.404  · bottom 1.404  · left 1  | topOnly RED → RED B2 top core med
RING chromium light 1280x800 dpr1 fine PRM .tray-well .ctrl-btn PLANT C_INSET (focus-visible held true) top 1  · right 1  · bottom 1  · left 1  | topOnly RED → RED B2 top core median 1 < 3; B2 right c
RING chromium light 1280x800 dpr1 fine PRM .tray-well .ctrl-btn PLANT C_THIN (focus-visible held true) top 3.74  · right 3.74  · bottom 3.74  · left 1  | topOnly GREEN → RED B2 left core median 1 < 3
RING webkit light 1280x800 dpr1 fine PRM .tray-well .ctrl-btn PLANT X1_opacity0 (focus-visible held true) top 1  · right 1  · bottom 1  · left 1  | topOnly RED → RED B2 top core median 1 < 3; B2 right
RING webkit light 1280x800 dpr1 fine PRM .tray-well .ctrl-btn PLANT FAINT15_ring (focus-visible held true) top 1  · right 1  · bottom 1  · left 1  | topOnly RED → RED B2 top core median 1 < 3; B2 righ
RING webkit light 1280x800 dpr1 fine PRM .tray-well .ctrl-btn PLANT X6_bottom_erased (focus-visible held true) top 1  · right 1  · bottom 1  · left 1  | topOnly RED → RED B2 top core median 1 < 3; B2 
RING webkit light 1280x800 dpr1 fine PRM .tray-well .ctrl-btn PLANT C_INK40 (focus-visible held true) top 1  · right 1  · bottom 1  · left 1  | topOnly RED → RED B2 top core median 1 < 3; B2 right cor
RING webkit light 1280x800 dpr1 fine PRM .tray-well .ctrl-btn PLANT C_CARD_OPACITY30 (focus-visible held true) top 1  · right 1  · bottom 1  · left 1  | topOnly RED → RED B2 top core median 1 < 3; B2 
RING webkit light 1280x800 dpr1 fine PRM .tray-well .ctrl-btn PLANT C_INSET (focus-visible held true) top 1  · right 1  · bottom 1  · left 1  | topOnly RED → RED B2 top core median 1 < 3; B2 right cor
RING webkit light 1280x800 dpr1 fine PRM .tray-well .ctrl-btn PLANT C_THIN (focus-visible held true) top 1  · right 1  · bottom 1  · left 1  | topOnly RED → RED B2 top core median 1 < 3; B2 right core
