tree chromium light "Deal" "Patrick Hand" 16px 400 rgb(115, 115, 115) pop 571 median 4.659 <4.5 0.443 RED G4 slice core (p95) under 3.00 (= max(3.0, 0.4×whole p95 4.66)) at 8:2.54
tree chromium light "Play" "Patrick Hand" 14.048px 400 rgb(115, 115, 115) pop 475 median 4.527 <4.5 0.482 GREEN
tree chromium light "Clear" "Patrick Hand" 14.048px 400 rgb(115, 115, 115) pop 492 median 4.527 <4.5 0.478 RED G4 slice core (p95) under 3.00 (= max(3.0, 0.4×whole p95 4.66)) at 12:2.42
tree chromium light "Fill" "Patrick Hand" 14.048px 400 rgb(115, 115, 115) pop 342 median 4.159 <4.5 0.52 RED G2 core median 4.159 < 4.5
tree chromium light "Solve" "Patrick Hand" 14.048px 400 rgb(115, 115, 115) pop 503 median 4.4 <4.5 0.509 RED G2 core median 4.400 < 4.5; G4 slice core (p95) under 3.00 (= max(3.0, 0.4×whole p95 4.66)) at 6:2.06
tree chromium light "Share" "Patrick Hand" 14.048px 400 rgb(115, 115, 115) pop 537 median 4.277 <4.5 0.512 RED G2 core median 4.277 < 4.5
tree chromium light "keys" "Patrick Hand" 14.048px 400 rgb(115, 115, 115) pop 454 median 4.4 <4.5 0.507 RED G2 core median 4.400 < 4.5
LOAD 54.1
control chromium light "Deal" "Patrick Hand" 16px 400 rgb(115, 115, 115) pop 581 median 4.659 <4.5 0.448 GREEN
control chromium light "Play" "Patrick Hand" 14.048px 400 rgb(115, 115, 115) pop 475 median 4.527 <4.5 0.482 GREEN
control chromium light "Clear" "Patrick Hand" 14.048px 400 rgb(115, 115, 115) pop 477 median 4.527 <4.5 0.486 GREEN
control chromium light "Fill" "Patrick Hand" 14.048px 400 rgb(115, 115, 115) pop 346 median 4.4 <4.5 0.514 RED G2 core median 4.400 < 4.5; G4 slice core (p95) under 3.00 (= max(3.0, 0.4×whole p95 4.66)) at 5:2.8, 7:1.87
control chromium light "Solve" "Patrick Hand" 14.048px 400 rgb(115, 115, 115) pop 475 median 4.4 <4.5 0.505 RED G2 core median 4.400 < 4.5
control chromium light "Share" "Patrick Hand" 14.048px 400 rgb(115, 115, 115) pop 530 median 4.4 <4.5 0.506 RED G2 core median 4.400 < 4.5
LOAD 59.5
tree webkit light "Deal" Patrick Hand 16px 400 rgb(115, 115, 115) pop 604 median 4.659 <4.5 0.459 GREEN
tree webkit light "Play" Patrick Hand 14.048px 400 rgb(115, 115, 115) pop 511 median 4.463 <4.5 0.501 RED G2 core median 4.463 < 4.5; G4 slice core (p95) under 3.00 (= max(3.0, 0.4×whole p95 4.66)) at 11:2.57
tree webkit light "Clear" Patrick Hand 14.048px 400 rgb(115, 115, 115) pop 501 median 4.338 <4.5 0.533 RED G2 core median 4.338 < 4.5
tree webkit light "Fill" Patrick Hand 14.048px 400 rgb(115, 115, 115) pop 360 median 3.934 <4.5 0.556 RED G2 core median 3.934 < 4.5
tree webkit light "Solve" Patrick Hand 14.048px 400 rgb(115, 115, 115) pop 514 median 4.338 <4.5 0.531 RED G2 core median 4.338 < 4.5
tree webkit light "Share" Patrick Hand 14.048px 400 rgb(115, 115, 115) pop 563 median 4.4 <4.5 0.51 RED G2 core median 4.400 < 4.5; G4 slice core (p95) under 3.00 (= max(3.0, 0.4×whole p95 4.66)) at 9:2.57
tree webkit light "keys" Patrick Hand 14.048px 400 rgb(115, 115, 115) pop 479 median 4.338 <4.5 0.528 RED G2 core median 4.338 < 4.5
LOAD 58.4
control webkit light "Deal" Patrick Hand 16px 400 rgb(115, 115, 115) pop 607 median 4.659 <4.5 0.468 GREEN
control webkit light "Play" Patrick Hand 14.048px 400 rgb(115, 115, 115) pop 517 median 4.463 <4.5 0.507 RED G2 core median 4.463 < 4.5; G4 slice core (p95) under 3.00 (= max(3.0, 0.4×whole p95 4.66)) at 11:2.57
control webkit light "Clear" Patrick Hand 14.048px 400 rgb(115, 115, 115) pop 515 median 4.4 <4.5 0.52 RED G2 core median 4.400 < 4.5; G4 slice core (p95) under 3.00 (= max(3.0, 0.4×whole p95 4.66)) at 12:2.57
control webkit light "Fill" Patrick Hand 14.048px 400 rgb(115, 115, 115) pop 361 median 3.831 <4.5 0.557 RED G2 core median 3.831 < 4.5
control webkit light "Solve" Patrick Hand 14.048px 400 rgb(115, 115, 115) pop 511 median 4.277 <4.5 0.53 RED G2 core median 4.277 < 4.5
control webkit light "Share" Patrick Hand 14.048px 400 rgb(115, 115, 115) pop 563 median 4.4 <4.5 0.51 RED G2 core median 4.400 < 4.5; G4 slice core (p95) under 3.00 (= max(3.0, 0.4×whole p95 4.66)) at 9:2.57
LOAD 56.7
DONE
