[WebServer] 
[WebServer]  WARN  advancedChunks option is deprecated, please use codeSplitting instead.
[WebServer] 

Running 16 tests using 9 workers

  ✓   5 [filter-census] › e2e/filter-census.spec.ts:468:1 › G3.2 · source `forwards|both` fill sites equal FILL_ALLOWLIST exactly (10ms)
  ✓   2 [filter-census] › e2e/filter-census.spec.ts:409:1 › G3.5 · no :hover state mints a live filter — PICKER regime (built dist) (2.2s)
  ✓   1 [wordmark-webkit] › e2e/wordmark-integrity.spec.ts:49:5 › G3.4 · wordmark integrity (WebKit, built dist) › thermo: baked ink sits inside its own box on all four edges (2.9s)
  ✓   6 [wordmark-webkit] › e2e/wordmark-integrity.spec.ts:49:5 › G3.4 · wordmark integrity (WebKit, built dist) › futoshiki: baked ink sits inside its own box on all four edges (2.9s)
  ✓  10 [wordmark-webkit] › e2e/wordmark-integrity.spec.ts:49:5 › G3.4 · wordmark integrity (WebKit, built dist) › killer: baked ink sits inside its own box on all four edges (2.7s)
  ✓   3 [wordmark-webkit] › e2e/wordmark-integrity.spec.ts:49:5 › G3.4 · wordmark integrity (WebKit, built dist) › sudoku: baked ink sits inside its own box on all four edges (3.0s)
  ✓   9 [filter-census] › e2e/filter-census.spec.ts:423:1 › G3.2 · no retained fill supplies a computed transform (built dist) (3.4s)
  ✓   4 [filter-census] › e2e/filter-census.spec.ts:274:1 › G3.1 · live-filter census equals filterBudget.ts exactly, area and all (built dist) (3.4s)
  ✓   7 [filter-census] › e2e/filter-census.spec.ts:294:3 › G3.3 · the coarse regime › G3.3 · live-filter census holds below 1024 (built dist) (3.7s)
  ✓   8 [filter-census] › e2e/filter-census.spec.ts:402:1 › G3.5 · no :hover state mints a live filter — board regime (built dist) (4.2s)
  ✓  11 [wordmark-webkit] › e2e/wordmark-integrity.spec.ts:49:5 › G3.4 · wordmark integrity (WebKit, built dist) › kenken: baked ink sits inside its own box on all four edges (2.2s)
  ✓  12 [wordmark-webkit] › e2e/wordmark-integrity.spec.ts:101:3 › G3.4 · wordmark integrity (WebKit, built dist) › all five labels render every glyph in Fraunces — zero fallback glyphs (1.9s)
  ✓  14 [theme-bake-chromium] › e2e/theme-bake-freshness.spec.ts:178:5 › G4.5 · baked ink survives one theme toggle (from dark) › dark → light: both baked surfaces re-ink (2.7s)
  ✓  13 [theme-bake-chromium] › e2e/theme-bake-freshness.spec.ts:178:5 › G4.5 · baked ink survives one theme toggle (from light) › light → dark: both baked surfaces re-ink (2.8s)
  ✓  15 [theme-bake-webkit] › e2e/theme-bake-freshness.spec.ts:178:5 › G4.5 · baked ink survives one theme toggle (from light) › light → dark: both baked surfaces re-ink (3.2s)
  ✓  16 [theme-bake-webkit] › e2e/theme-bake-freshness.spec.ts:178:5 › G4.5 · baked ink survives one theme toggle (from dark) › dark → light: both baked surfaces re-ink (3.1s)

  16 passed (10.1s)
