
=== dominance · chromium (:4503) — Deal mass 191.62, density 0.1679 ===
eyebrow_difficulty   "Difficulty        " pin=null  sel=null  mass=  682.65 tight= 3405.25 density=0.20047 rectStable=true
sel_difficulty       "Medium            " pin=true  sel=true  mass=  626.34 tight= 1750.75 density=0.35775 rectStable=true
sel_marks            "Corner            " pin=true  sel=true  mass=  518.98 tight= 1452.75 density=0.35724 rectStable=true
sel_check            "Live              " pin=true  sel=true  mass=  339.17 tight=  1327.5 density=0.2555 rectStable=true
sel_size             "9×9               " pin=true  sel=true  mass=  294.97 tight=  973.75 density=0.30293 rectStable=true
tape_teachers        "teacher's         " pin=null  sel=null  mass=  290.73 tight=  1417.5 density=0.2051 rectStable=true
eyebrow_size         "Size              " pin=null  sel=null  mass=  242.61 tight=    1010 density=0.24021 rectStable=true
tape_newgame         "new game          " pin=null  sel=null  mass=  224.36 tight=    1430 density=0.15689 rectStable=true
deal_btn             "DealDeal          " pin=null  sel=null  mass=  191.62 tight= 1141.25 density=0.1679 rectStable=true
tape_pencils         "pencils           " pin=null  sel=null  mass=  178.08 tight=    1170 density=0.1522 rectStable=true
deal_die             "                  " pin=null  sel=null  mass=  138.14 tight=     625 density=0.22102 rectStable=true
caption_candidates   "candidates        " pin=null  sel=null  mass=  110.74 tight=   610.5 density=0.18139 rectStable=true
caption_marks        "marks             " pin=null  sel=null  mass=   59.55 tight=     363 density=0.16406 rectStable=true
deal_verb            "Deal              " pin=null  sel=null  mass=   53.48 tight=   302.5 density=0.1768 rectStable=true

=== dominance · webkit (:4503) — Deal mass 194.41, density 0.16531 ===
eyebrow_difficulty   "Difficulty        " pin=null  sel=null  mass=  677.74 tight=    3392 density=0.1998 rectStable=true
sel_difficulty       "Medium            " pin=true  sel=true  mass=   627.8 tight=    1728 density=0.36331 rectStable=true
sel_marks            "Corner            " pin=true  sel=true  mass=  568.08 tight=    1584 density=0.35864 rectStable=true
sel_check            "Live              " pin=true  sel=true  mass=  332.69 tight=  1102.5 density=0.30176 rectStable=true
tape_teachers        "teacher's         " pin=null  sel=null  mass=  303.46 tight=  1417.5 density=0.21408 rectStable=true
sel_size             "9×9               " pin=true  sel=true  mass=   273.6 tight=  809.75 density=0.33788 rectStable=true
eyebrow_size         "Size              " pin=null  sel=null  mass=  240.52 tight=    1020 density=0.2358 rectStable=true
tape_newgame         "new game          " pin=null  sel=null  mass=  226.41 tight=  1397.5 density=0.16201 rectStable=true
deal_btn             "DealDeal          " pin=null  sel=null  mass=  194.41 tight=    1176 density=0.16531 rectStable=true
tape_pencils         "pencils           " pin=null  sel=null  mass=  179.25 tight=    1144 density=0.15669 rectStable=true
deal_die             "                  " pin=null  sel=null  mass=  138.53 tight=     625 density=0.22165 rectStable=true
caption_candidates   "candidates        " pin=null  sel=null  mass=  112.71 tight=   610.5 density=0.18461 rectStable=true
caption_marks        "marks             " pin=null  sel=null  mass=   60.65 tight=     363 density=0.16707 rectStable=true
deal_verb            "Deal              " pin=null  sel=null  mass=   55.88 tight=     308 density=0.18142 rectStable=true
