
=== chromium · coarse-390x844 · panelH 558.39 ===
  #   0  well          "new gameSizeDifficulty"   top=       0 bottom=  168.14 350×168.14
  #   1  tape          "new game"                 top=  -10.54 bottom=    9.79 57.77×20.33
  #   5  eyebrow       "Size"                     top=     8.8 bottom=   33.22 41.16×24.42
  #   7  eyebrow       "Difficulty"               top=     8.8 bottom=   33.22 101.72×24.42
  #  10  chip          "4×4"                      top=    56.8 bottom=   100.8 52.81×44
  #  11  chip          "9×9"                      top=    56.8 bottom=   100.8 52.81×44
  #  12  chip          "16×16"                    top=    56.8 bottom=   100.8 72×44
  #  18  DEAL          "Deal"                     top=  110.39 bottom=  162.55 44×52.16
  #  32  receipt       "dealthardest step: nak"   top=  124.47 bottom=  148.47 72.77×24
  #  69  PEEK DIVIDER  "hold to peek"             top=  176.14 bottom=  222.14 350×46
  #  81  well          "pencilsmarksNormalCorn"   top=  230.14 bottom=  350.13 350×119.98
  #  82  tape          "pencils"                  top=  220.15 bottom=  239.38 45.99×19.23
  #  84  caption       "marks"                    top=  258.25 bottom=  271.63 60×13.38
  #  86  chip          "Normal"                   top=  242.94 bottom=  286.94 81.61×44
  #  87  chip          "Corner"                   top=  242.94 bottom=  286.94 81.61×44
  #  88  chip          "Center"                   top=  242.94 bottom=  286.94 81.61×44
  #  90  caption       "candidates"               top=  311.84 bottom=  325.22 60×13.38
  #  92  chip          "Off"                      top=  296.53 bottom=  340.53 52.81×44
  #  93  chip          "On"                       top=  296.53 bottom=  340.53 44×44
  # 103  well          "teacher'sOffAskLiveboa"   top=  358.13 bottom=  442.48 350×84.36
  # 104  tape          "teacher's"                top=  348.02 bottom=  367.47 55.57×19.45
  # 106  chip          "Off"                      top=  370.92 bottom=  414.92 52.81×44
  # 107  chip          "Ask"                      top=  370.92 bottom=  414.92 52.81×44
  # 108  chip          "Live"                     top=  370.92 bottom=  414.92 62.41×44
  # 109  status        "board changed — ask ag"   top=  422.91 bottom=  436.89 334×13.98
  # 122  action        "Clear"                    top=  450.48 bottom=  502.64 44×52.16
  # 133  action        "Fill"                     top=  451.48 bottom=  501.64 44×50.16
  # 141  action        "Solve"                    top=  450.48 bottom=  502.64 44×52.16
  # 147  action        "Share"                    top=  451.48 bottom=  501.64 44×50.16
  # 155  play tools    "UndoRedoHint"             top=  508.23 bottom=  558.39 350×50.16
  # 156  action        "Undo"                     top=  508.23 bottom=  558.39 44×50.16
  # 161  action        "Redo"                     top=  508.23 bottom=  558.39 44×50.16
  # 166  action        "Hint"                     top=  508.23 bottom=  558.39 44×50.16
  → DEAL is element #18 of 33 named surfaces; 25 named surfaces follow it in document order; last is "action" at top=508.23

=== chromium · coarse-1280x800 · panelH 1067.86 ===
  #   0  well          "new gameSize4×49×916×1"   top=    5.59 bottom=  452.08 181.11×446.48
  #   1  tape          "new game"                 top=    -6.5 bottom=   16.82 64.69×23.32
  #   4  eyebrow       "Size"                     top=   14.39 bottom=   45.45 165.11×31.06
  #   6  chip          "4×4"                      top=   49.45 bottom=   93.45 165.11×44
  #   7  chip          "9×9"                      top=  100.64 bottom=  144.64 165.11×44
  #   8  chip          "16×16"                    top=  151.83 bottom=  195.83 165.11×44
  #  10  eyebrow       "Difficulty"               top=  205.42 bottom=  236.48 165.11×31.06
  #  12  chip          "Easy"                     top=  240.48 bottom=  284.48 165.11×44
  #  13  chip          "Medium"                   top=  291.67 bottom=  335.67 165.11×44
  #  14  chip          "Hard"                     top=  342.86 bottom=  386.86 165.11×44
  #  16  DEAL          "DealDeal"                 top=  392.45 bottom=  446.48 44.08×54.03
  #  31  receipt       "dealthardest step: nak"   top=  407.47 bottom=  431.47 76.34×24
  #  68  PEEK DIVIDER  "hold to peek"             top=  460.08 bottom=  506.08 181.11×46
  #  80  well          "pencilsmarksNormalCorn"   top=  514.08 bottom=  751.31 181.11×237.23
  #  81  tape          "pencils"                  top=  502.61 bottom=  524.68 51.09×22.08
  #  83  caption       "marks"                    top=  522.88 bottom=  538.31 165.11×15.44
  #  85  chip          "Normal"                   top=  538.31 bottom=  582.31 165.11×44
  #  86  chip          "Corner"                   top=   589.5 bottom=   633.5 165.11×44
  #  87  chip          "Center"                   top=  640.69 bottom=  684.69 165.11×44
  #  89  caption       "candidates"               top=  686.28 bottom=  701.72 165.11×15.44
  #  91  chip          "Off"                      top=  701.72 bottom=  745.72 78.95×44
  #  92  chip          "On"                       top=  701.72 bottom=  745.72 78.97×44
  # 102  well          "teacher'sOffAskLiveboa"   top=  767.31 bottom=   948.2 181.11×180.89
  # 103  tape          "teacher's"                top=  755.71 bottom=  778.05 62.15×22.33
  # 105  chip          "Off"                      top=  776.11 bottom=  820.11 165.11×44
  # 106  chip          "Ask"                      top=   827.3 bottom=   871.3 165.11×44
  # 107  chip          "Live"                     top=  878.48 bottom=  922.48 165.11×44
  # 108  status        "board changed — ask ag"   top=  926.47 bottom=  942.61 165.11×16.14
  # 121  action        "ClearClear"               top=   956.2 bottom= 1010.23 45.69×54.03
  # 133  action        "Fillfill forced"          top=   957.2 bottom= 1009.23 44×52.03
  # 142  action        "SolveSolve"               top=   956.2 bottom= 1010.23 44.81×54.03
  # 149  action        "Shareshare link"          top=   957.2 bottom= 1009.23 46.61×52.03
  # 158  play tools    "UndoRedoHint"             top= 1015.83 bottom= 1067.86 181.11×52.03
  # 159  action        "Undo"                     top= 1015.83 bottom= 1067.86 46.89×52.03
  # 164  action        "Redo"                     top= 1015.83 bottom= 1067.86 44×52.03
  # 169  action        "Hint"                     top= 1015.83 bottom= 1067.86 44×52.03
  → DEAL is element #16 of 36 named surfaces; 25 named surfaces follow it in document order; last is "action" at top=1015.83

=== chromium · fine-1440x900 · panelH 974.94 ===
  #   0  well          "new gameSize4×49×916×1"   top=    5.59 bottom=  416.42 241×410.83
  #   1  tape          "new game"                 top=   -6.78 bottom=   17.08 65.94×23.86
  #   4  eyebrow       "Size"                     top=   14.39 bottom=   45.45 225×31.06
  #   6  chip          "4×4"                      top=   49.45 bottom=   87.45 225×38
  #   7  chip          "9×9"                      top=   94.64 bottom=  132.64 225×38
  #   8  chip          "16×16"                    top=  139.83 bottom=  177.83 225×38
  #  10  eyebrow       "Difficulty"               top=  187.42 bottom=  218.48 225×31.06
  #  12  chip          "Easy"                     top=  222.48 bottom=  260.48 225×38
  #  13  chip          "Medium"                   top=  267.67 bottom=  305.67 225×38
  #  14  chip          "Hard"                     top=  312.86 bottom=  350.86 225×38
  #  16  DEAL          "DealDeal"                 top=  356.45 bottom=  410.83 55.94×54.38
  #  31  receipt       "dealthardest step: nak"   top=  371.64 bottom=  395.64 77×24
  #  68  PEEK DIVIDER  "hold to peek"             top=  424.42 bottom=  438.42 241×14
  #  80  well          "pencilsmarksNormalCorn"   top=  446.42 bottom=  660.44 241×214.02
  #  81  tape          "pencils"                  top=  434.68 bottom=  457.28 52.01×22.6
  #  83  caption       "marks"                    top=  455.22 bottom=  471.05 225×15.83
  #  85  chip          "Normal"                   top=  471.05 bottom=  509.05 225×38
  #  86  chip          "Corner"                   top=  516.23 bottom=  554.23 225×38
  #  87  chip          "Center"                   top=  561.42 bottom=  599.42 225×38
  #  89  caption       "candidates"               top=  601.02 bottom=  616.84 225×15.83
  #  91  chip          "Off"                      top=  616.84 bottom=  654.84 108.91×38
  #  92  chip          "On"                       top=  616.84 bottom=  654.84 108.91×38
  # 102  well          "teacher'sOffAskLiveboa"   top=  676.44 bottom=  839.73 241×163.3
  # 103  tape          "teacher's"                top=  664.56 bottom=  687.42 63.34×22.86
  # 105  chip          "Off"                      top=  685.23 bottom=  723.23 225×38
  # 106  chip          "Ask"                      top=  730.42 bottom=  768.42 225×38
  # 107  chip          "Live"                     top=  775.61 bottom=  813.61 225×38
  # 108  status        "board changed — ask ag"   top=  817.59 bottom=  834.14 225×16.55
  # 121  action        "ClearClear"               top=  847.73 bottom=  891.73 44×44
  # 133  action        "Fillfill forced"          top=  847.73 bottom=  891.73 44×44
  # 142  action        "SolveSolve"               top=  847.73 bottom=  891.73 44×44
  # 149  action        "Shareshare link"          top=  847.73 bottom=  891.73 44×44
  # 178  legend        "KpeekHhintPpencil⌘/Ctr"   top=  903.73 bottom=  974.94 241×71.2
  → DEAL is element #16 of 33 named surfaces; 22 named surfaces follow it in document order; last is "legend" at top=903.73

=== webkit · coarse-390x844 · panelH 558.39 ===
  #   0  well          "new gameSizeDifficulty"   top=       0 bottom=  168.14 350×168.14
  #   1  tape          "new game"                 top=  -10.61 bottom=    9.72 57.81×20.33
  #   5  eyebrow       "Size"                     top=     8.8 bottom=    33.2 41.16×24.41
  #   7  eyebrow       "Difficulty"               top=     8.8 bottom=    33.2 101.73×24.41
  #  10  chip          "4×4"                      top=    56.8 bottom=   100.8 52.81×44
  #  11  chip          "9×9"                      top=    56.8 bottom=   100.8 52.81×44
  #  12  chip          "16×16"                    top=    56.8 bottom=   100.8 72×44
  #  18  DEAL          "Deal"                     top=  110.39 bottom=  162.55 44×52.16
  #  32  receipt       "dealtbeyond these tech"   top=  124.47 bottom=  148.47 72.78×24
  #  69  PEEK DIVIDER  "hold to peek"             top=  176.14 bottom=  222.14 350×46
  #  81  well          "pencilsmarksNormalCorn"   top=  230.14 bottom=  350.13 350×119.98
  #  82  tape          "pencils"                  top=  220.08 bottom=  239.31 46.02×19.23
  #  84  caption       "marks"                    top=  258.25 bottom=  271.63 60×13.38
  #  86  chip          "Normal"                   top=  242.94 bottom=  286.94 82.34×44
  #  87  chip          "Corner"                   top=  242.94 bottom=  286.94 82.34×44
  #  88  chip          "Center"                   top=  242.94 bottom=  286.94 82.34×44
  #  90  caption       "candidates"               top=  311.84 bottom=  325.22 60×13.38
  #  92  chip          "Off"                      top=  296.53 bottom=  340.53 53.55×44
  #  93  chip          "On"                       top=  296.53 bottom=  340.53 44×44
  # 103  well          "teacher'sOffAskLiveboa"   top=  358.13 bottom=  442.48 350×84.36
  # 104  tape          "teacher's"                top=  347.96 bottom=  367.41 55.6×19.45
  # 106  chip          "Off"                      top=  370.92 bottom=  414.92 53.55×44
  # 107  chip          "Ask"                      top=  370.92 bottom=  414.92 53.3×44
  # 108  chip          "Live"                     top=  370.92 bottom=  414.92 62.91×44
  # 109  status        "board changed — ask ag"   top=  422.91 bottom=  436.89 334×13.98
  # 122  action        "Clear"                    top=  450.48 bottom=  502.64 44×52.16
  # 133  action        "Fill"                     top=  451.48 bottom=  501.64 44×50.16
  # 141  action        "Solve"                    top=  450.48 bottom=  502.64 44×52.16
  # 147  action        "Share"                    top=  451.48 bottom=  501.64 44×50.16
  # 155  play tools    "UndoRedoHint"             top=  508.23 bottom=  558.39 350×50.16
  # 156  action        "Undo"                     top=  508.23 bottom=  558.39 44×50.16
  # 161  action        "Redo"                     top=  508.23 bottom=  558.39 44×50.16
  # 166  action        "Hint"                     top=  508.23 bottom=  558.39 44×50.16
  → DEAL is element #18 of 33 named surfaces; 25 named surfaces follow it in document order; last is "action" at top=508.23

=== webkit · coarse-1280x800 · panelH 1067.83 ===
  #   0  well          "new gameSize4×49×916×1"   top=    5.59 bottom=  452.05 181.14×446.45
  #   1  tape          "new game"                 top=   -6.66 bottom=   16.65 64.7×23.32
  #   4  eyebrow       "Size"                     top=   14.39 bottom=   45.44 165.14×31.05
  #   6  chip          "4×4"                      top=   49.44 bottom=   93.44 165.14×44
  #   7  chip          "9×9"                      top=  100.63 bottom=  144.63 165.14×44
  #   8  chip          "16×16"                    top=  151.81 bottom=  195.81 165.14×44
  #  10  eyebrow       "Difficulty"               top=  205.41 bottom=  236.45 165.14×31.05
  #  12  chip          "Easy"                     top=  240.45 bottom=  284.45 165.14×44
  #  13  chip          "Medium"                   top=  291.64 bottom=  335.64 165.14×44
  #  14  chip          "Hard"                     top=  342.83 bottom=  386.83 165.14×44
  #  16  DEAL          "DealDeal"                 top=  392.42 bottom=  446.45 44.09×54.03
  #  31  receipt       "dealthardest step: nak"   top=  407.44 bottom=  431.44 76.36×24
  #  68  PEEK DIVIDER  "hold to peek"             top=  460.05 bottom=  506.05 181.14×46
  #  80  well          "pencilsmarksNormalCorn"   top=  514.05 bottom=  751.28 181.14×237.23
  #  81  tape          "pencils"                  top=  502.41 bottom=  524.49 51.1×22.08
  #  83  caption       "marks"                    top=  522.84 bottom=  538.28 165.14×15.44
  #  85  chip          "Normal"                   top=  538.28 bottom=  582.28 165.14×44
  #  86  chip          "Corner"                   top=  589.47 bottom=  633.47 165.14×44
  #  87  chip          "Center"                   top=  640.66 bottom=  684.66 165.14×44
  #  89  caption       "candidates"               top=  686.25 bottom=  701.69 165.14×15.44
  #  91  chip          "Off"                      top=  701.69 bottom=  745.69 78.98×44
  #  92  chip          "On"                       top=  701.69 bottom=  745.69 78.98×44
  # 102  well          "teacher'sOffAskLiveboa"   top=  767.28 bottom=  948.17 181.14×180.89
  # 103  tape          "teacher's"                top=  755.52 bottom=  777.85 62.16×22.33
  # 105  chip          "Off"                      top=  776.08 bottom=  820.08 165.14×44
  # 106  chip          "Ask"                      top=  827.27 bottom=  871.27 165.14×44
  # 107  chip          "Live"                     top=  878.45 bottom=  922.45 165.14×44
  # 108  status        "board changed — ask ag"   top=  926.44 bottom=  942.58 165.14×16.14
  # 121  action        "ClearClear"               top=  956.17 bottom=  1010.2 45.7×54.03
  # 133  action        "Fillfill forced"          top=  957.17 bottom=  1009.2 44×52.03
  # 142  action        "SolveSolve"               top=  956.17 bottom=  1010.2 44.81×54.03
  # 149  action        "Shareshare link"          top=  957.17 bottom=  1009.2 46.63×52.03
  # 158  play tools    "UndoRedoHint"             top=  1015.8 bottom= 1067.83 181.14×52.03
  # 159  action        "Undo"                     top=  1015.8 bottom= 1067.83 46.91×52.03
  # 164  action        "Redo"                     top=  1015.8 bottom= 1067.83 44×52.03
  # 169  action        "Hint"                     top=  1015.8 bottom= 1067.83 44×52.03
  → DEAL is element #16 of 36 named surfaces; 25 named surfaces follow it in document order; last is "action" at top=1015.8

=== webkit · fine-1440x900 · panelH 974.8 ===
  #   0  well          "new gameSize4×49×916×1"   top=    5.59 bottom=  416.38 241.03×410.78
  #   1  tape          "new game"                 top=   -6.68 bottom=   17.17 65.95×23.85
  #   4  eyebrow       "Size"                     top=   14.39 bottom=   45.44 225.03×31.05
  #   6  chip          "4×4"                      top=   49.44 bottom=   87.44 225.03×38
  #   7  chip          "9×9"                      top=   94.63 bottom=  132.63 225.03×38
  #   8  chip          "16×16"                    top=  139.81 bottom=  177.81 225.03×38
  #  10  eyebrow       "Difficulty"               top=  187.41 bottom=  218.45 225.03×31.05
  #  12  chip          "Easy"                     top=  222.45 bottom=  260.45 225.03×38
  #  13  chip          "Medium"                   top=  267.64 bottom=  305.64 225.03×38
  #  14  chip          "Hard"                     top=  312.83 bottom=  350.83 225.03×38
  #  16  DEAL          "DealDeal"                 top=  356.42 bottom=  410.78 55.95×54.36
  #  31  receipt       "dealtbeyond these tech"   top=  371.59 bottom=  395.59 77×24
  #  68  PEEK DIVIDER  "hold to peek"             top=  424.38 bottom=  438.38 241.03×14
  #  80  well          "pencilsmarksNormalCorn"   top=  446.38 bottom=  660.36 241.03×213.98
  #  81  tape          "pencils"                  top=  434.74 bottom=  457.32 52.03×22.59
  #  83  caption       "marks"                    top=  455.17 bottom=  470.98 225.03×15.81
  #  85  chip          "Normal"                   top=  470.98 bottom=  508.98 225.03×38
  #  86  chip          "Corner"                   top=  516.17 bottom=  554.17 225.03×38
  #  87  chip          "Center"                   top=  561.36 bottom=  599.36 225.03×38
  #  89  caption       "candidates"               top=  600.95 bottom=  616.77 225.03×15.81
  #  91  chip          "Off"                      top=  616.77 bottom=  654.77 108.92×38
  #  92  chip          "On"                       top=  616.77 bottom=  654.77 108.92×38
  # 102  well          "teacher'sOffAskLiveboa"   top=  676.36 bottom=  839.64 241.03×163.28
  # 103  tape          "teacher's"                top=  664.59 bottom=  687.44 63.35×22.85
  # 105  chip          "Off"                      top=  685.16 bottom=  723.16 225.03×38
  # 106  chip          "Ask"                      top=  730.34 bottom=  768.34 225.03×38
  # 107  chip          "Live"                     top=  775.53 bottom=  813.53 225.03×38
  # 108  status        "board changed — ask ag"   top=  817.52 bottom=  834.05 225.03×16.53
  # 121  action        "ClearClear"               top=  847.64 bottom=  891.64 44×44
  # 133  action        "Fillfill forced"          top=  847.64 bottom=  891.64 44×44
  # 142  action        "SolveSolve"               top=  847.64 bottom=  891.64 44×44
  # 149  action        "Shareshare link"          top=  847.64 bottom=  891.64 44×44
  # 178  legend        "KpeekHhintPpencil⌘/Ctr"   top=  903.64 bottom=   974.8 241.03×71.16
  → DEAL is element #16 of 33 named surfaces; 22 named surfaces follow it in document order; last is "legend" at top=903.64
