
Running 105 tests using 9 workers

  ✓    2 e2e/affordances.spec.ts:381:1 › marks-gesture: no marks pre-peek, K shows them, Esc clears them (1.5s)
  ✓    3 e2e/affordances.spec.ts:218:1 › tally: solve writes "N backtracks — Xms" in the note meta; the next edit clears it (1.5s)
  ✓    6 e2e/affordances.spec.ts:243:1 › undo: Ctrl+Z reverts, Ctrl+Shift+Z redoes, Meta+Z works, plain z is not swallowed (1.5s)
  ✓    8 e2e/affordances.spec.ts:355:1 › hint: first H names the technique + highlights, second H inks the digit (1.6s)
  ✓    9 e2e/affordances.spec.ts:166:1 › stale-note: teacher-red and gold-star notes clear on the next edit (1.6s)
  ✓    5 e2e/affordances.spec.ts:404:1 › composed keyboard: K-peek from cell focus + roving tabindex (Ctrl+Home/End) + undo in one session (1.8s)
  ✓    1 e2e/affordances.spec.ts:310:1 › permalink: share writes ?board= and a reload reproduces the exact board (1.8s)
  ✓   11 e2e/board-covisibility.spec.ts:55:3 › mark 6 — the band dissolves › the tally files with the deal, and the strip it left can still be seen (354ms)
  ✓    4 e2e/affordances.spec.ts:277:1 › fill batch: one Fill sweep undoes as ONE gesture, redo re-fills (1.9s)
  ✓   12 e2e/board-covisibility.spec.ts:78:3 › mark 6 — the band dissolves › the strip below the board is one reserved line (385ms)
  ✓   13 e2e/board-covisibility.spec.ts:98:3 › mark 6 — the band dissolves › the grade crests on the board — the celebration never moves the page (332ms)
  ✓   14 e2e/board-covisibility.spec.ts:144:3 › the board fits the viewport it is drawn in › a landscape phone gets a board it can see, not one it must scroll (388ms)
  ✓    7 e2e/affordances.spec.ts:107:1 › print: chrome hidden, black strokes, washes stripped (CSS-only) (2.5s)
  ✓   19 e2e/drawer.spec.ts:245:3 › drawer under prefers-reduced-motion › PRM: toggle is an instant state swap — no glide class, immediate layout (591ms)
  ✓   21 e2e/font-census.spec.ts:140:1 › no string renders in two faces except the ones this estate has ledgered (505ms)
  ✓   10 e2e/affordances.spec.ts:491:1 › composed keyboard (futoshiki twin): K-peek from cell focus + roving + undo in one session (1.5s)
  ✓   15 e2e/drawer.spec.ts:37:1 › drawer: default open — tab present (≥44px), aria wired, controls visible (1.3s)
  ✓   20 e2e/drawer.spec.ts:278:3 › drawer below the row regime › <1024: no tab, stacked panel in flow exactly as today (1.5s)
  ✓   22 e2e/futoshiki.spec.ts:47:1 › gallery switches to futoshiki: default board renders with inequality carets (1.0s)
  ✓   24 e2e/futoshiki.spec.ts:103:1 › blank cell accepts input via pointer + on-screen affordance (1.0s)
  ✓   26 e2e/gallery-deal.spec.ts:75:1 › band: a sibling of the listbox, never a control inside role=option (437ms)
  ✓   29 e2e/gallery-deal.spec.ts:185:1 › cold start: GIVENS ARE NOT WORK — a dealt, untouched board reads "dealt" (377ms)
  ✓   25 e2e/futoshiki.spec.ts:144:1 › solve: a fresh generated board solves to solve-success (1.0s)
  ✓   27 e2e/gallery-deal.spec.ts:142:1 › cold start: an UNMOUNTED game reports its saved board and offers resume (526ms)
  ✓   28 e2e/gallery-deal.spec.ts:174:1 › cold start: a game with NO board offers start, and the card keeps its range line (519ms)
  ✓   23 e2e/futoshiki.spec.ts:74:1 › size switching: 4×4/5×5/6×6/7×7 each change the board cell count (1.8s)
  ✓   18 e2e/drawer.spec.ts:208:1 › drawer: keyboard shortcuts (undo, K-peek) work with the drawer closed (2.5s)
  ✓   32 e2e/gallery-deal.spec.ts:266:1 › guard: the `d` hotkey routes through the SAME ribbon (615ms)
  ✓   16 e2e/drawer.spec.ts:58:1 › drawer: close glides transform-only, board grows ≥24px + centers, persists (2.9s)
  ✓   30 e2e/gallery-deal.spec.ts:206:1 › guard: a deal onto ANOTHER game with work on it arms the ribbon (1.2s)
  ✓   31 e2e/gallery-deal.spec.ts:243:1 › guard: the NEGATIVE control — an untouched target board deals straight through (914ms)
  ✓   33 e2e/gallery-deal.spec.ts:288:1 › deal: a cross-game deal lands the TARGET game at the STAGED pair (855ms)
  ✓   34 e2e/gallery-deal.spec.ts:316:1 › safe verb: `start` HONOURS the staged pair (a game with no board has none to restore) (836ms)
  ✓   35 e2e/gallery-deal.spec.ts:334:1 › safe verb: `resume` PRINTS the saved pair the moment the chips wander off it (807ms)
  ✓   37 e2e/gallery-deal.spec.ts:404:1 › a11y: the live region carries the staged pair and the board state (617ms)
  ✓   39 e2e/gallery-guard.spec.ts:73:1 › snap chime: the centered card carries a scribble underline; flanks do not (529ms)
  ✓   36 e2e/gallery-deal.spec.ts:371:1 › safe verb: a wandered pair cannot OUTLIVE the transaction (1.1s)
  ✓   38 e2e/gallery-guard.spec.ts:57:1 › dropdown retired: the wordmark opens the gallery; no listbox affordance remains (903ms)
  ✓   44 e2e/gallery.spec.ts:25:1 › gallery: ?view=gallery lands in the carousel — listbox roles, labels, focus, pips (476ms)
  ✓   45 e2e/gallery.spec.ts:74:1 › gallery: keyboard step moves the snap, announces it, and updates aria + pips (609ms)
  ✓   42 e2e/gallery-guard.spec.ts:133:1 › guard: a pristine board switches to a different game with no ribbon (1.1s)
  ✓   47 e2e/gallery.spec.ts:133:1 › gallery: Escape cancels back to the board, no swap, ?view cleared (574ms)
  ✓   17 e2e/drawer.spec.ts:175:1 › drawer: open focuses the first control; Esc closes from within and returns focus to the tab (4.3s)
  ✓   46 e2e/gallery.spec.ts:117:1 › gallery: Enter on futoshiki selects it — board swaps, ?game set, ?view cleared (659ms)
  ✓   43 e2e/gallery-guard.spec.ts:149:1 › guard: selecting the same game never asks, even when the board is dirty (1.1s)
  ✓   48 e2e/gallery.spec.ts:147:1 › gallery: `g` opens the gallery from playing; a `g` typed into a cell does not (741ms)
  ✓   51 e2e/gallery.spec.ts:233:3 › gallery on a 375 phone › 375: one card near-fills the width, a neighbor peeks, pips present (351ms)
  ✓   41 e2e/gallery-guard.spec.ts:114:1 › guard: keep dismisses the ribbon, stays in the gallery, board unchanged (1.7s)
  ✓   50 e2e/gallery.spec.ts:203:3 › gallery under prefers-reduced-motion › PRM: open is an instant cut — gallery present, no tweening (586ms)
  ✓   40 e2e/gallery-guard.spec.ts:90:1 › guard: dirty + different arms the ribbon; leave abandons the marks and switches (1.8s)
  ✓   52 e2e/permalink.spec.ts:49:1 › board-only ?board= URL loads the encoded board (sudoku) (537ms)
  ✓   53 e2e/permalink.spec.ts:65:1 › mismatched ?board=/?size= falls closed to the size path (sudoku) (532ms)
  ✓   55 e2e/permalink.spec.ts:109:1 › randomize drops ?board= from the URL (sudoku) (440ms)
  ✓   49 e2e/gallery.spec.ts:174:1 › gallery: only the centered card boils — a flank frame is inert + frozen (1.1s)
  ✓   58 e2e/permalink.spec.ts:140:1 › board-only ?board= loads a futoshiki board with its inequalities, randomize drops it (577ms)
  ✓   57 e2e/share-truth.spec.ts:76:1 › sudoku share success: label + aria confirm AND the clipboard holds the link (589ms)
  ✓   56 e2e/permalink.spec.ts:122:1 › the share affordance writes ?board= on the explicit act (sudoku) (650ms)
  ✓   61 e2e/share-truth.spec.ts:140:1 › sudoku corrupt ?board= surfaces the margin-voice notice (487ms)
  ✓   59 e2e/share-truth.spec.ts:97:1 › sudoku share failure: "couldn't copy" signal, link still live in the address bar (601ms)
  ✓   60 e2e/share-truth.spec.ts:116:1 › futoshiki share failure: the same "couldn't copy" signal (twin) (578ms)
  ✓   54 e2e/permalink.spec.ts:81:1 › game switch leaves no foreign board/size params in the URL (1.1s)
  ✓   62 e2e/share-truth.spec.ts:152:1 › futoshiki corrupt ?board= surfaces the margin-voice notice (twin) (468ms)
  ✓   63 e2e/sudoku-interaction.spec.ts:47:1 › valid solution: randomize → solve → success state + all cells filled (694ms)
  ✓   67 e2e/sudoku-interaction.spec.ts:153:1 › given cell override: foreground stroke reverts to user-ink on override (671ms)
  ✓   66 e2e/sudoku-interaction.spec.ts:125:1 › given cells use foreground ink, solved cells use solver-ink (768ms)
  ✓   69 e2e/sudoku-interaction.spec.ts:255:1 › noise animation: randomize produces multiple unique reveal delays (663ms)
  ✓   65 e2e/sudoku-interaction.spec.ts:92:1 › consecutive solve: values remain unchanged on second solve (805ms)
  ✓   68 e2e/sudoku-interaction.spec.ts:201:1 › solve failure: conflicting user values produce solve-failure state (769ms)
  ✓   70 e2e/visual-regression.spec.ts:95:1 › light mode: layout, styles, filters, DOM contract (680ms)
  ✓   71 e2e/visual-regression.spec.ts:202:1 › dark mode: celestial swap, control panel carries no filter, DOM contract (677ms)
  ✓   74 e2e/visual-regression.spec.ts:350:1 › graceful degradation: UI renders without backend API (560ms)
  ✓   76 e2e/visual-regression.spec.ts:428:1 › the Deal die is not crushed: the commit verb's box fits its own content (540ms)
  ✓   79 e2e/visual-regression.spec.ts:676:1 › toggle warp rest pose: wrung into the page, no carousel travel (536ms)
  ✓   78 e2e/visual-regression.spec.ts:612:1 › the iPad coarse card stays under the P1 seal: the chip seam is PAID for (640ms)
  ✓   80 e2e/zone-grammar.spec.ts:51:1 › rendered-name census, rail: two eyebrows, three tapes, two captions — and the counter can see an injected one (496ms)
  ✓   81 e2e/zone-grammar.spec.ts:117:1 › every zone is named by its own VISIBLE tape — the accessible name and the drawn one are one string (497ms)
  ✓   72 e2e/visual-regression.spec.ts:234:1 › grid draw-in completes and path-based boil activates (1.3s)
  ✓   83 e2e/zone-grammar.spec.ts:201:1 › the staged headings are HEADINGS for assistive tech — decided one way, not both (512ms)
  ✓   82 e2e/zone-grammar.spec.ts:164:1 › the permanent tape is a LABEL, not a tooltip — and the surface it names has a name (553ms)
  ✓   64 e2e/sudoku-interaction.spec.ts:67:1 › invalid solution: solve → edit cell → state reverts to idle (2.1s)
  ✓   73 e2e/visual-regression.spec.ts:284:1 › randomize populates board and blank cells accept input (1.5s)
  ✓   77 e2e/visual-regression.spec.ts:537:1 › option chips keep their separation: ≥6px between neighbours, both axes (1.4s)
  ✓   85 e2e/zone-grammar.spec.ts:276:1 › a frozen well mints ONE pose node and promotes nothing (the HandDrawnOutline prune) (500ms)
  ✓   84 e2e/zone-grammar.spec.ts:244:1 › selection is announced: every option chip carries aria-pressed, exactly one per group (539ms)
  ✓   86 e2e/zone-grammar.spec.ts:340:3 › coarse regime › the coarse card: regime witnessed first, then two eyebrows and a 44px floor in BOTH dimensions (906ms)
  ✓   87 e2e/zone-grammar.spec.ts:382:3 › coarse regime › the teacher's well names the check state the card has never shown (1.0s)
  ✓   88 e2e/mobile-affordances.spec.ts:105:1 › native bounded entry (sudoku 9×9): coarse cell raises the numeric keypad, iOS-congruent, 16px floor (1.1s)
  ✓   90 e2e/mobile-affordances.spec.ts:137:1 › native bounded entry (futoshiki twin): coarse cell raises the numeric keypad, iOS-congruent (1.1s)
  ✓   89 e2e/mobile-affordances.spec.ts:121:1 › native bounded entry (sudoku 16×16): two-digit values 10–16 enter whole (1.3s)
  ✓   93 e2e/mobile-affordances.spec.ts:230:1 › attribution opens on a single tap (T4-WM §2): the coarse focusin+click double-fire no longer nets closed (1.0s)
  ✓   92 e2e/mobile-affordances.spec.ts:204:1 › hint two-press by touch (T4-W7): first tap names the technique, second inks the digit (1.2s)
  ✓   91 e2e/mobile-affordances.spec.ts:160:1 › touch play tools (T4-WM §2): undo / redo / hint tappable at ≥44px, wired, and no sticky hover (1.3s)
  ✓   97 e2e/mobile-affordances.spec.ts:339:1 › Deal is dirty-gated (T4-WU/U3): a pristine board carries no arm; a dirty board arms first (1.0s)
  ✓   96 e2e/mobile-affordances.spec.ts:266:1 › coarse affordances: persistent peek washi on a ≥44px target, icon sublabels, Clear confirm beat (1.2s)
  ✓   98 e2e/mobile-platform.spec.ts:52:3 › ios-discipline (iPhone-geometry coarse) › the board scene contains overscroll (no rubber-band / scroll-chain) (1.2s)
  ✓   99 e2e/mobile-platform.spec.ts:63:3 › ios-discipline (iPhone-geometry coarse) › game surfaces suppress selection + the double-tap-zoom delay (long-press-clean) (1.1s)
  ✓   75 e2e/visual-regression.spec.ts:366:1 › size switching: 4x4, 9x9, 16x16 all render grid lines (4.4s)
  ✓  100 e2e/mobile-platform.spec.ts:105:3 › ios-discipline (iPhone-geometry coarse) › tap-highlight + text-size-adjust are delivered (preflight) app-wide (1.1s)
  ✓   94 e2e/mobile-affordances.spec.ts:243:1 › long-press peek (T4-WM §3, sudoku): a hold on a cell opens the candidate glimpse; release clears it (1.8s)
  ✓  101 e2e/mobile-platform.spec.ts:125:3 › ios-discipline (iPhone-geometry coarse) › viewport opts into the notch + the fixed toggle pads clear of the safe area (1.1s)
  ✓   95 e2e/mobile-affordances.spec.ts:250:1 › long-press peek (T4-WM §3, futoshiki twin): a hold on a cell opens the candidate glimpse; release clears it (1.8s)
  ✓  103 e2e/mobile-platform.spec.ts:279:3 › landscape phone (~844×390, coarse) › no horizontal overflow; entry works (1.1s)
  ✓  105 e2e/mobile-platform.spec.ts:307:3 › large iPad landscape (≥1024, coarse → desktop drawer layout) › the drawer tab is a clean ≥44px tap target and toggles the rail (1.3s)
  ✓  104 e2e/mobile-platform.spec.ts:293:3 › iPad portrait (<1024, coarse, stacked) › no horizontal overflow; entry works (1.4s)
  ✓  102 e2e/mobile-platform.spec.ts:169:3 › keyboard-avoid (emulated visualViewport) › a focused below-fold cell scrolls clear of the emulated keyboard band (1.9s)

  105 passed (15.0s)
