  ✓  1 e2e/visual-regression.spec.ts:533:1 › option chips keep their separation: ≥6px between neighbours, both axes (940ms)


  1) e2e/visual-regression.spec.ts:608:1 › the iPad coarse card stays under the P1 seal: the chip seam is PAID for 

    Error: iPad coarse card is 1135.05px against the P1 seal 1098.25px

    expect(received).toBeLessThanOrEqual(expected)

    Expected: <= 1098.25
    Received:    1135.05

      646 |       shipped,
      647 |       `iPad coarse card is ${shipped}px against the P1 seal ${SEAL}px`,
    > 648 |     ).toBeLessThanOrEqual(SEAL);
          |       ^
      649 |
      650 |     // NEGATIVE CONTROL, in the same run: revert both payments in-page and the same probe
      651 |     // must break the seal. Without this the bound is arithmetic about a number nobody can
        at /Users/mkbabb/Programming/csc411/CSC411_HW2_ProgrammingQuestion/web/frontend/e2e/visual-regression.spec.ts:648:7

    attachment #1: screenshot (image/png) ──────────────────────────────────────────────────────────
    test-results/visual-regression-the-iPad-6c4a8-l-the-chip-seam-is-PAID-for/test-failed-1.png
    ────────────────────────────────────────────────────────────────────────────────────────────────

    Error Context: test-results/visual-regression-the-iPad-6c4a8-l-the-chip-seam-is-PAID-for/error-context.md

  1 failed
    e2e/visual-regression.spec.ts:608:1 › the iPad coarse card stays under the P1 seal: the chip seam is PAID for 
  1 passed (1.7s)
