
=== coarse-1280x800 ===
  layout   {"w":917.11,"h":640,"left":181.44,"right":1098.55,"pad":"0px"}
  board    {"w":640,"h":640,"left":181.44,"right":821.44,"pad":"0px"}
  drawer   {"w":221.11,"h":608,"left":877.44,"right":1098.55,"pad":"0px"}
  card     {"w":221.11,"h":608,"left":877.44,"right":1098.55,"pad":"20px"}
  panel    {"w":181.11,"h":1135.05,"left":897.44,"right":1078.55,"pad":"0px"}
  well     {"w":181.11,"h":446.48,"left":897.44,"right":1078.55,"pad":"8.8px 8px 5.6px"}
  group ctrl-options flex        w=165.11  chips=4×4:60 9×9:60 16×16:84 sumMax=204.00
  group ctrl-options flex        w=165.11  chips=Easy:72 Medium:96 Hard:72 sumMax=240.00
  group ctrl-options flex        w=165.11  chips=Normal:96.02 Corner:96.02 Center:96.02 sumMax=288.06
  group ctrl-options flex        w=165.11  chips=Off:60.02 On:48.02 sumMax=108.04
  group ctrl-options flex        w=165.11  chips=Off:60.02 Ask:60.02 Live:72.02 sumMax=192.06

=== coarse-1024x768 ===
  layout   {"w":882.02,"h":608,"left":70.98,"right":953,"pad":"0px"}
  board    {"w":608,"h":608,"left":70.98,"right":678.98,"pad":"0px"}
  drawer   {"w":218.02,"h":576,"left":734.98,"right":953,"pad":"0px"}
  card     {"w":218.02,"h":576,"left":734.98,"right":953,"pad":"20px"}
  panel    {"w":178.02,"h":1131.69,"left":754.98,"right":933,"pad":"0px"}
  well     {"w":178.02,"h":445.95,"left":754.98,"right":933,"pad":"8.8px 8px 5.6px"}
  group ctrl-options flex        w=162.02  chips=4×4:60 9×9:60 16×16:84 sumMax=204.00
  group ctrl-options flex        w=162.02  chips=Easy:72 Medium:96 Hard:72 sumMax=240.00
  group ctrl-options flex        w=162.02  chips=Normal:96.02 Corner:96.02 Center:96.02 sumMax=288.06
  group ctrl-options flex        w=162.02  chips=Off:60.02 On:48.02 sumMax=108.04
  group ctrl-options flex        w=162.02  chips=Off:60.02 Ask:60.02 Live:72.02 sumMax=192.06

=== fine-1440x900 ===
  layout   {"w":1009,"h":672,"left":215.5,"right":1224.5,"pad":"0px"}
  board    {"w":672,"h":672,"left":215.5,"right":887.5,"pad":"0px"}
  drawer   {"w":281,"h":640,"left":943.5,"right":1224.5,"pad":"0px"}
  card     {"w":281,"h":640,"left":943.5,"right":1224.5,"pad":"20px"}
  panel    {"w":241,"h":1036.13,"left":963.5,"right":1204.5,"pad":"0px"}
  well     {"w":241,"h":410.83,"left":963.5,"right":1204.5,"pad":"8.8px 8px 5.6px"}
  group ctrl-options flex        w=225  chips=4×4:60 9×9:60 16×16:84 sumMax=204.00
  group ctrl-options flex        w=225  chips=Easy:72 Medium:96 Hard:72 sumMax=240.00
  group ctrl-options flex        w=225  chips=Normal:96.02 Corner:96.02 Center:96.02 sumMax=288.06
  group ctrl-options flex        w=225  chips=Off:60.02 On:48.02 sumMax=108.04
  group ctrl-options flex        w=225  chips=Off:60.02 Ask:60.02 Live:72.02 sumMax=192.06
