payload ATMuMDMwNzA4NjQwMj… (61 givens) · DEPTHS 25,30 · DEF 25
chromium dpr1 light rest CONTROL rgb(10, 10, 10) med 7.718 <4.5 0.377 pop 212 → bound 0.427
chromium dpr1 light rest mix25 oklab(0.249553 0.0485437 0.0117072) med 6.715 <4.5 0.401 pop 212 RED G4 slice core (p95) under 6.32 (= max(3.0, 0.4×whole p95 15.80)) at 12:4.01
chromium dpr1 light rest mix30 oklab(0.27056 0.0582511 0.0140481) med 6.372 <4.5 0.406 pop 212 RED G4 slice core (p95) under 5.94 (= max(3.0, 0.4×whole p95 14.85)) at 12:3.86
chromium dpr1 light rest mix25+FAINT30_fill med 1.644 <4.5 1 pop 193 RED G2 core median 1.644 < 4.5 / G3 fraction under 4.5 = 1.000 > bound 0.427 / G4 slice core (p95) under 3.00 (= max(3.0, 0.4×whole p95 1.92)) at 0:1.92, 1:1.92, 2:1.92, 3:1.92, 4:1.92, 5:1.92, 6:1.92, 7:1.92, 8:1.71, 9:1.92, 10:1.92, 11:1.92, 12:1.43, 13:1.92
chromium dpr1 light rest mix25+TAIL12_a25 med 6.715 <4.5 0.401 pop 212 RED G4 slice core (p95) under 6.32 (= max(3.0, 0.4×whole p95 15.80)) at 12:4.01
chromium dpr1 light rest mix25+TAIL35_a25 med 4.226 <4.5 0.512 pop 207 RED G2 core median 4.226 < 4.5 / G3 fraction under 4.5 = 0.512 > bound 0.427 / G4 slice core (p95) under 6.32 (= max(3.0, 0.4×whole p95 15.80)) at 12:4.01, 13:1.69
chromium dpr1 light rest mix25+EMPTY_hidden med 0 <4.5 1 pop 0 RED G1 population 0 px < 40 (EMPTY/thin is RED)
chromium dpr1 light rest mix25+TAIL12_textrun run [14.4,40.7] cut 37.5 med 6.578 <4.5 0.413 pop 208 RED G4 slice core (p95) under 6.32 (= max(3.0, 0.4×whole p95 15.80)) at 12:4.01
chromium dpr1 light rest mix25+TAIL35_textrun run [14.4,40.7] cut 31.5 med 2.501 <4.5 0.58 pop 205 RED G2 core median 2.501 < 4.5 / G3 fraction under 4.5 = 0.580 > bound 0.427 / G4 slice core (p95) under 6.32 (= max(3.0, 0.4×whole p95 15.80)) at 11:1.69, 12:1.33, 13:1.69
chromium dpr1 light hover CONTROL rgb(10, 10, 10) med 8.199 <4.5 0.368 pop 212 → bound 0.418
chromium dpr1 light hover mix25 oklab(0.249553 0.0485437 0.0117072) med 6.517 <4.5 0.406 pop 212 RED G4 slice core (p95) under 6.03 (= max(3.0, 0.4×whole p95 15.08)) at 12:3.96
chromium dpr1 light hover mix30 oklab(0.27056 0.0582511 0.0140481) med 6.182 <4.5 0.41 pop 212 RED G4 slice core (p95) under 5.67 (= max(3.0, 0.4×whole p95 14.17)) at 12:3.81
chromium dpr1 light hover mix25+FAINT30_fill med 1.638 <4.5 1 pop 193 RED G2 core median 1.638 < 4.5 / G3 fraction under 4.5 = 1.000 > bound 0.418 / G4 slice core (p95) under 3.00 (= max(3.0, 0.4×whole p95 1.90)) at 0:1.9, 1:1.9, 2:1.9, 3:1.9, 4:1.9, 5:1.9, 6:1.9, 7:1.9, 8:1.7, 9:1.9, 10:1.9, 11:1.9, 12:1.42, 13:1.9
chromium dpr1 light hover mix25+TAIL12_a25 med 6.517 <4.5 0.406 pop 212 RED G4 slice core (p95) under 6.03 (= max(3.0, 0.4×whole p95 15.08)) at 12:3.96
chromium dpr1 light hover mix25+TAIL35_a25 med 4.168 <4.5 0.519 pop 208 RED G2 core median 4.168 < 4.5 / G3 fraction under 4.5 = 0.519 > bound 0.418 / G4 slice core (p95) under 6.03 (= max(3.0, 0.4×whole p95 15.08)) at 12:3.96, 13:1.67
chromium dpr1 light hover mix25+EMPTY_hidden med 0 <4.5 1 pop 0 RED G1 population 0 px < 40 (EMPTY/thin is RED)
chromium dpr1 light hover mix25+TAIL12_textrun run [14.4,40.7] cut 37.5 med 6.384 <4.5 0.421 pop 209 RED G3 fraction under 4.5 = 0.421 > bound 0.418 / G4 slice core (p95) under 6.03 (= max(3.0, 0.4×whole p95 15.08)) at 12:3.96
chromium dpr1 light hover mix25+TAIL35_textrun run [14.4,40.7] cut 31.5 med 2.448 <4.5 0.589 pop 207 RED G2 core median 2.448 < 4.5 / G3 fraction under 4.5 = 0.589 > bound 0.418 / G4 slice core (p95) under 6.03 (= max(3.0, 0.4×whole p95 15.08)) at 11:1.67, 12:1.33, 13:1.67
chromium dpr1 dark rest CONTROL rgb(237, 236, 233) med 11.701 <4.5 0.222 pop 216 → bound 0.272
chromium dpr1 dark rest mix25 oklab(0.881016 0.0481338 0.0137616) med 11.085 <4.5 0.222 pop 216 GREEN
chromium dpr1 dark rest mix30 oklab(0.868766 0.0578309 0.0156244) med 10.727 <4.5 0.222 pop 216 GREEN
chromium dpr1 dark rest mix25+FAINT30_fill med 2.05 <4.5 1 pop 198 RED G2 core median 2.050 < 4.5 / G3 fraction under 4.5 = 1.000 > bound 0.272 / G4 slice core (p95) under 3.00 (= max(3.0, 0.4×whole p95 2.19)) at 0:2.19, 1:2.19, 2:2.19, 3:2.19, 4:2.19, 5:2.19, 6:2.19, 7:2.19, 8:2.12, 9:2.19, 10:2.19, 11:2.19, 12:1.83, 13:2.19
chromium dpr1 dark rest mix25+TAIL12_a25 med 11.085 <4.5 0.222 pop 216 GREEN (HOLE)
chromium dpr1 dark rest mix25+TAIL35_a25 med 8.809 <4.5 0.351 pop 211 RED G3 fraction under 4.5 = 0.351 > bound 0.272 / G4 slice core (p95) under 5.20 (= max(3.0, 0.4×whole p95 12.99)) at 13:1.88
chromium dpr1 dark rest mix25+EMPTY_hidden med 0 <4.5 1 pop 0 RED G1 population 0 px < 40 (EMPTY/thin is RED)
chromium dpr1 dark rest mix25+TAIL12_textrun run [14.4,40.7] cut 37.5 med 11.085 <4.5 0.241 pop 212 GREEN (HOLE)
chromium dpr1 dark rest mix25+TAIL35_textrun run [14.4,40.7] cut 31.5 med 5.327 <4.5 0.486 pop 210 RED G3 fraction under 4.5 = 0.486 > bound 0.272 / G4 slice core (p95) under 5.20 (= max(3.0, 0.4×whole p95 12.99)) at 11:1.88, 12:1.63, 13:1.88
chromium dpr1 dark hover CONTROL rgb(237, 236, 233) med 11.016 <4.5 0.222 pop 216 → bound 0.272
chromium dpr1 dark hover mix25 oklab(0.881016 0.0481338 0.0137616) med 8.955 <4.5 0.241 pop 216 GREEN
chromium dpr1 dark hover mix30 oklab(0.868766 0.0578309 0.0156244) med 8.636 <4.5 0.255 pop 216 GREEN
chromium dpr1 dark hover mix25+FAINT30_fill med 2.091 <4.5 1 pop 197 RED G2 core median 2.091 < 4.5 / G3 fraction under 4.5 = 1.000 > bound 0.272 / G4 slice core (p95) under 3.00 (= max(3.0, 0.4×whole p95 2.20)) at 0:2.2, 1:2.2, 2:2.2, 3:2.2, 4:2.2, 5:2.2, 6:2.2, 7:2.2, 8:2.16, 9:2.2, 10:2.2, 11:2.2, 12:1.88, 13:2.2
chromium dpr1 dark hover mix25+TAIL12_a25 med 8.955 <4.5 0.241 pop 216 GREEN (HOLE)
chromium dpr1 dark hover mix25+TAIL35_a25 med 7.313 <4.5 0.37 pop 211 RED G3 fraction under 4.5 = 0.370 > bound 0.272 / G4 slice core (p95) under 4.13 (= max(3.0, 0.4×whole p95 10.32)) at 13:1.79
chromium dpr1 dark hover mix25+EMPTY_hidden med 0 <4.5 1 pop 0 RED G1 population 0 px < 40 (EMPTY/thin is RED)
chromium dpr1 dark hover mix25+TAIL12_textrun run [14.4,40.7] cut 37.5 med 8.923 <4.5 0.259 pop 212 GREEN (HOLE)
chromium dpr1 dark hover mix25+TAIL35_textrun run [14.4,40.7] cut 31.5 med 4.699 <4.5 0.49 pop 210 RED G3 fraction under 4.5 = 0.490 > bound 0.272 / G4 slice core (p95) under 4.13 (= max(3.0, 0.4×whole p95 10.32)) at 11:1.79, 12:1.57, 13:1.79
chromium dpr2 light rest CONTROL rgb(10, 10, 10) med 16.19 <4.5 0.27 pop 721 → bound 0.32
chromium dpr2 light rest mix25 oklab(0.249553 0.0485437 0.0117072) med 15.803 <4.5 0.279 pop 721 GREEN
chromium dpr2 light rest mix30 oklab(0.27056 0.0582511 0.0140481) med 14.849 <4.5 0.282 pop 721 GREEN
chromium dpr2 light rest mix25+FAINT30_fill med 1.915 <4.5 1 pop 696 RED G2 core median 1.915 < 4.5 / G3 fraction under 4.5 = 1.000 > bound 0.320 / G4 slice core (p95) under 3.00 (= max(3.0, 0.4×whole p95 1.92)) at 0:1.92, 1:1.92, 2:1.92, 3:1.92, 4:1.92, 5:1.92, 6:1.92, 7:1.92, 8:1.92, 9:1.92, 10:1.92, 11:1.92, 12:1.92, 13:1.92, 14:1.92, 15:1.92
chromium dpr2 light rest mix25+TAIL12_a25 med 15.803 <4.5 0.279 pop 721 GREEN (HOLE)
chromium dpr2 light rest mix25+TAIL35_a25 med 12.42 <4.5 0.406 pop 715 RED G3 fraction under 4.5 = 0.406 > bound 0.320 / G4 slice core (p95) under 6.32 (= max(3.0, 0.4×whole p95 15.80)) at 13:1.69, 14:1.69, 15:1.69
chromium dpr2 light rest mix25+EMPTY_hidden med 0 <4.5 1 pop 0 RED G1 population 0 px < 40 (EMPTY/thin is RED)
chromium dpr2 light rest mix25+TAIL12_textrun run [14.4,40.7] cut 37.5 med 15.803 <4.5 0.339 pop 716 RED G3 fraction under 4.5 = 0.339 > bound 0.320 / G4 slice core (p95) under 6.32 (= max(3.0, 0.4×whole p95 15.80)) at 14:1.69, 15:1.69
chromium dpr2 light rest mix25+TAIL35_textrun run [14.4,40.7] cut 31.5 med 3.224 <4.5 0.521 pop 710 RED G2 core median 3.224 < 4.5 / G3 fraction under 4.5 = 0.521 > bound 0.320 / G4 slice core (p95) under 6.32 (= max(3.0, 0.4×whole p95 15.80)) at 10:1.69, 11:1.69, 12:1.69, 13:1.69, 14:1.69, 15:1.69
chromium dpr2 light hover CONTROL rgb(10, 10, 10) med 18.297 <4.5 0.27 pop 721 → bound 0.32
chromium dpr2 light hover mix25 oklab(0.249553 0.0485437 0.0117072) med 15.085 <4.5 0.282 pop 721 GREEN
chromium dpr2 light hover mix30 oklab(0.27056 0.0582511 0.0140481) med 14.175 <4.5 0.29 pop 721 GREEN
chromium dpr2 light hover mix25+FAINT30_fill med 1.897 <4.5 1 pop 696 RED G2 core median 1.897 < 4.5 / G3 fraction under 4.5 = 1.000 > bound 0.320 / G4 slice core (p95) under 3.00 (= max(3.0, 0.4×whole p95 1.90)) at 0:1.9, 1:1.9, 2:1.9, 3:1.9, 4:1.9, 5:1.9, 6:1.9, 7:1.9, 8:1.9, 9:1.9, 10:1.9, 11:1.9, 12:1.9, 13:1.9, 14:1.9, 15:1.9
chromium dpr2 light hover mix25+TAIL12_a25 med 15.085 <4.5 0.282 pop 721 GREEN (HOLE)
chromium dpr2 light hover mix25+TAIL35_a25 med 11.866 <4.5 0.41 pop 717 RED G3 fraction under 4.5 = 0.410 > bound 0.320 / G4 slice core (p95) under 6.03 (= max(3.0, 0.4×whole p95 15.08)) at 13:1.67, 14:1.67, 15:1.67
chromium dpr2 light hover mix25+EMPTY_hidden med 0 <4.5 1 pop 0 RED G1 population 0 px < 40 (EMPTY/thin is RED)
chromium dpr2 light hover mix25+TAIL12_textrun run [14.4,40.7] cut 37.5 med 15.085 <4.5 0.344 pop 718 RED G3 fraction under 4.5 = 0.344 > bound 0.320 / G4 slice core (p95) under 6.03 (= max(3.0, 0.4×whole p95 15.08)) at 14:1.67, 15:1.67
chromium dpr2 light hover mix25+TAIL35_textrun run [14.4,40.7] cut 31.5 med 3.204 <4.5 0.523 pop 713 RED G2 core median 3.204 < 4.5 / G3 fraction under 4.5 = 0.523 > bound 0.320 / G4 slice core (p95) under 6.03 (= max(3.0, 0.4×whole p95 15.08)) at 10:1.67, 11:1.67, 12:1.67, 13:1.67, 14:1.67, 15:1.67
chromium dpr2 dark rest CONTROL rgb(237, 236, 233) med 13.582 <4.5 0.164 pop 730 → bound 0.214
chromium dpr2 dark rest mix25 oklab(0.881016 0.0481338 0.0137616) med 12.992 <4.5 0.175 pop 730 GREEN
chromium dpr2 dark rest mix30 oklab(0.868766 0.0578309 0.0156244) med 12.504 <4.5 0.179 pop 730 GREEN
chromium dpr2 dark rest mix25+FAINT30_fill med 2.192 <4.5 1 pop 709 RED G2 core median 2.192 < 4.5 / G3 fraction under 4.5 = 1.000 > bound 0.214 / G4 slice core (p95) under 3.00 (= max(3.0, 0.4×whole p95 2.19)) at 0:2.19, 1:2.19, 2:2.19, 3:2.19, 4:2.19, 5:2.19, 6:2.19, 7:2.19, 8:2.19, 9:2.19, 10:2.19, 11:2.19, 12:2.19, 13:2.19, 14:2.19, 15:2.19
chromium dpr2 dark rest mix25+TAIL12_a25 med 12.992 <4.5 0.175 pop 730 GREEN (HOLE)
chromium dpr2 dark rest mix25+TAIL35_a25 med 12.74 <4.5 0.309 pop 726 RED G3 fraction under 4.5 = 0.309 > bound 0.214 / G4 slice core (p95) under 5.20 (= max(3.0, 0.4×whole p95 12.99)) at 13:1.88, 14:1.88, 15:1.88
chromium dpr2 dark rest mix25+EMPTY_hidden med 0 <4.5 1 pop 0 RED G1 population 0 px < 40 (EMPTY/thin is RED)
chromium dpr2 dark rest mix25+TAIL12_textrun run [14.4,40.7] cut 37.5 med 12.992 <4.5 0.241 pop 726 RED G3 fraction under 4.5 = 0.241 > bound 0.214 / G4 slice core (p95) under 5.20 (= max(3.0, 0.4×whole p95 12.99)) at 14:1.88, 15:1.88
chromium dpr2 dark rest mix25+TAIL35_textrun run [14.4,40.7] cut 31.5 med 6.449 <4.5 0.465 pop 724 RED G3 fraction under 4.5 = 0.465 > bound 0.214 / G4 slice core (p95) under 5.20 (= max(3.0, 0.4×whole p95 12.99)) at 10:1.88, 11:1.88, 12:1.88, 13:1.88, 14:1.88, 15:1.88
chromium dpr2 dark hover CONTROL rgb(237, 236, 233) med 12.761 <4.5 0.167 pop 730 → bound 0.217
chromium dpr2 dark hover mix25 oklab(0.881016 0.0481338 0.0137616) med 10.323 <4.5 0.183 pop 725 GREEN
chromium dpr2 dark hover mix30 oklab(0.868766 0.0578309 0.0156244) med 9.935 <4.5 0.189 pop 725 GREEN
chromium dpr2 dark hover mix25+FAINT30_fill med 2.201 <4.5 1 pop 706 RED G2 core median 2.201 < 4.5 / G3 fraction under 4.5 = 1.000 > bound 0.217 / G4 slice core (p95) under 3.00 (= max(3.0, 0.4×whole p95 2.20)) at 0:2.2, 1:2.2, 2:2.2, 3:2.2, 4:2.2, 5:2.2, 6:2.2, 7:2.2, 8:2.2, 9:2.2, 10:2.2, 11:2.2, 12:2.2, 13:2.2, 14:2.2, 15:2.2
chromium dpr2 dark hover mix25+TAIL12_a25 med 10.323 <4.5 0.183 pop 725 GREEN (HOLE)
chromium dpr2 dark hover mix25+TAIL35_a25 med 10.122 <4.5 0.319 pop 722 RED G3 fraction under 4.5 = 0.319 > bound 0.217 / G4 slice core (p95) under 4.13 (= max(3.0, 0.4×whole p95 10.32)) at 13:1.79, 14:1.79, 15:1.79
chromium dpr2 dark hover mix25+EMPTY_hidden med 0 <4.5 1 pop 0 RED G1 population 0 px < 40 (EMPTY/thin is RED)
chromium dpr2 dark hover mix25+TAIL12_textrun run [14.4,40.7] cut 37.5 med 10.323 <4.5 0.252 pop 723 RED G3 fraction under 4.5 = 0.252 > bound 0.217 / G4 slice core (p95) under 4.13 (= max(3.0, 0.4×whole p95 10.32)) at 14:1.79, 15:1.79
chromium dpr2 dark hover mix25+TAIL35_textrun run [14.4,40.7] cut 31.5 med 5.718 <4.5 0.474 pop 720 RED G3 fraction under 4.5 = 0.474 > bound 0.217 / G4 slice core (p95) under 4.13 (= max(3.0, 0.4×whole p95 10.32)) at 10:1.79, 11:1.79, 12:1.79, 13:1.79, 14:1.79, 15:1.79
webkit dpr1 light rest CONTROL rgb(10, 10, 10) med 7.572 <4.5 0.385 pop 218 → bound 0.435
webkit dpr1 light rest mix25 oklab(0.249552 0.048535 0.011701) med 6.578 <4.5 0.404 pop 218 RED G4 slice core (p95) under 6.32 (= max(3.0, 0.4×whole p95 15.80)) at 12:2.18
webkit dpr1 light rest mix30 oklab(0.270558 0.058241 0.014042) med 6.269 <4.5 0.404 pop 218 RED G4 slice core (p95) under 5.94 (= max(3.0, 0.4×whole p95 14.85)) at 12:2.14
webkit dpr1 light rest mix25+FAINT30_fill med 1.623 <4.5 1 pop 199 RED G2 core median 1.623 < 4.5 / G3 fraction under 4.5 = 1.000 > bound 0.435 / G4 slice core (p95) under 3.00 (= max(3.0, 0.4×whole p95 1.92)) at 0:1.92, 1:1.92, 2:1.92, 3:1.66, 4:1.92, 5:1.92, 6:1.92, 7:1.92, 8:1.92, 9:1.92, 10:1.92, 11:1.92, 12:1.24, 13:1.92
webkit dpr1 light rest mix25+TAIL12_a25 med 6.605 <4.5 0.404 pop 218 RED G4 slice core (p95) under 6.32 (= max(3.0, 0.4×whole p95 15.80)) at 12:2.2
webkit dpr1 light rest mix25+TAIL35_a25 med 3.904 <4.5 0.532 pop 216 RED G2 core median 3.904 < 4.5 / G3 fraction under 4.5 = 0.532 > bound 0.435 / G4 slice core (p95) under 6.32 (= max(3.0, 0.4×whole p95 15.80)) at 12:2.2, 13:1.69
webkit dpr1 light rest mix25+EMPTY_hidden med 0 <4.5 1 pop 0 RED G1 population 0 px < 40 (EMPTY/thin is RED)
webkit dpr1 light rest mix25+TAIL12_textrun run [14.4,40.7] cut 37.5 med 4.93 <4.5 0.484 pop 217 RED G3 fraction under 4.5 = 0.484 > bound 0.435 / G4 slice core (p95) under 6.32 (= max(3.0, 0.4×whole p95 15.80)) at 12:2.2
webkit dpr1 light rest mix25+TAIL35_textrun run [14.4,40.7] cut 31.5 med 2.31 <4.5 0.612 pop 214 RED G2 core median 2.310 < 4.5 / G3 fraction under 4.5 = 0.612 > bound 0.435 / G4 slice core (p95) under 6.32 (= max(3.0, 0.4×whole p95 15.80)) at 11:1.69, 12:1.2, 13:1.69
webkit dpr1 light hover CONTROL rgb(10, 10, 10) med 8.062 <4.5 0.362 pop 218 → bound 0.412
webkit dpr1 light hover mix25 oklab(0.249552 0.048535 0.011701) med 6.41 <4.5 0.404 pop 218 RED G4 slice core (p95) under 6.03 (= max(3.0, 0.4×whole p95 15.08)) at 12:2.18
webkit dpr1 light hover mix30 oklab(0.270558 0.058241 0.014042) med 6.108 <4.5 0.413 pop 218 RED G3 fraction under 4.5 = 0.413 > bound 0.412 / G4 slice core (p95) under 5.67 (= max(3.0, 0.4×whole p95 14.17)) at 12:2.13
webkit dpr1 light hover mix25+FAINT30_fill med 1.62 <4.5 1 pop 199 RED G2 core median 1.620 < 4.5 / G3 fraction under 4.5 = 1.000 > bound 0.412 / G4 slice core (p95) under 3.00 (= max(3.0, 0.4×whole p95 1.90)) at 0:1.9, 1:1.9, 2:1.9, 3:1.66, 4:1.9, 5:1.9, 6:1.9, 7:1.9, 8:1.9, 9:1.9, 10:1.9, 11:1.9, 12:1.23, 13:1.9
webkit dpr1 light hover mix25+TAIL12_a25 med 6.41 <4.5 0.404 pop 218 RED G4 slice core (p95) under 6.03 (= max(3.0, 0.4×whole p95 15.08)) at 12:2.18
webkit dpr1 light hover mix25+TAIL35_a25 med 3.848 <4.5 0.532 pop 216 RED G2 core median 3.848 < 4.5 / G3 fraction under 4.5 = 0.532 > bound 0.412 / G4 slice core (p95) under 6.03 (= max(3.0, 0.4×whole p95 15.08)) at 12:2.18, 13:1.67
webkit dpr1 light hover mix25+EMPTY_hidden med 0 <4.5 1 pop 0 RED G1 population 0 px < 40 (EMPTY/thin is RED)
webkit dpr1 light hover mix25+TAIL12_textrun run [14.4,40.7] cut 37.5 med 4.85 <4.5 0.484 pop 217 RED G3 fraction under 4.5 = 0.484 > bound 0.412 / G4 slice core (p95) under 6.03 (= max(3.0, 0.4×whole p95 15.08)) at 12:2.18
webkit dpr1 light hover mix25+TAIL35_textrun run [14.4,40.7] cut 31.5 med 2.213 <4.5 0.614 pop 215 RED G2 core median 2.213 < 4.5 / G3 fraction under 4.5 = 0.614 > bound 0.412 / G4 slice core (p95) under 6.03 (= max(3.0, 0.4×whole p95 15.08)) at 11:1.67, 12:1.19, 13:1.67
webkit dpr1 dark rest CONTROL rgb(237, 236, 233) med 9.671 <4.5 0.301 pop 236 → bound 0.351
webkit dpr1 dark rest mix25 oklab(0.881019 0.048096 0.013743) med 9.23 <4.5 0.314 pop 236 RED G4 slice core (p95) under 5.20 (= max(3.0, 0.4×whole p95 12.99)) at 12:3.97
webkit dpr1 dark rest mix30 oklab(0.868768 0.057794 0.015606) med 8.885 <4.5 0.314 pop 236 RED G4 slice core (p95) under 5.00 (= max(3.0, 0.4×whole p95 12.50)) at 12:3.86
webkit dpr1 dark rest mix25+FAINT30_fill med 1.916 <4.5 1 pop 223 RED G2 core median 1.916 < 4.5 / G3 fraction under 4.5 = 1.000 > bound 0.351 / G4 slice core (p95) under 3.00 (= max(3.0, 0.4×whole p95 2.19)) at 0:2.19, 1:2.19, 2:2.19, 3:2.09, 4:2.19, 5:2.19, 6:2.19, 7:2.19, 8:2.19, 9:2.19, 10:2.19, 11:2.19, 12:1.39, 13:2.19
webkit dpr1 dark rest mix25+TAIL12_a25 med 9.23 <4.5 0.314 pop 236 RED G4 slice core (p95) under 5.20 (= max(3.0, 0.4×whole p95 12.99)) at 12:3.97
webkit dpr1 dark rest mix25+TAIL35_a25 med 6.849 <4.5 0.438 pop 233 RED G3 fraction under 4.5 = 0.438 > bound 0.351 / G4 slice core (p95) under 5.20 (= max(3.0, 0.4×whole p95 12.99)) at 12:3.97, 13:1.88
webkit dpr1 dark rest mix25+EMPTY_hidden med 0 <4.5 1 pop 0 RED G1 population 0 px < 40 (EMPTY/thin is RED)
webkit dpr1 dark rest mix25+TAIL12_textrun run [14.4,40.7] cut 37.5 med 8.196 <4.5 0.386 pop 233 RED G3 fraction under 4.5 = 0.386 > bound 0.351 / G4 slice core (p95) under 5.20 (= max(3.0, 0.4×whole p95 12.99)) at 12:3.97
webkit dpr1 dark rest mix25+TAIL35_textrun run [14.4,40.7] cut 31.5 med 3.621 <4.5 0.526 pop 230 RED G2 core median 3.621 < 4.5 / G3 fraction under 4.5 = 0.526 > bound 0.351 / G4 slice core (p95) under 5.20 (= max(3.0, 0.4×whole p95 12.99)) at 11:1.88, 12:1.3, 13:1.88
webkit dpr1 dark hover CONTROL rgb(237, 236, 233) med 9.292 <4.5 0.305 pop 236 → bound 0.355
webkit dpr1 dark hover mix25 oklab(0.881019 0.048096 0.013743) med 7.586 <4.5 0.318 pop 236 RED G4 slice core (p95) under 4.13 (= max(3.0, 0.4×whole p95 10.32)) at 12:3.68
webkit dpr1 dark hover mix30 oklab(0.868768 0.057794 0.015606) med 7.326 <4.5 0.318 pop 236 RED G4 slice core (p95) under 3.97 (= max(3.0, 0.4×whole p95 9.94)) at 12:3.58
webkit dpr1 dark hover mix25+FAINT30_fill med 1.964 <4.5 1 pop 222 RED G2 core median 1.964 < 4.5 / G3 fraction under 4.5 = 1.000 > bound 0.355 / G4 slice core (p95) under 3.00 (= max(3.0, 0.4×whole p95 2.22)) at 0:2.22, 1:2.22, 2:2.22, 3:2.13, 4:2.22, 5:2.22, 6:2.22, 7:2.22, 8:2.22, 9:2.22, 10:2.22, 11:2.22, 12:1.45, 13:2.22
webkit dpr1 dark hover mix25+TAIL12_a25 med 7.586 <4.5 0.318 pop 236 RED G4 slice core (p95) under 4.13 (= max(3.0, 0.4×whole p95 10.32)) at 12:3.68
webkit dpr1 dark hover mix25+TAIL35_a25 med 5.875 <4.5 0.442 pop 233 RED G3 fraction under 4.5 = 0.442 > bound 0.355 / G4 slice core (p95) under 4.13 (= max(3.0, 0.4×whole p95 10.32)) at 12:3.68, 13:1.79
webkit dpr1 dark hover mix25+EMPTY_hidden med 0 <4.5 1 pop 0 RED G1 population 0 px < 40 (EMPTY/thin is RED)
webkit dpr1 dark hover mix25+TAIL12_textrun run [14.4,40.7] cut 37.5 med 6.895 <4.5 0.391 pop 233 RED G3 fraction under 4.5 = 0.391 > bound 0.355 / G4 slice core (p95) under 4.13 (= max(3.0, 0.4×whole p95 10.32)) at 12:3.68
webkit dpr1 dark hover mix25+TAIL35_textrun run [14.4,40.7] cut 31.5 med 3.404 <4.5 0.53 pop 230 RED G2 core median 3.404 < 4.5 / G3 fraction under 4.5 = 0.530 > bound 0.355 / G4 slice core (p95) under 4.13 (= max(3.0, 0.4×whole p95 10.32)) at 11:1.79, 12:1.29, 13:1.79
webkit dpr2 light rest CONTROL rgb(10, 10, 10) med 16.19 <4.5 0.256 pop 724 → bound 0.306
webkit dpr2 light rest mix25 oklab(0.249552 0.048535 0.011701) med 15.803 <4.5 0.278 pop 724 GREEN
webkit dpr2 light rest mix30 oklab(0.270558 0.058241 0.014042) med 14.849 <4.5 0.282 pop 724 GREEN
webkit dpr2 light rest mix25+FAINT30_fill med 1.915 <4.5 1 pop 701 RED G2 core median 1.915 < 4.5 / G3 fraction under 4.5 = 1.000 > bound 0.306 / G4 slice core (p95) under 3.00 (= max(3.0, 0.4×whole p95 1.92)) at 0:1.92, 1:1.92, 2:1.92, 3:1.92, 4:1.92, 5:1.92, 6:1.92, 7:1.92, 9:1.92, 10:1.92, 11:1.92, 12:1.92, 13:1.92, 14:1.92, 15:1.92
webkit dpr2 light rest mix25+TAIL12_a25 med 15.803 <4.5 0.278 pop 724 GREEN (HOLE)
webkit dpr2 light rest mix25+TAIL35_a25 med 13.904 <4.5 0.385 pop 723 RED G3 fraction under 4.5 = 0.385 > bound 0.306 / G4 slice core (p95) under 6.32 (= max(3.0, 0.4×whole p95 15.80)) at 14:1.69, 15:1.69
webkit dpr2 light rest mix25+EMPTY_hidden med 0 <4.5 1 pop 0 RED G1 population 0 px < 40 (EMPTY/thin is RED)
webkit dpr2 light rest mix25+TAIL12_textrun run [14.4,40.7] cut 37.5 med 15.803 <4.5 0.317 pop 723 RED G3 fraction under 4.5 = 0.317 > bound 0.306 / G4 slice core (p95) under 6.32 (= max(3.0, 0.4×whole p95 15.80)) at 14:1.69, 15:1.69
webkit dpr2 light rest mix25+TAIL35_textrun run [14.4,40.7] cut 31.5 med 3.257 <4.5 0.519 pop 715 RED G2 core median 3.257 < 4.5 / G3 fraction under 4.5 = 0.519 > bound 0.306 / G4 slice core (p95) under 6.32 (= max(3.0, 0.4×whole p95 15.80)) at 11:1.69, 12:1.69, 13:1.69, 14:1.69, 15:1.69
webkit dpr2 light hover CONTROL rgb(10, 10, 10) med 18.297 <4.5 0.253 pop 724 → bound 0.303
webkit dpr2 light hover mix25 oklab(0.249552 0.048535 0.011701) med 15.085 <4.5 0.279 pop 724 GREEN
webkit dpr2 light hover mix30 oklab(0.270558 0.058241 0.014042) med 14.175 <4.5 0.287 pop 724 GREEN
webkit dpr2 light hover mix25+FAINT30_fill med 1.897 <4.5 1 pop 701 RED G2 core median 1.897 < 4.5 / G3 fraction under 4.5 = 1.000 > bound 0.303 / G4 slice core (p95) under 3.00 (= max(3.0, 0.4×whole p95 1.90)) at 0:1.9, 1:1.9, 2:1.9, 3:1.9, 4:1.9, 5:1.9, 6:1.9, 7:1.9, 9:1.9, 10:1.9, 11:1.9, 12:1.9, 13:1.9, 14:1.9, 15:1.9
webkit dpr2 light hover mix25+TAIL12_a25 med 15.085 <4.5 0.279 pop 724 GREEN (HOLE)
webkit dpr2 light hover mix25+TAIL35_a25 med 13.445 <4.5 0.383 pop 721 RED G3 fraction under 4.5 = 0.383 > bound 0.303 / G4 slice core (p95) under 6.03 (= max(3.0, 0.4×whole p95 15.08)) at 14:1.67, 15:1.67
webkit dpr2 light hover mix25+EMPTY_hidden med 0 <4.5 1 pop 0 RED G1 population 0 px < 40 (EMPTY/thin is RED)
webkit dpr2 light hover mix25+TAIL12_textrun run [14.4,40.7] cut 37.5 med 15.085 <4.5 0.315 pop 721 RED G3 fraction under 4.5 = 0.315 > bound 0.303 / G4 slice core (p95) under 6.03 (= max(3.0, 0.4×whole p95 15.08)) at 14:1.67, 15:1.67
webkit dpr2 light hover mix25+TAIL35_textrun run [14.4,40.7] cut 31.5 med 3.247 <4.5 0.518 pop 714 RED G2 core median 3.247 < 4.5 / G3 fraction under 4.5 = 0.518 > bound 0.303 / G4 slice core (p95) under 6.03 (= max(3.0, 0.4×whole p95 15.08)) at 11:1.67, 12:1.67, 13:1.67, 14:1.67, 15:1.67
webkit dpr2 dark rest CONTROL rgb(237, 236, 233) med 13.408 <4.5 0.24 pop 763 → bound 0.29
webkit dpr2 dark rest mix25 oklab(0.881019 0.048096 0.013743) med 12.992 <4.5 0.26 pop 768 GREEN
webkit dpr2 dark rest mix30 oklab(0.868768 0.057794 0.015606) med 12.504 <4.5 0.266 pop 768 GREEN
webkit dpr2 dark rest mix25+FAINT30_fill med 2.189 <4.5 1 pop 741 RED G2 core median 2.189 < 4.5 / G3 fraction under 4.5 = 1.000 > bound 0.290 / G4 slice core (p95) under 3.00 (= max(3.0, 0.4×whole p95 2.19)) at 0:2.19, 1:2.19, 2:2.19, 3:2.19, 4:2.19, 5:2.19, 6:2.19, 7:2.19, 8:2.16, 9:2.19, 10:2.19, 11:2.19, 12:2.19, 13:2.19, 14:2.19, 15:2.19
webkit dpr2 dark rest mix25+TAIL12_a25 med 12.992 <4.5 0.26 pop 768 GREEN (HOLE)
webkit dpr2 dark rest mix25+TAIL35_a25 med 12.213 <4.5 0.374 pop 768 RED G3 fraction under 4.5 = 0.374 > bound 0.290 / G4 slice core (p95) under 5.20 (= max(3.0, 0.4×whole p95 12.99)) at 14:1.88, 15:1.88
webkit dpr2 dark rest mix25+EMPTY_hidden med 0 <4.5 1 pop 0 RED G1 population 0 px < 40 (EMPTY/thin is RED)
webkit dpr2 dark rest mix25+TAIL12_textrun run [14.4,40.7] cut 37.5 med 12.992 <4.5 0.309 pop 768 RED G3 fraction under 4.5 = 0.309 > bound 0.290 / G4 slice core (p95) under 5.20 (= max(3.0, 0.4×whole p95 12.99)) at 14:1.88, 15:1.88
webkit dpr2 dark rest mix25+TAIL35_textrun run [14.4,40.7] cut 31.5 med 3.97 <4.5 0.515 pop 757 RED G2 core median 3.970 < 4.5 / G3 fraction under 4.5 = 0.515 > bound 0.290 / G4 slice core (p95) under 5.20 (= max(3.0, 0.4×whole p95 12.99)) at 11:1.88, 12:1.88, 13:1.88, 14:1.88, 15:1.88
webkit dpr2 dark hover CONTROL rgb(237, 236, 233) med 12.761 <4.5 0.244 pop 763 → bound 0.294
webkit dpr2 dark hover mix25 oklab(0.881019 0.048096 0.013743) med 10.323 <4.5 0.27 pop 763 GREEN
webkit dpr2 dark hover mix30 oklab(0.868768 0.057794 0.015606) med 9.935 <4.5 0.273 pop 763 GREEN
webkit dpr2 dark hover mix25+FAINT30_fill med 2.222 <4.5 1 pop 731 RED G2 core median 2.222 < 4.5 / G3 fraction under 4.5 = 1.000 > bound 0.294 / G4 slice core (p95) under 3.00 (= max(3.0, 0.4×whole p95 2.22)) at 0:2.22, 1:2.22, 2:2.22, 3:2.22, 4:2.22, 5:2.22, 6:2.22, 7:2.22, 8:2.19, 9:2.22, 10:2.22, 11:2.22, 12:2.22, 13:2.22, 14:2.22, 15:2.22
webkit dpr2 dark hover mix25+TAIL12_a25 med 10.323 <4.5 0.27 pop 763 GREEN (HOLE)
webkit dpr2 dark hover mix25+TAIL35_a25 med 9.997 <4.5 0.381 pop 762 RED G3 fraction under 4.5 = 0.381 > bound 0.294 / G4 slice core (p95) under 4.13 (= max(3.0, 0.4×whole p95 10.32)) at 14:1.79, 15:1.79
webkit dpr2 dark hover mix25+EMPTY_hidden med 0 <4.5 1 pop 0 RED G1 population 0 px < 40 (EMPTY/thin is RED)
webkit dpr2 dark hover mix25+TAIL12_textrun run [14.4,40.7] cut 37.5 med 10.323 <4.5 0.315 pop 762 RED G3 fraction under 4.5 = 0.315 > bound 0.294 / G4 slice core (p95) under 4.13 (= max(3.0, 0.4×whole p95 10.32)) at 14:1.79, 15:1.79
webkit dpr2 dark hover mix25+TAIL35_textrun run [14.4,40.7] cut 31.5 med 3.848 <4.5 0.518 pop 747 RED G2 core median 3.848 < 4.5 / G3 fraction under 4.5 = 0.518 > bound 0.294 / G4 slice core (p95) under 4.13 (= max(3.0, 0.4×whole p95 10.32)) at 11:1.79, 12:1.79, 13:1.79, 14:1.79, 15:1.79
ALLDONE
