payload ATMuNzMwMDYwMjE1MD… (61 givens) · DEPTHS 85,70,55,40,30,25,20 · DEF 85
chromium dpr1 light rest CONTROL rgb(10, 10, 10) med 7.718 <4.5 0.377 pop 212 → bound 0.427
chromium dpr1 light rest mix85 oklab(0.50163 0.165033 0.0397976) med 3.838 <4.5 0.583 pop 211 RED G2 core median 3.838 < 4.5 / G3 fraction under 4.5 = 0.583 > bound 0.427 / G4 slice core (p95) under 3.00 (= max(3.0, 0.4×whole p95 6.32)) at 12:2.79
chromium dpr1 light rest mix70 oklab(0.438611 0.13591 0.032775) med 4.422 <4.5 0.507 pop 211 RED G2 core median 4.422 < 4.5 / G3 fraction under 4.5 = 0.507 > bound 0.427 / G4 slice core (p95) under 3.28 (= max(3.0, 0.4×whole p95 8.20)) at 12:3.04
chromium dpr1 light rest mix55 oklab(0.375592 0.106788 0.0257524) med 5.077 <4.5 0.443 pop 212 RED G3 fraction under 4.5 = 0.443 > bound 0.427 / G4 slice core (p95) under 4.20 (= max(3.0, 0.4×whole p95 10.50)) at 12:3.34
chromium dpr1 light rest mix40 oklab(0.312572 0.0776659 0.0187298) med 5.87 <4.5 0.42 pop 212 RED G4 slice core (p95) under 5.24 (= max(3.0, 0.4×whole p95 13.10)) at 12:3.67
chromium dpr1 light rest mix30 oklab(0.27056 0.0582511 0.0140481) med 6.372 <4.5 0.406 pop 212 RED G4 slice core (p95) under 5.94 (= max(3.0, 0.4×whole p95 14.85)) at 12:3.86
chromium dpr1 light rest mix25 oklab(0.249553 0.0485437 0.0117072) med 6.715 <4.5 0.401 pop 212 RED G4 slice core (p95) under 6.32 (= max(3.0, 0.4×whole p95 15.80)) at 12:4.01
chromium dpr1 light rest mix20 oklab(0.228547 0.0388362 0.00936636) med 7.067 <4.5 0.396 pop 212 RED G4 slice core (p95) under 6.64 (= max(3.0, 0.4×whole p95 16.61)) at 12:4.13
chromium dpr1 light rest mix85+FAINT30_fill med 1.492 <4.5 1 pop 191 RED G2 core median 1.492 < 4.5 / G3 fraction under 4.5 = 1.000 > bound 0.427 / G4 slice core (p95) under 3.00 (= max(3.0, 0.4×whole p95 1.66)) at 0:1.66, 1:1.66, 2:1.66, 3:1.66, 4:1.66, 5:1.66, 6:1.66, 7:1.66, 9:1.66, 10:1.66, 11:1.66, 12:1.33, 13:1.66
chromium dpr1 light rest mix85+TAIL12_a25 med 3.838 <4.5 0.583 pop 211 RED G2 core median 3.838 < 4.5 / G3 fraction under 4.5 = 0.583 > bound 0.427 / G4 slice core (p95) under 3.00 (= max(3.0, 0.4×whole p95 6.32)) at 12:2.79
chromium dpr1 light rest mix85+TAIL35_a25 med 2.888 <4.5 0.646 pop 206 RED G2 core median 2.888 < 4.5 / G3 fraction under 4.5 = 0.646 > bound 0.427 / G4 slice core (p95) under 3.00 (= max(3.0, 0.4×whole p95 6.32)) at 12:2.79, 13:1.51
chromium dpr1 light rest mix85+EMPTY_hidden med 0 <4.5 1 pop 0 RED G1 population 0 px < 40 (EMPTY/thin is RED)
chromium dpr1 light hover CONTROL rgb(10, 10, 10) med 8.199 <4.5 0.368 pop 212 → bound 0.418
chromium dpr1 light hover mix85 oklab(0.50163 0.165033 0.0397976) med 3.715 <4.5 0.602 pop 211 RED G2 core median 3.715 < 4.5 / G3 fraction under 4.5 = 0.602 > bound 0.418 / G4 slice core (p95) under 3.00 (= max(3.0, 0.4×whole p95 6.04)) at 12:2.74
chromium dpr1 light hover mix70 oklab(0.438611 0.13591 0.032775) med 4.283 <4.5 0.521 pop 211 RED G2 core median 4.283 < 4.5 / G3 fraction under 4.5 = 0.521 > bound 0.418 / G4 slice core (p95) under 3.13 (= max(3.0, 0.4×whole p95 7.83)) at 12:2.99
chromium dpr1 light hover mix55 oklab(0.375592 0.106788 0.0257524) med 4.921 <4.5 0.443 pop 212 RED G3 fraction under 4.5 = 0.443 > bound 0.418 / G4 slice core (p95) under 4.01 (= max(3.0, 0.4×whole p95 10.02)) at 12:3.29
chromium dpr1 light hover mix40 oklab(0.312572 0.0776659 0.0187298) med 5.694 <4.5 0.425 pop 212 RED G3 fraction under 4.5 = 0.425 > bound 0.418 / G4 slice core (p95) under 5.00 (= max(3.0, 0.4×whole p95 12.51)) at 12:3.61
chromium dpr1 light hover mix30 oklab(0.27056 0.0582511 0.0140481) med 6.182 <4.5 0.41 pop 212 RED G4 slice core (p95) under 5.67 (= max(3.0, 0.4×whole p95 14.17)) at 12:3.81
chromium dpr1 light hover mix25 oklab(0.249553 0.0485437 0.0117072) med 6.517 <4.5 0.406 pop 212 RED G4 slice core (p95) under 6.03 (= max(3.0, 0.4×whole p95 15.08)) at 12:3.96
chromium dpr1 light hover mix20 oklab(0.228547 0.0388362 0.00936636) med 6.859 <4.5 0.401 pop 212 RED G4 slice core (p95) under 6.34 (= max(3.0, 0.4×whole p95 15.86)) at 12:4.07
chromium dpr1 light hover mix85+FAINT30_fill med 1.485 <4.5 1 pop 191 RED G2 core median 1.485 < 4.5 / G3 fraction under 4.5 = 1.000 > bound 0.418 / G4 slice core (p95) under 3.00 (= max(3.0, 0.4×whole p95 1.64)) at 0:1.64, 1:1.64, 2:1.64, 3:1.64, 4:1.64, 5:1.64, 6:1.64, 7:1.64, 9:1.64, 10:1.64, 11:1.64, 12:1.32, 13:1.64
chromium dpr1 light hover mix85+TAIL12_a25 med 3.715 <4.5 0.602 pop 211 RED G2 core median 3.715 < 4.5 / G3 fraction under 4.5 = 0.602 > bound 0.418 / G4 slice core (p95) under 3.00 (= max(3.0, 0.4×whole p95 6.04)) at 12:2.74
chromium dpr1 light hover mix85+TAIL35_a25 med 2.837 <4.5 0.665 pop 206 RED G2 core median 2.837 < 4.5 / G3 fraction under 4.5 = 0.665 > bound 0.418 / G4 slice core (p95) under 3.00 (= max(3.0, 0.4×whole p95 6.04)) at 12:2.74, 13:1.5
chromium dpr1 light hover mix85+EMPTY_hidden med 0 <4.5 1 pop 0 RED G1 population 0 px < 40 (EMPTY/thin is RED)
chromium dpr1 dark rest CONTROL rgb(237, 236, 233) med 11.701 <4.5 0.222 pop 216 → bound 0.272
chromium dpr1 dark rest mix85 oklab(0.734011 0.164498 0.0361153) med 5.343 <4.5 0.43 pop 214 RED G3 fraction under 4.5 = 0.430 > bound 0.272
chromium dpr1 dark rest mix70 oklab(0.770763 0.135407 0.0305269) med 6.969 <4.5 0.343 pop 216 RED G3 fraction under 4.5 = 0.343 > bound 0.272
chromium dpr1 dark rest mix55 oklab(0.807514 0.106316 0.0249384) med 7.965 <4.5 0.322 pop 214 RED G3 fraction under 4.5 = 0.322 > bound 0.272
chromium dpr1 dark rest mix40 oklab(0.844265 0.077225 0.01935) med 9.112 <4.5 0.304 pop 214 RED G3 fraction under 4.5 = 0.304 > bound 0.272
chromium dpr1 dark rest mix30 oklab(0.868766 0.0578309 0.0156244) med 10.727 <4.5 0.222 pop 216 GREEN
chromium dpr1 dark rest mix25 oklab(0.881016 0.0481338 0.0137616) med 11.085 <4.5 0.222 pop 216 GREEN
chromium dpr1 dark rest mix20 oklab(0.893266 0.0384368 0.0118988) med 11.649 <4.5 0.222 pop 216 GREEN
chromium dpr1 dark rest mix85+FAINT30_fill med 1.54 <4.5 1 pop 195 RED G2 core median 1.540 < 4.5 / G3 fraction under 4.5 = 1.000 > bound 0.272 / G4 slice core (p95) under 3.00 (= max(3.0, 0.4×whole p95 1.70)) at 0:1.7, 1:1.7, 2:1.7, 3:1.7, 4:1.7, 5:1.7, 6:1.7, 7:1.7, 8:1.6, 9:1.7, 10:1.7, 11:1.7, 12:1.36, 13:1.7
chromium dpr1 dark rest mix85+TAIL12_a25 med 5.343 <4.5 0.43 pop 214 RED G3 fraction under 4.5 = 0.430 > bound 0.272
chromium dpr1 dark rest mix85+TAIL35_a25 med 3.804 <4.5 0.536 pop 209 RED G2 core median 3.804 < 4.5 / G3 fraction under 4.5 = 0.536 > bound 0.272 / G4 slice core (p95) under 3.00 (= max(3.0, 0.4×whole p95 7.43)) at 13:1.52
chromium dpr1 dark rest mix85+EMPTY_hidden med 0 <4.5 1 pop 0 RED G1 population 0 px < 40 (EMPTY/thin is RED)
chromium dpr1 dark hover CONTROL rgb(237, 236, 233) med 11.016 <4.5 0.222 pop 216 → bound 0.272
chromium dpr1 dark hover mix85 oklab(0.734011 0.164498 0.0361153) med 4.459 <4.5 0.509 pop 212 RED G2 core median 4.459 < 4.5 / G3 fraction under 4.5 = 0.509 > bound 0.272
chromium dpr1 dark hover mix70 oklab(0.770763 0.135407 0.0305269) med 5.758 <4.5 0.388 pop 214 RED G3 fraction under 4.5 = 0.388 > bound 0.272
chromium dpr1 dark hover mix55 oklab(0.807514 0.106316 0.0249384) med 6.543 <4.5 0.336 pop 214 RED G3 fraction under 4.5 = 0.336 > bound 0.272
chromium dpr1 dark hover mix40 oklab(0.844265 0.077225 0.01935) med 7.476 <4.5 0.322 pop 214 RED G3 fraction under 4.5 = 0.322 > bound 0.272
chromium dpr1 dark hover mix30 oklab(0.868766 0.0578309 0.0156244) med 8.636 <4.5 0.255 pop 216 GREEN
chromium dpr1 dark hover mix25 oklab(0.881016 0.0481338 0.0137616) med 8.955 <4.5 0.241 pop 216 GREEN
chromium dpr1 dark hover mix20 oklab(0.893266 0.0384368 0.0118988) med 9.374 <4.5 0.236 pop 216 GREEN
chromium dpr1 dark hover mix85+FAINT30_fill med 1.576 <4.5 1 pop 194 RED G2 core median 1.576 < 4.5 / G3 fraction under 4.5 = 1.000 > bound 0.272 / G4 slice core (p95) under 3.00 (= max(3.0, 0.4×whole p95 1.70)) at 0:1.7, 1:1.7, 2:1.7, 3:1.7, 4:1.7, 5:1.7, 6:1.7, 7:1.7, 8:1.62, 9:1.7, 10:1.7, 11:1.7, 12:1.4, 13:1.7
chromium dpr1 dark hover mix85+TAIL12_a25 med 4.459 <4.5 0.509 pop 212 RED G2 core median 4.459 < 4.5 / G3 fraction under 4.5 = 0.509 > bound 0.272
chromium dpr1 dark hover mix85+TAIL35_a25 med 3.429 <4.5 0.577 pop 208 RED G2 core median 3.429 < 4.5 / G3 fraction under 4.5 = 0.577 > bound 0.272 / G4 slice core (p95) under 3.00 (= max(3.0, 0.4×whole p95 5.90)) at 13:1.45
chromium dpr1 dark hover mix85+EMPTY_hidden med 0 <4.5 1 pop 0 RED G1 population 0 px < 40 (EMPTY/thin is RED)
chromium dpr2 light rest CONTROL rgb(10, 10, 10) med 16.19 <4.5 0.27 pop 721 → bound 0.32
chromium dpr2 light rest mix85 oklab(0.50163 0.165033 0.0397976) med 6.324 <4.5 0.343 pop 718 RED G3 fraction under 4.5 = 0.343 > bound 0.320
chromium dpr2 light rest mix70 oklab(0.438611 0.13591 0.032775) med 8.205 <4.5 0.311 pop 718 GREEN
chromium dpr2 light rest mix55 oklab(0.375592 0.106788 0.0257524) med 10.501 <4.5 0.305 pop 721 GREEN
chromium dpr2 light rest mix40 oklab(0.312572 0.0776659 0.0187298) med 13.103 <4.5 0.294 pop 721 GREEN
chromium dpr2 light rest mix30 oklab(0.27056 0.0582511 0.0140481) med 14.849 <4.5 0.282 pop 721 GREEN
chromium dpr2 light rest mix25 oklab(0.249553 0.0485437 0.0117072) med 15.803 <4.5 0.279 pop 721 GREEN
chromium dpr2 light rest mix20 oklab(0.228547 0.0388362 0.00936636) med 16.61 <4.5 0.277 pop 721 GREEN
chromium dpr2 light rest mix85+FAINT30_fill med 1.661 <4.5 1 pop 693 RED G2 core median 1.661 < 4.5 / G3 fraction under 4.5 = 1.000 > bound 0.320 / G4 slice core (p95) under 3.00 (= max(3.0, 0.4×whole p95 1.66)) at 0:1.66, 1:1.66, 2:1.66, 3:1.66, 4:1.66, 5:1.66, 6:1.66, 7:1.66, 8:1.66, 9:1.66, 10:1.66, 11:1.66, 12:1.66, 13:1.66, 14:1.66, 15:1.66
chromium dpr2 light rest mix85+TAIL12_a25 med 6.324 <4.5 0.343 pop 718 RED G3 fraction under 4.5 = 0.343 > bound 0.320
chromium dpr2 light rest mix85+TAIL35_a25 med 5.493 <4.5 0.458 pop 712 RED G3 fraction under 4.5 = 0.458 > bound 0.320 / G4 slice core (p95) under 3.00 (= max(3.0, 0.4×whole p95 6.32)) at 13:1.51, 14:1.51, 15:1.51
chromium dpr2 light rest mix85+EMPTY_hidden med 0 <4.5 1 pop 0 RED G1 population 0 px < 40 (EMPTY/thin is RED)
chromium dpr2 light hover CONTROL rgb(10, 10, 10) med 18.297 <4.5 0.27 pop 721 → bound 0.32
chromium dpr2 light hover mix85 oklab(0.50163 0.165033 0.0397976) med 6.037 <4.5 0.351 pop 718 RED G3 fraction under 4.5 = 0.351 > bound 0.320
chromium dpr2 light hover mix70 oklab(0.438611 0.13591 0.032775) med 7.832 <4.5 0.315 pop 718 GREEN
chromium dpr2 light hover mix55 oklab(0.375592 0.106788 0.0257524) med 10.024 <4.5 0.305 pop 721 GREEN
chromium dpr2 light hover mix40 oklab(0.312572 0.0776659 0.0187298) med 12.508 <4.5 0.297 pop 721 GREEN
chromium dpr2 light hover mix30 oklab(0.27056 0.0582511 0.0140481) med 14.175 <4.5 0.29 pop 721 GREEN
chromium dpr2 light hover mix25 oklab(0.249553 0.0485437 0.0117072) med 15.085 <4.5 0.282 pop 721 GREEN
chromium dpr2 light hover mix20 oklab(0.228547 0.0388362 0.00936636) med 15.855 <4.5 0.279 pop 721 GREEN
chromium dpr2 light hover mix85+FAINT30_fill med 1.643 <4.5 1 pop 693 RED G2 core median 1.643 < 4.5 / G3 fraction under 4.5 = 1.000 > bound 0.320 / G4 slice core (p95) under 3.00 (= max(3.0, 0.4×whole p95 1.64)) at 0:1.64, 1:1.64, 2:1.64, 3:1.64, 4:1.64, 5:1.64, 6:1.64, 7:1.64, 8:1.64, 9:1.64, 10:1.64, 11:1.64, 12:1.64, 13:1.64, 14:1.64, 15:1.64
chromium dpr2 light hover mix85+TAIL12_a25 med 6.037 <4.5 0.351 pop 718 RED G3 fraction under 4.5 = 0.351 > bound 0.320
chromium dpr2 light hover mix85+TAIL35_a25 med 5.248 <4.5 0.465 pop 712 RED G3 fraction under 4.5 = 0.465 > bound 0.320 / G4 slice core (p95) under 3.00 (= max(3.0, 0.4×whole p95 6.04)) at 13:1.5, 14:1.5, 15:1.5
chromium dpr2 light hover mix85+EMPTY_hidden med 0 <4.5 1 pop 0 RED G1 population 0 px < 40 (EMPTY/thin is RED)
chromium dpr2 dark rest CONTROL rgb(237, 236, 233) med 13.582 <4.5 0.164 pop 730 → bound 0.214
chromium dpr2 dark rest mix85 oklab(0.734011 0.164498 0.0361153) med 7.429 <4.5 0.3 pop 724 RED G3 fraction under 4.5 = 0.300 > bound 0.214
chromium dpr2 dark rest mix70 oklab(0.770763 0.135407 0.0305269) med 8.622 <4.5 0.259 pop 725 RED G3 fraction under 4.5 = 0.259 > bound 0.214
chromium dpr2 dark rest mix55 oklab(0.807514 0.106316 0.0249384) med 9.919 <4.5 0.243 pop 724 RED G3 fraction under 4.5 = 0.243 > bound 0.214
chromium dpr2 dark rest mix40 oklab(0.844265 0.077225 0.01935) med 11.386 <4.5 0.221 pop 724 RED G3 fraction under 4.5 = 0.221 > bound 0.214
chromium dpr2 dark rest mix30 oklab(0.868766 0.0578309 0.0156244) med 12.504 <4.5 0.179 pop 730 GREEN
chromium dpr2 dark rest mix25 oklab(0.881016 0.0481338 0.0137616) med 12.992 <4.5 0.175 pop 730 GREEN
chromium dpr2 dark rest mix20 oklab(0.893266 0.0384368 0.0118988) med 13.615 <4.5 0.173 pop 730 GREEN
chromium dpr2 dark rest mix85+FAINT30_fill med 1.7 <4.5 1 pop 700 RED G2 core median 1.700 < 4.5 / G3 fraction under 4.5 = 1.000 > bound 0.214 / G4 slice core (p95) under 3.00 (= max(3.0, 0.4×whole p95 1.70)) at 0:1.7, 1:1.7, 2:1.7, 3:1.7, 4:1.7, 5:1.7, 6:1.7, 7:1.7, 8:1.7, 9:1.7, 10:1.7, 11:1.7, 12:1.7, 13:1.7, 14:1.7, 15:1.7
chromium dpr2 dark rest mix85+TAIL12_a25 med 7.429 <4.5 0.3 pop 724 RED G3 fraction under 4.5 = 0.300 > bound 0.214
chromium dpr2 dark rest mix85+TAIL35_a25 med 7.047 <4.5 0.429 pop 721 RED G3 fraction under 4.5 = 0.429 > bound 0.214 / G4 slice core (p95) under 3.00 (= max(3.0, 0.4×whole p95 7.43)) at 13:1.52, 14:1.52, 15:1.52
chromium dpr2 dark rest mix85+EMPTY_hidden med 0 <4.5 1 pop 0 RED G1 population 0 px < 40 (EMPTY/thin is RED)
chromium dpr2 dark hover CONTROL rgb(237, 236, 233) med 12.761 <4.5 0.167 pop 730 → bound 0.217
chromium dpr2 dark hover mix85 oklab(0.734011 0.164498 0.0361153) med 5.903 <4.5 0.313 pop 721 RED G3 fraction under 4.5 = 0.313 > bound 0.217
chromium dpr2 dark hover mix70 oklab(0.770763 0.135407 0.0305269) med 6.85 <4.5 0.273 pop 724 RED G3 fraction under 4.5 = 0.273 > bound 0.217
chromium dpr2 dark hover mix55 oklab(0.807514 0.106316 0.0249384) med 7.881 <4.5 0.261 pop 724 RED G3 fraction under 4.5 = 0.261 > bound 0.217
chromium dpr2 dark hover mix40 oklab(0.844265 0.077225 0.01935) med 9.047 <4.5 0.243 pop 724 RED G3 fraction under 4.5 = 0.243 > bound 0.217
chromium dpr2 dark hover mix30 oklab(0.868766 0.0578309 0.0156244) med 9.935 <4.5 0.189 pop 725 GREEN
chromium dpr2 dark hover mix25 oklab(0.881016 0.0481338 0.0137616) med 10.323 <4.5 0.183 pop 725 GREEN
chromium dpr2 dark hover mix20 oklab(0.893266 0.0384368 0.0118988) med 10.817 <4.5 0.179 pop 725 GREEN
chromium dpr2 dark hover mix85+FAINT30_fill med 1.702 <4.5 1 pop 696 RED G2 core median 1.702 < 4.5 / G3 fraction under 4.5 = 1.000 > bound 0.217 / G4 slice core (p95) under 3.00 (= max(3.0, 0.4×whole p95 1.70)) at 0:1.7, 1:1.7, 2:1.7, 3:1.7, 4:1.7, 5:1.7, 6:1.7, 7:1.7, 8:1.7, 9:1.7, 10:1.7, 11:1.7, 12:1.7, 13:1.7, 14:1.7, 15:1.7
chromium dpr2 dark hover mix85+TAIL12_a25 med 5.903 <4.5 0.313 pop 721 RED G3 fraction under 4.5 = 0.313 > bound 0.217
chromium dpr2 dark hover mix85+TAIL35_a25 med 5.603 <4.5 0.442 pop 717 RED G3 fraction under 4.5 = 0.442 > bound 0.217 / G4 slice core (p95) under 3.00 (= max(3.0, 0.4×whole p95 5.90)) at 13:1.45, 14:1.45, 15:1.45
chromium dpr2 dark hover mix85+EMPTY_hidden med 0 <4.5 1 pop 0 RED G1 population 0 px < 40 (EMPTY/thin is RED)
webkit dpr1 light rest CONTROL rgb(10, 10, 10) med 7.572 <4.5 0.385 pop 218 → bound 0.435
webkit dpr1 light rest mix85 oklab(0.501625 0.165017 0.039784) med 3.789 <4.5 0.576 pop 217 RED G2 core median 3.789 < 4.5 / G3 fraction under 4.5 = 0.576 > bound 0.435 / G4 slice core (p95) under 3.00 (= max(3.0, 0.4×whole p95 6.32)) at 12:1.83
webkit dpr1 light rest mix70 oklab(0.438607 0.135897 0.032764) med 4.362 <4.5 0.518 pop 218 RED G2 core median 4.362 < 4.5 / G3 fraction under 4.5 = 0.518 > bound 0.435 / G4 slice core (p95) under 3.28 (= max(3.0, 0.4×whole p95 8.20)) at 12:1.91
webkit dpr1 light rest mix55 oklab(0.375589 0.106776 0.025743) med 5.005 <4.5 0.459 pop 218 RED G3 fraction under 4.5 = 0.459 > bound 0.435 / G4 slice core (p95) under 4.20 (= max(3.0, 0.4×whole p95 10.50)) at 12:1.99
webkit dpr1 light rest mix40 oklab(0.312571 0.077655 0.018722) med 5.703 <4.5 0.427 pop 218 RED G4 slice core (p95) under 5.24 (= max(3.0, 0.4×whole p95 13.10)) at 12:2.08
webkit dpr1 light rest mix30 oklab(0.270558 0.058241 0.014042) med 6.269 <4.5 0.404 pop 218 RED G4 slice core (p95) under 5.94 (= max(3.0, 0.4×whole p95 14.85)) at 12:2.14
webkit dpr1 light rest mix25 oklab(0.249552 0.048535 0.011701) med 6.578 <4.5 0.404 pop 218 RED G4 slice core (p95) under 6.32 (= max(3.0, 0.4×whole p95 15.80)) at 12:2.18
webkit dpr1 light rest mix20 oklab(0.228546 0.038828 0.009361) med 6.851 <4.5 0.404 pop 218 RED G4 slice core (p95) under 6.64 (= max(3.0, 0.4×whole p95 16.61)) at 12:2.22
webkit dpr1 light rest mix85+FAINT30_fill med 1.466 <4.5 1 pop 199 RED G2 core median 1.466 < 4.5 / G3 fraction under 4.5 = 1.000 > bound 0.435 / G4 slice core (p95) under 3.00 (= max(3.0, 0.4×whole p95 1.67)) at 0:1.67, 1:1.67, 2:1.67, 3:1.49, 4:1.67, 5:1.67, 6:1.67, 7:1.67, 8:1.67, 9:1.67, 10:1.67, 11:1.67, 12:1.19, 13:1.67
webkit dpr1 light rest mix85+TAIL12_a25 med 3.789 <4.5 0.578 pop 218 RED G2 core median 3.789 < 4.5 / G3 fraction under 4.5 = 0.578 > bound 0.435 / G4 slice core (p95) under 3.00 (= max(3.0, 0.4×whole p95 6.32)) at 12:1.83
webkit dpr1 light rest mix85+TAIL35_a25 med 2.731 <4.5 0.653 pop 216 RED G2 core median 2.731 < 4.5 / G3 fraction under 4.5 = 0.653 > bound 0.435 / G4 slice core (p95) under 3.00 (= max(3.0, 0.4×whole p95 6.32)) at 12:1.83, 13:1.51
webkit dpr1 light rest mix85+EMPTY_hidden med 0 <4.5 1 pop 0 RED G1 population 0 px < 40 (EMPTY/thin is RED)
webkit dpr1 light hover CONTROL rgb(10, 10, 10) med 8.062 <4.5 0.362 pop 218 → bound 0.412
webkit dpr1 light hover mix85 oklab(0.501625 0.165017 0.039784) med 3.686 <4.5 0.59 pop 217 RED G2 core median 3.686 < 4.5 / G3 fraction under 4.5 = 0.590 > bound 0.412 / G4 slice core (p95) under 3.00 (= max(3.0, 0.4×whole p95 6.04)) at 12:1.81
webkit dpr1 light hover mix70 oklab(0.438607 0.135897 0.032764) med 4.245 <4.5 0.516 pop 217 RED G2 core median 4.245 < 4.5 / G3 fraction under 4.5 = 0.516 > bound 0.412 / G4 slice core (p95) under 3.13 (= max(3.0, 0.4×whole p95 7.83)) at 12:1.89
webkit dpr1 light hover mix55 oklab(0.375589 0.106776 0.025743) med 4.874 <4.5 0.463 pop 218 RED G3 fraction under 4.5 = 0.463 > bound 0.412 / G4 slice core (p95) under 4.01 (= max(3.0, 0.4×whole p95 10.02)) at 12:1.99
webkit dpr1 light hover mix40 oklab(0.312571 0.077655 0.018722) med 5.609 <4.5 0.427 pop 218 RED G3 fraction under 4.5 = 0.427 > bound 0.412 / G4 slice core (p95) under 5.00 (= max(3.0, 0.4×whole p95 12.51)) at 12:2.07
webkit dpr1 light hover mix30 oklab(0.270558 0.058241 0.014042) med 6.108 <4.5 0.413 pop 218 RED G3 fraction under 4.5 = 0.413 > bound 0.412 / G4 slice core (p95) under 5.67 (= max(3.0, 0.4×whole p95 14.17)) at 12:2.13
webkit dpr1 light hover mix25 oklab(0.249552 0.048535 0.011701) med 6.41 <4.5 0.404 pop 218 RED G4 slice core (p95) under 6.03 (= max(3.0, 0.4×whole p95 15.08)) at 12:2.18
webkit dpr1 light hover mix20 oklab(0.228546 0.038828 0.009361) med 6.746 <4.5 0.404 pop 218 RED G4 slice core (p95) under 6.34 (= max(3.0, 0.4×whole p95 15.86)) at 12:2.2
webkit dpr1 light hover mix85+FAINT30_fill med 1.461 <4.5 1 pop 199 RED G2 core median 1.461 < 4.5 / G3 fraction under 4.5 = 1.000 > bound 0.412 / G4 slice core (p95) under 3.00 (= max(3.0, 0.4×whole p95 1.65)) at 0:1.65, 1:1.65, 2:1.65, 3:1.49, 4:1.65, 5:1.65, 6:1.65, 7:1.65, 8:1.65, 9:1.65, 10:1.65, 11:1.65, 12:1.18, 13:1.65
webkit dpr1 light hover mix85+TAIL12_a25 med 3.686 <4.5 0.59 pop 217 RED G2 core median 3.686 < 4.5 / G3 fraction under 4.5 = 0.590 > bound 0.412 / G4 slice core (p95) under 3.00 (= max(3.0, 0.4×whole p95 6.04)) at 12:1.81
webkit dpr1 light hover mix85+TAIL35_a25 med 2.683 <4.5 0.662 pop 216 RED G2 core median 2.683 < 4.5 / G3 fraction under 4.5 = 0.662 > bound 0.412 / G4 slice core (p95) under 3.00 (= max(3.0, 0.4×whole p95 6.04)) at 12:1.81, 13:1.5
webkit dpr1 light hover mix85+EMPTY_hidden med 0 <4.5 1 pop 0 RED G1 population 0 px < 40 (EMPTY/thin is RED)
webkit dpr1 dark rest CONTROL rgb(237, 236, 233) med 9.671 <4.5 0.301 pop 236 → bound 0.351
webkit dpr1 dark rest mix85 oklab(0.734008 0.164471 0.036097) med 4.607 <4.5 0.489 pop 227 RED G3 fraction under 4.5 = 0.489 > bound 0.351 / G4 slice core (p95) under 3.00 (= max(3.0, 0.4×whole p95 7.43)) at 12:2.11
webkit dpr1 dark rest mix70 oklab(0.770761 0.135377 0.030509) med 5.67 <4.5 0.377 pop 231 RED G3 fraction under 4.5 = 0.377 > bound 0.351 / G4 slice core (p95) under 3.45 (= max(3.0, 0.4×whole p95 8.62)) at 12:2.61
webkit dpr1 dark rest mix55 oklab(0.807513 0.106284 0.02492) med 6.488 <4.5 0.359 pop 231 RED G3 fraction under 4.5 = 0.359 > bound 0.351 / G4 slice core (p95) under 3.97 (= max(3.0, 0.4×whole p95 9.92)) at 12:2.86
webkit dpr1 dark rest mix40 oklab(0.844266 0.07719 0.019332) med 7.322 <4.5 0.338 pop 231 RED G4 slice core (p95) under 4.55 (= max(3.0, 0.4×whole p95 11.39)) at 12:3.16
webkit dpr1 dark rest mix30 oklab(0.868768 0.057794 0.015606) med 8.885 <4.5 0.314 pop 236 RED G4 slice core (p95) under 5.00 (= max(3.0, 0.4×whole p95 12.50)) at 12:3.86
webkit dpr1 dark rest mix25 oklab(0.881019 0.048096 0.013743) med 9.23 <4.5 0.314 pop 236 RED G4 slice core (p95) under 5.20 (= max(3.0, 0.4×whole p95 12.99)) at 12:3.97
webkit dpr1 dark rest mix20 oklab(0.89327 0.038398 0.01188) med 9.655 <4.5 0.309 pop 236 RED G4 slice core (p95) under 5.45 (= max(3.0, 0.4×whole p95 13.61)) at 12:4.08
webkit dpr1 dark rest mix85+FAINT30_fill med 1.481 <4.5 1 pop 210 RED G2 core median 1.481 < 4.5 / G3 fraction under 4.5 = 1.000 > bound 0.351 / G4 slice core (p95) under 3.00 (= max(3.0, 0.4×whole p95 1.69)) at 0:1.69, 1:1.69, 2:1.69, 3:1.54, 4:1.69, 5:1.69, 6:1.69, 7:1.69, 8:1.69, 9:1.69, 10:1.69, 11:1.69, 12:1.18, 13:1.69
webkit dpr1 dark rest mix85+TAIL12_a25 med 4.607 <4.5 0.48 pop 227 RED G3 fraction under 4.5 = 0.480 > bound 0.351 / G4 slice core (p95) under 3.00 (= max(3.0, 0.4×whole p95 7.43)) at 12:2.14
webkit dpr1 dark rest mix85+TAIL35_a25 med 3.454 <4.5 0.585 pop 224 RED G2 core median 3.454 < 4.5 / G3 fraction under 4.5 = 0.585 > bound 0.351 / G4 slice core (p95) under 3.00 (= max(3.0, 0.4×whole p95 7.43)) at 12:2.14, 13:1.52
webkit dpr1 dark rest mix85+EMPTY_hidden med 0 <4.5 1 pop 0 RED G1 population 0 px < 40 (EMPTY/thin is RED)
webkit dpr1 dark hover CONTROL rgb(237, 236, 233) med 9.292 <4.5 0.305 pop 236 → bound 0.355
webkit dpr1 dark hover mix85 oklab(0.734008 0.164471 0.036097) med 3.929 <4.5 0.566 pop 226 RED G2 core median 3.929 < 4.5 / G3 fraction under 4.5 = 0.566 > bound 0.355 / G4 slice core (p95) under 3.00 (= max(3.0, 0.4×whole p95 5.90)) at 12:2.06
webkit dpr1 dark hover mix70 oklab(0.770761 0.135377 0.030509) med 4.896 <4.5 0.454 pop 229 RED G3 fraction under 4.5 = 0.454 > bound 0.355 / G4 slice core (p95) under 3.00 (= max(3.0, 0.4×whole p95 6.85)) at 12:2.49
webkit dpr1 dark hover mix55 oklab(0.807513 0.106284 0.02492) med 5.564 <4.5 0.393 pop 229 RED G3 fraction under 4.5 = 0.393 > bound 0.355 / G4 slice core (p95) under 3.15 (= max(3.0, 0.4×whole p95 7.88)) at 12:2.72
webkit dpr1 dark hover mix40 oklab(0.844266 0.07719 0.019332) med 6.311 <4.5 0.354 pop 229 RED G4 slice core (p95) under 3.62 (= max(3.0, 0.4×whole p95 9.05)) at 12:2.99
webkit dpr1 dark hover mix30 oklab(0.868768 0.057794 0.015606) med 7.326 <4.5 0.318 pop 236 RED G4 slice core (p95) under 3.97 (= max(3.0, 0.4×whole p95 9.94)) at 12:3.58
webkit dpr1 dark hover mix25 oklab(0.881019 0.048096 0.013743) med 7.586 <4.5 0.318 pop 236 RED G4 slice core (p95) under 4.13 (= max(3.0, 0.4×whole p95 10.32)) at 12:3.68
webkit dpr1 dark hover mix20 oklab(0.89327 0.038398 0.01188) med 7.952 <4.5 0.318 pop 236 RED G4 slice core (p95) under 4.33 (= max(3.0, 0.4×whole p95 10.82)) at 12:3.78
webkit dpr1 dark hover mix85+FAINT30_fill med 1.513 <4.5 1 pop 208 RED G2 core median 1.513 < 4.5 / G3 fraction under 4.5 = 1.000 > bound 0.355 / G4 slice core (p95) under 3.00 (= max(3.0, 0.4×whole p95 1.70)) at 0:1.7, 1:1.7, 2:1.7, 3:1.56, 4:1.7, 5:1.7, 6:1.7, 7:1.7, 8:1.7, 9:1.7, 10:1.7, 11:1.7, 12:1.21, 13:1.7
webkit dpr1 dark hover mix85+TAIL12_a25 med 3.929 <4.5 0.566 pop 226 RED G2 core median 3.929 < 4.5 / G3 fraction under 4.5 = 0.566 > bound 0.355 / G4 slice core (p95) under 3.00 (= max(3.0, 0.4×whole p95 5.90)) at 12:2.06
webkit dpr1 dark hover mix85+TAIL35_a25 med 3.088 <4.5 0.65 pop 223 RED G2 core median 3.088 < 4.5 / G3 fraction under 4.5 = 0.650 > bound 0.355 / G4 slice core (p95) under 3.00 (= max(3.0, 0.4×whole p95 5.90)) at 12:2.06, 13:1.45
webkit dpr1 dark hover mix85+EMPTY_hidden med 0 <4.5 1 pop 0 RED G1 population 0 px < 40 (EMPTY/thin is RED)
webkit dpr2 light rest CONTROL rgb(10, 10, 10) med 16.19 <4.5 0.256 pop 724 → bound 0.306
webkit dpr2 light rest mix85 oklab(0.501625 0.165017 0.039784) med 6.324 <4.5 0.341 pop 722 RED G3 fraction under 4.5 = 0.341 > bound 0.306
webkit dpr2 light rest mix70 oklab(0.438607 0.135897 0.032764) med 8.205 <4.5 0.322 pop 724 RED G3 fraction under 4.5 = 0.322 > bound 0.306
webkit dpr2 light rest mix55 oklab(0.375589 0.106776 0.025743) med 10.501 <4.5 0.302 pop 724 GREEN
webkit dpr2 light rest mix40 oklab(0.312571 0.077655 0.018722) med 13.103 <4.5 0.291 pop 724 GREEN
webkit dpr2 light rest mix30 oklab(0.270558 0.058241 0.014042) med 14.849 <4.5 0.282 pop 724 GREEN
webkit dpr2 light rest mix25 oklab(0.249552 0.048535 0.011701) med 15.803 <4.5 0.278 pop 724 GREEN
webkit dpr2 light rest mix20 oklab(0.228546 0.038828 0.009361) med 16.61 <4.5 0.272 pop 724 GREEN
webkit dpr2 light rest mix85+FAINT30_fill med 1.666 <4.5 1 pop 701 RED G2 core median 1.666 < 4.5 / G3 fraction under 4.5 = 1.000 > bound 0.306 / G4 slice core (p95) under 3.00 (= max(3.0, 0.4×whole p95 1.67)) at 0:1.67, 1:1.67, 2:1.67, 3:1.67, 4:1.67, 5:1.67, 6:1.67, 7:1.67, 9:1.67, 10:1.67, 11:1.67, 12:1.67, 13:1.67, 14:1.67, 15:1.67
webkit dpr2 light rest mix85+TAIL12_a25 med 6.324 <4.5 0.343 pop 724 RED G3 fraction under 4.5 = 0.343 > bound 0.306
webkit dpr2 light rest mix85+TAIL35_a25 med 5.877 <4.5 0.437 pop 719 RED G3 fraction under 4.5 = 0.437 > bound 0.306 / G4 slice core (p95) under 3.00 (= max(3.0, 0.4×whole p95 6.32)) at 14:1.51, 15:1.51
webkit dpr2 light rest mix85+EMPTY_hidden med 0 <4.5 1 pop 0 RED G1 population 0 px < 40 (EMPTY/thin is RED)
webkit dpr2 light hover CONTROL rgb(10, 10, 10) med 18.297 <4.5 0.253 pop 724 → bound 0.303
webkit dpr2 light hover mix85 oklab(0.501625 0.165017 0.039784) med 6.037 <4.5 0.345 pop 722 RED G3 fraction under 4.5 = 0.345 > bound 0.303
webkit dpr2 light hover mix70 oklab(0.438607 0.135897 0.032764) med 7.832 <4.5 0.321 pop 722 RED G3 fraction under 4.5 = 0.321 > bound 0.303
webkit dpr2 light hover mix55 oklab(0.375589 0.106776 0.025743) med 10.024 <4.5 0.304 pop 724 RED G3 fraction under 4.5 = 0.304 > bound 0.303
webkit dpr2 light hover mix40 oklab(0.312571 0.077655 0.018722) med 12.508 <4.5 0.293 pop 724 GREEN
webkit dpr2 light hover mix30 oklab(0.270558 0.058241 0.014042) med 14.175 <4.5 0.287 pop 724 GREEN
webkit dpr2 light hover mix25 oklab(0.249552 0.048535 0.011701) med 15.085 <4.5 0.279 pop 724 GREEN
webkit dpr2 light hover mix20 oklab(0.228546 0.038828 0.009361) med 15.855 <4.5 0.275 pop 724 GREEN
webkit dpr2 light hover mix85+FAINT30_fill med 1.648 <4.5 1 pop 701 RED G2 core median 1.648 < 4.5 / G3 fraction under 4.5 = 1.000 > bound 0.303 / G4 slice core (p95) under 3.00 (= max(3.0, 0.4×whole p95 1.65)) at 0:1.65, 1:1.65, 2:1.65, 3:1.65, 4:1.65, 5:1.65, 6:1.65, 7:1.65, 9:1.65, 10:1.65, 11:1.65, 12:1.65, 13:1.65, 14:1.65, 15:1.65
webkit dpr2 light hover mix85+TAIL12_a25 med 6.037 <4.5 0.345 pop 722 RED G3 fraction under 4.5 = 0.345 > bound 0.303
webkit dpr2 light hover mix85+TAIL35_a25 med 5.638 <4.5 0.439 pop 717 RED G3 fraction under 4.5 = 0.439 > bound 0.303 / G4 slice core (p95) under 3.00 (= max(3.0, 0.4×whole p95 6.04)) at 14:1.5, 15:1.5
webkit dpr2 light hover mix85+EMPTY_hidden med 0 <4.5 1 pop 0 RED G1 population 0 px < 40 (EMPTY/thin is RED)
webkit dpr2 dark rest CONTROL rgb(237, 236, 233) med 13.408 <4.5 0.24 pop 763 → bound 0.29
webkit dpr2 dark rest mix85 oklab(0.734008 0.164471 0.036097) med 7.429 <4.5 0.318 pop 768 RED G3 fraction under 4.5 = 0.318 > bound 0.290
webkit dpr2 dark rest mix70 oklab(0.770761 0.135377 0.030509) med 8.622 <4.5 0.301 pop 768 RED G3 fraction under 4.5 = 0.301 > bound 0.290
webkit dpr2 dark rest mix55 oklab(0.807513 0.106284 0.02492) med 9.919 <4.5 0.286 pop 768 GREEN
webkit dpr2 dark rest mix40 oklab(0.844266 0.07719 0.019332) med 11.386 <4.5 0.272 pop 768 GREEN
webkit dpr2 dark rest mix30 oklab(0.868768 0.057794 0.015606) med 12.504 <4.5 0.266 pop 768 GREEN
webkit dpr2 dark rest mix25 oklab(0.881019 0.048096 0.013743) med 12.992 <4.5 0.26 pop 768 GREEN
webkit dpr2 dark rest mix20 oklab(0.89327 0.038398 0.01188) med 13.615 <4.5 0.255 pop 768 GREEN
webkit dpr2 dark rest mix85+FAINT30_fill med 1.694 <4.5 1 pop 741 RED G2 core median 1.694 < 4.5 / G3 fraction under 4.5 = 1.000 > bound 0.290 / G4 slice core (p95) under 3.00 (= max(3.0, 0.4×whole p95 1.69)) at 0:1.69, 1:1.69, 2:1.69, 3:1.69, 4:1.69, 5:1.69, 6:1.69, 7:1.69, 8:1.67, 9:1.69, 10:1.69, 11:1.69, 12:1.69, 13:1.69, 14:1.69, 15:1.69
webkit dpr2 dark rest mix85+TAIL12_a25 med 7.429 <4.5 0.318 pop 771 RED G3 fraction under 4.5 = 0.318 > bound 0.290
webkit dpr2 dark rest mix85+TAIL35_a25 med 6.973 <4.5 0.418 pop 770 RED G3 fraction under 4.5 = 0.418 > bound 0.290 / G4 slice core (p95) under 3.00 (= max(3.0, 0.4×whole p95 7.43)) at 14:1.52, 15:1.52
webkit dpr2 dark rest mix85+EMPTY_hidden med 0 <4.5 1 pop 0 RED G1 population 0 px < 40 (EMPTY/thin is RED)
webkit dpr2 dark hover CONTROL rgb(237, 236, 233) med 12.761 <4.5 0.244 pop 763 → bound 0.294
webkit dpr2 dark hover mix85 oklab(0.734008 0.164471 0.036097) med 5.903 <4.5 0.359 pop 763 RED G3 fraction under 4.5 = 0.359 > bound 0.294
webkit dpr2 dark hover mix70 oklab(0.770761 0.135377 0.030509) med 6.85 <4.5 0.318 pop 763 RED G3 fraction under 4.5 = 0.318 > bound 0.294
webkit dpr2 dark hover mix55 oklab(0.807513 0.106284 0.02492) med 7.881 <4.5 0.296 pop 763 RED G3 fraction under 4.5 = 0.296 > bound 0.294
webkit dpr2 dark hover mix40 oklab(0.844266 0.07719 0.019332) med 9.047 <4.5 0.282 pop 763 GREEN
webkit dpr2 dark hover mix30 oklab(0.868768 0.057794 0.015606) med 9.935 <4.5 0.273 pop 763 GREEN
webkit dpr2 dark hover mix25 oklab(0.881019 0.048096 0.013743) med 10.323 <4.5 0.27 pop 763 GREEN
webkit dpr2 dark hover mix20 oklab(0.89327 0.038398 0.01188) med 10.817 <4.5 0.265 pop 763 GREEN
webkit dpr2 dark hover mix85+FAINT30_fill med 1.702 <4.5 1 pop 734 RED G2 core median 1.702 < 4.5 / G3 fraction under 4.5 = 1.000 > bound 0.294 / G4 slice core (p95) under 3.00 (= max(3.0, 0.4×whole p95 1.70)) at 0:1.7, 1:1.7, 2:1.7, 3:1.7, 4:1.7, 5:1.7, 6:1.7, 7:1.7, 8:1.68, 9:1.7, 10:1.7, 11:1.7, 12:1.7, 13:1.7, 14:1.7, 15:1.7
webkit dpr2 dark hover mix85+TAIL12_a25 med 5.903 <4.5 0.359 pop 763 RED G3 fraction under 4.5 = 0.359 > bound 0.294
webkit dpr2 dark hover mix85+TAIL35_a25 med 5.689 <4.5 0.453 pop 763 RED G3 fraction under 4.5 = 0.453 > bound 0.294 / G4 slice core (p95) under 3.00 (= max(3.0, 0.4×whole p95 5.90)) at 14:1.45, 15:1.45
webkit dpr2 dark hover mix85+EMPTY_hidden med 0 <4.5 1 pop 0 RED G1 population 0 px < 40 (EMPTY/thin is RED)
ALLDONE
exit 0
