payload ATMuMDM0MDIwMDA1MD… (61 givens) · ceiling 12 %
chromium dark tree: re-cut 9.48% (GREEN) · un-cut 15.78% · excluded 1059 px of 15213 chromatic (Level rect 269×179 staged-section.flex)
chromium dark tree+TRACE: re-cut 34.04% (RED, the plant is seen) · un-cut 38.58%
chromium dark tree+TALLY: re-cut 9.48% (GREEN — A HOLE) · un-cut 15.78%
chromium dark tree+SPARK: re-cut 9.97% (GREEN — A HOLE) · un-cut 16.2%
chromium dark control: re-cut 34.51% (RED) · un-cut 38.98% · excluded 1059 px of 15499 chromatic (Level rect 269×179 staged-section.flex)
chromium light tree: re-cut 5.5% (GREEN) · un-cut 9.14% · excluded 933 px of 24247 chromatic (Level rect 269×179 staged-section.flex)
chromium light tree+TRACE: re-cut 20.55% (RED, the plant is seen) · un-cut 23.6%
chromium light tree+TALLY: re-cut 5.5% (GREEN — A HOLE) · un-cut 9.14%
chromium light tree+SPARK: re-cut 5.59% (GREEN — A HOLE) · un-cut 9.21%
chromium light control: re-cut 20.73% (RED) · un-cut 23.77% · excluded 933 px of 24332 chromatic (Level rect 269×179 staged-section.flex)
webkit dark tree: re-cut 9.37% (GREEN) · un-cut 15.98% · excluded 1115 px of 15278 chromatic (Level rect 269×179 staged-section.flex)
webkit dark tree+TRACE: re-cut 34% (RED, the plant is seen) · un-cut 38.76%
webkit dark tree+TALLY: re-cut 9.37% (GREEN — A HOLE) · un-cut 15.98%
webkit dark tree+SPARK: re-cut 9.72% (GREEN — A HOLE) · un-cut 16.27%
webkit dark control: re-cut 61.83% (RED) · un-cut 63.48% · excluded 1115 px of 25917 chromatic (Level rect 269×179 staged-section.flex)
webkit light tree: re-cut 5.52% (GREEN) · un-cut 9.35% · excluded 987 px of 24346 chromatic (Level rect 269×179 staged-section.flex)
webkit light tree+TRACE: re-cut 20.61% (RED, the plant is seen) · un-cut 23.82%
webkit light tree+TALLY: re-cut 5.52% (GREEN — A HOLE) · un-cut 9.35%
webkit light tree+SPARK: re-cut 5.58% (GREEN — A HOLE) · un-cut 9.4%
webkit light control: re-cut 45.27% (RED) · un-cut 46.82% · excluded 987 px of 34895 chromatic (Level rect 269×179 staged-section.flex)
ALLDONE
exit 0
