payload ATMuMzUwODk2MDQwMj… (61 givens)
chromium dpr1 dark tree #79650f → rgb(121, 101, 15) · LINE med/p10/<3/n 3.303/2.535/0.215/1592 · BORDER 2.572/2.572/1/930 (<2.441 0.068) · PAPER 3.351/2.177/0.28/699 · noise 0
chromium dpr1 dark tree #7e6a17 → rgb(126, 106, 23) · LINE med/p10/<3/n 3.069/2.396/0.234/1592 · BORDER 2.768/2.768/0.998/930 (<2.441 0.055) · PAPER 3.606/2.29/0.24/699 · noise 0
chromium dpr1 dark tree #7b6713 → rgb(123, 103, 19) · LINE med/p10/<3/n 3.207/2.498/0.224/1592 · BORDER 2.649/2.649/1/930 (<2.441 0.066) · PAPER 3.452/2.22/0.275/699 · noise 0
chromium dpr1 dark tree #7e6a16 → rgb(126, 106, 22) · LINE med/p10/<3/n 3.07/2.397/0.234/1592 · BORDER 2.767/2.767/0.998/930 (<2.441 0.055) · PAPER 3.605/2.29/0.24/699 · noise 0
chromium dpr1 dark tree #806c1a → rgb(128, 108, 26) · LINE med/p10/<3/n 2.982/2.331/0.997/1592 · BORDER 2.849/2.849/0.996/930 (<2.441 0.051) · PAPER 3.712/2.362/0.239/699 · noise 0
chromium dpr1 dark tree #836e1d → rgb(131, 110, 29) · LINE med/p10/<3/n 2.886/2.291/1/1592 · BORDER 2.944/2.944/0.995/930 (<2.441 0.046) · PAPER 3.835/2.409/0.225/699 · noise 0
chromium dpr1 dark control (control) → rgb(124, 58, 237) · LINE med/p10/<3/n 3.139/2.568/0.223/1588 · BORDER 2.441/2.441/1/926 (<2.441 0.991) · PAPER 3.139/2.084/0.377/692 · noise 0
chromium dpr1 light tree #a27803 → rgb(162, 120, 3) · LINE med/p10/<3/n 3.236/2.555/0.22/1592 · BORDER 3.217/3.217/0.067/930 (<2.441 0.037) · PAPER 3.856/2.426/0.222/699 · noise 0
chromium dpr1 light control (control) → rgb(139, 92, 246) · LINE med/p10/<3/n 2.876/2.317/1/1588 · BORDER 3.177/3.177/0.064/926 (<2.441 0.031) · PAPER 3.76/2.481/0.22/694 · noise 0
chromium dpr2 dark tree #79650f → rgb(121, 101, 15) · LINE med/p10/<3/n 3.303/2.645/0.14/6243 · BORDER 2.572/2.572/1/3806 (<2.441 0.09) · PAPER 3.351/2.219/0.294/2823 · noise 0
chromium dpr2 dark tree #7e6a17 → rgb(126, 106, 23) · LINE med/p10/<3/n 3.069/2.5/0.157/6243 · BORDER 2.768/2.768/0.998/3806 (<2.441 0.076) · PAPER 3.606/2.326/0.25/2823 · noise 0
chromium dpr2 dark tree #7b6713 → rgb(123, 103, 19) · LINE med/p10/<3/n 3.207/2.581/0.147/6243 · BORDER 2.649/2.649/0.999/3806 (<2.441 0.084) · PAPER 3.452/2.255/0.272/2823 · noise 0
chromium dpr2 dark tree #7e6a16 → rgb(126, 106, 22) · LINE med/p10/<3/n 3.07/2.501/0.157/6243 · BORDER 2.767/2.767/0.998/3806 (<2.441 0.076) · PAPER 3.605/2.325/0.25/2823 · noise 0
chromium dpr2 dark tree #806c1a → rgb(128, 108, 26) · LINE med/p10/<3/n 2.982/2.431/0.997/6243 · BORDER 2.849/2.849/0.997/3806 (<2.441 0.072) · PAPER 3.712/2.399/0.238/2823 · noise 0
chromium dpr2 dark tree #836e1d → rgb(131, 110, 29) · LINE med/p10/<3/n 2.886/2.389/1/6243 · BORDER 2.944/2.944/0.997/3806 (<2.441 0.065) · PAPER 3.835/2.447/0.196/2823 · noise 0
chromium dpr2 dark control (control) → rgb(124, 58, 237) · LINE med/p10/<3/n 3.139/2.65/0.142/6207 · BORDER 2.441/2.441/1/3770 (<2.441 0.996) · PAPER 3.139/2.126/0.319/2778 · noise 0
chromium dpr2 light tree #a27803 → rgb(162, 120, 3) · LINE med/p10/<3/n 3.236/2.637/0.144/6243 · BORDER 3.217/3.217/0.089/3809 (<2.441 0.058) · PAPER 3.856/2.447/0.198/2826 · noise 0
chromium dpr2 light control (control) → rgb(139, 92, 246) · LINE med/p10/<3/n 2.876/2.402/1/6207 · BORDER 3.177/3.177/0.08/3773 (<2.441 0.048) · PAPER 3.76/2.485/0.187/2777 · noise 0
webkit dpr1 dark tree #79650f → rgb(121, 101, 15) · LINE med/p10/<3/n 3.303/2.438/0.172/1568 · BORDER 2.572/2.572/1/932 (<2.441 0.062) · PAPER 3.351/2.12/0.276/704 · noise 0
webkit dpr1 dark tree #7e6a17 → rgb(126, 106, 23) · LINE med/p10/<3/n 3.069/2.314/0.202/1568 · BORDER 2.768/2.768/0.998/932 (<2.441 0.052) · PAPER 3.606/2.222/0.237/704 · noise 0
webkit dpr1 dark tree #7b6713 → rgb(123, 103, 19) · LINE med/p10/<3/n 3.207/2.403/0.187/1568 · BORDER 2.649/2.649/1/932 (<2.441 0.057) · PAPER 3.452/2.154/0.256/704 · noise 0
webkit dpr1 dark tree #7e6a16 → rgb(126, 106, 22) · LINE med/p10/<3/n 3.07/2.315/0.202/1568 · BORDER 2.767/2.767/0.998/932 (<2.441 0.052) · PAPER 3.605/2.222/0.237/704 · noise 0
webkit dpr1 dark tree #806c1a → rgb(128, 108, 26) · LINE med/p10/<3/n 2.982/2.275/0.997/1568 · BORDER 2.849/2.849/0.998/932 (<2.441 0.047) · PAPER 3.712/2.292/0.224/704 · noise 0
webkit dpr1 dark tree #836e1d → rgb(131, 110, 29) · LINE med/p10/<3/n 2.886/2.213/1/1568 · BORDER 2.944/2.944/0.996/932 (<2.441 0.043) · PAPER 3.835/2.338/0.213/704 · noise 0
webkit dpr1 dark control (control) → rgb(124, 58, 237) · LINE med/p10/<3/n 3.139/2.293/0.201/9580 · BORDER 2.441/2.441/1/2116 (<2.441 0.989) · PAPER 3.139/2.05/0.286/697 · noise 0
webkit dpr1 light tree #a27803 → rgb(162, 120, 3) · LINE med/p10/<3/n 3.236/2.463/0.182/1568 · BORDER 3.217/3.217/0.061/934 (<2.441 0.036) · PAPER 3.856/2.346/0.214/702 · noise 0
webkit dpr1 light control (control) → rgb(139, 92, 246) · LINE med/p10/<3/n 2.883/2.106/0.999/9579 · BORDER 3.17/3.17/0.068/2118 (<2.441 0.03) · PAPER 3.751/2.374/0.207/697 · noise 0
webkit dpr2 dark tree #79650f → rgb(121, 101, 15) · LINE med/p10/<3/n 3.303/2.991/0.102/6352 · BORDER 2.572/2.572/1/3774 (<2.441 0.045) · PAPER 3.351/2.653/0.126/2783 · noise 0
webkit dpr2 dark tree #7e6a17 → rgb(126, 106, 23) · LINE med/p10/<3/n 3.069/2.783/0.112/6352 · BORDER 2.768/2.768/0.998/3774 (<2.441 0.039) · PAPER 3.606/2.821/0.114/2783 · noise 0
webkit dpr2 dark tree #7b6713 → rgb(123, 103, 19) · LINE med/p10/<3/n 3.207/2.905/0.106/6352 · BORDER 2.649/2.649/0.999/3774 (<2.441 0.041) · PAPER 3.452/2.695/0.12/2783 · noise 0
webkit dpr2 dark tree #7e6a16 → rgb(126, 106, 22) · LINE med/p10/<3/n 3.07/2.784/0.112/6352 · BORDER 2.767/2.767/0.998/3774 (<2.441 0.039) · PAPER 3.605/2.82/0.114/2783 · noise 0
webkit dpr2 dark tree #806c1a → rgb(128, 108, 26) · LINE med/p10/<3/n 2.982/2.715/0.997/6352 · BORDER 2.849/2.849/0.997/3774 (<2.441 0.037) · PAPER 3.712/2.864/0.109/2783 · noise 0
webkit dpr2 dark tree #836e1d → rgb(131, 110, 29) · LINE med/p10/<3/n 2.886/2.629/1/6352 · BORDER 2.944/2.944/0.997/3774 (<2.441 0.035) · PAPER 3.835/2.965/0.101/2783 · noise 0
webkit dpr2 dark control (control) → rgb(124, 58, 237) · LINE med/p10/<3/n 3.139/2.774/0.115/38615 · BORDER 2.441/2.441/1/8503 (<2.441 0.994) · PAPER 3.139/2.579/0.132/2765 · noise 0
webkit dpr2 light tree #a27803 → rgb(162, 120, 3) · LINE med/p10/<3/n 3.236/2.939/0.105/6352 · BORDER 3.217/3.217/0.044/3776 (<2.441 0.03) · PAPER 3.856/2.973/0.101/2781 · noise 0
webkit dpr2 light control (control) → rgb(139, 92, 246) · LINE med/p10/<3/n 2.883/2.522/0.999/38617 · BORDER 3.17/3.17/0.041/8499 (<2.441 0.024) · PAPER 3.751/3.065/0.095/2764 · noise 0
ALLDONE
exit 0
