### vue-tsc
vue-tsc EXIT=0
### eslint
eslint EXIT=0
### knip
knip EXIT=0
### prettier
Checking formatting...
All matched files use Prettier code style!
prettier EXIT=0
### font-coverage
font coverage OK — 28 codepoints, 13788 B; 8 strings covered as authored AND as transformed
font EXIT=0
### lint:ink
ink-pressure ladder — every rung clears its floor, strictly increasing, both themes:
  --ink-press-rule    55%  3.53 light / 4.36 dark  ≥3 (non-text)
  --ink-press-quiet   68%  5.23 light / 6.06 dark  ≥4.5 (text)
  --ink-press-firm    72%  5.95 light / 6.66 dark  ≥4.5 (text)
  --color-red-ink          4.98 light / 6.32 dark  ≥4.5 (.icon-sublabel.is-armed)

ungoverned register — --color-muted-foreground 4.65 light / 7.69 dark:
  light  rule < muted-foreground < quiet < firm
  dark   rule < quiet < firm < muted-foreground
  the ramp and the register cross between themes. Booked in index.css §INK PRESSURE, not gated.
ink EXIT=0
