{
 "engine": "chromium",
 "theme": "light",
 "base": "http://127.0.0.1:4233/",
 "coarse": true,
 "blankIdx": 0,
 "glyphs": 62,
 "dirtyCellPainted": true,
 "barLabels": [
  "Clear the board",
  "Fill in every cell that has only one possible number",
  "Solve puzzle",
  "Share board link"
 ],
 "press1": {
  "ribbon": 1,
  "glyphsAfter": 62
 },
 "armed": {
  "footW": 390,
  "barW": 374,
  "ribbon": {
   "w": 374,
   "h": 87.19,
   "top": 678.84,
   "left": 8
  },
  "worstControlCov": {
   "label": "Off",
   "cov": 1
  },
  "faces": [
   {
    "text": "keep",
    "w": 51.73,
    "h": 44,
    "stroke": "1.5px",
    "attr": "1.5",
    "color": "rgb(10, 10, 10)",
    "minInline": "44px",
    "minH": "44px"
   },
   {
    "text": "clear",
    "w": 54.39,
    "h": 44,
    "stroke": "2.5px",
    "attr": "2.5",
    "color": "rgb(208, 42, 82)",
    "minInline": "44px",
    "minH": "44px"
   }
  ],
  "tapFloor": "",
  "cardScrollH": [
   672,
   540
  ]
 },
 "press2Label": "clear",
 "press2": {
  "ribbon": 0,
  "glyphsAfter": 0
 }
}
EXIT OK
