vite v8.1.4 building client environment for production...

 WARN  advancedChunks option is deprecated, please use codeSplitting instead.

[2Ktransforming...✓ 237 modules transformed.
rendering chunks...
computing gzip size...
.mot-ladder/dist-exit/index.html                                      3.25 kB │ gzip:  1.36 kB
.mot-ladder/dist-exit/assets/firacode-subset-CbuNTc2aGjcY.woff2       3.62 kB
.mot-ladder/dist-exit/assets/patrickhand-subset-BqV1besB36ib.woff2    4.31 kB
.mot-ladder/dist-exit/assets/avatar-biqsjs3dzERf.png                  6.09 kB
.mot-ladder/dist-exit/assets/fraunces-subset-qp6ShjBRhfYB.woff2      14.63 kB
.mot-ladder/dist-exit/assets/solver.worker-DyhLjsTj.js               22.68 kB
.mot-ladder/dist-exit/assets/csp_solver_wasm_bg-BJYevEYE.wasm       123.33 kB │ gzip: 50.33 kB
.mot-ladder/dist-exit/assets/FutoshikiPoster-DZUvzwTKUpND.css         0.28 kB │ gzip:  0.16 kB
.mot-ladder/dist-exit/assets/PosterBoard-C25fZcEKH9UF.css             0.39 kB │ gzip:  0.21 kB
.mot-ladder/dist-exit/assets/spec-B7T6LNVJOIWK.css                    0.46 kB │ gzip:  0.25 kB
.mot-ladder/dist-exit/assets/CageOverlay-CxJWuhZARm9B.css             0.54 kB │ gzip:  0.30 kB
.mot-ladder/dist-exit/assets/ThermoTube-pAIHdX-6oKC9.css              0.62 kB │ gzip:  0.29 kB
.mot-ladder/dist-exit/assets/AnswerKeyLaminate-5kFufdan9YjL.css       0.93 kB │ gzip:  0.41 kB
.mot-ladder/dist-exit/assets/index-RUPeZTynMdK2.css                  95.90 kB │ gzip: 19.20 kB
.mot-ladder/dist-exit/assets/wire-BuDRICPW8zpg.js                     0.17 kB │ gzip:  0.15 kB
.mot-ladder/dist-exit/assets/SudokuPoster-3HRRq8GcBsw8.js             0.86 kB │ gzip:  0.50 kB
.mot-ladder/dist-exit/assets/clue-CNo7259tIuQm.js                     0.90 kB │ gzip:  0.50 kB
.mot-ladder/dist-exit/assets/clue-B77KEGrfT5xu.js                     0.97 kB │ gzip:  0.55 kB
.mot-ladder/dist-exit/assets/ThermoPoster-sNa2hGO6GS-c.js             1.17 kB │ gzip:  0.66 kB
.mot-ladder/dist-exit/assets/ThermoTube-D_suTD_I2lnt.js               1.18 kB │ gzip:  0.73 kB
.mot-ladder/dist-exit/assets/clue-D3bqB3E33Ls2.js                     1.21 kB │ gzip:  0.64 kB
.mot-ladder/dist-exit/assets/KillerPoster-CBhlMA-5U8A9.js             1.39 kB │ gzip:  0.75 kB
.mot-ladder/dist-exit/assets/CageOverlay-Dod3-6bPEayO.js              1.74 kB │ gzip:  0.99 kB
.mot-ladder/dist-exit/assets/KenKenPoster-CX4Aig9A7XGz.js             1.76 kB │ gzip:  0.84 kB
.mot-ladder/dist-exit/assets/relayWire-5r_0oKENP1Dl.js                1.87 kB │ gzip:  1.06 kB
.mot-ladder/dist-exit/assets/FutoshikiPoster-Af9bo0jDXoP8.js          1.97 kB │ gzip:  1.09 kB
.mot-ladder/dist-exit/assets/spec-Dw7OQzUO6Qa1.js                     2.07 kB │ gzip:  1.02 kB
.mot-ladder/dist-exit/assets/spec-g2yrwNSMeU0o.js                     2.16 kB │ gzip:  1.04 kB
.mot-ladder/dist-exit/assets/AnswerKeyLaminate-DiEFySkSysrR.js        2.33 kB │ gzip:  1.33 kB
.mot-ladder/dist-exit/assets/PosterBoard-DPH8lH6wRPGP.js              2.63 kB │ gzip:  1.20 kB
.mot-ladder/dist-exit/assets/spec-DVyI8zb2Zq2q.js                     3.03 kB │ gzip:  1.45 kB
.mot-ladder/dist-exit/assets/spec-DyjQS3EnPXFi.js                     3.29 kB │ gzip:  1.53 kB
.mot-ladder/dist-exit/assets/glyphRegistry-JAQyezkvKnfB.js            9.63 kB │ gzip:  3.92 kB
.mot-ladder/dist-exit/assets/animation-vendor-CrUpJv3U-YcU.js        11.64 kB │ gzip:  4.74 kB
.mot-ladder/dist-exit/assets/templates-LkXzF59FZu96.js               18.16 kB │ gzip:  4.97 kB
.mot-ladder/dist-exit/assets/playerIdentity-Cybi8efbhsYF.js          19.31 kB │ gzip:  8.12 kB
.mot-ladder/dist-exit/assets/templates-CsCa30cxJEsI.js               24.59 kB │ gzip:  7.06 kB
.mot-ladder/dist-exit/assets/vue-vendor-DO-CUsNNxq8N.js              85.19 kB │ gzip: 34.03 kB
.mot-ladder/dist-exit/assets/index-qLfHgNrWcGeR.js                  208.17 kB │ gzip: 71.38 kB

✓ built in 397ms
