vite v8.1.4 building client environment for production...

 WARN  advancedChunks option is deprecated, please use codeSplitting instead.

[2Ktransforming...✓ 240 modules transformed.
rendering chunks...
computing gzip size...
dist-main/index.html                                      3.24 kB │ gzip:  1.36 kB
dist-main/assets/firacode-subset-CbuNTc2aGjcY.woff2       3.62 kB
dist-main/assets/patrickhand-subset-BqV1besB36ib.woff2    4.31 kB
dist-main/assets/avatar-biqsjs3dzERf.png                  6.09 kB
dist-main/assets/fraunces-subset-qp6ShjBRhfYB.woff2      14.63 kB
dist-main/assets/solver.worker-DyhLjsTj.js               22.68 kB
dist-main/assets/csp_solver_wasm_bg-BJYevEYE.wasm       123.33 kB │ gzip: 50.33 kB
dist-main/assets/FutoshikiPoster-DZUvzwTKUpND.css         0.28 kB │ gzip:  0.16 kB
dist-main/assets/PosterBoard-C25fZcEKH9UF.css             0.39 kB │ gzip:  0.21 kB
dist-main/assets/spec-CAxGeu14Qq5g.css                    0.44 kB │ gzip:  0.25 kB
dist-main/assets/CageOverlay-CxJWuhZARm9B.css             0.54 kB │ gzip:  0.30 kB
dist-main/assets/ThermoTube-D-JcHJtczqX1.css              0.60 kB │ gzip:  0.29 kB
dist-main/assets/AnswerKeyLaminate-DQ8Zd4NTTWD3.css       0.89 kB │ gzip:  0.40 kB
dist-main/assets/GameGallery-BgPLkE_ckPqR.css            11.00 kB │ gzip:  2.66 kB
dist-main/assets/index-DSV8hl9eUGyP.css                  82.67 kB │ gzip: 16.94 kB
dist-main/assets/wire-BuDRICPW8zpg.js                     0.17 kB │ gzip:  0.15 kB
dist-main/assets/SudokuPoster-D1RGNesXB5cO.js             0.86 kB │ gzip:  0.49 kB
dist-main/assets/clue-CNo7259tIuQm.js                     0.90 kB │ gzip:  0.50 kB
dist-main/assets/clue-B77KEGrfT5xu.js                     0.97 kB │ gzip:  0.55 kB
dist-main/assets/ThermoPoster-hyxO7FVuopET.js             1.17 kB │ gzip:  0.66 kB
dist-main/assets/ThermoTube-Cuscv13Ira8K.js               1.18 kB │ gzip:  0.73 kB
dist-main/assets/clue-D3bqB3E33Ls2.js                     1.21 kB │ gzip:  0.64 kB
dist-main/assets/KillerPoster-Wxdbwydf11_y.js             1.39 kB │ gzip:  0.75 kB
dist-main/assets/CageOverlay-rvWxnY1bADHq.js              1.73 kB │ gzip:  0.99 kB
dist-main/assets/KenKenPoster-CtM5TAZABldv.js             1.76 kB │ gzip:  0.84 kB
dist-main/assets/relayWire-5r_0oKENP1Dl.js                1.87 kB │ gzip:  1.06 kB
dist-main/assets/FutoshikiPoster-DU3fyw7Z11wd.js          1.97 kB │ gzip:  1.08 kB
dist-main/assets/spec-BYdNJekFMOah.js                     2.07 kB │ gzip:  1.02 kB
dist-main/assets/spec-Cr1tfL8MgYc2.js                     2.16 kB │ gzip:  1.04 kB
dist-main/assets/AnswerKeyLaminate-BalcgUbd7ZxC.js        2.34 kB │ gzip:  1.33 kB
dist-main/assets/PosterBoard-BBSvT-Prs4ns.js              2.62 kB │ gzip:  1.20 kB
dist-main/assets/spec-P8u0QjZnCvCk.js                     3.03 kB │ gzip:  1.44 kB
dist-main/assets/app-shared-BZjJ4UO90bDQ.js               3.09 kB │ gzip:  1.37 kB
dist-main/assets/spec-DdB1QMVNX0Y5.js                     3.29 kB │ gzip:  1.53 kB
dist-main/assets/animation-vendor-CrUpJv3U-YcU.js        11.64 kB │ gzip:  4.74 kB
dist-main/assets/devicePaint-DYfALhM0r-4G.js             13.83 kB │ gzip:  5.14 kB
dist-main/assets/templates-DMGhVm6o8LDK.js               17.77 kB │ gzip:  4.67 kB
dist-main/assets/playerIdentity-43CIfD37AS-w.js          19.31 kB │ gzip:  8.12 kB
dist-main/assets/GameGallery-D51Bf91Kvhrh.js             21.32 kB │ gzip:  7.98 kB
dist-main/assets/templates-CsCa30cxJEsI.js               24.59 kB │ gzip:  7.06 kB
dist-main/assets/vue-vendor-DO-CUsNNxq8N.js              85.19 kB │ gzip: 34.03 kB
dist-main/assets/index-ChSrVSqM0j8q.js                  194.54 kB │ gzip: 67.45 kB

✓ built in 595ms
