vite v8.1.4 building client environment for production...

 WARN  advancedChunks option is deprecated, please use codeSplitting instead.

[2Ktransforming...✓ 237 modules transformed.
rendering chunks...
computing gzip size...
.mot-ladder/dist/index.html                                      3.25 kB │ gzip:  1.36 kB
.mot-ladder/dist/assets/firacode-subset-CbuNTc2aGjcY.woff2       3.62 kB
.mot-ladder/dist/assets/patrickhand-subset-BqV1besB36ib.woff2    4.31 kB
.mot-ladder/dist/assets/avatar-biqsjs3dzERf.png                  6.09 kB
.mot-ladder/dist/assets/fraunces-subset-qp6ShjBRhfYB.woff2      14.63 kB
.mot-ladder/dist/assets/solver.worker-DyhLjsTj.js               22.68 kB
.mot-ladder/dist/assets/csp_solver_wasm_bg-BJYevEYE.wasm       123.33 kB │ gzip: 50.33 kB
.mot-ladder/dist/assets/FutoshikiPoster-DZUvzwTKUpND.css         0.28 kB │ gzip:  0.16 kB
.mot-ladder/dist/assets/PosterBoard-C25fZcEKH9UF.css             0.39 kB │ gzip:  0.21 kB
.mot-ladder/dist/assets/spec-B7T6LNVJOIWK.css                    0.46 kB │ gzip:  0.25 kB
.mot-ladder/dist/assets/CageOverlay-CxJWuhZARm9B.css             0.54 kB │ gzip:  0.30 kB
.mot-ladder/dist/assets/ThermoTube-pAIHdX-6oKC9.css              0.62 kB │ gzip:  0.29 kB
.mot-ladder/dist/assets/AnswerKeyLaminate-5kFufdan9YjL.css       0.93 kB │ gzip:  0.41 kB
.mot-ladder/dist/assets/index-5wEA1lZUVGOG.css                  95.95 kB │ gzip: 19.21 kB
.mot-ladder/dist/assets/wire-BuDRICPW8zpg.js                     0.17 kB │ gzip:  0.15 kB
.mot-ladder/dist/assets/SudokuPoster-D7T7neK9pMyL.js             0.86 kB │ gzip:  0.50 kB
.mot-ladder/dist/assets/clue-CNo7259tIuQm.js                     0.90 kB │ gzip:  0.50 kB
.mot-ladder/dist/assets/clue-B77KEGrfT5xu.js                     0.97 kB │ gzip:  0.55 kB
.mot-ladder/dist/assets/ThermoPoster-BheGE8f82JsJ.js             1.17 kB │ gzip:  0.66 kB
.mot-ladder/dist/assets/ThermoTube-D_suTD_I2lnt.js               1.18 kB │ gzip:  0.73 kB
.mot-ladder/dist/assets/clue-D3bqB3E33Ls2.js                     1.21 kB │ gzip:  0.64 kB
.mot-ladder/dist/assets/KillerPoster-D0vBNoDZ9sBB.js             1.39 kB │ gzip:  0.75 kB
.mot-ladder/dist/assets/CageOverlay-Dod3-6bPEayO.js              1.74 kB │ gzip:  0.99 kB
.mot-ladder/dist/assets/KenKenPoster-DrsBez2-KHnT.js             1.76 kB │ gzip:  0.84 kB
.mot-ladder/dist/assets/relayWire-5r_0oKENP1Dl.js                1.87 kB │ gzip:  1.06 kB
.mot-ladder/dist/assets/FutoshikiPoster-MAv4N4BdTj97.js          1.97 kB │ gzip:  1.09 kB
.mot-ladder/dist/assets/spec-P3u0vQhFQMDI.js                     2.07 kB │ gzip:  1.02 kB
.mot-ladder/dist/assets/spec-BskMSIGa_Jr-.js                     2.16 kB │ gzip:  1.04 kB
.mot-ladder/dist/assets/AnswerKeyLaminate-DiEFySkSysrR.js        2.33 kB │ gzip:  1.33 kB
.mot-ladder/dist/assets/PosterBoard-D9dR2cjBY9OK.js              2.63 kB │ gzip:  1.20 kB
.mot-ladder/dist/assets/spec-Bkiw0cNLWFav.js                     3.03 kB │ gzip:  1.45 kB
.mot-ladder/dist/assets/spec-otCqQJzr0qdn.js                     3.29 kB │ gzip:  1.53 kB
.mot-ladder/dist/assets/glyphRegistry-JAQyezkvKnfB.js            9.63 kB │ gzip:  3.92 kB
.mot-ladder/dist/assets/animation-vendor-CrUpJv3U-YcU.js        11.64 kB │ gzip:  4.74 kB
.mot-ladder/dist/assets/templates-LkXzF59FZu96.js               18.16 kB │ gzip:  4.97 kB
.mot-ladder/dist/assets/playerIdentity-BX2zjn-dK-yb.js          19.31 kB │ gzip:  8.12 kB
.mot-ladder/dist/assets/templates-CsCa30cxJEsI.js               24.59 kB │ gzip:  7.06 kB
.mot-ladder/dist/assets/vue-vendor-DO-CUsNNxq8N.js              85.19 kB │ gzip: 34.03 kB
.mot-ladder/dist/assets/index-C1yHADtfrqWN.js                  208.14 kB │ gzip: 71.37 kB

✓ built in 744ms
