
Running 2 tests using 1 worker

CRITIC chromium light AA stick-over-grounds worst 7.151 (15 readings)
CRITIC chromium light RING vs own 4% fill @a=0.55  1:3.438 2:3.293 3:3.331 4:3.917 5:3.765
CRITIC chromium light DIGIT-ink in the same ring  1:2.692 2:2.527 3:2.581 4:2.795 5:3.153
CRITIC chromium dark AA stick-over-grounds worst 5.178 (15 readings)
CRITIC chromium dark RING vs own 4% fill @a=0.55  1:3.408 2:3.627 3:3.622 4:3.483 5:3.284
CRITIC chromium dark DIGIT-ink in the same ring  1:2.433 2:2.634 3:2.625 4:2.474 5:2.360
=== CRITIC SUMMARY ===
chromium light AA stick-over-grounds worst 7.151 (15 readings)
chromium light RING vs own 4% fill @a=0.55  1:3.438 2:3.293 3:3.331 4:3.917 5:3.765
chromium light DIGIT-ink in the same ring  1:2.692 2:2.527 3:2.581 4:2.795 5:3.153
chromium dark AA stick-over-grounds worst 5.178 (15 readings)
chromium dark RING vs own 4% fill @a=0.55  1:3.408 2:3.627 3:3.622 4:3.483 5:3.284
chromium dark DIGIT-ink in the same ring  1:2.433 2:2.634 3:2.625 4:2.474 5:2.360
  ✓  1 [chromium] › e2e/critic-tin.scratch.ts:83:1 › tin: AA + ring painted, both arms, re-derived (492ms)
CRITIC webkit light AA stick-over-grounds worst 7.151 (15 readings)
CRITIC webkit light RING vs own 4% fill @a=0.55  1:3.438 2:3.293 3:3.331 4:3.917 5:3.765
CRITIC webkit light DIGIT-ink in the same ring  1:2.692 2:2.527 3:2.581 4:2.795 5:3.153
CRITIC webkit dark AA stick-over-grounds worst 5.178 (15 readings)
CRITIC webkit dark RING vs own 4% fill @a=0.55  1:3.408 2:3.627 3:3.622 4:3.483 5:3.284
CRITIC webkit dark DIGIT-ink in the same ring  1:2.433 2:2.634 3:2.625 4:2.474 5:2.360
=== CRITIC SUMMARY ===
webkit light AA stick-over-grounds worst 7.151 (15 readings)
webkit light RING vs own 4% fill @a=0.55  1:3.438 2:3.293 3:3.331 4:3.917 5:3.765
webkit light DIGIT-ink in the same ring  1:2.692 2:2.527 3:2.581 4:2.795 5:3.153
webkit dark AA stick-over-grounds worst 5.178 (15 readings)
webkit dark RING vs own 4% fill @a=0.55  1:3.408 2:3.627 3:3.622 4:3.483 5:3.284
webkit dark DIGIT-ink in the same ring  1:2.433 2:2.634 3:2.625 4:2.474 5:2.360
  ✓  2 [webkit] › e2e/critic-tin.scratch.ts:83:1 › tin: AA + ring painted, both arms, re-derived (957ms)

  2 passed (2.3s)
