
Running 6 tests using 1 worker

CRITIC chromium light AA stick-over-grounds worst 7.151 (15 readings)
CRITIC chromium light RING vs own 4% fill @a=0.55  1:3.438 2:3.293 3:3.331 4:3.917 5:3.765
CRITIC chromium light DIGIT-ink in the same ring  1:2.692 2:2.527 3:2.581 4:2.795 5:3.153
CRITIC chromium dark AA stick-over-grounds worst 7.151 (15 readings)
CRITIC chromium dark RING vs own 4% fill @a=0.55  1:3.438 2:3.293 3:3.331 4:3.917 5:3.765
CRITIC chromium dark DIGIT-ink in the same ring  1:2.692 2:2.527 3:2.581 4:2.795 5:3.153
  ✓  1 [chromium] › e2e/critic-tin.scratch.ts:83:1 › tin: AA + ring painted, both arms, re-derived (393ms)
CRITIC chromium SEVEN rows=7 swatchColours=5 roster-tick=2 insideName=2 glyph-tick=0 filterCensus=25 pillX=1104.891
CRITIC chromium TAPE {"tape":true,"covered":0,"tickInTape":0,"rect":[859.22,106.55,64.69,23.32]}
  ✓  2 [chromium] › e2e/critic-tin.scratch.ts:141:1 › tin: seven players, two homes, filter census, tape cover (2.6s)
CRITIC chromium PI5 [["player-row-cells|853.89,566.69,268.22,18.95","player-swatch|853.89,570.56,11.19,11.19","player-name|871.47,566.69,227.03,18.95","player-self|1104.89,567.39,17.22,17.55"],["player-row-cells|853.89,587.23,268.22,18.95","player-swatch|853.89,591.11,11.19,11.19","player-name|871.47,587.23,250.64,18.95"],["player-row-cells|853.89,607.78,268.22,18.95","player-swatch|853.89,611.66,11.19,11.19","player-name|871.47,607.78,250.64,18.95"],["player-row-cells|853.89,628.33,268.22,18.95","player-swatch|853.89,632.20,11.19,11.19","player-name|871.47,628.33,250.64,18.95"],["player-row-cells|853.89,648.88,268.22,0.56","player-swatch|853.89,643.56,11.19,11.19","player-name|871.47,639.69,250.64,18.95"]]
=== CRITIC SUMMARY ===
chromium light AA stick-over-grounds worst 7.151 (15 readings)
chromium light RING vs own 4% fill @a=0.55  1:3.438 2:3.293 3:3.331 4:3.917 5:3.765
chromium light DIGIT-ink in the same ring  1:2.692 2:2.527 3:2.581 4:2.795 5:3.153
chromium dark AA stick-over-grounds worst 7.151 (15 readings)
chromium dark RING vs own 4% fill @a=0.55  1:3.438 2:3.293 3:3.331 4:3.917 5:3.765
chromium dark DIGIT-ink in the same ring  1:2.692 2:2.527 3:2.581 4:2.795 5:3.153
chromium SEVEN rows=7 swatchColours=5 roster-tick=2 insideName=2 glyph-tick=0 filterCensus=25 pillX=1104.891
chromium TAPE {"tape":true,"covered":0,"tickInTape":0,"rect":[859.22,106.55,64.69,23.32]}
chromium PI5 [["player-row-cells|853.89,566.69,268.22,18.95","player-swatch|853.89,570.56,11.19,11.19","player-name|871.47,566.69,227.03,18.95","player-self|1104.89,567.39,17.22,17.55"],["player-row-cells|853.89,587.23,268.22,18.95","player-swatch|853.89,591.11,11.19,11.19","player-name|871.47,587.23,250.64,18.95"],["player-row-cells|853.89,607.78,268.22,18.95","player-swatch|853.89,611.66,11.19,11.19","player-name|871.47,607.78,250.64,18.95"],["player-row-cells|853.89,628.33,268.22,18.95","player-swatch|853.89,632.20,11.19,11.19","player-name|871.47,628.33,250.64,18.95"],["player-row-cells|853.89,648.88,268.22,0.56","player-swatch|853.89,643.56,11.19,11.19","player-name|871.47,639.69,250.64,18.95"]]
  ✓  3 [chromium] › e2e/critic-tin.scratch.ts:209:1 › pi: five-player roster row children (1.8s)
CRITIC webkit light AA stick-over-grounds worst 7.151 (15 readings)
CRITIC webkit light RING vs own 4% fill @a=0.55  1:3.438 2:3.293 3:3.331 4:3.917 5:3.765
CRITIC webkit light DIGIT-ink in the same ring  1:2.692 2:2.527 3:2.581 4:2.795 5:3.153
CRITIC webkit dark AA stick-over-grounds worst 7.151 (15 readings)
CRITIC webkit dark RING vs own 4% fill @a=0.55  1:3.438 2:3.293 3:3.331 4:3.917 5:3.765
CRITIC webkit dark DIGIT-ink in the same ring  1:2.692 2:2.527 3:2.581 4:2.795 5:3.153
  ✓  4 [webkit] › e2e/critic-tin.scratch.ts:83:1 › tin: AA + ring painted, both arms, re-derived (1.1s)
CRITIC webkit SEVEN rows=7 swatchColours=5 roster-tick=2 insideName=2 glyph-tick=0 filterCensus=25 pillX=1104.922
CRITIC webkit TAPE {"tape":true,"covered":0,"tickInTape":0,"rect":[859.17,106.22,64.7,23.32]}
  ✓  5 [webkit] › e2e/critic-tin.scratch.ts:141:1 › tin: seven players, two homes, filter census, tape cover (4.3s)
CRITIC webkit PI5 [["player-row-cells|853.84,566.36,268.31,18.95","player-swatch|853.84,570.23,11.19,11.19","player-name|871.42,566.36,227.11,18.95","player-self|1104.92,567.06,17.23,17.55"],["player-row-cells|853.84,586.91,268.31,18.95","player-swatch|853.84,590.78,11.19,11.19","player-name|871.42,586.91,250.73,18.95"],["player-row-cells|853.84,607.45,268.31,18.95","player-swatch|853.84,611.33,11.19,11.19","player-name|871.42,607.45,250.73,18.95"],["player-row-cells|853.84,628.00,268.31,18.95","player-swatch|853.84,631.88,11.19,11.19","player-name|871.42,628.00,250.73,18.95"],["player-row-cells|853.84,648.55,268.31,18.52","player-swatch|853.84,652.20,11.19,11.19","player-name|871.42,648.33,250.73,18.95"]]
=== CRITIC SUMMARY ===
webkit light AA stick-over-grounds worst 7.151 (15 readings)
webkit light RING vs own 4% fill @a=0.55  1:3.438 2:3.293 3:3.331 4:3.917 5:3.765
webkit light DIGIT-ink in the same ring  1:2.692 2:2.527 3:2.581 4:2.795 5:3.153
webkit dark AA stick-over-grounds worst 7.151 (15 readings)
webkit dark RING vs own 4% fill @a=0.55  1:3.438 2:3.293 3:3.331 4:3.917 5:3.765
webkit dark DIGIT-ink in the same ring  1:2.692 2:2.527 3:2.581 4:2.795 5:3.153
webkit SEVEN rows=7 swatchColours=5 roster-tick=2 insideName=2 glyph-tick=0 filterCensus=25 pillX=1104.922
webkit TAPE {"tape":true,"covered":0,"tickInTape":0,"rect":[859.17,106.22,64.7,23.32]}
webkit PI5 [["player-row-cells|853.84,566.36,268.31,18.95","player-swatch|853.84,570.23,11.19,11.19","player-name|871.42,566.36,227.11,18.95","player-self|1104.92,567.06,17.23,17.55"],["player-row-cells|853.84,586.91,268.31,18.95","player-swatch|853.84,590.78,11.19,11.19","player-name|871.42,586.91,250.73,18.95"],["player-row-cells|853.84,607.45,268.31,18.95","player-swatch|853.84,611.33,11.19,11.19","player-name|871.42,607.45,250.73,18.95"],["player-row-cells|853.84,628.00,268.31,18.95","player-swatch|853.84,631.88,11.19,11.19","player-name|871.42,628.00,250.73,18.95"],["player-row-cells|853.84,648.55,268.31,18.52","player-swatch|853.84,652.20,11.19,11.19","player-name|871.42,648.33,250.73,18.95"]]
  ✓  6 [webkit] › e2e/critic-tin.scratch.ts:209:1 › pi: five-player roster row children (3.1s)

  6 passed (14.1s)
