chromium 1x desk c0 entry: board GLIDE 640->304px span=336 biggestStep=26.9px (0.08) distinct=45 | logo GLIDE span=150.2 distinct=38
chromium 1x desk c0 exit: board CUT 304->640px span=336 biggestStep=336px (1) distinct=2 | logo GLIDE span=150.2 distinct=37
chromium 1x desk c1 entry: board GLIDE 640->304px span=336 biggestStep=22.3px (0.066) distinct=46 | logo GLIDE span=150.2 distinct=39
chromium 1x desk c1 exit: board NO TRAVEL 640->640px span=0 biggestStep=0px (null) distinct=1 | logo GLIDE span=145.3 distinct=36
chromium 1x desk c0 entry: board GLIDE 640->304px span=336 biggestStep=41.4px (0.123) distinct=43 | logo GLIDE span=150.2 distinct=36
chromium 1x desk c0 exit: board CUT 304->640px span=336 biggestStep=336px (1) distinct=2 | logo GLIDE span=150.2 distinct=38
chromium 1x desk c1 entry: board GLIDE 640->304px span=336 biggestStep=22.4px (0.067) distinct=45 | logo GLIDE span=150.2 distinct=38
chromium 1x desk c1 exit: board NO TRAVEL 640->640px span=0 biggestStep=0px (null) distinct=1 | logo GLIDE span=145.9 distinct=37
chromium 1x desk c0 entry: board GLIDE 640->304px span=336 biggestStep=41.8px (0.124) distinct=43 | logo GLIDE span=150.2 distinct=35
chromium 1x desk c0 exit: board CUT 304->640px span=336 biggestStep=336px (1) distinct=2 | logo GLIDE span=150.2 distinct=38
chromium 1x desk c1 entry: board GLIDE 640->304px span=336 biggestStep=22.6px (0.067) distinct=46 | logo GLIDE span=150.2 distinct=39
chromium 1x desk c1 exit: board NO TRAVEL 640->640px span=0 biggestStep=0px (null) distinct=1 | logo GLIDE span=145.3 distinct=38
chromium 1x desk c0 entry: board GLIDE 640->304px span=336 biggestStep=27.8px (0.083) distinct=45 | logo GLIDE span=150.2 distinct=37
chromium 1x desk c0 exit: board GLIDE 341.8->640px span=298.2 biggestStep=40.1px (0.134) distinct=43 | logo GLIDE span=145.9 distinct=36
chromium 1x desk c1 entry: board GLIDE 640->304px span=336 biggestStep=28.9px (0.086) distinct=46 | logo GLIDE span=150.2 distinct=38
chromium 1x desk c1 exit: board GLIDE 346.2->640px span=293.8 biggestStep=22.4px (0.076) distinct=44 | logo GLIDE span=143.7 distinct=37
chromium 1x desk c0 entry: board GLIDE 640->304px span=336 biggestStep=41.6px (0.124) distinct=45 | logo GLIDE span=150.2 distinct=37
chromium 1x desk c0 exit: board GLIDE 341.8->640px span=298.2 biggestStep=25.1px (0.084) distinct=45 | logo GLIDE span=145.9 distinct=37
chromium 1x desk c1 entry: board GLIDE 640->304px span=336 biggestStep=41.5px (0.124) distinct=44 | logo GLIDE span=150.2 distinct=37
chromium 1x desk c1 exit: board GLIDE 304->640px span=336 biggestStep=41.7px (0.124) distinct=44 | logo GLIDE span=150.2 distinct=37
chromium 1x desk c0 entry: board GLIDE 640->304px span=336 biggestStep=41.3px (0.123) distinct=45 | logo GLIDE span=150.2 distinct=37
chromium 1x desk c0 exit: board GLIDE 344.1->640px span=295.9 biggestStep=20.6px (0.07) distinct=45 | logo GLIDE span=144.7 distinct=37
chromium 1x desk c1 entry: board GLIDE 640->304px span=336 biggestStep=41.5px (0.124) distinct=44 | logo GLIDE span=150.2 distinct=36
chromium 1x desk c1 exit: board GLIDE 343.4->640px span=296.6 biggestStep=38.3px (0.129) distinct=43 | logo GLIDE span=145.1 distinct=36
