EXIT[npx vue-tsc -b --noEmit] 0
 Test Files  3 passed (3)
      Tests  16 passed (16)
EXIT[npx vitest run src/composables] 0
 Test Files  1 passed (1)
      Tests  7 passed (7)
EXIT[npx vitest run src/games/cards.test.ts] 0
 Test Files  1 passed (1)
      Tests  12 passed (12)
EXIT[npx vitest run src/games/posters.test.ts] 0
 Test Files  5 passed (5)
      Tests  78 passed (78)
EXIT[npx vitest run src/games/futoshiki] 0
 Test Files  4 passed (4)
      Tests  35 passed (35)
EXIT[npx vitest run src/games/kenken] 0
 Test Files  4 passed (4)
      Tests  32 passed (32)
EXIT[npx vitest run src/games/killer] 0
 Test Files  4 passed (4)
      Tests  52 passed (52)
EXIT[npx vitest run src/games/sudoku] 0
 Test Files  4 passed (4)
      Tests  96 passed (96)
EXIT[npx vitest run src/games/thermo] 0
 Test Files  34 passed (34)
      Tests  429 passed (429)
EXIT[npx vitest run src/games/shared] 0
 Test Files  8 passed (8)
      Tests  73 passed (73)
EXIT[npx vitest run src/pencil] 0
EXIT[npm run -s lint:theme-tokens] 1
EXIT[npm run -s lint:theme-selectors] 0
EXIT[npm run -s lint:ink] 0
EXIT[npm run -s lint:motion] 0
EXIT[npm run -s lint:copy] 0
EXIT[npm run -s lint:knip] 0
EXIT[npm run -s lint:eslint] 1
EXIT[npm run -s lint] 1
after scratch removal: lint:eslint EXIT 0 · lint (prettier) EXIT 0 · lint:theme-tokens EXIT 0 · lint:theme-selectors EXIT 0 · check-copy-register (bare) EXIT 0
