[chromium] › .p4-mrkabs/p4-census.spec.ts:162:1 › census · home + gallery + armed guard
[chromium two light home] button.tuner-toggle host=self 2px solid rgb(69, 137, 210) fv=true worst=3.496 side=top owner=main.main-content.flex bg=rgba(0, 0, 0, 0)
[chromium two light home] button.attribution-trigger host=self 2px solid rgb(69, 137, 210) fv=true worst=3.496 side=top owner=(document)
[chromium two light home] button.sun-moon-toggle host=self 2px solid rgb(69, 137, 210) fv=true worst=3.496 side=top owner=(document)
[chromium two light home] button.logo-trigger host=self 2px solid rgb(69, 137, 210) fv=true worst=3.496 side=top owner=(document)
[chromium two light home] input.cell-native-input host=self 3px none rgb(10, 10, 10) fv=true worst=- side=- owner=-
[chromium two light home] button.drawer-tab host=self 2px dashed rgb(10, 10, 10) fv=true worst=1.043 side=top owner=(document)
[chromium two light home] button.drawer-tab[PROPOSED token] 2px solid rgb(69, 137, 210) worst=2.019 side=right owner=(document)
[chromium two light home] button.ctrl-btn host=self 2px solid rgb(69, 137, 210) fv=true worst=3.581 side=top owner=(document)
[chromium two light home] button.icon-btn host=self 2px solid rgb(69, 137, 210) fv=true worst=3.048 side=left owner=(document)
[chromium two light home] button.info-btn host=self 2px solid rgb(69, 137, 210) fv=true worst=3.124 side=right owner=(document)
[chromium two light deck] button.tuner-toggle host=self 2px solid rgb(69, 137, 210) fv=true worst=3.496 side=top owner=div.game-gallery bg=rgba(0, 0, 0, 0)
[chromium two light deck] button.attribution-trigger host=self 2px solid rgb(69, 137, 210) fv=true worst=3.496 side=top owner=(document)
[chromium two light deck] button.sun-moon-toggle host=self 2px solid rgb(69, 137, 210) fv=true worst=3.496 side=top owner=(document)
[chromium two light deck] div.gallery-viewport host=.game-card.is-center 2px solid rgb(69, 137, 210) fv=true worst=3.496 side=top owner=(document)
[chromium two light deck] input.cell-native-input host=self 3px none rgb(10, 10, 10) fv=true worst=- side=- owner=-
[chromium two light deck] button.ctrl-btn host=self 2px solid rgb(69, 137, 210) fv=true worst=3.581 side=top owner=(document)
[chromium two light deck] button.staging-btn host=.staging-face 2px solid rgb(69, 137, 210) fv=true worst=3.581 side=top owner=(document)
[chromium two light guard] button.guard-btn host=.guard-face 2px solid rgb(69, 137, 210) fv=true worst=3.528 side=top owner=div.gallery-viewport bg=rgba(0, 0, 0, 0)
[chromium two dark home] button.tuner-toggle host=self 2px solid rgb(47, 104, 170) fv=true worst=3.351 side=top owner=main.main-content.flex bg=rgba(0, 0, 0, 0)
[chromium two dark home] button.attribution-trigger host=self 2px solid rgb(47, 104, 170) fv=true worst=3.351 side=top owner=(document)
[chromium two dark home] button.sun-moon-toggle host=self 2px solid rgb(47, 104, 170) fv=true worst=3.351 side=top owner=(document)
[chromium two dark home] button.logo-trigger host=self 2px solid rgb(47, 104, 170) fv=true worst=3.351 side=top owner=(document)
[chromium two dark home] input.cell-native-input host=self 3px none rgb(237, 236, 233) fv=true worst=- side=- owner=-
[chromium two dark home] button.drawer-tab host=self 2px dashed rgb(237, 236, 233) fv=true worst=1.655 side=right owner=(document)
[chromium two dark home] button.drawer-tab[PROPOSED token] 2px solid rgb(47, 104, 170) worst=2.447 side=right owner=(document)
[chromium two dark home] button.ctrl-btn host=self 2px solid rgb(47, 104, 170) fv=true worst=3.28 side=top owner=(document)
[chromium two dark home] button.icon-btn host=self 2px solid rgb(47, 104, 170) fv=true worst=2.854 side=left owner=(document)
[chromium two dark home] button.info-btn host=self 2px solid rgb(47, 104, 170) fv=true worst=3.159 side=right owner=(document)
[chromium two dark deck] button.tuner-toggle host=self 2px solid rgb(47, 104, 170) fv=true worst=3.351 side=top owner=div.game-gallery bg=rgba(0, 0, 0, 0)
[chromium two dark deck] button.attribution-trigger host=self 2px solid rgb(47, 104, 170) fv=true worst=3.351 side=top owner=(document)
[chromium two dark deck] button.sun-moon-toggle host=self 2px solid rgb(47, 104, 170) fv=true worst=3.351 side=top owner=(document)
[chromium two dark deck] div.gallery-viewport host=.game-card.is-center 2px solid rgb(47, 104, 170) fv=true worst=3.351 side=top owner=(document)
[chromium two dark deck] input.cell-native-input host=self 3px none rgb(237, 236, 233) fv=true worst=- side=- owner=-
[chromium two dark deck] button.ctrl-btn host=self 2px solid rgb(47, 104, 170) fv=true worst=3.28 side=top owner=(document)
[chromium two dark deck] button.staging-btn host=.staging-face 2px solid rgb(47, 104, 170) fv=true worst=3.28 side=top owner=(document)
[chromium two dark guard] button.guard-btn host=.guard-face 2px solid rgb(47, 104, 170) fv=true worst=3.326 side=top owner=div.gallery-viewport bg=rgba(0, 0, 0, 0)
[webkit] › .p4-mrkabs/p4-census.spec.ts:162:1 › census · home + gallery + armed guard
[webkit two light home] button.tuner-toggle host=self 2px solid rgb(69, 137, 210) fv=true worst=3.496 side=top owner=main.main-content.flex bg=rgba(0, 0, 0, 0)
[webkit two light home] button.attribution-trigger host=self 2px solid rgb(69, 137, 210) fv=true worst=3.496 side=top owner=(document)
[webkit two light home] button.sun-moon-toggle host=self 2px solid rgb(69, 137, 210) fv=true worst=3.496 side=top owner=(document)
[webkit two light home] button.logo-trigger host=self 2px solid rgb(69, 137, 210) fv=true worst=3.496 side=top owner=(document)
[webkit two light home] input.cell-native-input host=self 3px none rgb(10, 10, 10) fv=true worst=- side=- owner=-
[webkit two light home] button.drawer-tab host=self 2px dashed rgb(10, 10, 10) fv=true worst=3.606 side=bottom owner=(document)
[webkit two light home] button.drawer-tab[PROPOSED token] 2px solid rgb(69, 137, 210) worst=2.692 side=right owner=(document)
[webkit two light home] button.ctrl-btn host=self 2px solid rgb(69, 137, 210) fv=true worst=3.581 side=top owner=(document)
[webkit two light home] button.icon-btn host=self 2px solid rgb(69, 137, 210) fv=true worst=3.011 side=left owner=(document)
[webkit two light home] button.info-btn host=self 2px solid rgb(69, 137, 210) fv=true worst=3.581 side=top owner=(document)
[webkit two light deck] button.tuner-toggle host=self 2px solid rgb(69, 137, 210) fv=true worst=3.496 side=top owner=div.game-gallery bg=rgba(0, 0, 0, 0)
[webkit two light deck] button.attribution-trigger host=self 2px solid rgb(69, 137, 210) fv=true worst=3.496 side=top owner=(document)
[webkit two light deck] button.sun-moon-toggle host=self 2px solid rgb(69, 137, 210) fv=true worst=3.496 side=top owner=(document)
[webkit two light deck] div.gallery-viewport host=.game-card.is-center 2px solid rgb(69, 137, 210) fv=true worst=3.436 side=top owner=(document)
[webkit two light deck] input.cell-native-input host=self 3px none rgb(10, 10, 10) fv=true worst=- side=- owner=-
[webkit two light deck] button.ctrl-btn host=self 2px solid rgb(69, 137, 210) fv=true worst=3.581 side=top owner=(document)
[webkit two light deck] button.staging-btn host=.staging-face 2px solid rgb(69, 137, 210) fv=true worst=3.581 side=top owner=(document)
[webkit two light guard] button.guard-btn host=.guard-face 2px solid rgb(69, 137, 210) fv=true worst=3.459 side=bottom owner=(document)
[webkit two dark home] button.tuner-toggle host=self 2px solid rgb(47, 104, 170) fv=true worst=3.351 side=top owner=main.main-content.flex bg=rgba(0, 0, 0, 0)
[webkit two dark home] button.attribution-trigger host=self 2px solid rgb(47, 104, 170) fv=true worst=3.351 side=top owner=(document)
[webkit two dark home] button.sun-moon-toggle host=self 2px solid rgb(47, 104, 170) fv=true worst=3.351 side=top owner=(document)
[webkit two dark home] button.logo-trigger host=self 2px solid rgb(47, 104, 170) fv=true worst=3.351 side=top owner=(document)
[webkit two dark home] input.cell-native-input host=self 3px none rgb(237, 236, 233) fv=true worst=- side=- owner=-
[webkit two dark home] button.drawer-tab host=self 2px dashed rgb(237, 236, 233) fv=true worst=1.09 side=right owner=(document)
[webkit two dark home] button.drawer-tab[PROPOSED token] 2px solid rgb(47, 104, 170) worst=2.988 side=bottom owner=(document)
[webkit two dark home] button.ctrl-btn host=self 2px solid rgb(47, 104, 170) fv=true worst=3.28 side=top owner=(document)
[webkit two dark home] button.icon-btn host=self 2px solid rgb(47, 104, 170) fv=true worst=2.813 side=left owner=(document)
[webkit two dark home] button.info-btn host=self 2px solid rgb(47, 104, 170) fv=true worst=3.28 side=top owner=(document)
[webkit two dark deck] button.tuner-toggle host=self 2px solid rgb(47, 104, 170) fv=true worst=3.351 side=top owner=div.game-gallery bg=rgba(0, 0, 0, 0)
[webkit two dark deck] button.attribution-trigger host=self 2px solid rgb(47, 104, 170) fv=true worst=3.351 side=top owner=(document)
[webkit two dark deck] button.sun-moon-toggle host=self 2px solid rgb(47, 104, 170) fv=true worst=3.351 side=top owner=(document)
[webkit two dark deck] div.gallery-viewport host=.game-card.is-center 2px solid rgb(47, 104, 170) fv=true worst=3.351 side=top owner=(document)
[webkit two dark deck] input.cell-native-input host=self 3px none rgb(237, 236, 233) fv=true worst=- side=- owner=-
[webkit two dark deck] button.ctrl-btn host=self 2px solid rgb(47, 104, 170) fv=true worst=3.28 side=top owner=(document)
[webkit two dark deck] button.staging-btn host=.staging-face 2px solid rgb(47, 104, 170) fv=true worst=3.28 side=top owner=(document)
[webkit two dark guard] button.guard-btn host=.guard-face 2px solid rgb(47, 104, 170) fv=true worst=3.326 side=top owner=div.gallery-viewport bg=rgba(0, 0, 0, 0)
