[chromium] › .p4-mrkabs/p4-census.spec.ts:162:1 › census · home + gallery + armed guard
[chromium one light home] button.tuner-toggle host=self 2px solid rgba(5, 0, 73, 0.8) fv=true worst=11.31 side=top owner=main.main-content.flex bg=rgba(255, 255, 255, 0)
[chromium one light home] button.attribution-trigger host=self 2px solid rgba(5, 0, 73, 0.8) fv=true worst=11.31 side=top owner=(document)
[chromium one light home] button.sun-moon-toggle host=self 2px solid rgba(5, 0, 73, 0.8) fv=true worst=11.31 side=top owner=(document)
[chromium one light home] button.logo-trigger host=self 2px solid rgba(5, 0, 73, 0.8) fv=true worst=11.31 side=top owner=(document)
[chromium one light home] input.cell-native-input host=self 3px none rgba(5, 0, 73, 0.8) fv=true worst=- side=- owner=-
[chromium one light home] button.drawer-tab host=self 2px dashed rgba(5, 0, 73, 0.8) fv=true worst=1.69 side=bottom owner=(document)
[chromium one light home] button.drawer-tab[PROPOSED token] 2px solid rgba(5, 0, 73, 0.8) worst=1.06 side=bottom owner=(document)
[chromium one light home] button.ctrl-btn host=self 2px solid rgba(5, 0, 73, 0.8) fv=true worst=11.31 side=top owner=(document)
[chromium one light home] button.icon-btn host=self 2px solid rgba(5, 0, 73, 0.8) fv=true worst=11.31 side=top owner=(document)
[chromium one light home] button.info-btn host=self 2px solid rgba(5, 0, 73, 0.8) fv=true worst=6.484 side=right owner=(document)
[chromium one light deck] button.tuner-toggle host=self 2px solid rgba(5, 0, 73, 0.8) fv=true worst=11.31 side=top owner=div.game-gallery bg=rgba(255, 255, 255, 0)
[chromium one light deck] button.attribution-trigger host=self 2px solid rgba(5, 0, 73, 0.8) fv=true worst=11.31 side=top owner=(document)
[chromium one light deck] button.sun-moon-toggle host=self 2px solid rgba(5, 0, 73, 0.8) fv=true worst=11.31 side=top owner=(document)
[chromium one light deck] div.gallery-viewport host=.game-card.is-center 2px solid rgb(0, 0, 0) fv=true worst=1.08 side=top owner=(document)
[chromium one light deck] input.cell-native-input host=self 3px none rgba(5, 0, 73, 0.8) fv=true worst=- side=- owner=-
[chromium one light deck] button.ctrl-btn host=self 2px solid rgba(5, 0, 73, 0.8) fv=true worst=11.31 side=top owner=(document)
[chromium one light deck] button.staging-btn host=.staging-face 2px solid rgb(0, 0, 0) fv=true worst=11.79 side=bottom owner=(document)
[chromium one light guard] button.guard-btn host=.guard-face 2px solid rgb(0, 0, 0) fv=true worst=5.768 side=bottom owner=(document)
[chromium one dark home] button.tuner-toggle host=self 2px solid rgba(5, 0, 73, 0.8) fv=true worst=11.31 side=top owner=main.main-content.flex bg=rgba(255, 255, 255, 0)
[chromium one dark home] button.attribution-trigger host=self 2px solid rgba(5, 0, 73, 0.8) fv=true worst=11.31 side=top owner=(document)
[chromium one dark home] button.sun-moon-toggle host=self 2px solid rgba(5, 0, 73, 0.8) fv=true worst=11.31 side=top owner=(document)
[chromium one dark home] button.logo-trigger host=self 2px solid rgba(5, 0, 73, 0.8) fv=true worst=11.31 side=top owner=(document)
[chromium one dark home] input.cell-native-input host=self 3px none rgba(5, 0, 73, 0.8) fv=true worst=- side=- owner=-
[chromium one dark home] button.drawer-tab host=self 2px dashed rgba(5, 0, 73, 0.8) fv=true worst=1.874 side=right owner=(document)
[chromium one dark home] button.drawer-tab[PROPOSED token] 2px solid rgba(5, 0, 73, 0.8) worst=1.06 side=top owner=(document)
[chromium one dark home] button.ctrl-btn host=self 2px solid rgba(5, 0, 73, 0.8) fv=true worst=11.31 side=top owner=(document)
[chromium one dark home] button.icon-btn host=self 2px solid rgba(5, 0, 73, 0.8) fv=true worst=11.31 side=top owner=(document)
[chromium one dark home] button.info-btn host=self 2px solid rgba(5, 0, 73, 0.8) fv=true worst=6.484 side=right owner=(document)
[chromium one dark deck] button.tuner-toggle host=self 2px solid rgba(5, 0, 73, 0.8) fv=true worst=11.31 side=top owner=div.game-gallery bg=rgba(255, 255, 255, 0)
[chromium one dark deck] button.attribution-trigger host=self 2px solid rgba(5, 0, 73, 0.8) fv=true worst=11.31 side=top owner=(document)
[chromium one dark deck] button.sun-moon-toggle host=self 2px solid rgba(5, 0, 73, 0.8) fv=true worst=11.31 side=top owner=(document)
[chromium one dark deck] div.gallery-viewport host=.game-card.is-center 2px solid rgb(0, 0, 0) fv=true worst=1.08 side=top owner=(document)
[chromium one dark deck] input.cell-native-input host=self 3px none rgba(5, 0, 73, 0.8) fv=true worst=- side=- owner=-
[chromium one dark deck] button.ctrl-btn host=self 2px solid rgba(5, 0, 73, 0.8) fv=true worst=11.31 side=top owner=(document)
[chromium one dark deck] button.staging-btn host=.staging-face 2px solid rgb(0, 0, 0) fv=true worst=11.79 side=bottom owner=(document)
[chromium one dark guard] button.guard-btn host=.guard-face 2px solid rgb(0, 0, 0) fv=true worst=5.768 side=bottom owner=(document)
[webkit] › .p4-mrkabs/p4-census.spec.ts:162:1 › census · home + gallery + armed guard
[webkit one light home] button.tuner-toggle host=self 2px solid rgba(128, 188, 254, 0.6) fv=true worst=1.46 side=top owner=main.main-content.flex bg=rgba(0, 0, 0, 0)
[webkit one light home] button.attribution-trigger host=self 2px solid rgba(128, 188, 254, 0.6) fv=true worst=1.46 side=top owner=(document)
[webkit one light home] button.sun-moon-toggle host=self 2px solid rgb(58, 123, 196) fv=true worst=4.188 side=top owner=(document)
[webkit one light home] button.logo-trigger host=self 2px solid rgba(128, 188, 254, 0.6) fv=true worst=1.46 side=top owner=(document)
[webkit one light home] input.cell-native-input host=self 3px none rgb(10, 10, 10) fv=true worst=- side=- owner=-
[webkit one light home] button.drawer-tab host=self 2px dashed rgb(10, 10, 10) fv=true worst=1.063 side=top owner=(document)
[webkit one light home] button.drawer-tab[PROPOSED token] 2px solid rgb(58, 123, 196) worst=3.913 side=bottom owner=(document)
[webkit one light home] button.ctrl-btn host=self 2px solid rgba(128, 188, 254, 0.6) fv=true worst=1.481 side=top owner=(document)
[webkit one light home] button.icon-btn host=self 2px solid rgba(128, 188, 254, 0.6) fv=true worst=1.207 side=left owner=(document)
[webkit one light home] button.info-btn host=self 2px solid rgba(128, 188, 254, 0.6) fv=true worst=1.481 side=top owner=(document)
[webkit one light deck] button.tuner-toggle host=self 2px solid rgba(128, 188, 254, 0.6) fv=true worst=1.46 side=top owner=div.game-gallery bg=rgba(0, 0, 0, 0)
[webkit one light deck] button.attribution-trigger host=self 2px solid rgba(128, 188, 254, 0.6) fv=true worst=1.46 side=top owner=(document)
[webkit one light deck] button.sun-moon-toggle host=self 2px solid rgb(58, 123, 196) fv=true worst=4.188 side=top owner=(document)
[webkit one light deck] div.gallery-viewport host=.game-card.is-center 2px solid rgb(58, 123, 196) fv=true worst=4.188 side=top owner=(document)
[webkit one light deck] input.cell-native-input host=self 3px none rgb(10, 10, 10) fv=true worst=- side=- owner=-
[webkit one light deck] button.ctrl-btn host=self 2px solid rgba(128, 188, 254, 0.6) fv=true worst=1.481 side=top owner=(document)
[webkit one light deck] button.staging-btn host=.staging-face 2px solid rgb(58, 123, 196) fv=true worst=4.289 side=top owner=(document)
[webkit one light guard] button.guard-btn host=.guard-face 2px solid rgb(58, 123, 196) fv=true worst=4.153 side=bottom owner=(document)
[webkit one dark home] button.tuner-toggle host=self 2px solid rgba(128, 188, 254, 0.6) fv=true worst=4.105 side=top owner=main.main-content.flex bg=rgba(0, 0, 0, 0)
[webkit one dark home] button.attribution-trigger host=self 2px solid rgba(128, 188, 254, 0.6) fv=true worst=4.105 side=top owner=(document)
[webkit one dark home] button.sun-moon-toggle host=self 2px solid rgb(58, 123, 196) fv=true worst=4.379 side=top owner=(document)
[webkit one dark home] button.logo-trigger host=self 2px solid rgba(128, 188, 254, 0.6) fv=true worst=4.105 side=top owner=(document)
[webkit one dark home] input.cell-native-input host=self 3px none rgb(237, 236, 233) fv=true worst=- side=- owner=-
[webkit one dark home] button.drawer-tab host=self 2px dashed rgb(237, 236, 233) fv=true worst=1.475 side=bottom owner=(document)
[webkit one dark home] button.drawer-tab[PROPOSED token] 2px solid rgb(58, 123, 196) worst=1.008 side=top owner=(document)
[webkit one dark home] button.ctrl-btn host=self 2px solid rgba(128, 188, 254, 0.6) fv=true worst=4.075 side=top owner=(document)
[webkit one dark home] button.icon-btn host=self 2px solid rgba(128, 188, 254, 0.6) fv=true worst=3.431 side=left owner=(document)
[webkit one dark home] button.info-btn host=self 2px solid rgba(128, 188, 254, 0.6) fv=true worst=4.075 side=top owner=(document)
[webkit one dark deck] button.tuner-toggle host=self 2px solid rgba(128, 188, 254, 0.6) fv=true worst=4.105 side=top owner=div.game-gallery bg=rgba(0, 0, 0, 0)
[webkit one dark deck] button.attribution-trigger host=self 2px solid rgba(128, 188, 254, 0.6) fv=true worst=4.105 side=top owner=(document)
[webkit one dark deck] button.sun-moon-toggle host=self 2px solid rgb(58, 123, 196) fv=true worst=4.379 side=top owner=(document)
[webkit one dark deck] div.gallery-viewport host=.game-card.is-center 2px solid rgb(58, 123, 196) fv=true worst=3.788 side=right owner=(document)
[webkit one dark deck] input.cell-native-input host=self 3px none rgb(237, 236, 233) fv=true worst=- side=- owner=-
[webkit one dark deck] button.ctrl-btn host=self 2px solid rgba(128, 188, 254, 0.6) fv=true worst=4.075 side=top owner=(document)
[webkit one dark deck] button.staging-btn host=.staging-face 2px solid rgb(58, 123, 196) fv=true worst=4.286 side=top owner=(document)
[webkit one dark guard] button.guard-btn host=.guard-face 2px solid rgb(58, 123, 196) fv=true worst=4.283 side=bottom owner=(document)
