[route chromium sudoku light] stops 9 · solid rgb(58, 123, 196) | dashed rgb(10, 10, 10) · auto 0
[route chromium sudoku dark] stops 9 · solid rgb(58, 123, 196) | dashed rgb(237, 236, 233) · auto 0
[route chromium futoshiki light] stops 9 · solid rgb(58, 123, 196) | dashed rgb(10, 10, 10) · auto 0
[route chromium futoshiki dark] stops 9 · solid rgb(58, 123, 196) | dashed rgb(237, 236, 233) · auto 0
[route chromium thermo light] stops 9 · solid rgb(58, 123, 196) | dashed rgb(10, 10, 10) · auto 0
[route chromium thermo dark] stops 9 · solid rgb(58, 123, 196) | dashed rgb(237, 236, 233) · auto 0
[route chromium killer light] stops 9 · solid rgb(58, 123, 196) | dashed rgb(10, 10, 10) · auto 0
[route chromium killer dark] stops 9 · solid rgb(58, 123, 196) | dashed rgb(237, 236, 233) · auto 0
[route chromium kenken light] stops 9 · solid rgb(58, 123, 196) | dashed rgb(10, 10, 10) · auto 0
[route chromium kenken dark] stops 9 · solid rgb(58, 123, 196) | dashed rgb(237, 236, 233) · auto 0
[route webkit sudoku light] stops 9 · solid rgb(58, 123, 196) | dashed rgb(10, 10, 10) · auto 0
[route webkit sudoku dark] stops 9 · solid rgb(58, 123, 196) | dashed rgb(237, 236, 233) · auto 0
[route webkit futoshiki light] stops 9 · solid rgb(58, 123, 196) | dashed rgb(10, 10, 10) · auto 0
[route webkit futoshiki dark] stops 9 · solid rgb(58, 123, 196) | dashed rgb(237, 236, 233) · auto 0
[route webkit thermo light] stops 9 · solid rgb(58, 123, 196) | dashed rgb(10, 10, 10) · auto 0
[route webkit thermo dark] stops 9 · solid rgb(58, 123, 196) | dashed rgb(237, 236, 233) · auto 0
[route webkit killer light] stops 9 · solid rgb(58, 123, 196) | dashed rgb(10, 10, 10) · auto 0
[route webkit killer dark] stops 9 · solid rgb(58, 123, 196) | dashed rgb(237, 236, 233) · auto 0
[route webkit kenken light] stops 9 · solid rgb(58, 123, 196) | dashed rgb(10, 10, 10) · auto 0
[route webkit kenken dark] stops 9 · solid rgb(58, 123, 196) | dashed rgb(237, 236, 233) · auto 0
