
Running 18 tests using 1 worker

  ✓   1 [chromium] › ../../../w7-control/web/frontend/e2e/multiplayer.spec.ts:140:1 › solo boot opens no room, and pays no bytes for one (368ms)
  ✓   2 [chromium] › ../../../w7-control/web/frontend/e2e/multiplayer.spec.ts:162:1 › the invite carries the board, and both pages sit at one table (771ms)
  ✓   3 [chromium] › ../../../w7-control/web/frontend/e2e/multiplayer.spec.ts:200:1 › a digit crosses both ways, and it arrives in its author's ink (821ms)
  ✓   4 [chromium] › ../../../w7-control/web/frontend/e2e/multiplayer.spec.ts:241:1 › last writer wins the cell, on both pages (820ms)
  ✓   5 [chromium] › ../../../w7-control/web/frontend/e2e/multiplayer.spec.ts:265:1 › undo skips a cell a peer has taken — your move is spent, their digit stands (1.1s)
  ✓   6 [chromium] › ../../../w7-control/web/frontend/e2e/multiplayer.spec.ts:291:1 › an undo is a move the room sees: the digit leaves both boards, and redo restores it (857ms)
  ✓   7 [chromium] › ../../../w7-control/web/frontend/e2e/multiplayer.spec.ts:320:1 › a deal is an epoch: both boards follow, and neither undo stack crosses it (1.2s)
  ✓   8 [chromium] › ../../../w7-control/web/frontend/e2e/multiplayer.spec.ts:347:1 › the table says connecting until the room answers, then shows who is at it (737ms)
  ✓   9 [chromium] › ../../../w7-control/web/frontend/e2e/multiplayer.spec.ts:385:1 › leaving drops the room, the roster, and the parameter (470ms)
  ✓  10 [chromium] › ../../../w7-control/web/frontend/e2e/multiplayer.spec.ts:502:1 › the wordmark holds through the join, under an op flood arriving mid-boot (877ms)
  ✓  11 [chromium] › ../../../w7-control/web/frontend/e2e/multiplayer.spec.ts:555:1 › four pages, one board: every roster, every ink, every digit, one contended cell (1.6s)
  ✓  12 [chromium] › ../../../w7-control/web/frontend/e2e/multiplayer.spec.ts:610:1 › a player leaves mid-flood: the rosters prune and the survivors keep writing (1.2s)
  ✓  13 [chromium] › ../../../w7-control/web/frontend/e2e/multiplayer.spec.ts:649:1 › a joiner arriving mid-game adopts the whole board, then syncs both ways (960ms)
  ✓  14 [chromium] › ../../../w7-control/web/frontend/e2e/multiplayer.spec.ts:683:1 › three hundred ops as fast as the wire takes them, and the boards are one board (1.6s)
  ✓  15 [chromium] › ../../../w7-control/web/frontend/e2e/multiplayer.spec.ts:728:1 › a page that reloads mid-session comes back to the same table and the same board (1.2s)
  ✓  16 [chromium] › ../../../w7-control/web/frontend/e2e/multiplayer.spec.ts:854:1 › two phones sit at one table, and the well is reachable with the sheet shut (3.2s)
  ✓  17 [chromium] › ../../../w7-control/web/frontend/e2e/multiplayer.spec.ts:882:1 › a digit tapped on a phone crosses, and the sheet does not move under the traffic (4.1s)
  -  18 [chromium] › ../../../w7-control/web/frontend/e2e/multiplayer.spec.ts:950:1 › the real relay carries the board with RTCPeerConnection deleted

  1 skipped
  17 passed (22.3s)
EXIT[control-multiplayer-chromium]=0

Running 18 tests using 1 worker

  ✓   1 [webkit] › ../../../w7-control/web/frontend/e2e/multiplayer.spec.ts:140:1 › solo boot opens no room, and pays no bytes for one (832ms)
  ✓   2 [webkit] › ../../../w7-control/web/frontend/e2e/multiplayer.spec.ts:162:1 › the invite carries the board, and both pages sit at one table (1.4s)
  ✓   3 [webkit] › ../../../w7-control/web/frontend/e2e/multiplayer.spec.ts:200:1 › a digit crosses both ways, and it arrives in its author's ink (1.5s)
  ✓   4 [webkit] › ../../../w7-control/web/frontend/e2e/multiplayer.spec.ts:241:1 › last writer wins the cell, on both pages (1.4s)
  ✓   5 [webkit] › ../../../w7-control/web/frontend/e2e/multiplayer.spec.ts:265:1 › undo skips a cell a peer has taken — your move is spent, their digit stands (1.7s)
  ✓   6 [webkit] › ../../../w7-control/web/frontend/e2e/multiplayer.spec.ts:291:1 › an undo is a move the room sees: the digit leaves both boards, and redo restores it (1.4s)
  ✓   7 [webkit] › ../../../w7-control/web/frontend/e2e/multiplayer.spec.ts:320:1 › a deal is an epoch: both boards follow, and neither undo stack crosses it (1.8s)
  ✓   8 [webkit] › ../../../w7-control/web/frontend/e2e/multiplayer.spec.ts:347:1 › the table says connecting until the room answers, then shows who is at it (1.3s)
  ✓   9 [webkit] › ../../../w7-control/web/frontend/e2e/multiplayer.spec.ts:385:1 › leaving drops the room, the roster, and the parameter (794ms)
  ✓  10 [webkit] › ../../../w7-control/web/frontend/e2e/multiplayer.spec.ts:502:1 › the wordmark holds through the join, under an op flood arriving mid-boot (1.5s)
  ✓  11 [webkit] › ../../../w7-control/web/frontend/e2e/multiplayer.spec.ts:555:1 › four pages, one board: every roster, every ink, every digit, one contended cell (2.7s)
  ✓  12 [webkit] › ../../../w7-control/web/frontend/e2e/multiplayer.spec.ts:610:1 › a player leaves mid-flood: the rosters prune and the survivors keep writing (2.8s)
  ✓  13 [webkit] › ../../../w7-control/web/frontend/e2e/multiplayer.spec.ts:649:1 › a joiner arriving mid-game adopts the whole board, then syncs both ways (1.6s)
  ✓  14 [webkit] › ../../../w7-control/web/frontend/e2e/multiplayer.spec.ts:683:1 › three hundred ops as fast as the wire takes them, and the boards are one board (2.1s)
  ✓  15 [webkit] › ../../../w7-control/web/frontend/e2e/multiplayer.spec.ts:728:1 › a page that reloads mid-session comes back to the same table and the same board (1.9s)
  ✓  16 [webkit] › ../../../w7-control/web/frontend/e2e/multiplayer.spec.ts:854:1 › two phones sit at one table, and the well is reachable with the sheet shut (3.7s)
  ✓  17 [webkit] › ../../../w7-control/web/frontend/e2e/multiplayer.spec.ts:882:1 › a digit tapped on a phone crosses, and the sheet does not move under the traffic (4.7s)
  -  18 [webkit] › ../../../w7-control/web/frontend/e2e/multiplayer.spec.ts:950:1 › the real relay carries the board with RTCPeerConnection deleted

  1 skipped
  17 passed (33.7s)
EXIT[control-multiplayer-webkit]=0
### DONE
