
Running 30 tests using 2 workers

  ✓   1 [chromium] › e2e/player-mark.spec.ts:112:1 › the mark rests graphite alone and takes the room ink the moment somebody else is here (1.9s)
  ✓   2 [chromium] › e2e/player-tally.spec.ts:221:1 › the name counts what the strokes count, and the number takes over at six (2.4s)
  ✓   3 [chromium] › e2e/player-mark.spec.ts:179:1 › a mouse press opens the sheet, keeps the cell focused, and tells the room nothing (1.8s)
WIDTH TABLE {"1":44,"2":44,"3":51.66,"4":62.28,"5":72.92,"6":44}
  ✓   4 [chromium] › e2e/player-tally.spec.ts:249:1 › the width table, and the floor at the smallest count (1.8s)
  ✓   5 [chromium] › e2e/player-mark.spec.ts:224:1 › after a mouse open, Escape keeps the caret in the cell, and a focus move from the cell shuts the sheet (1.5s)
  ✓   7 [chromium] › e2e/player-mark.spec.ts:258:1 › Space and Enter each toggle once, Escape shuts it, and focus never leaves the mark (583ms)
  ✓   6 [chromium] › e2e/player-tally.spec.ts:279:1 › a departure re-draws no survivor, and a depart-and-arrive draws exactly the newcomer (1.6s)
INNER LEAVER first frame ["0","0","0","0","99.74307749314683"]
  ✓   8 [chromium] › e2e/player-mark.spec.ts:291:1 › the sheet never scrolls, and it compresses rather than outgrow its budget (1.1s)
  ✓   9 [chromium] › e2e/player-tally.spec.ts:344:1 › at six, an inner leaver promotes the sixth and only that stroke draws (1.1s)
  ✓  10 [chromium] › e2e/player-mark.spec.ts:332:1 › the head rule is a registered length whose publisher can be struck visibly (429ms)
  ✓  12 [chromium] › e2e/player-mark.spec.ts:420:1 › Escape reaches only the open sheet, and reaches the peek when the sheet is shut (679ms)
RACE {"frames":95,"rises":0,"afterBye":{"t":93.89999999850988,"off":40.10143193166697,"bye":true},"tail":[100,93.38026229848825,86.90309970729172,82.45397496797308,76.85752959892835,71.45169839897918,65.9151984503446,60.73380138450675,55.77321012391595,51.14516244583037,46.62570342547107,43.74924173220851]}
  ✓  11 [chromium] › e2e/player-tally.spec.ts:378:1 › a departure during a draw-in neither jumps nor restarts the newcomer (1.4s)
TAB ROUTE chromium: press 6
  ✓  14 [chromium] › e2e/player-tally.spec.ts:445:1 › the mark is reachable by Tab (768ms)
  ✓  13 [chromium] › e2e/player-mark.spec.ts:477:1 › the desk draws the same rows at 800 and at 799, and the pass-3 query is why it did not (1.4s)
  ✓  15 [chromium] › e2e/player-tally.spec.ts:472:1 › the deck has no mark (1.3s)
SOLO STROKE rgb(38, 38, 38)
  ✓  17 [chromium] › e2e/player-tally.spec.ts:480:1 › solo: one graphite stroke and a register with a row (888ms)
SHORT ROWS ["outdoor-dingo"]
SHORT SHEET H 103.36
COARSE MARK {"x":75.53125,"y":0,"width":51.65625,"height":44}
  ✓  18 [chromium] › e2e/player-tally.spec.ts:505:3 › the short phone › the leader's two-row budget: one named row and the compression line (1.1s)
TALL SHEET {"x":0,"y":44,"width":256,"height":170.53125}
BOARD TOP 221.734375 SHEET BOTTOM 214.53
  ✓  19 [chromium] › e2e/player-tally.spec.ts:539:3 › the tall phone › sixteen people: four rows and a foot that counts the rest (672ms)
  ✓  16 [chromium] › e2e/player-mark.spec.ts:501:1 › a short portrait phone compresses and a coarse landscape phone does not (5.0s)
G14 {"shipped":"rgb(252, 251, 251)","planted":"color(srgb 0.9865 0.9859 0.9835 / 0.8)","alpha":[1,0.8],"rows":4,"foot":"and 12 more","reads":{".pl-state":{"core":433,"coreContrast":5.159,"worst":{"50":3.562,"70":3.562,"90":5.159,"100":5.159},"fracUnder":0.029},".pl-qual":{"core":433,"coreContrast":5.159,"worst":{"50":2.351,"70":5.159,"90":5.159,"100":5.159},"fracUnder":0.038},".pl-more":{"core":433,"coreContrast":5.159,"worst":{"50":3.422,"70":5.159,"90":5.159,"100":5.159},"fracUnder":0.014}}}
  ✓  20 [chromium] › e2e/player-tally.spec.ts:584:3 › the sheet's ground › the register's ground is opaque and its quiet lines paint 4.5:1 on it (1.4s)
  ✓  22 [chromium] › e2e/player-tally.spec.ts:626:1 › reduced motion: every stroke lands inked, no tween (397ms)
  ✓  21 [chromium] › e2e/player-mark.spec.ts:533:1 › a tap opens the mark on a coarse phone, and the pass-4 seam is why it did not (2.1s)
PRM MID {"before":45.2479456652321,"frames":121,"firstInked":1,"head":[42.28400206163383,0,0,0,0,0,0,0]}
  ✓  23 [chromium] › e2e/player-tally.spec.ts:643:1 › reduced motion engaged mid-draw lands the stroke inked, and it stays inked (1.7s)
  ✓  24 [chromium] › e2e/player-mark.spec.ts:572:1 › both head disclosures are framed by a drawn edge and paint no CSS border (783ms)
TWO MOVERS {"frames":189,"aAtB":17.886138887463552,"riseA":0,"riseB":0,"lastA":0,"lastB":0,"aHead":[100,96.4,90.2,84.3,77.9,74.2],"bHead":[97.3,90.7,85.9,81,74.4,69]}
  ✓  26 [chromium] › e2e/player-mark.spec.ts:631:1 › the deck paints your swatch in the colour the room paints you (1.3s)
  ✓  25 [chromium] › e2e/player-tally.spec.ts:695:1 › two arrivals a beat apart each draw in once, and neither holds the other (1.8s)
G16 {"D":603,"ink":{"one":60.98,"six":88.47,"sixAtHeading":56.35}}
  ✓  27 [chromium] › e2e/player-tally.spec.ts:760:3 › the written count's weight › six people paint more ink than one, and the rung below would not (1.4s)
AUTHOR INK {"cells":81,"none":0,"selfWrite":0,"peerWrite":1}
  ✓  28 [chromium] › e2e/player-tally.spec.ts:794:1 › the board binds no ink for your own writes and one cell for a peer's (791ms)
M19 {"before":{"label":"2 players","expanded":"false","focus":true,"pos":40},"after":{"label":"3 players","expanded":"false","focus":true,"pos":40}}
  ✓  29 [chromium] › e2e/player-tally.spec.ts:861:1 › a third join re-names the mark and moves nothing else (1.1s)
QUIET {"early":[],"late":["26 seconds ago"]}
  ✓  30 [chromium] › e2e/player-tally.spec.ts:904:1 › a peer quiet for 26 seconds reads '26 seconds ago', and one quiet for 5 reads nothing (2.0s)

  30 passed (24.3s)
EXIT[tally+mark-chromium]=0

Running 30 tests using 2 workers

  ✓   2 [webkit] › e2e/player-tally.spec.ts:221:1 › the name counts what the strokes count, and the number takes over at six (2.6s)
  ✓   1 [webkit] › e2e/player-mark.spec.ts:112:1 › the mark rests graphite alone and takes the room ink the moment somebody else is here (2.7s)
  ✓   4 [webkit] › e2e/player-mark.spec.ts:179:1 › a mouse press opens the sheet, keeps the cell focused, and tells the room nothing (2.0s)
WIDTH TABLE {"1":44,"2":44,"3":51.66,"4":62.28,"5":72.92,"6":44}
  ✓   3 [webkit] › e2e/player-tally.spec.ts:249:1 › the width table, and the floor at the smallest count (2.3s)
  ✓   5 [webkit] › e2e/player-mark.spec.ts:224:1 › after a mouse open, Escape keeps the caret in the cell, and a focus move from the cell shuts the sheet (1.8s)
  ✓   6 [webkit] › e2e/player-tally.spec.ts:279:1 › a departure re-draws no survivor, and a depart-and-arrive draws exactly the newcomer (2.1s)
  ✓   7 [webkit] › e2e/player-mark.spec.ts:258:1 › Space and Enter each toggle once, Escape shuts it, and focus never leaves the mark (840ms)
INNER LEAVER first frame ["0","0","0","0","99.14530379008745"]
  ✓   8 [webkit] › e2e/player-tally.spec.ts:344:1 › at six, an inner leaver promotes the sixth and only that stroke draws (1.5s)
  ✓   9 [webkit] › e2e/player-mark.spec.ts:291:1 › the sheet never scrolls, and it compresses rather than outgrow its budget (1.3s)
  ✓  11 [webkit] › e2e/player-mark.spec.ts:332:1 › the head rule is a registered length whose publisher can be struck visibly (841ms)
RACE {"frames":69,"rises":0,"afterBye":{"t":90,"off":41.94688746355685,"bye":true},"tail":[94.94480233236152,85.35129562682216,77.86880000000001,71.52022623906706,63.605599999999995,58.06900991253645,51.20000000000001,45.907871720116624,41.94688746355685,36.443148688046655,31.841210495626825,28.377842565597668]}
  ✓  10 [webkit] › e2e/player-tally.spec.ts:378:1 › a departure during a draw-in neither jumps nor restarts the newcomer (1.9s)
  -  13 [webkit] › e2e/player-tally.spec.ts:445:1 › the mark is reachable by Tab
  ✓  12 [webkit] › e2e/player-mark.spec.ts:420:1 › Escape reaches only the open sheet, and reaches the peek when the sheet is shut (1.0s)
  ✓  15 [webkit] › e2e/player-mark.spec.ts:477:1 › the desk draws the same rows at 800 and at 799, and the pass-3 query is why it did not (1.4s)
  ✓  14 [webkit] › e2e/player-tally.spec.ts:472:1 › the deck has no mark (1.6s)
SOLO STROKE rgb(38, 38, 38)
  ✓  17 [webkit] › e2e/player-tally.spec.ts:480:1 › solo: one graphite stroke and a register with a row (1.1s)
SHORT ROWS ["rare-mink"]
SHORT SHEET H 103.36
COARSE MARK {"x":75.53125,"y":0,"width":51.65625,"height":44}
  ✓  18 [webkit] › e2e/player-tally.spec.ts:505:3 › the short phone › the leader's two-row budget: one named row and the compression line (1.4s)
TALL SHEET {"x":0,"y":44,"width":256,"height":170.53125}
BOARD TOP 221.421875 SHEET BOTTOM 214.53
  ✓  19 [webkit] › e2e/player-tally.spec.ts:539:3 › the tall phone › sixteen people: four rows and a foot that counts the rest (1.1s)
G14 {"shipped":"rgb(252, 251, 251)","planted":"color(srgb 0.9865 0.9859 0.9835 / 0.8)","alpha":[1,0.8],"rows":4,"foot":"and 12 more","reads":{".pl-state":{"core":433,"coreContrast":5.159,"worst":{"50":2.071,"70":2.071,"90":2.071,"100":2.071},"fracUnder":0.029},".pl-qual":{"core":433,"coreContrast":5.159,"worst":{"50":3.611,"70":3.611,"90":5.159,"100":5.159},"fracUnder":0.038},".pl-more":{"core":433,"coreContrast":5.159,"worst":{"50":2.691,"70":4.591,"90":5.159,"100":5.159},"fracUnder":0.026}}}
  ✓  20 [webkit] › e2e/player-tally.spec.ts:584:3 › the sheet's ground › the register's ground is opaque and its quiet lines paint 4.5:1 on it (1.9s)
  ✓  16 [webkit] › e2e/player-mark.spec.ts:501:1 › a short portrait phone compresses and a coarse landscape phone does not (5.8s)
  ✓  21 [webkit] › e2e/player-tally.spec.ts:626:1 › reduced motion: every stroke lands inked, no tween (815ms)
  ✓  22 [webkit] › e2e/player-mark.spec.ts:533:1 › a tap opens the mark on a coarse phone, and the pass-4 seam is why it did not (2.6s)
PRM MID {"before":44.89523498542274,"frames":89,"firstInked":0,"head":[0,0,0,0,0,0,0,0]}
  ✓  23 [webkit] › e2e/player-tally.spec.ts:643:1 › reduced motion engaged mid-draw lands the stroke inked, and it stays inked (2.1s)
  ✓  24 [webkit] › e2e/player-mark.spec.ts:572:1 › both head disclosures are framed by a drawn edge and paint no CSS border (1.2s)
TWO MOVERS {"frames":138,"aAtB":18.10470437317785,"riseA":0,"riseB":0,"lastA":0,"lastB":0,"aHead":[99.1,92.5,84.6,75.7,70.2,63.6],"bHead":[97.5,90.1,82.3,73.6,67.5,61.1]}
  ✓  25 [webkit] › e2e/player-tally.spec.ts:695:1 › two arrivals a beat apart each draw in once, and neither holds the other (2.2s)
  ✓  26 [webkit] › e2e/player-mark.spec.ts:631:1 › the deck paints your swatch in the colour the room paints you (1.9s)
G16 {"D":603,"ink":{"one":62.72,"six":87.57,"sixAtHeading":55.57}}
  ✓  27 [webkit] › e2e/player-tally.spec.ts:760:3 › the written count's weight › six people paint more ink than one, and the rung below would not (2.0s)
AUTHOR INK {"cells":81,"none":0,"selfWrite":0,"peerWrite":1}
  ✓  28 [webkit] › e2e/player-tally.spec.ts:794:1 › the board binds no ink for your own writes and one cell for a peer's (1.5s)
M19 {"before":{"label":"2 players","expanded":"false","focus":true,"pos":40},"after":{"label":"3 players","expanded":"false","focus":true,"pos":40}}
  ✓  29 [webkit] › e2e/player-tally.spec.ts:861:1 › a third join re-names the mark and moves nothing else (1.5s)
QUIET {"early":[],"late":["26 seconds ago"]}
  ✓  30 [webkit] › e2e/player-tally.spec.ts:904:1 › a peer quiet for 26 seconds reads '26 seconds ago', and one quiet for 5 reads nothing (2.1s)

  1 skipped
  29 passed (30.3s)
EXIT[tally+mark-webkit]=0

Running 18 tests using 1 worker

  ✓   1 [chromium] › e2e/multiplayer.spec.ts:140:1 › solo boot opens no room, and pays no bytes for one (386ms)
  ✓   2 [chromium] › e2e/multiplayer.spec.ts:162:1 › the invite carries the board, and both pages sit at one table (786ms)
  ✓   3 [chromium] › e2e/multiplayer.spec.ts:200:1 › a digit crosses both ways, and it arrives in its author's ink (838ms)
  ✓   4 [chromium] › e2e/multiplayer.spec.ts:241:1 › last writer wins the cell, on both pages (847ms)
  ✓   5 [chromium] › e2e/multiplayer.spec.ts:265:1 › undo skips a cell a peer has taken — your move is spent, their digit stands (1.1s)
  ✓   6 [chromium] › e2e/multiplayer.spec.ts:291:1 › an undo is a move the room sees: the digit leaves both boards, and redo restores it (870ms)
  ✓   7 [chromium] › e2e/multiplayer.spec.ts:320:1 › a deal is an epoch: both boards follow, and neither undo stack crosses it (1.2s)
  ✓   8 [chromium] › e2e/multiplayer.spec.ts:347:1 › the table says connecting until the room answers, then shows who is at it (763ms)
  ✓   9 [chromium] › e2e/multiplayer.spec.ts:394:1 › leaving drops the room, the roster, and the parameter (462ms)
  ✓  10 [chromium] › e2e/multiplayer.spec.ts:511:1 › the wordmark holds through the join, under an op flood arriving mid-boot (888ms)
  ✓  11 [chromium] › e2e/multiplayer.spec.ts:564:1 › four pages, one board: every roster, every ink, every digit, one contended cell (1.6s)
  ✓  12 [chromium] › e2e/multiplayer.spec.ts:619:1 › a player leaves mid-flood: the rosters prune and the survivors keep writing (1.3s)
  ✓  13 [chromium] › e2e/multiplayer.spec.ts:658:1 › a joiner arriving mid-game adopts the whole board, then syncs both ways (976ms)
  ✓  14 [chromium] › e2e/multiplayer.spec.ts:692:1 › three hundred ops as fast as the wire takes them, and the boards are one board (1.8s)
  ✓  15 [chromium] › e2e/multiplayer.spec.ts:737:1 › a page that reloads mid-session comes back to the same table and the same board (1.2s)
  ✓  16 [chromium] › e2e/multiplayer.spec.ts:863:1 › two phones sit at one table, and the well is reachable with the sheet shut (3.3s)
  ✓  17 [chromium] › e2e/multiplayer.spec.ts:891:1 › a digit tapped on a phone crosses, and the sheet does not move under the traffic (4.1s)
  -  18 [chromium] › e2e/multiplayer.spec.ts:959:1 › the real relay carries the board with RTCPeerConnection deleted

  1 skipped
  17 passed (23.0s)
EXIT[multiplayer-chromium]=0

Running 18 tests using 1 worker

  ✓   1 [webkit] › e2e/multiplayer.spec.ts:140:1 › solo boot opens no room, and pays no bytes for one (944ms)
  ✓   2 [webkit] › e2e/multiplayer.spec.ts:162:1 › the invite carries the board, and both pages sit at one table (1.4s)
  ✓   3 [webkit] › e2e/multiplayer.spec.ts:200:1 › a digit crosses both ways, and it arrives in its author's ink (1.5s)
  ✓   4 [webkit] › e2e/multiplayer.spec.ts:241:1 › last writer wins the cell, on both pages (1.5s)
  ✓   5 [webkit] › e2e/multiplayer.spec.ts:265:1 › undo skips a cell a peer has taken — your move is spent, their digit stands (1.9s)
  ✓   6 [webkit] › e2e/multiplayer.spec.ts:291:1 › an undo is a move the room sees: the digit leaves both boards, and redo restores it (1.5s)
  ✓   7 [webkit] › e2e/multiplayer.spec.ts:320:1 › a deal is an epoch: both boards follow, and neither undo stack crosses it (1.9s)
  ✓   8 [webkit] › e2e/multiplayer.spec.ts:347:1 › the table says connecting until the room answers, then shows who is at it (1.4s)
  ✓   9 [webkit] › e2e/multiplayer.spec.ts:394:1 › leaving drops the room, the roster, and the parameter (815ms)
  ✓  10 [webkit] › e2e/multiplayer.spec.ts:511:1 › the wordmark holds through the join, under an op flood arriving mid-boot (1.6s)
  ✓  11 [webkit] › e2e/multiplayer.spec.ts:564:1 › four pages, one board: every roster, every ink, every digit, one contended cell (2.9s)
  ✓  12 [webkit] › e2e/multiplayer.spec.ts:619:1 › a player leaves mid-flood: the rosters prune and the survivors keep writing (2.2s)
  ✓  13 [webkit] › e2e/multiplayer.spec.ts:658:1 › a joiner arriving mid-game adopts the whole board, then syncs both ways (1.7s)
  ✓  14 [webkit] › e2e/multiplayer.spec.ts:692:1 › three hundred ops as fast as the wire takes them, and the boards are one board (2.1s)
  ✓  15 [webkit] › e2e/multiplayer.spec.ts:737:1 › a page that reloads mid-session comes back to the same table and the same board (1.9s)
  ✓  16 [webkit] › e2e/multiplayer.spec.ts:863:1 › two phones sit at one table, and the well is reachable with the sheet shut (3.7s)
  ✓  17 [webkit] › e2e/multiplayer.spec.ts:891:1 › a digit tapped on a phone crosses, and the sheet does not move under the traffic (4.6s)
  -  18 [webkit] › e2e/multiplayer.spec.ts:959:1 › the real relay carries the board with RTCPeerConnection deleted

  1 skipped
  17 passed (34.2s)
EXIT[multiplayer-webkit]=0
### DONE
