
Running 58 tests using 2 workers

  ✓   1 [chromium] › e2e/player-mark.spec.ts:112:1 › the mark rests graphite alone and takes the room ink the moment somebody else is here (2.0s)
  ✓   3 [chromium] › e2e/player-mark.spec.ts:179:1 › a mouse press opens the sheet, keeps the cell focused, and tells the room nothing (1.8s)
  ✓   2 [chromium] › e2e/player-tally.spec.ts:76:1 › the name counts what the strokes count, and the number takes over at six (4.7s)
  ✓   4 [chromium] › e2e/player-mark.spec.ts:224:1 › after a mouse open, Escape keeps the caret in the cell, and a focus move from the cell shuts the sheet (1.7s)
  ✓   6 [chromium] › e2e/player-mark.spec.ts:258:1 › Space and Enter each toggle once, Escape shuts it, and focus never leaves the mark (430ms)
  ✓   7 [chromium] › e2e/player-mark.spec.ts:291:1 › the sheet never scrolls, and it compresses rather than outgrow its budget (1.0s)
  ✓   8 [chromium] › e2e/player-mark.spec.ts:332:1 › the head rule is a registered length whose publisher can be struck visibly (371ms)
  ✓   9 [chromium] › e2e/player-mark.spec.ts:420:1 › Escape reaches only the open sheet, and reaches the peek when the sheet is shut (610ms)
WIDTH TABLE {"1":44,"2":44,"3":51.66,"4":62.28,"5":72.92,"6":44}
  ✓   5 [chromium] › e2e/player-tally.spec.ts:104:1 › the width table, and the floor at the smallest count (3.9s)
  ✓  10 [chromium] › e2e/player-mark.spec.ts:477:1 › the desk draws the same rows at 800 and at 799, and the pass-3 query is why it did not (1.2s)
  ✓  11 [chromium] › e2e/player-tally.spec.ts:134:1 › a departure re-draws no survivor, and a depart-and-arrive draws exactly the newcomer (3.2s)
INNER LEAVER first frame ["0","0","0","0","98.63483126297383"]
  ✓  13 [chromium] › e2e/player-tally.spec.ts:193:1 › at six, an inner leaver promotes the sixth and only that stroke draws (2.0s)
  ✓  12 [chromium] › e2e/player-mark.spec.ts:501:1 › a short portrait phone compresses and a coarse landscape phone does not (4.8s)
RACE {"frames":94,"rises":0,"afterBye":{"t":94.80000000447035,"off":39.82241253713453,"bye":true},"tail":[96.10873624380946,91.34797233006545,85.27419419123599,79.4022776010952,73.5266441503116,68.21359869719966,64.30548865634515,59.57331457816382,54.90658401485059,50.544531480693855,47.403070529056365,43.551951200733875]}
  ✓  14 [chromium] › e2e/player-tally.spec.ts:226:1 › a departure during a draw-in neither jumps nor restarts the newcomer (1.8s)
  ✓  15 [chromium] › e2e/player-mark.spec.ts:533:1 › a tap opens the mark on a coarse phone, and the pass-4 seam is why it did not (2.2s)
  ✓  16 [chromium] › e2e/player-tally.spec.ts:285:1 › Space and Escape, and a mouse press that takes no focus (1.1s)
  ✓  17 [chromium] › e2e/player-mark.spec.ts:572:1 › both head disclosures are framed by a drawn edge and paint no CSS border (886ms)
LEAVE {"afterCaretMoved":"false","afterMarkFocused":"true"}
  ✓  18 [chromium] › e2e/player-tally.spec.ts:320:1 › focus moving anywhere else shuts the sheet, and focus on the mark does not (1.5s)
  ✓  19 [chromium] › e2e/player-mark.spec.ts:631:1 › the deck paints your swatch in the colour the room paints you (1.2s)
TAB ROUTE chromium: press 6
  ✓  20 [chromium] › e2e/player-tally.spec.ts:363:1 › the mark is reachable by Tab (1.1s)
  ✓  22 [chromium] › e2e/player-tally.spec.ts:390:1 › the deck has no mark (1.3s)
SOLO STROKE rgb(38, 38, 38)
  ✓  23 [chromium] › e2e/player-tally.spec.ts:398:1 › solo: one graphite stroke and a register with a row (701ms)
  ✓  21 [webkit] › e2e/player-mark.spec.ts:112:1 › the mark rests graphite alone and takes the room ink the moment somebody else is here (2.7s)
SHORT ROWS ["outside-lobster"]
SHORT SHEET H 103.36
COARSE MARK {"x":75.53125,"y":0,"width":51.65625,"height":44}
  ✓  24 [chromium] › e2e/player-tally.spec.ts:423:3 › the short phone › the leader's two-row budget: one named row and the compression line (1.3s)
  ✓  25 [webkit] › e2e/player-mark.spec.ts:179:1 › a mouse press opens the sheet, keeps the cell focused, and tells the room nothing (1.7s)
TALL SHEET {"x":0,"y":44,"width":256,"height":170.53125}
BOARD TOP 221.734375 SHEET BOTTOM 214.53
  ✓  26 [chromium] › e2e/player-tally.spec.ts:457:3 › the tall phone › sixteen people: four rows and a foot that counts the rest (1.2s)
SHEET COLOURS {"ground":"rgb(252, 251, 251)","state":"color(srgb 0.15 0.15 0.15 / 0.68)","more":"color(srgb 0.15 0.15 0.15 / 0.68)","name":"oklch(0.5 0.11 0)","rows":4,"foot":"and 12 more"}
  ✓  28 [chromium] › e2e/player-tally.spec.ts:496:3 › the sheet's ground › the register's ground is opaque and its quiet rungs are legible on it (1.1s)
  ✓  27 [webkit] › e2e/player-mark.spec.ts:224:1 › after a mouse open, Escape keeps the caret in the cell, and a focus move from the cell shuts the sheet (1.8s)
  ✓  30 [webkit] › e2e/player-mark.spec.ts:258:1 › Space and Enter each toggle once, Escape shuts it, and focus never leaves the mark (732ms)
  ✓  29 [chromium] › e2e/player-tally.spec.ts:526:1 › reduced motion: every stroke lands inked, no tween (1.1s)
AUTHOR INK {"cells":81,"none":0,"selfWrite":0,"peerWrite":1}
  ✓  32 [chromium] › e2e/player-tally.spec.ts:542:1 › the board binds no ink for your own writes and one cell for a peer's (806ms)
  ✓  31 [webkit] › e2e/player-mark.spec.ts:291:1 › the sheet never scrolls, and it compresses rather than outgrow its budget (1.1s)
  ✓  34 [webkit] › e2e/player-mark.spec.ts:332:1 › the head rule is a registered length whose publisher can be struck visibly (718ms)
M19 {"before":{"label":"2 players","expanded":"false","focus":true,"pos":40},"after":{"label":"3 players","expanded":"false","focus":true,"pos":40}}
  ✓  33 [chromium] › e2e/player-tally.spec.ts:609:1 › a third join re-names the mark and moves nothing else (1.8s)
  ✓  35 [webkit] › e2e/player-mark.spec.ts:420:1 › Escape reaches only the open sheet, and reaches the peek when the sheet is shut (946ms)
  ✓  37 [webkit] › e2e/player-mark.spec.ts:477:1 › the desk draws the same rows at 800 and at 799, and the pass-3 query is why it did not (1.3s)
QUIET {"early":[],"late":["26 seconds ago"]}
  ✓  36 [chromium] › e2e/player-tally.spec.ts:652:1 › a peer quiet for 26 seconds reads '26 seconds ago', and one quiet for 5 reads nothing (1.5s)
  ✓  38 [webkit] › e2e/player-mark.spec.ts:501:1 › a short portrait phone compresses and a coarse landscape phone does not (5.5s)
  ✓  39 [webkit] › e2e/player-tally.spec.ts:76:1 › the name counts what the strokes count, and the number takes over at six (5.0s)
  ✓  40 [webkit] › e2e/player-mark.spec.ts:533:1 › a tap opens the mark on a coarse phone, and the pass-4 seam is why it did not (2.5s)
  ✓  42 [webkit] › e2e/player-mark.spec.ts:572:1 › both head disclosures are framed by a drawn edge and paint no CSS border (1.0s)
WIDTH TABLE {"1":44,"2":44,"3":51.66,"4":62.28,"5":72.92,"6":44}
  ✓  41 [webkit] › e2e/player-tally.spec.ts:104:1 › the width table, and the floor at the smallest count (4.2s)
  ✓  43 [webkit] › e2e/player-mark.spec.ts:631:1 › the deck paints your swatch in the colour the room paints you (1.8s)
  ✓  44 [webkit] › e2e/player-tally.spec.ts:134:1 › a departure re-draws no survivor, and a depart-and-arrive draws exactly the newcomer (3.6s)
INNER LEAVER first frame ["0","0","0","0","100"]
  ✓  45 [webkit] › e2e/player-tally.spec.ts:193:1 › at six, an inner leaver promotes the sixth and only that stroke draws (2.3s)
RACE {"frames":69,"rises":0,"afterBye":{"t":99,"off":38.22055743440234,"bye":true},"tail":[96.61046297376092,87.6860058309038,80.06559766763849,72.9,66.17521865889213,58.66765481049563,53.42578192419825,47.455200000000005,42.91485481049562,38.22055743440234,34.3,29.502826822157434]}
  ✓  46 [webkit] › e2e/player-tally.spec.ts:226:1 › a departure during a draw-in neither jumps nor restarts the newcomer (2.1s)
  ✓  47 [webkit] › e2e/player-tally.spec.ts:285:1 › Space and Escape, and a mouse press that takes no focus (1.4s)
LEAVE {"afterCaretMoved":"false","afterMarkFocused":"true"}
  ✓  48 [webkit] › e2e/player-tally.spec.ts:320:1 › focus moving anywhere else shuts the sheet, and focus on the mark does not (1.8s)
  -  49 [webkit] › e2e/player-tally.spec.ts:363:1 › the mark is reachable by Tab
  ✓  50 [webkit] › e2e/player-tally.spec.ts:390:1 › the deck has no mark (1.4s)
SOLO STROKE rgb(38, 38, 38)
  ✓  51 [webkit] › e2e/player-tally.spec.ts:398:1 › solo: one graphite stroke and a register with a row (935ms)
SHORT ROWS ["classical-mackerel"]
SHORT SHEET H 103.36
COARSE MARK {"x":75.53125,"y":0,"width":51.65625,"height":44}
  ✓  52 [webkit] › e2e/player-tally.spec.ts:423:3 › the short phone › the leader's two-row budget: one named row and the compression line (1.6s)
TALL SHEET {"x":0,"y":44,"width":256,"height":170.53125}
BOARD TOP 221.421875 SHEET BOTTOM 214.53
  ✓  53 [webkit] › e2e/player-tally.spec.ts:457:3 › the tall phone › sixteen people: four rows and a foot that counts the rest (1.6s)
SHEET COLOURS {"ground":"rgb(252, 251, 251)","state":"color(srgb 0.15 0.15 0.15 / 0.68)","more":"color(srgb 0.15 0.15 0.15 / 0.68)","name":"oklch(0.5 0.11 0)","rows":4,"foot":"and 12 more"}
  ✓  54 [webkit] › e2e/player-tally.spec.ts:496:3 › the sheet's ground › the register's ground is opaque and its quiet rungs are legible on it (1.4s)
  ✓  55 [webkit] › e2e/player-tally.spec.ts:526:1 › reduced motion: every stroke lands inked, no tween (1.4s)
AUTHOR INK {"cells":81,"none":0,"selfWrite":0,"peerWrite":1}
  ✓  56 [webkit] › e2e/player-tally.spec.ts:542:1 › the board binds no ink for your own writes and one cell for a peer's (1.4s)
M19 {"before":{"label":"2 players","expanded":"false","focus":true,"pos":40},"after":{"label":"3 players","expanded":"false","focus":true,"pos":40}}
  ✓  57 [webkit] › e2e/player-tally.spec.ts:609:1 › a third join re-names the mark and moves nothing else (2.1s)
QUIET {"early":[],"late":["26 seconds ago"]}
  ✓  58 [webkit] › e2e/player-tally.spec.ts:652:1 › a peer quiet for 26 seconds reads '26 seconds ago', and one quiet for 5 reads nothing (1.8s)

  1 skipped
  57 passed (1.1m)
EXIT[specs-postmerge]=0
