
Running 48 tests using 2 workers

  ✓   2 [chromium] › e2e/player-mark.spec.ts:48:1 › the mark rests graphite alone and takes the room ink the moment somebody else is here (1.6s)
  ✓   3 [chromium] › e2e/player-mark.spec.ts:99:1 › a mouse press opens the sheet, keeps the cell focused, and tells the room nothing (1.5s)
  ✓   1 [chromium] › e2e/player-tally.spec.ts:76:1 › the name counts what the strokes count, and the number takes over at six (4.7s)
  ✓   4 [chromium] › e2e/player-mark.spec.ts:132:1 › Space and Enter each toggle once, Escape shuts it, and focus never leaves the mark (1.6s)
  ✓   6 [chromium] › e2e/player-mark.spec.ts:161:1 › the sheet never scrolls, and it compresses rather than outgrow its budget (841ms)
  ✓   7 [chromium] › e2e/player-mark.spec.ts:209:1 › the head rule is a registered length whose publisher can be struck visibly (404ms)
  ✓   8 [chromium] › e2e/player-mark.spec.ts:297:1 › Escape reaches only the open sheet, and reaches the peek when the sheet is shut (1.1s)
  ✓   9 [chromium] › e2e/player-mark.spec.ts:335:1 › the desk draws the same rows at 800 and at 799, and the old query is why it did not (1.5s)
WIDTH TABLE {"1":44,"2":44,"3":51.66,"4":62.28,"5":72.92,"6":44}
  ✓   5 [chromium] › e2e/player-tally.spec.ts:104:1 › the width table, and the floor at the smallest count (3.9s)
  ✓  11 [webkit] › e2e/player-mark.spec.ts:48:1 › the mark rests graphite alone and takes the room ink the moment somebody else is here (2.3s)
  ✓  10 [chromium] › e2e/player-tally.spec.ts:134:1 › a departure re-draws no survivor, and a depart-and-arrive draws exactly the newcomer (3.2s)
INNER LEAVER first frame ["0","0","0","0","100"]
  ✓  12 [webkit] › e2e/player-mark.spec.ts:99:1 › a mouse press opens the sheet, keeps the cell focused, and tells the room nothing (1.8s)
  ✓  13 [chromium] › e2e/player-tally.spec.ts:193:1 › at six, an inner leaver promotes the sixth and only that stroke draws (2.0s)
  ✓  14 [webkit] › e2e/player-mark.spec.ts:132:1 › Space and Enter each toggle once, Escape shuts it, and focus never leaves the mark (2.0s)
RACE {"frames":85,"rises":0,"afterBye":{"t":90.79999999701977,"off":41.516093602132386,"bye":true},"tail":[95.19342112790618,88.55261780178412,82.15286519753015,76.06913090698312,70.22567144559288,64.75353458479213,59.57331457997237,54.79171672326536,49.94862142048802,45.60249885708061,41.516093602132386,37.63670480199745]}
  ✓  15 [chromium] › e2e/player-tally.spec.ts:226:1 › a departure during a draw-in neither jumps nor restarts the newcomer (1.8s)
  ✓  16 [webkit] › e2e/player-mark.spec.ts:161:1 › the sheet never scrolls, and it compresses rather than outgrow its budget (1.2s)
  ✓  17 [chromium] › e2e/player-tally.spec.ts:285:1 › Space and Escape, and a mouse press that takes no focus (1.2s)
  ✓  18 [webkit] › e2e/player-mark.spec.ts:209:1 › the head rule is a registered length whose publisher can be struck visibly (752ms)
LEAVE {"afterCaretMoved":"false","afterMarkFocused":"true"}
  ✓  19 [chromium] › e2e/player-tally.spec.ts:320:1 › focus moving anywhere else shuts the sheet, and focus on the mark does not (1.6s)
  ✓  20 [webkit] › e2e/player-mark.spec.ts:297:1 › Escape reaches only the open sheet, and reaches the peek when the sheet is shut (1.5s)
TAB ROUTE chromium: press 6
  ✓  21 [chromium] › e2e/player-tally.spec.ts:363:1 › the mark is reachable by Tab (1.1s)
  ✓  22 [webkit] › e2e/player-mark.spec.ts:335:1 › the desk draws the same rows at 800 and at 799, and the old query is why it did not (1.7s)
  ✓  23 [chromium] › e2e/player-tally.spec.ts:390:1 › the deck has no mark (1.3s)
SOLO STROKE rgb(38, 38, 38)
  ✓  25 [chromium] › e2e/player-tally.spec.ts:398:1 › solo: one graphite stroke and a register with a row (687ms)
SHORT ROWS ["shy-harrier"]
SHORT SHEET H 103.36
COARSE MARK {"x":75.53125,"y":0,"width":51.65625,"height":44}
  ✓  26 [chromium] › e2e/player-tally.spec.ts:423:3 › the short phone › the leader's two-row budget: one named row and the compression line (1.4s)
TALL SHEET {"x":0,"y":44,"width":256,"height":170.53125}
BOARD TOP 221.734375 SHEET BOTTOM 214.53
  ✓  27 [chromium] › e2e/player-tally.spec.ts:457:3 › the tall phone › sixteen people: four rows and a foot that counts the rest (1.4s)
  ✓  24 [webkit] › e2e/player-tally.spec.ts:76:1 › the name counts what the strokes count, and the number takes over at six (4.9s)
SHEET COLOURS {"ground":"rgb(252, 251, 251)","state":"color(srgb 0.15 0.15 0.15 / 0.68)","more":"color(srgb 0.15 0.15 0.15 / 0.68)","name":"oklch(0.5 0.11 0)","rows":4,"foot":"and 12 more"}
  ✓  28 [chromium] › e2e/player-tally.spec.ts:496:3 › the sheet's ground › the register's ground is opaque and its quiet rungs are legible on it (1.1s)
  ✓  30 [chromium] › e2e/player-tally.spec.ts:526:1 › reduced motion: every stroke lands inked, no tween (1.2s)
AUTHOR INK {"cells":81,"none":0,"selfWrite":0,"peerWrite":1}
  ✓  31 [chromium] › e2e/player-tally.spec.ts:542:1 › the board binds no ink for your own writes and one cell for a peer's (748ms)
M19 {"before":{"label":"2 players","expanded":"false","focus":true,"pos":40},"after":{"label":"3 players","expanded":"false","focus":true,"pos":40}}
  ✓  32 [chromium] › e2e/player-tally.spec.ts:609:1 › a third join re-names the mark and moves nothing else (1.8s)
WIDTH TABLE {"1":44,"2":44,"3":51.66,"4":62.28,"5":72.92,"6":44}
  ✓  29 [webkit] › e2e/player-tally.spec.ts:104:1 › the width table, and the floor at the smallest count (4.2s)
QUIET {"early":[],"late":["26 seconds ago"]}
  ✓  33 [chromium] › e2e/player-tally.spec.ts:652:1 › a peer quiet for 26 seconds reads '26 seconds ago', and one quiet for 5 reads nothing (1.5s)
  ✓  34 [webkit] › e2e/player-tally.spec.ts:134:1 › a departure re-draws no survivor, and a depart-and-arrive draws exactly the newcomer (3.6s)
INNER LEAVER first frame ["0","0","0","0","99.14530379008745"]
  ✓  35 [webkit] › e2e/player-tally.spec.ts:193:1 › at six, an inner leaver promotes the sixth and only that stroke draws (2.4s)
RACE {"frames":69,"rises":0,"afterBye":{"t":100,"off":37.7709084548105,"bye":true},"tail":[95.77521865889214,87.6860058309038,78.59654110787172,72.20791603498542,65.52644664723032,58.06900991253645,52.863409912536454,48.505830903790084,42.429030903790085,37.7709084548105,33.05536559766764,29.884324198250734]}
  ✓  36 [webkit] › e2e/player-tally.spec.ts:226:1 › a departure during a draw-in neither jumps nor restarts the newcomer (2.2s)
  ✓  37 [webkit] › e2e/player-tally.spec.ts:285:1 › Space and Escape, and a mouse press that takes no focus (1.5s)
LEAVE {"afterCaretMoved":"false","afterMarkFocused":"true"}
  ✓  38 [webkit] › e2e/player-tally.spec.ts:320:1 › focus moving anywhere else shuts the sheet, and focus on the mark does not (1.9s)
  -  39 [webkit] › e2e/player-tally.spec.ts:363:1 › the mark is reachable by Tab
  ✓  40 [webkit] › e2e/player-tally.spec.ts:390:1 › the deck has no mark (1.6s)
SOLO STROKE rgb(38, 38, 38)
  ✓  41 [webkit] › e2e/player-tally.spec.ts:398:1 › solo: one graphite stroke and a register with a row (967ms)
SHORT ROWS ["perfect-tick"]
SHORT SHEET H 103.36
COARSE MARK {"x":75.53125,"y":0,"width":51.65625,"height":44}
  ✓  42 [webkit] › e2e/player-tally.spec.ts:423:3 › the short phone › the leader's two-row budget: one named row and the compression line (1.7s)
TALL SHEET {"x":0,"y":44,"width":256,"height":170.53125}
BOARD TOP 221.421875 SHEET BOTTOM 214.53
  ✓  43 [webkit] › e2e/player-tally.spec.ts:457:3 › the tall phone › sixteen people: four rows and a foot that counts the rest (1.7s)
SHEET COLOURS {"ground":"rgb(252, 251, 251)","state":"color(srgb 0.15 0.15 0.15 / 0.68)","more":"color(srgb 0.15 0.15 0.15 / 0.68)","name":"oklch(0.5 0.11 0)","rows":4,"foot":"and 12 more"}
  ✓  44 [webkit] › e2e/player-tally.spec.ts:496:3 › the sheet's ground › the register's ground is opaque and its quiet rungs are legible on it (1.5s)
  ✓  45 [webkit] › e2e/player-tally.spec.ts:526:1 › reduced motion: every stroke lands inked, no tween (1.5s)
AUTHOR INK {"cells":81,"none":0,"selfWrite":0,"peerWrite":1}
  ✓  46 [webkit] › e2e/player-tally.spec.ts:542:1 › the board binds no ink for your own writes and one cell for a peer's (1.6s)
M19 {"before":{"label":"2 players","expanded":"false","focus":true,"pos":40},"after":{"label":"3 players","expanded":"false","focus":true,"pos":40}}
  ✓  47 [webkit] › e2e/player-tally.spec.ts:609:1 › a third join re-names the mark and moves nothing else (2.2s)
QUIET {"early":[],"late":["26 seconds ago"]}
  ✓  48 [webkit] › e2e/player-tally.spec.ts:652:1 › a peer quiet for 26 seconds reads '26 seconds ago', and one quiet for 5 reads nothing (1.8s)

  1 skipped
  47 passed (56.1s)
