=== chromium 320
  voices  HEAD 3 ['Patrick Hand · 14 · 500 · lowercase', 'Patrick Hand · 14 · 400 · none', 'Fraunces · 20.35 · 800 · lowercase']
          PROTO 1 ['Fraunces · 25.89 · 800 · lowercase']
  printed HEAD 8 (derive {'tapes': 4, 'captions': 2, 'sections': 2, 'sum': 8})  PROTO 8 (derive {'tapes': 4, 'captions': 2, 'sections': 2, 'sum': 8})
  row3    HEAD 1.02  PROTO 1.29
  card    HEAD 352  PROTO 352
  cap 'marks'  HEAD lines=1 w=60 ws=normal optRow=302.42  PROTO lines=1 w=87 ws=nowrap optRow=288 beside=False
  cap 'what fits'  HEAD lines=1 w=60 ws=normal optRow=220  PROTO lines=1 w=120.69 ws=nowrap optRow=159.31 beside=True
  inkGate HEAD {'paperTop': 675.11, 'inkBottom': 661.19, 'clearance': 13.92, 'worstDescender': 12.31, 'descenderOverhang': 1.61}
          PROTO {'paperTop': 693.84, 'inkBottom': 682.45, 'clearance': 11.39, 'worstDescender': 0.98, 'descenderOverhang': 10.41}
  daylight HEAD [('Size', 1.19, 0, 'underline', '0s'), ('Level', 1.19, 0, 'none', '0.25s')]
           PROTO [('Size', 4.13, 0, 'none', '0s'), ('Level', 4.13, 0, 'none', '0s')]
  chips   HEAD n=11/14 h=[44] faces=['Fira Code'] weights=['400', '700']
          PROTO n=11/14 h=[44] faces=['Patrick Hand'] weights=['400']
  marks   HEAD []
          PROTO [('9×9', 'calc(100%', '-4px 100%'), ('Easy', 'calc(100%', '-4px 100%'), ('Normal', 'calc(100%', '-4px 100%'), ('Off', 'calc(100%', '-4px 100%'), ('Ask', 'calc(100%', '-4px 100%')]
  ch      HEAD {'fira': 9.59, 'hand': 7.16}  PROTO {'fira': 9.59, 'hand': 7.16}
=== chromium 360
  voices  HEAD 3 ['Patrick Hand · 14 · 500 · lowercase', 'Patrick Hand · 14 · 400 · none', 'Fraunces · 20.35 · 800 · lowercase']
          PROTO 1 ['Fraunces · 25.89 · 800 · lowercase']
  printed HEAD 8 (derive {'tapes': 4, 'captions': 2, 'sections': 2, 'sum': 8})  PROTO 8 (derive {'tapes': 4, 'captions': 2, 'sections': 2, 'sum': 8})
  row3    HEAD 1.02  PROTO 1.29
  card    HEAD 524  PROTO 524
  cap 'marks'  HEAD lines=1 w=60 ws=normal optRow=328  PROTO lines=1 w=87 ws=nowrap optRow=328 beside=False
  cap 'what fits'  HEAD lines=1 w=60 ws=normal optRow=260  PROTO lines=1 w=120.69 ws=nowrap optRow=199.31 beside=True
  inkGate HEAD {'paperTop': 675.11, 'inkBottom': 661.19, 'clearance': 13.92, 'worstDescender': 12.31, 'descenderOverhang': 1.61}
          PROTO {'paperTop': 693.84, 'inkBottom': 682.45, 'clearance': 11.39, 'worstDescender': 0.98, 'descenderOverhang': 10.41}
  daylight HEAD [('Size', 1.19, 0, 'underline', '0s'), ('Level', 1.19, 0, 'none', '0.25s')]
           PROTO [('Size', 4.13, 0, 'none', '0s'), ('Level', 4.13, 0, 'none', '0s')]
  chips   HEAD n=11/14 h=[44] faces=['Fira Code'] weights=['400', '700']
          PROTO n=11/14 h=[44] faces=['Patrick Hand'] weights=['400']
  marks   HEAD []
          PROTO [('9×9', 'calc(100%', '-4px 100%'), ('Easy', 'calc(100%', '-4px 100%'), ('Normal', 'calc(100%', '-4px 100%'), ('Off', 'calc(100%', '-4px 100%'), ('Ask', 'calc(100%', '-4px 100%')]
  ch      HEAD {'fira': 9.59, 'hand': 7.16}  PROTO {'fira': 9.59, 'hand': 7.16}
=== chromium 375
  voices  HEAD 3 ['Patrick Hand · 14 · 500 · lowercase', 'Patrick Hand · 14 · 400 · none', 'Fraunces · 20.35 · 800 · lowercase']
          PROTO 1 ['Fraunces · 25.89 · 800 · lowercase']
  printed HEAD 8 (derive {'tapes': 4, 'captions': 2, 'sections': 2, 'sum': 8})  PROTO 8 (derive {'tapes': 4, 'captions': 2, 'sections': 2, 'sum': 8})
  row3    HEAD 1.02  PROTO 1.29
  card    HEAD 596  PROTO 596
  cap 'marks'  HEAD lines=1 w=60 ws=normal optRow=343  PROTO lines=1 w=87 ws=nowrap optRow=248 beside=True
  cap 'what fits'  HEAD lines=1 w=60 ws=normal optRow=275  PROTO lines=1 w=120.69 ws=nowrap optRow=214.31 beside=True
  inkGate HEAD {'paperTop': 675.11, 'inkBottom': 661.19, 'clearance': 13.92, 'worstDescender': 12.31, 'descenderOverhang': 1.61}
          PROTO {'paperTop': 654.78, 'inkBottom': 643.39, 'clearance': 11.39, 'worstDescender': 0.98, 'descenderOverhang': 10.41}
  daylight HEAD [('Size', 1.19, 0, 'underline', '0s'), ('Level', 1.19, 0, 'none', '0.25s')]
           PROTO [('Size', 4.13, 0, 'none', '0s'), ('Level', 4.13, 0, 'none', '0s')]
  chips   HEAD n=11/14 h=[44] faces=['Fira Code'] weights=['400', '700']
          PROTO n=11/14 h=[44] faces=['Patrick Hand'] weights=['400']
  marks   HEAD []
          PROTO [('9×9', 'calc(100%', '-4px 100%'), ('Easy', 'calc(100%', '-4px 100%'), ('Normal', 'calc(100%', '-4px 100%'), ('Off', 'calc(100%', '-4px 100%'), ('Ask', 'calc(100%', '-4px 100%')]
  ch      HEAD {'fira': 9.59, 'hand': 7.16}  PROTO {'fira': 9.59, 'hand': 7.16}
=== chromium 390
  voices  HEAD 3 ['Patrick Hand · 14 · 500 · lowercase', 'Patrick Hand · 14 · 400 · none', 'Fraunces · 20.35 · 800 · lowercase']
          PROTO 1 ['Fraunces · 25.89 · 800 · lowercase']
  printed HEAD 8 (derive {'tapes': 4, 'captions': 2, 'sections': 2, 'sum': 8})  PROTO 8 (derive {'tapes': 4, 'captions': 2, 'sections': 2, 'sum': 8})
  row3    HEAD 1.02  PROTO 1.29
  card    HEAD 628  PROTO 628
  cap 'marks'  HEAD lines=1 w=60 ws=normal optRow=358  PROTO lines=1 w=87 ws=nowrap optRow=263 beside=True
  cap 'what fits'  HEAD lines=1 w=60 ws=normal optRow=290  PROTO lines=1 w=120.69 ws=nowrap optRow=229.31 beside=True
  inkGate HEAD {'paperTop': 675.11, 'inkBottom': 661.19, 'clearance': 13.92, 'worstDescender': 12.31, 'descenderOverhang': 1.61}
          PROTO {'paperTop': 654.78, 'inkBottom': 643.39, 'clearance': 11.39, 'worstDescender': 0.98, 'descenderOverhang': 10.41}
  daylight HEAD [('Size', 1.19, 0, 'underline', '0s'), ('Level', 1.19, 0, 'none', '0.25s')]
           PROTO [('Size', 4.13, 0, 'none', '0s'), ('Level', 4.13, 0, 'none', '0s')]
  chips   HEAD n=11/14 h=[44] faces=['Fira Code'] weights=['400', '700']
          PROTO n=11/14 h=[44] faces=['Patrick Hand'] weights=['400']
  marks   HEAD []
          PROTO [('9×9', 'calc(100%', '-4px 100%'), ('Easy', 'calc(100%', '-4px 100%'), ('Normal', 'calc(100%', '-4px 100%'), ('Off', 'calc(100%', '-4px 100%'), ('Ask', 'calc(100%', '-4px 100%')]
  ch      HEAD {'fira': 9.59, 'hand': 7.16}  PROTO {'fira': 9.59, 'hand': 7.16}
=== chromium 430
  voices  HEAD 3 ['Patrick Hand · 14 · 500 · lowercase', 'Patrick Hand · 14 · 400 · none', 'Fraunces · 20.35 · 800 · lowercase']
          PROTO 1 ['Fraunces · 25.89 · 800 · lowercase']
  printed HEAD 8 (derive {'tapes': 4, 'captions': 2, 'sections': 2, 'sum': 8})  PROTO 8 (derive {'tapes': 4, 'captions': 2, 'sections': 2, 'sum': 8})
  row3    HEAD 1.02  PROTO 1.29
  card    HEAD 675.16  PROTO 685.08
  cap 'marks'  HEAD lines=1 w=60 ws=normal optRow=330  PROTO lines=1 w=87 ws=nowrap optRow=303 beside=True
  cap 'what fits'  HEAD lines=1 w=60 ws=normal optRow=330  PROTO lines=1 w=120.69 ws=nowrap optRow=269.31 beside=True
  inkGate HEAD {'paperTop': 692.57, 'inkBottom': 678.64, 'clearance': 13.93, 'worstDescender': 12.32, 'descenderOverhang': 1.61}
          PROTO {'paperTop': 685.7, 'inkBottom': 674.31, 'clearance': 11.39, 'worstDescender': 0.98, 'descenderOverhang': 10.41}
  daylight HEAD [('Size', 1.19, 0, 'underline', '0s'), ('Level', 1.19, 0, 'none', '0.25s')]
           PROTO [('Size', 4.14, 0, 'none', '0s'), ('Level', 4.14, 0, 'none', '0s')]
  chips   HEAD n=11/14 h=[44] faces=['Fira Code'] weights=['400', '700']
          PROTO n=11/14 h=[44] faces=['Patrick Hand'] weights=['400']
  marks   HEAD []
          PROTO [('9×9', 'calc(100%', '-4px 100%'), ('Easy', 'calc(100%', '-4px 100%'), ('Normal', 'calc(100%', '-4px 100%'), ('Off', 'calc(100%', '-4px 100%'), ('Ask', 'calc(100%', '-4px 100%')]
  ch      HEAD {'fira': 9.59, 'hand': 7.16}  PROTO {'fira': 9.59, 'hand': 7.16}
=== chromium 900x500
  voices  HEAD 3 ['Patrick Hand · 14 · 500 · lowercase', 'Patrick Hand · 14 · 400 · none', 'Fraunces · 25.89 · 800 · lowercase']
          PROTO 1 ['Fraunces · 25.89 · 800 · lowercase']
  printed HEAD 8 (derive {'tapes': 4, 'captions': 2, 'sections': 2, 'sum': 8})  PROTO 8 (derive {'tapes': 4, 'captions': 2, 'sections': 2, 'sum': 8})
  row3    HEAD 1.18  PROTO 1.29
  card    HEAD 284  PROTO 284
  cap 'marks'  HEAD lines=1 w=60 ws=normal optRow=800  PROTO lines=1 w=87 ws=nowrap optRow=773 beside=True
  cap 'what fits'  HEAD lines=1 w=60 ws=normal optRow=800  PROTO lines=1 w=120.69 ws=nowrap optRow=739.31 beside=True
  inkGate HEAD {'paperTop': 656.58, 'inkBottom': 642.16, 'clearance': 14.42, 'worstDescender': 12.81, 'descenderOverhang': 1.61}
          PROTO {'paperTop': 654.78, 'inkBottom': 643.39, 'clearance': 11.39, 'worstDescender': 0.98, 'descenderOverhang': 10.41}
  daylight HEAD [('Size', 1.19, 0, 'underline', '0s'), ('Level', 1.19, 0, 'none', '0.25s')]
           PROTO [('Size', 4.13, 0, 'none', '0s'), ('Level', 4.13, 0, 'none', '0s')]
  chips   HEAD n=11/14 h=[45] faces=['Fira Code'] weights=['400', '700']
          PROTO n=11/14 h=[44] faces=['Patrick Hand'] weights=['400']
  marks   HEAD []
          PROTO [('9×9', 'calc(100%', '-4px 100%'), ('Easy', 'calc(100%', '-4px 100%'), ('Normal', 'calc(100%', '-4px 100%'), ('Off', 'calc(100%', '-4px 100%'), ('Ask', 'calc(100%', '-4px 100%')]
  ch      HEAD {'fira': 9.59, 'hand': 7.16}  PROTO {'fira': 9.59, 'hand': 7.16}
=== webkit 320
  voices  HEAD 3 ['Patrick Hand · 14 · 500 · lowercase', 'Patrick Hand · 14 · 400 · none', 'Fraunces · 20.35 · 800 · lowercase']
          PROTO 1 ['Fraunces · 25.89 · 800 · lowercase']
  printed HEAD 8 (derive {'tapes': 4, 'captions': 2, 'sections': 2, 'sum': 8})  PROTO 8 (derive {'tapes': 4, 'captions': 2, 'sections': 2, 'sum': 8})
  row3    HEAD 1.02  PROTO 1.29
  card    HEAD 351.98  PROTO 351.98
  cap 'marks'  HEAD lines=1 w=60 ws=normal optRow=305.19  PROTO lines=1 w=87.03 ws=nowrap optRow=288 beside=False
  cap 'what fits'  HEAD lines=1 w=60 ws=normal optRow=220  PROTO lines=1 w=120.72 ws=nowrap optRow=159.28 beside=True
  inkGate HEAD {'paperTop': 675.61, 'inkBottom': 661.86, 'clearance': 13.75, 'worstDescender': 11.96, 'descenderOverhang': 1.79}
          PROTO {'paperTop': 694.28, 'inkBottom': 683.37, 'clearance': 10.91, 'worstDescender': 0, 'descenderOverhang': 10.91}
  daylight HEAD [('Size', 1.84, 0, 'underline', '0s'), ('Level', 1.84, 0, 'none', '0.25s')]
           PROTO [('Size', 4.71, 0, 'none', '0s'), ('Level', 4.71, 0, 'none', '0s')]
  chips   HEAD n=11/14 h=[44] faces=['Fira Code'] weights=['400', '700']
          PROTO n=11/14 h=[44] faces=['Patrick Hand'] weights=['400']
  marks   HEAD []
          PROTO [('9×9', 'calc(100%', '-4px 100%'), ('Easy', 'calc(100%', '-4px 100%'), ('Normal', 'calc(100%', '-4px 100%'), ('Off', 'calc(100%', '-4px 100%'), ('Ask', 'calc(100%', '-4px 100%')]
  ch      HEAD {'fira': 8, 'hand': 7.16}  PROTO {'fira': 8, 'hand': 7.16}
=== webkit 360
  voices  HEAD 3 ['Patrick Hand · 14 · 500 · lowercase', 'Patrick Hand · 14 · 400 · none', 'Fraunces · 20.35 · 800 · lowercase']
          PROTO 1 ['Fraunces · 25.89 · 800 · lowercase']
  printed HEAD 8 (derive {'tapes': 4, 'captions': 2, 'sections': 2, 'sum': 8})  PROTO 8 (derive {'tapes': 4, 'captions': 2, 'sections': 2, 'sum': 8})
  row3    HEAD 1.02  PROTO 1.29
  card    HEAD 524  PROTO 524
  cap 'marks'  HEAD lines=1 w=60 ws=normal optRow=328  PROTO lines=1 w=87.03 ws=nowrap optRow=328 beside=False
  cap 'what fits'  HEAD lines=1 w=60 ws=normal optRow=260  PROTO lines=1 w=120.72 ws=nowrap optRow=199.28 beside=True
  inkGate HEAD {'paperTop': 675.61, 'inkBottom': 661.86, 'clearance': 13.75, 'worstDescender': 11.96, 'descenderOverhang': 1.79}
          PROTO {'paperTop': 694.28, 'inkBottom': 683.37, 'clearance': 10.91, 'worstDescender': 0, 'descenderOverhang': 10.91}
  daylight HEAD [('Size', 1.84, 0, 'underline', '0s'), ('Level', 1.84, 0, 'none', '0.25s')]
           PROTO [('Size', 4.71, 0, 'none', '0s'), ('Level', 4.71, 0, 'none', '0s')]
  chips   HEAD n=11/14 h=[44] faces=['Fira Code'] weights=['400', '700']
          PROTO n=11/14 h=[44] faces=['Patrick Hand'] weights=['400']
  marks   HEAD []
          PROTO [('9×9', 'calc(100%', '-4px 100%'), ('Easy', 'calc(100%', '-4px 100%'), ('Normal', 'calc(100%', '-4px 100%'), ('Off', 'calc(100%', '-4px 100%'), ('Ask', 'calc(100%', '-4px 100%')]
  ch      HEAD {'fira': 8, 'hand': 7.16}  PROTO {'fira': 8, 'hand': 7.16}
=== webkit 375
  voices  HEAD 3 ['Patrick Hand · 14 · 500 · lowercase', 'Patrick Hand · 14 · 400 · none', 'Fraunces · 20.35 · 800 · lowercase']
          PROTO 1 ['Fraunces · 25.89 · 800 · lowercase']
  printed HEAD 8 (derive {'tapes': 4, 'captions': 2, 'sections': 2, 'sum': 8})  PROTO 8 (derive {'tapes': 4, 'captions': 2, 'sections': 2, 'sum': 8})
  row3    HEAD 1.02  PROTO 1.29
  card    HEAD 596  PROTO 596
  cap 'marks'  HEAD lines=1 w=60 ws=normal optRow=343  PROTO lines=1 w=87.03 ws=nowrap optRow=247.97 beside=True
  cap 'what fits'  HEAD lines=1 w=60 ws=normal optRow=275  PROTO lines=1 w=120.72 ws=nowrap optRow=214.28 beside=True
  inkGate HEAD {'paperTop': 675.61, 'inkBottom': 661.86, 'clearance': 13.75, 'worstDescender': 11.96, 'descenderOverhang': 1.79}
          PROTO {'paperTop': 655.24, 'inkBottom': 644.33, 'clearance': 10.91, 'worstDescender': 0, 'descenderOverhang': 10.91}
  daylight HEAD [('Size', 1.84, 0, 'underline', '0s'), ('Level', 1.84, 0, 'none', '0.25s')]
           PROTO [('Size', 4.71, 0, 'none', '0s'), ('Level', 4.71, 0, 'none', '0s')]
  chips   HEAD n=11/14 h=[44] faces=['Fira Code'] weights=['400', '700']
          PROTO n=11/14 h=[44] faces=['Patrick Hand'] weights=['400']
  marks   HEAD []
          PROTO [('9×9', 'calc(100%', '-4px 100%'), ('Easy', 'calc(100%', '-4px 100%'), ('Normal', 'calc(100%', '-4px 100%'), ('Off', 'calc(100%', '-4px 100%'), ('Ask', 'calc(100%', '-4px 100%')]
  ch      HEAD {'fira': 8, 'hand': 7.16}  PROTO {'fira': 8, 'hand': 7.16}
=== webkit 390
  voices  HEAD 3 ['Patrick Hand · 14 · 500 · lowercase', 'Patrick Hand · 14 · 400 · none', 'Fraunces · 20.35 · 800 · lowercase']
          PROTO 1 ['Fraunces · 25.89 · 800 · lowercase']
  printed HEAD 8 (derive {'tapes': 4, 'captions': 2, 'sections': 2, 'sum': 8})  PROTO 8 (derive {'tapes': 4, 'captions': 2, 'sections': 2, 'sum': 8})
  row3    HEAD 1.02  PROTO 1.29
  card    HEAD 627.98  PROTO 627.98
  cap 'marks'  HEAD lines=1 w=60 ws=normal optRow=358  PROTO lines=1 w=87.03 ws=nowrap optRow=262.97 beside=True
  cap 'what fits'  HEAD lines=1 w=60 ws=normal optRow=290  PROTO lines=1 w=120.72 ws=nowrap optRow=229.28 beside=True
  inkGate HEAD {'paperTop': 675.61, 'inkBottom': 661.86, 'clearance': 13.75, 'worstDescender': 11.96, 'descenderOverhang': 1.79}
          PROTO {'paperTop': 655.24, 'inkBottom': 644.33, 'clearance': 10.91, 'worstDescender': 0, 'descenderOverhang': 10.91}
  daylight HEAD [('Size', 1.84, 0, 'underline', '0s'), ('Level', 1.84, 0, 'none', '0.25s')]
           PROTO [('Size', 4.71, 0, 'none', '0s'), ('Level', 4.71, 0, 'none', '0s')]
  chips   HEAD n=11/14 h=[44] faces=['Fira Code'] weights=['400', '700']
          PROTO n=11/14 h=[44] faces=['Patrick Hand'] weights=['400']
  marks   HEAD []
          PROTO [('9×9', 'calc(100%', '-4px 100%'), ('Easy', 'calc(100%', '-4px 100%'), ('Normal', 'calc(100%', '-4px 100%'), ('Off', 'calc(100%', '-4px 100%'), ('Ask', 'calc(100%', '-4px 100%')]
  ch      HEAD {'fira': 8, 'hand': 7.16}  PROTO {'fira': 8, 'hand': 7.16}
=== webkit 430
  voices  HEAD 3 ['Patrick Hand · 14 · 500 · lowercase', 'Patrick Hand · 14 · 400 · none', 'Fraunces · 20.35 · 800 · lowercase']
          PROTO 1 ['Fraunces · 25.89 · 800 · lowercase']
  printed HEAD 8 (derive {'tapes': 4, 'captions': 2, 'sections': 2, 'sum': 8})  PROTO 8 (derive {'tapes': 4, 'captions': 2, 'sections': 2, 'sum': 8})
  row3    HEAD 1.02  PROTO 1.29
  card    HEAD 675.66  PROTO 685.5
  cap 'marks'  HEAD lines=1 w=60 ws=normal optRow=330  PROTO lines=1 w=87.03 ws=nowrap optRow=302.97 beside=True
  cap 'what fits'  HEAD lines=1 w=60 ws=normal optRow=330  PROTO lines=1 w=120.72 ws=nowrap optRow=269.28 beside=True
  inkGate HEAD {'paperTop': 692.72, 'inkBottom': 678.97, 'clearance': 13.75, 'worstDescender': 11.96, 'descenderOverhang': 1.79}
          PROTO {'paperTop': 685.74, 'inkBottom': 674.83, 'clearance': 10.91, 'worstDescender': 0, 'descenderOverhang': 10.91}
  daylight HEAD [('Size', 1.84, 0, 'underline', '0s'), ('Level', 1.84, 0, 'none', '0.25s')]
           PROTO [('Size', 4.71, 0, 'none', '0s'), ('Level', 4.71, 0, 'none', '0s')]
  chips   HEAD n=11/14 h=[44] faces=['Fira Code'] weights=['400', '700']
          PROTO n=11/14 h=[44] faces=['Patrick Hand'] weights=['400']
  marks   HEAD []
          PROTO [('9×9', 'calc(100%', '-4px 100%'), ('Easy', 'calc(100%', '-4px 100%'), ('Normal', 'calc(100%', '-4px 100%'), ('Off', 'calc(100%', '-4px 100%'), ('Ask', 'calc(100%', '-4px 100%')]
  ch      HEAD {'fira': 8, 'hand': 7.16}  PROTO {'fira': 8, 'hand': 7.16}
=== webkit 900x500
  voices  HEAD 3 ['Patrick Hand · 14 · 500 · lowercase', 'Patrick Hand · 14 · 400 · none', 'Fraunces · 25.89 · 800 · lowercase']
          PROTO 1 ['Fraunces · 25.89 · 800 · lowercase']
  printed HEAD 8 (derive {'tapes': 4, 'captions': 2, 'sections': 2, 'sum': 8})  PROTO 8 (derive {'tapes': 4, 'captions': 2, 'sections': 2, 'sum': 8})
  row3    HEAD 1.18  PROTO 1.29
  card    HEAD 284  PROTO 284
  cap 'marks'  HEAD lines=1 w=60 ws=normal optRow=800  PROTO lines=1 w=87.03 ws=nowrap optRow=772.97 beside=True
  cap 'what fits'  HEAD lines=1 w=60 ws=normal optRow=800  PROTO lines=1 w=120.72 ws=nowrap optRow=739.28 beside=True
  inkGate HEAD {'paperTop': 657.07, 'inkBottom': 642.81, 'clearance': 14.26, 'worstDescender': 12.47, 'descenderOverhang': 1.79}
          PROTO {'paperTop': 655.24, 'inkBottom': 644.33, 'clearance': 10.91, 'worstDescender': 0, 'descenderOverhang': 10.91}
  daylight HEAD [('Size', 1.75, 0, 'underline', '0s'), ('Level', 1.75, 0, 'none', '0.25s')]
           PROTO [('Size', 4.71, 0, 'none', '0s'), ('Level', 4.71, 0, 'none', '0s')]
  chips   HEAD n=11/14 h=[45] faces=['Fira Code'] weights=['400', '700']
          PROTO n=11/14 h=[44] faces=['Patrick Hand'] weights=['400']
  marks   HEAD []
          PROTO [('9×9', 'calc(100%', '-4px 100%'), ('Easy', 'calc(100%', '-4px 100%'), ('Normal', 'calc(100%', '-4px 100%'), ('Off', 'calc(100%', '-4px 100%'), ('Ask', 'calc(100%', '-4px 100%')]
  ch      HEAD {'fira': 8, 'hand': 7.16}  PROTO {'fira': 8, 'hand': 7.16}
