chromium | contrast-light | worst 4.66:1 — "Deal" .controls-card .icon-sublabel (rgb(115, 115, 115) on rgb(253, 253, 252)); n=28
webkit | contrast-light | worst 4.66:1 — "Deal" .controls-card .icon-sublabel (rgb(115, 115, 115) on rgb(253, 253, 252)); n=28
chromium | contrast-light | worst 4.66:1 — "Deal" .controls-card .icon-sublabel (rgb(115, 115, 115) on rgb(253, 253, 252)); n=32
webkit | contrast-light | worst 4.66:1 — "Deal" .controls-card .icon-sublabel (rgb(115, 115, 115) on rgb(253, 253, 252)); n=32
chromium | contrast-dark | worst 7.68:1 — "Deal" .controls-card .icon-sublabel (rgb(168, 166, 159) on rgb(19, 18, 17)); n=28
webkit | contrast-dark | worst 7.68:1 — "Deal" .controls-card .icon-sublabel (rgb(168, 166, 159) on rgb(19, 18, 17)); n=28
chromium | contrast-dark | worst 6.05:1 — "9×9" .controls-card .heading-value (color(srgb 0.82 0.812 0.78 / 0.68) on rgb(19, 18, 17)); n=32
webkit | contrast-dark | worst 6.05:1 — "9×9" .controls-card .heading-value (color(srgb 0.82 0.812 0.78 / 0.68) on rgb(19, 18, 17)); n=32
chromium | printed-voice | Fraunces · 25.888 · 800 · lowercase · n=8 (4 tapes + 2 captions + 2 sections) · name/option 1.2944
webkit | printed-voice | Fraunces · 25.888 · 800 · lowercase · n=8 (4 tapes + 2 captions + 2 sections) · name/option 1.2944
chromium | printed-voice | Fraunces · 25.888 · 800 · lowercase · n=8 (4 tapes + 2 captions + 2 sections) · name/option 1.2944
webkit | printed-voice | Fraunces · 25.888 · 800 · lowercase · n=8 (4 tapes + 2 captions + 2 sections) · name/option 1.2944
chromium | printed-voice | Fraunces · 25.888 · 800 · lowercase · n=8 (4 tapes + 2 captions + 2 sections) · name/option 1.2944
webkit | printed-voice | Fraunces · 25.888 · 800 · lowercase · n=8 (4 tapes + 2 captions + 2 sections) · name/option 1.2944
chromium | caption-lane | "marks" 1 line(s) 87×31.06 (lh 31.07) · 3 chips in 288 · "what fits" 1 line(s) 120.69×31.06 (lh 31.07) · 2 chips in 159.31
webkit | caption-lane | "marks" 1 line(s) 87.03×31.05 (lh 31.07) · 3 chips in 288 · "what fits" 1 line(s) 120.72×31.05 (lh 31.07) · 2 chips in 159.28
chromium | caption-lane | "marks" 1 line(s) 87×31.06 (lh 31.07) · 3 chips in 328 · "what fits" 1 line(s) 120.69×31.06 (lh 31.07) · 2 chips in 199.31
webkit | caption-lane | "marks" 1 line(s) 87.03×31.05 (lh 31.07) · 3 chips in 328 · "what fits" 1 line(s) 120.72×31.05 (lh 31.07) · 2 chips in 199.28
chromium | caption-lane | "marks" 1 line(s) 87×31.06 (lh 31.07) · 3 chips in 248 · "what fits" 1 line(s) 120.69×31.06 (lh 31.07) · 2 chips in 214.31
webkit | caption-lane | "marks" 1 line(s) 87.03×31.05 (lh 31.07) · 3 chips in 247.97 · "what fits" 1 line(s) 120.72×31.05 (lh 31.07) · 2 chips in 214.28
chromium | caption-lane | "marks" 1 line(s) 87×31.06 (lh 31.07) · 3 chips in 263 · "what fits" 1 line(s) 120.69×31.06 (lh 31.07) · 2 chips in 229.31
webkit | caption-lane | "marks" 1 line(s) 87.03×31.05 (lh 31.07) · 3 chips in 262.97 · "what fits" 1 line(s) 120.72×31.05 (lh 31.07) · 2 chips in 229.28
chromium | caption-lane | "marks" 1 line(s) 87×31.06 (lh 31.07) · 3 chips in 303 · "what fits" 1 line(s) 120.69×31.06 (lh 31.07) · 2 chips in 269.31
webkit | caption-lane | "marks" 1 line(s) 87.03×31.05 (lh 31.07) · 3 chips in 302.97 · "what fits" 1 line(s) 120.72×31.05 (lh 31.07) · 2 chips in 269.28
chromium | caption-lane | "marks" 1 line(s) 87×31.06 (lh 31.07) · 3 chips in 773 · "what fits" 1 line(s) 120.69×31.06 (lh 31.07) · 2 chips in 739.31
webkit | caption-lane | "marks" 1 line(s) 87.03×31.05 (lh 31.07) · 3 chips in 772.97 · "what fits" 1 line(s) 120.72×31.05 (lh 31.07) · 2 chips in 739.28
chromium | clearances | checking/marks +64.98 (worst +64.98) · checking/what fits +11.39 (worst +11.39) | daylight Size +4.13 0px² · Level +4.13 0px² | paper/glyph new game -2.52/-1.35 · pencils -2.64/-1.47 · checking -2.57/-1.4 · players -2.56/-1.39
webkit | clearances | checking/marks +64.5 (worst +64.5) · checking/what fits +10.91 (worst +10.91) | daylight Size +4.71 0px² · Level +4.71 0px² | paper/glyph new game -1.91/-1.91 · pencils -2.02/-2.02 · checking -1.96/-1.96 · players -1.94/-1.94
chromium | clearances | checking/marks +64.98 (worst +64.98) · checking/what fits +11.39 (worst +11.39) | daylight Size +4.13 0px² · Level +4.13 0px² | paper/glyph new game -2.52/-1.35 · pencils -2.64/-1.47 · checking -2.57/-1.4 · players -2.56/-1.39
webkit | clearances | checking/marks +64.5 (worst +64.5) · checking/what fits +10.91 (worst +10.91) | daylight Size +4.71 0px² · Level +4.71 0px² | paper/glyph new game -1.91/-1.91 · pencils -2.02/-2.02 · checking -1.96/-1.96 · players -1.94/-1.94
chromium | clearances | checking/marks +64.98 (worst +64.98) · checking/what fits +11.39 (worst +11.39) | daylight Size +4.13 0px² · Level +4.13 0px² | paper/glyph new game -2.52/-1.35 · pencils -2.64/-1.47 · checking -2.57/-1.4 · players -2.56/-1.39
webkit | clearances | checking/marks +64.5 (worst +64.5) · checking/what fits +10.91 (worst +10.91) | daylight Size +4.71 0px² · Level +4.71 0px² | paper/glyph new game -1.91/-1.91 · pencils -2.02/-2.02 · checking -1.96/-1.96 · players -1.94/-1.94
chromium | clearances | checking/marks +64.98 (worst +64.98) · checking/what fits +11.39 (worst +11.39) | daylight Size +4.13 0px² · Level +4.13 0px² | paper/glyph new game -2.52/-1.35 · pencils -2.64/-1.47 · checking -2.57/-1.4 · players -2.56/-1.39
webkit | clearances | checking/marks +64.5 (worst +64.5) · checking/what fits +10.91 (worst +10.91) | daylight Size +4.71 0px² · Level +4.71 0px² | paper/glyph new game -1.91/-1.91 · pencils -2.02/-2.02 · checking -1.96/-1.96 · players -1.94/-1.94
chromium | chips | "4×4" Patrick Hand/400 · "9×9" Patrick Hand/400 mark NaN vs word 32.48 · "16×16" Patrick Hand/400 · "Easy" Patrick Hand/400 mark NaN vs word 0 · "Medium" Patrick Hand/400 · "Hard" Patrick Hand/400 · "Normal" Patrick Hand/400 mark NaN vs word 59.56 · "Corner" P
chromium | painted-overhang | mark cols [24, 121] glyph cols [37, 108] @dpr3 -> left 4.33px right 4.33px; painted mark 32.67 vs word box 24.48
chromium | paper-over-painted-glyph | new game 7.67/2.54 of 31.54 | pencils 3.33/-0.02 of 28.64 | checking 4.00/2.87 of 30.20 | players NOT PAINTED (opacity 0)
webkit | chips | "4×4" Patrick Hand/400 · "9×9" Patrick Hand/400 mark NaN vs word 32.48 · "16×16" Patrick Hand/400 · "Easy" Patrick Hand/400 mark NaN vs word 0 · "Medium" Patrick Hand/400 · "Hard" Patrick Hand/400 · "Normal" Patrick Hand/400 mark NaN vs word 59.56 · "Corner" P
webkit | painted-overhang | mark cols [24, 119] glyph cols [37, 107] @dpr3 -> left 4.33px right 4.00px; painted mark 32.00 vs word box 24.48
webkit | paper-over-painted-glyph | new game 9.33/2.52 of 31.52 | pencils 5.00/-0.04 of 28.63 | checking 4.67/3.85 of 30.19 | players NOT PAINTED (opacity 0)
chromium | inertness | aria-expanded true → true; 0 mutation(s); innerHTML 238163 → 238163
webkit | inertness | aria-expanded true → true; 0 mutation(s); innerHTML 238282 → 238282
chromium | covenant | new game +0.016 · pencils +0 · checking +0 · players +0
webkit | covenant | new game +0 · pencils -0.016 · checking -0.016 · players -0.016
{'passed': 80} {'startTime': '2026-09-19T02:59:09.368Z', 'duration': 55988.048, 'expected': 80, 'skipped': 0, 'unexpected': 0, 'flaky': 0}
