
Running 38 tests using 2 workers

[1/38] [chromium] › e2e/face-law.spec.ts:181:5 › the printed voice — desk 1280 fine › one voice over every printed name, and the count derives
[2/38] [chromium] › e2e/face-law.spec.ts:181:5 › the printed voice — dock 390×844 coarse › one voice over every printed name, and the count derives
[3/38] [chromium] › e2e/face-law.spec.ts:181:5 › the printed voice — landscape 900×500 coarse › one voice over every printed name, and the count derives
[4/38] [chromium] › e2e/face-law.spec.ts:250:5 › the caption lane — 320×568 › every row caption paints on ONE line, and its chips still fit
[5/38] [chromium] › e2e/face-law.spec.ts:250:5 › the caption lane — 360×740 › every row caption paints on ONE line, and its chips still fit
[6/38] [chromium] › e2e/face-law.spec.ts:250:5 › the caption lane — 375×812 › every row caption paints on ONE line, and its chips still fit
[7/38] [chromium] › e2e/face-law.spec.ts:250:5 › the caption lane — 390×844 › every row caption paints on ONE line, and its chips still fit
[8/38] [chromium] › e2e/face-law.spec.ts:250:5 › the caption lane — 430×932 › every row caption paints on ONE line, and its chips still fit
[9/38] [chromium] › e2e/face-law.spec.ts:250:5 › the caption lane — 900×500 › every row caption paints on ONE line, and its chips still fit
[10/38] [chromium] › e2e/face-law.spec.ts:321:5 › the clearances — 390×844 › a tape's paper clears the ink above it, and clears the tab head
[11/38] [chromium] › e2e/face-law.spec.ts:321:5 › the clearances — 375×812 › a tape's paper clears the ink above it, and clears the tab head
[12/38] [chromium] › e2e/face-law.spec.ts:321:5 › the clearances — 430×932 › a tape's paper clears the ink above it, and clears the tab head
[13/38] [chromium] › e2e/face-law.spec.ts:321:5 › the clearances — 900×500 › a tape's paper clears the ink above it, and clears the tab head
[14/38] [chromium] › e2e/face-law.spec.ts:442:3 › the written chips › every card chip is the hand at 400, and its mark is priced off the WORD
[15/38] [chromium] › e2e/face-law.spec.ts:502:3 › the written chips › the mark's PAINTED columns run 2–8px past the glyph's, both sides
[16/38] [chromium] › e2e/face-law.spec.ts:558:3 › the written chips › a tape's paper covers its own PAINTED word, per word
[17/38] [chromium] › e2e/face-law.spec.ts:639:3 › law 14 — openness is ink pressure › pressing the OPEN head changes nothing, and nothing promises that it would
[18/38] [chromium] › e2e/face-law.spec.ts:720:3 › the tape covenant › a printed tape still costs its well ZERO height
[19/38] [chromium] › e2e/face-law.spec.ts:753:1 › GUARD (not a gate): the built stylesheet still carries `-1lh`
[20/38] [webkit] › e2e/face-law.spec.ts:181:5 › the printed voice — desk 1280 fine › one voice over every printed name, and the count derives
[21/38] [webkit] › e2e/face-law.spec.ts:181:5 › the printed voice — dock 390×844 coarse › one voice over every printed name, and the count derives
[22/38] [webkit] › e2e/face-law.spec.ts:181:5 › the printed voice — landscape 900×500 coarse › one voice over every printed name, and the count derives
[23/38] [webkit] › e2e/face-law.spec.ts:250:5 › the caption lane — 320×568 › every row caption paints on ONE line, and its chips still fit
[24/38] [webkit] › e2e/face-law.spec.ts:250:5 › the caption lane — 360×740 › every row caption paints on ONE line, and its chips still fit
[25/38] [webkit] › e2e/face-law.spec.ts:250:5 › the caption lane — 375×812 › every row caption paints on ONE line, and its chips still fit
[26/38] [webkit] › e2e/face-law.spec.ts:250:5 › the caption lane — 390×844 › every row caption paints on ONE line, and its chips still fit
[27/38] [webkit] › e2e/face-law.spec.ts:250:5 › the caption lane — 430×932 › every row caption paints on ONE line, and its chips still fit
[28/38] [webkit] › e2e/face-law.spec.ts:250:5 › the caption lane — 900×500 › every row caption paints on ONE line, and its chips still fit
[29/38] [webkit] › e2e/face-law.spec.ts:321:5 › the clearances — 390×844 › a tape's paper clears the ink above it, and clears the tab head
[30/38] [webkit] › e2e/face-law.spec.ts:321:5 › the clearances — 375×812 › a tape's paper clears the ink above it, and clears the tab head
[31/38] [webkit] › e2e/face-law.spec.ts:321:5 › the clearances — 430×932 › a tape's paper clears the ink above it, and clears the tab head
[32/38] [webkit] › e2e/face-law.spec.ts:321:5 › the clearances — 900×500 › a tape's paper clears the ink above it, and clears the tab head
[33/38] [webkit] › e2e/face-law.spec.ts:442:3 › the written chips › every card chip is the hand at 400, and its mark is priced off the WORD
[34/38] [webkit] › e2e/face-law.spec.ts:502:3 › the written chips › the mark's PAINTED columns run 2–8px past the glyph's, both sides
[35/38] [webkit] › e2e/face-law.spec.ts:558:3 › the written chips › a tape's paper covers its own PAINTED word, per word
[36/38] [webkit] › e2e/face-law.spec.ts:639:3 › law 14 — openness is ink pressure › pressing the OPEN head changes nothing, and nothing promises that it would
[37/38] [webkit] › e2e/face-law.spec.ts:720:3 › the tape covenant › a printed tape still costs its well ZERO height
[38/38] [webkit] › e2e/face-law.spec.ts:753:1 › GUARD (not a gate): the built stylesheet still carries `-1lh`
  38 passed (30.7s)
PW_EXIT=0
