
Running 88 tests using 9 workers

  ✓   3 [chromium] › e2e/a11y.spec.ts:268:5 › 3.1 rowsPerGrid › kenken: the AX tree reads grid → row → gridcell, N rows of N cells (1.5s)
  ✓   2 [chromium] › e2e/a11y.spec.ts:327:3 › 3.2 guardAnnounced › arming the destructive-work guard announces its armed state (1.5s)
  ✓   8 [chromium] › e2e/a11y.spec.ts:268:5 › 3.1 rowsPerGrid › futoshiki: the AX tree reads grid → row → gridcell, N rows of N cells (1.5s)
  ✓   6 [chromium] › e2e/a11y.spec.ts:268:5 › 3.1 rowsPerGrid › thermo: the AX tree reads grid → row → gridcell, N rows of N cells (1.7s)
  ✓   9 [chromium] › e2e/a11y.spec.ts:427:3 › 3.3 optionsInPicker › the picker publishes five named, AX-visible options (1.8s)
  ✓   5 [chromium] › e2e/a11y.spec.ts:268:5 › 3.1 rowsPerGrid › killer: the AX tree reads grid → row → gridcell, N rows of N cells (1.9s)
  ✓   4 [chromium] › e2e/a11y.spec.ts:268:5 › 3.1 rowsPerGrid › sudoku: the AX tree reads grid → row → gridcell, N rows of N cells (1.9s)
  ✓   1 [chromium] › e2e/a11y.spec.ts:347:3 › 3.2 guardAnnounced › the armed guard contains focus (aria-modal + focus inside the dialog) (2.1s)
  ✓   7 [chromium] › e2e/a11y.spec.ts:370:3 › 3.2 guardAnnounced › an Enter into the armed guard cannot discard the board unheard (2.3s)
  ✓  11 [chromium] › e2e/a11y.spec.ts:506:3 › 3.4 ctrlKDoesNotPeek › a keyboard-shortcuts help names k, g, h, p and d (1.3s)
  ✓  12 [chromium] › e2e/a11y.spec.ts:537:3 › 3.5 unnamedImages › a dealt board publishes zero unnamed image nodes (1.3s)
  ✓  16 [chromium] › e2e/access.spec.ts:235:3 › 2.1 focus-occlusion census — the desktop card › no control in the controls card focuses into a full burial (1.0s)
  ✓  13 [chromium] › e2e/a11y.spec.ts:573:3 › 3.5 unnamedImages › a filled cell announces its value exactly once (1.3s)
  ✓  17 [chromium] › e2e/access.spec.ts:255:3 › 2.1 focus-occlusion census — the desktop card › the marks-mode "Normal" button is reachable, found by identity (890ms)
  ✓  18 [chromium] › e2e/access.spec.ts:328:3 › 2.2 drawer-open inert census — the phone › no covered control in the drawer subtree stays tabbable (1.1s)
  ✓  20 [chromium] › e2e/access.spec.ts:515:5 › 2.3 contrast floor — light › .icon-sublabel and .ctrl-btn clear 4.5:1 (light) (549ms)
  ✓  21 [chromium] › e2e/access.spec.ts:515:5 › 2.3 contrast floor — dark › .icon-sublabel and .ctrl-btn clear 4.5:1 (dark) (547ms)
  ✓  14 [chromium] › e2e/a11y.spec.ts:619:3 › 3.6 stability › the grid invariants track N (4×4 and 9×9), never a magic total (2.5s)
  ✓  10 [chromium] › e2e/a11y.spec.ts:476:3 › 3.4 ctrlKDoesNotPeek › Ctrl+K and Cmd+K never trigger the single-key peek (3.0s)
  ✓  15 [chromium] › e2e/a11y.spec.ts:635:3 › 3.6 stability › the invariants survive a re-deal (deal-variant figures never asserted) (2.9s)
  ✓  28 [chromium] › e2e/gallery-guard.spec.ts:78:1 › snap chime: the centered card carries a scribble underline; flanks do not (505ms)
  ✓  27 [chromium] › e2e/gallery-guard.spec.ts:58:1 › dropdown retired: the wordmark opens the gallery; no listbox affordance remains (698ms)
  ✓  26 [chromium] › e2e/focus-ring.spec.ts:312:1 › G-LIVE-19 · the outset seam has one home and no masked default (1.8s)
  ✓  25 [chromium] › e2e/focus-ring.spec.ts:242:1 › G-LIVE-16 · the UA outline is suppressed and nobody is stranded (1.8s)
  ✓  31 [chromium] › e2e/gallery-guard.spec.ts:146:1 › guard: a pristine board switches to a different game with no ribbon (1.2s)
  ✓  19 [chromium] › e2e/access.spec.ts:375:3 › 2.3 the roster announces › a join and a leave each move a live region (3.4s)
  ✓  22 [chromium] › e2e/focus-ring.spec.ts:99:1 › G-LIVE-4 · the ring travels with the control it rings (3.2s)
  ✓  33 [chromium] › e2e/gallery-guard.spec.ts:160:1 › guard: selecting the same game never asks, even when the board is dirty (1.2s)
  ✓  30 [chromium] › e2e/gallery-guard.spec.ts:126:1 › guard: keep dismisses the deal ribbon, stays in the gallery, board unchanged (1.7s)
  ✓  24 [chromium] › e2e/focus-ring.spec.ts:191:1 › G-LIVE-15 · no focus stop rests on a running animation (3.4s)
  ✓  29 [chromium] › e2e/gallery-guard.spec.ts:99:1 › guard: a solo dirty select switches freely, and the marks are there on return (2.1s)
  ✓  36 [chromium] › e2e/join-language-prm.spec.ts:129:1 › a peer’s ghost lands drawn — tier 4 sketches on nowhere (587ms)
  ✓  23 [chromium] › e2e/focus-ring.spec.ts:141:1 › G-LIVE-14 · the opacity rank is an order in every media arm (3.9s)
  ✓  32 [chromium] › e2e/gallery-guard.spec.ts:213:1 › guard: the armed ribbon is anchored on the chosen card, not on the deck frame (1.6s)
  ✓  37 [chromium] › e2e/spoken-gallery.spec.ts:93:1 › deck exit by Escape hands focus back to the wordmark that opened it (1.2s)
  ✓  38 [chromium] › e2e/spoken-gallery.spec.ts:105:1 › deck exit by Enter on the SAME game hands focus back (1.1s)
  ✓  39 [chromium] › e2e/spoken-gallery.spec.ts:120:1 › deck exit by Enter on ANOTHER game hands focus back (1.1s)
  ✓  41 [chromium] › e2e/spoken-gallery.spec.ts:150:1 › deck entered by `g` hands focus back to the control that held it, not to the wordmark (1.1s)
  ✓  40 [chromium] › e2e/spoken-gallery.spec.ts:136:1 › deck exit by `d` to deal hands focus back (1.2s)
  ✓  42 [chromium] › e2e/spoken-gallery.spec.ts:178:1 › an Escape taken with focus OUTSIDE the deck does not steal focus back (1.2s)
  ✓  44 [chromium] › e2e/spoken-gallery.spec.ts:326:1 › the head is read in the order it is painted, at every width (488ms)
  ✓  43 [chromium] › e2e/spoken-gallery.spec.ts:254:1 › the deck focus ring rides the ACTIVE option, not the clipping scrollport (1.3s)
  ✓  34 [chromium] › e2e/join-language-prm.spec.ts:60:1 › a join renders no ring at all, and the row lands open and written (2.9s)
  ✓  35 [chromium] › e2e/join-language-prm.spec.ts:106:1 › a departure is gone the same frame: no held row, no retreating ring (3.0s)
  ✓  45 [webkit] › e2e/a11y.spec.ts:268:5 › 3.1 rowsPerGrid › sudoku: the AX tree reads grid → row → gridcell, N rows of N cells (1.8s)
  ✓  46 [webkit] › e2e/a11y.spec.ts:268:5 › 3.1 rowsPerGrid › futoshiki: the AX tree reads grid → row → gridcell, N rows of N cells (1.7s)
  ✓  47 [webkit] › e2e/a11y.spec.ts:268:5 › 3.1 rowsPerGrid › killer: the AX tree reads grid → row → gridcell, N rows of N cells (1.7s)
  ✓  49 [webkit] › e2e/a11y.spec.ts:268:5 › 3.1 rowsPerGrid › kenken: the AX tree reads grid → row → gridcell, N rows of N cells (1.8s)
  ✓  50 [webkit] › e2e/a11y.spec.ts:327:3 › 3.2 guardAnnounced › arming the destructive-work guard announces its armed state (2.5s)
  ✓  53 [webkit] › e2e/a11y.spec.ts:506:3 › 3.4 ctrlKDoesNotPeek › a keyboard-shortcuts help names k, g, h, p and d (1.3s)
  ✓  48 [webkit] › e2e/a11y.spec.ts:268:5 › 3.1 rowsPerGrid › thermo: the AX tree reads grid → row → gridcell, N rows of N cells (2.9s)
  ✓  51 [webkit] › e2e/a11y.spec.ts:347:3 › 3.2 guardAnnounced › the armed guard contains focus (aria-modal + focus inside the dialog) (2.5s)
  ✓  57 [webkit] › e2e/a11y.spec.ts:573:3 › 3.5 unnamedImages › a filled cell announces its value exactly once (1.4s)
  ✓  54 [webkit] › e2e/a11y.spec.ts:537:3 › 3.5 unnamedImages › a dealt board publishes zero unnamed image nodes (2.7s)
  ✓  56 [webkit] › e2e/a11y.spec.ts:427:3 › 3.3 optionsInPicker › the picker publishes five named, AX-visible options (2.5s)
  ✓  52 [webkit] › e2e/a11y.spec.ts:476:3 › 3.4 ctrlKDoesNotPeek › Ctrl+K and Cmd+K never trigger the single-key peek (3.1s)
  ✓  55 [webkit] › e2e/a11y.spec.ts:370:3 › 3.2 guardAnnounced › an Enter into the armed guard cannot discard the board unheard (3.1s)
  ✓  60 [webkit] › e2e/access.spec.ts:235:3 › 2.1 focus-occlusion census — the desktop card › no control in the controls card focuses into a full burial (2.3s)
  ✓  61 [webkit] › e2e/access.spec.ts:255:3 › 2.1 focus-occlusion census — the desktop card › the marks-mode "Normal" button is reachable, found by identity (2.3s)
  ✓  58 [webkit] › e2e/a11y.spec.ts:619:3 › 3.6 stability › the grid invariants track N (4×4 and 9×9), never a magic total (2.7s)
  ✓  64 [webkit] › e2e/access.spec.ts:515:5 › 2.3 contrast floor — light › .icon-sublabel and .ctrl-btn clear 4.5:1 (light) (1.3s)
  ✓  65 [webkit] › e2e/access.spec.ts:515:5 › 2.3 contrast floor — dark › .icon-sublabel and .ctrl-btn clear 4.5:1 (dark) (1.2s)
  ✓  62 [webkit] › e2e/access.spec.ts:328:3 › 2.2 drawer-open inert census — the phone › no covered control in the drawer subtree stays tabbable (2.7s)
  ✓  59 [webkit] › e2e/a11y.spec.ts:635:3 › 3.6 stability › the invariants survive a re-deal (deal-variant figures never asserted) (3.2s)
  ✓  72 [webkit] › e2e/gallery-guard.spec.ts:78:1 › snap chime: the centered card carries a scribble underline; flanks do not (1.5s)
  ✓  69 [webkit] › e2e/focus-ring.spec.ts:242:1 › G-LIVE-16 · the UA outline is suppressed and nobody is stranded (2.5s)
  ✓  71 [webkit] › e2e/gallery-guard.spec.ts:58:1 › dropdown retired: the wordmark opens the gallery; no listbox affordance remains (2.0s)
  ✓  70 [webkit] › e2e/focus-ring.spec.ts:312:1 › G-LIVE-19 · the outset seam has one home and no masked default (2.6s)
  ✓  66 [webkit] › e2e/focus-ring.spec.ts:99:1 › G-LIVE-4 · the ring travels with the control it rings (4.0s)
  ✓  63 [webkit] › e2e/access.spec.ts:375:3 › 2.3 the roster announces › a join and a leave each move a live region (5.0s)
  ✓  73 [webkit] › e2e/gallery-guard.spec.ts:99:1 › guard: a solo dirty select switches freely, and the marks are there on return (3.3s)
  ✓  68 [webkit] › e2e/focus-ring.spec.ts:191:1 › G-LIVE-15 · no focus stop rests on a running animation (4.2s)
  ✓  74 [webkit] › e2e/gallery-guard.spec.ts:126:1 › guard: keep dismisses the deal ribbon, stays in the gallery, board unchanged (2.3s)
  ✓  76 [webkit] › e2e/gallery-guard.spec.ts:160:1 › guard: selecting the same game never asks, even when the board is dirty (2.1s)
  ✓  75 [webkit] › e2e/gallery-guard.spec.ts:146:1 › guard: a pristine board switches to a different game with no ribbon (2.2s)
  ✓  67 [webkit] › e2e/focus-ring.spec.ts:141:1 › G-LIVE-14 · the opacity rank is an order in every media arm (5.0s)
  ✓  80 [webkit] › e2e/join-language-prm.spec.ts:129:1 › a peer’s ghost lands drawn — tier 4 sketches on nowhere (1.4s)
  ✓  77 [webkit] › e2e/gallery-guard.spec.ts:213:1 › guard: the armed ribbon is anchored on the chosen card, not on the deck frame (2.8s)
  ✓  81 [webkit] › e2e/spoken-gallery.spec.ts:93:1 › deck exit by Escape hands focus back to the wordmark that opened it (2.0s)
  ✓  82 [webkit] › e2e/spoken-gallery.spec.ts:105:1 › deck exit by Enter on the SAME game hands focus back (2.2s)
  ✓  84 [webkit] › e2e/spoken-gallery.spec.ts:136:1 › deck exit by `d` to deal hands focus back (2.0s)
  ✓  85 [webkit] › e2e/spoken-gallery.spec.ts:150:1 › deck entered by `g` hands focus back to the control that held it, not to the wordmark (1.9s)
  ✓  83 [webkit] › e2e/spoken-gallery.spec.ts:120:1 › deck exit by Enter on ANOTHER game hands focus back (2.4s)
  ✓  88 [webkit] › e2e/spoken-gallery.spec.ts:326:1 › the head is read in the order it is painted, at every width (1.1s)
  ✓  86 [webkit] › e2e/spoken-gallery.spec.ts:178:1 › an Escape taken with focus OUTSIDE the deck does not steal focus back (1.9s)
  ✓  87 [webkit] › e2e/spoken-gallery.spec.ts:254:1 › the deck focus ring rides the ACTIVE option, not the clipping scrollport (1.9s)
  ✓  78 [webkit] › e2e/join-language-prm.spec.ts:60:1 › a join renders no ring at all, and the row lands open and written (4.3s)
  ✓  79 [webkit] › e2e/join-language-prm.spec.ts:106:1 › a departure is gone the same frame: no held row, no retreating ring (4.2s)

  88 passed (22.6s)
