--- vue-tsc ---
VUE_TSC_EXIT=0
--- lint:copy ---
LINT_COPY_EXIT=0
--- lint:motion ---
MOTION CONTRACT — 35 specs, 35 declaring, 0 silent (head = first 20 lines)
  ✓ 1 DECLARED
LINT_MOTION_EXIT=0
--- lint:knip ---
LINT_KNIP_EXIT=0
--- vitest ---

 Test Files  69 passed (69)
      Tests  835 passed (835)
   Start at  06:21:42
   Duration  4.36s (transform 8.49s, setup 986ms, import 14.02s, tests 5.60s, environment 38.36s)

--- estate e2e ---
  ✓  79 [webkit] › e2e/join-language-prm.spec.ts:106:1 › a departure is gone the same frame: no held row, no retreating ring (4.4s)

  88 passed (23.4s)
--- pi proto ---

  2 passed (5.0s)
