{
 "label": "p4-9x9",
 "engine": "webkit",
 "viewport": "390x844",
 "pointerCoarse": true,
 "hoverNone": true,
 "sheet": "false",
 "peerCell": 0,
 "size": "9x9",
 "peerTap": {
  "count": 1,
  "text": "homely-mongoose",
  "display": "block",
  "painted": {
   "w": 134.56,
   "h": 34.15,
   "opacity": "1",
   "display": "block"
  },
  "collision": {
   "cell": true,
   "label": true,
   "below": true,
   "cellTop": 221.42,
   "cellH": 40.22,
   "ringOuterTop": 225.88,
   "ringAboveCell": -4.46,
   "strokeWidth": "7px",
   "strokeOpacity": "0.95",
   "labelBottom": 302.72,
   "labelTop": 268.57,
   "airAbove": -76.83,
   "airBelow": 11.54
  },
  "neighbours": {
   "paintedW": 134.56,
   "paintedH": 34.15,
   "pointerEvents": "none",
   "tapePointerEvents": "none",
   "othersCovered": 6,
   "coveredPx2": 2985.27,
   "cellPx2": 1617.55,
   "cellsWide": 3.35,
   "rowsTall": 0.85,
   "answersAtLabelCentre": "input.cell-native-input"
  }
 },
 "peerInterior": 20,
 "peerInteriorTap": {
  "count": 1,
  "text": "homely-mongoose",
  "display": "block",
  "painted": {
   "w": 134.56,
   "h": 34.15,
   "opacity": "1",
   "display": "block"
  },
  "collision": {
   "cell": true,
   "label": true,
   "below": false,
   "cellTop": 301.86,
   "cellH": 40.22,
   "ringOuterTop": 306.48,
   "ringAboveCell": -4.62,
   "strokeWidth": "7px",
   "strokeOpacity": "0.95",
   "labelBottom": 294.93,
   "labelTop": 260.79,
   "airAbove": 11.55,
   "airBelow": -76.74
  },
  "neighbours": {
   "paintedW": 134.56,
   "paintedH": 34.15,
   "pointerEvents": "none",
   "tapePointerEvents": "none",
   "othersCovered": 10,
   "coveredPx2": 4595,
   "cellPx2": 1617.55,
   "cellsWide": 3.35,
   "rowsTall": 0.85,
   "answersAtLabelCentre": "input.cell-native-input"
  }
 },
 "ownCell": 1,
 "ownTap": {
  "count": 0,
  "text": "",
  "display": "",
  "painted": null,
  "collision": {
   "cell": true,
   "label": false
  },
  "neighbours": null
 },
 "peerSlug": ""
}
