{
 "label": "p4-9x9",
 "engine": "chromium",
 "viewport": "390x844",
 "pointerCoarse": true,
 "hoverNone": true,
 "sheet": "false",
 "peerCell": 2,
 "size": "9x9",
 "peerTap": {
  "count": 1,
  "text": "adequate-capybara",
  "display": "block",
  "painted": {
   "w": 131.63,
   "h": 34.35,
   "opacity": "1",
   "display": "block"
  },
  "collision": {
   "cell": true,
   "label": true,
   "below": true,
   "cellTop": 221.73,
   "cellH": 40.22,
   "ringOuterTop": 226.22,
   "ringAboveCell": -4.49,
   "strokeWidth": "7px",
   "strokeOpacity": "0.95",
   "labelBottom": 303.13,
   "labelTop": 268.78,
   "airAbove": -76.9,
   "airBelow": 11.33
  },
  "neighbours": {
   "paintedW": 131.63,
   "paintedH": 34.35,
   "pointerEvents": "none",
   "tapePointerEvents": "none",
   "othersCovered": 10,
   "coveredPx2": 4521.72,
   "cellPx2": 1617.55,
   "cellsWide": 3.27,
   "rowsTall": 0.85,
   "answersAtLabelCentre": "input.cell-native-input"
  }
 },
 "peerInterior": 19,
 "peerInteriorTap": {
  "count": 1,
  "text": "adequate-capybara",
  "display": "block",
  "painted": {
   "w": 131.63,
   "h": 34.35,
   "opacity": "1",
   "display": "block"
  },
  "collision": {
   "cell": true,
   "label": true,
   "below": false,
   "cellTop": 302.17,
   "cellH": 40.22,
   "ringOuterTop": 306.64,
   "ringAboveCell": -4.46,
   "strokeWidth": "7px",
   "strokeOpacity": "0.95",
   "labelBottom": 295.35,
   "labelTop": 261,
   "airAbove": 11.29,
   "airBelow": -76.92
  },
  "neighbours": {
   "paintedW": 131.63,
   "paintedH": 34.35,
   "pointerEvents": "none",
   "tapePointerEvents": "none",
   "othersCovered": 8,
   "coveredPx2": 4333.2,
   "cellPx2": 1617.55,
   "cellsWide": 3.27,
   "rowsTall": 0.85,
   "answersAtLabelCentre": "input.cell-native-input"
  }
 },
 "ownCell": 5,
 "ownTap": {
  "count": 0,
  "text": "",
  "display": "",
  "painted": null,
  "collision": {
   "cell": true,
   "label": false
  },
  "neighbours": null
 },
 "peerSlug": ""
}
