AUDIT: D7-4 CH-63 — the flake roster and the bound, checked against the field
AUDIT: host darwin 25.4.0 · date 2026-08-02T11:10:21Z · gh CLI, read-only

--- P6 seal run, both attempts (the 5th instance the lead booked) ---
{"conclusion":"success","displayTitle":"T5-W4 PASS 6 SEALED: the drawer comes down to portrait — pageVh 1.705…","headSha":"4b28f03436adbc1ade22c84bf30738743647bd6d","status":"completed"}

attempt 1:
{"conclusion":"failure","head_sha":"4b28f03436adbc1ade22c84bf30738743647bd6d","run_attempt":1}
attempt 2:
{"conclusion":"success","head_sha":"4b28f03436adbc1ade22c84bf30738743647bd6d","run_attempt":2}

--- W3 seal run, both attempts (the futoshiki instance) ---
attempt 1:
{"conclusion":"failure","head_sha":"9061b8c1826b0e65f094e85b1854ef82ad42d5a8","run_attempt":1}
attempt 2:
{"conclusion":"success","head_sha":"9061b8c1826b0e65f094e85b1854ef82ad42d5a8","run_attempt":2}

--- the two banked LOCAL sightings of affordances.spec.ts:155, webkit ---
pass-5 head sweep (270/271):
158:  ✘  155 [webkit] › e2e/affordances.spec.ts:155:1 › stale-note: teacher-red and gold-star notes clear on the next edit (1.5s)
pass-6 LAND final (278/279), per LAND-report.md:212:
| **default e2e, both engines** | **278/279** — the one red is `affordances.spec.ts:155` webkit, the estate's known contention flake, which passes 20/20 re-run 

--- the pass-5 BASE control arm (270/273): THREE reds in ONE run ---
280:  1) [chromium] › e2e/gallery-deal.spec.ts:72:1 › band: a sibling of the listbox, never a control inside role=option 
311:  2) [webkit] › e2e/font-census.spec.ts:193:1 › the ledger holds BOTH directions across two games and two regimes 
352:  3) [webkit] › e2e/gallery-deal.spec.ts:72:1 › band: a sibling of the listbox, never a control inside role=option 

READING, and it is a correction rather than a confirmation:
1. The audit's signature clause 'never the same row twice' does NOT survive its own
   roster. affordances.spec.ts:155 webkit is red in the pass-5 head sweep AND in the
   pass-6 LAND final — two runs, two trees, one row. Under CH-63's own trigger wording
   ('same row twice') the row is at the door the day it is booked.
2. 'never two in one run' holds only for the settled head artifact. The pass-5 BASE
   control arm red THREE rows in one run. The audit set that arm aside explicitly (a
   different, pre-T-prime dist), which is defensible — but the clause is stated
   unconditionally and reads wider than the evidence under it.
3. The 3/7 numerator only reconciles if pass-5's head sweep is OUTSIDE the denominator
   (5 pass-6 sweeps + 2 W3 CI attempts = 7, reds = LAND final, audit sweep 2, W3
   attempt 1 = 3). The audit's prose says 'Adding pass 5's head sweep', which reads as
   INSIDE, and inside it is 4 reds in 8 runs. The bound survives either reading
   (4/9 = 44% with the new P6 instance, inside the printed 16-75% CI); the ARITHMETIC
   needs one sentence saying which runs are in the denominator.

None of the three is re-adjudicated here. The order is to book the bound VERBATIM and
grant no retry; the corrections ride the row as named gaps for the chair.
