AUDIT: D7-1c THE FORMAT — ten files, estate config pinned
AUDIT: host darwin 25.4.0 · cwd web/frontend · prettier 3.9.5 · static, no build
AUDIT: date 2026-08-02T11:00:09Z

scripts/check-coverage-floor.mjs 68ms
scripts/check-empty-catch.mjs 7ms (unchanged)
scripts/check-font-coverage.mjs 8ms (unchanged)
scripts/check-golden-bytes.mjs 14ms
scripts/check-ink-pressure.mjs 17ms (unchanged)
scripts/check-prod-shake.mjs 2ms
scripts/check-pw-projects.mjs 12ms
scripts/check-pw-retries.mjs 6ms (unchanged)
scripts/check-support-floor.mjs 11ms (unchanged)
scripts/check-theme-tokens.mjs 5ms
scripts/check-unit-count.mjs 8ms (unchanged)
scripts/golden-magnitude.mjs 7ms
scripts/tdz-probe.mjs 6ms
../../scripts/check-doc-truth.mjs 30ms
../../scripts/check-evidence-policy.mjs 13ms
../../scripts/ledger-diff.mjs 9ms

--- re-check, same gate line as the born-RED ---
Checking formatting...
All matched files use Prettier code style!
EXIT=0
