=== AUDIT ===
floor     T5-W3`s a11y floor — 30 rows, options 5/5, k-peek guard, guardTitle one string.
          Standing law: the floors bank green after ANY estate change. Lane D changed a
          comment in e2e/visual-regression.spec.ts and grew scripts/check-evidence-policy.mjs.
tree      HEAD abe533c4 + this lane`s two edits
artifact  scratchpad/dist-D6, built by this lane from HEAD, served on 127.0.0.1:4245
cmd       PLAYWRIGHT_BASE_URL=http://127.0.0.1:4245 npx playwright test e2e/a11y.spec.ts --reporter=list
date      2026-08-02T07:39:11Z


Running 30 tests using 9 workers

  ✓   2 [chromium] › e2e/a11y.spec.ts:194:5 › 3.1 rowsPerGrid › kenken: the AX tree reads grid → row → gridcell, N rows of N cells (1.1s)
  ✓   5 [chromium] › e2e/a11y.spec.ts:194:5 › 3.1 rowsPerGrid › futoshiki: the AX tree reads grid → row → gridcell, N rows of N cells (1.1s)
  ✓   3 [chromium] › e2e/a11y.spec.ts:194:5 › 3.1 rowsPerGrid › sudoku: the AX tree reads grid → row → gridcell, N rows of N cells (1.1s)
  ✓   8 [chromium] › e2e/a11y.spec.ts:194:5 › 3.1 rowsPerGrid › thermo: the AX tree reads grid → row → gridcell, N rows of N cells (1.8s)
  ✓   7 [chromium] › e2e/a11y.spec.ts:194:5 › 3.1 rowsPerGrid › killer: the AX tree reads grid → row → gridcell, N rows of N cells (1.8s)
  ✓   1 [chromium] › e2e/a11y.spec.ts:324:3 › 3.3 optionsInPicker › the picker publishes five named, AX-visible options (1.8s)
  ✓  12 [chromium] › e2e/a11y.spec.ts:425:3 › 3.5 unnamedImages › a dealt board publishes zero unnamed image nodes (940ms)
  ✓   9 [chromium] › e2e/a11y.spec.ts:253:3 › 3.2 guardAnnounced › arming the destructive-work guard announces its armed state (2.3s)
  ✓  11 [chromium] › e2e/a11y.spec.ts:394:3 › 3.4 ctrlKDoesNotPeek › a keyboard-shortcuts help names k, g, h, p and d (1.3s)
  ✓   4 [chromium] › e2e/a11y.spec.ts:273:3 › 3.2 guardAnnounced › the armed guard contains focus (aria-modal + focus inside the dialog) (2.9s)
  ✓  13 [chromium] › e2e/a11y.spec.ts:444:3 › 3.5 unnamedImages › a filled cell announces its value exactly once (1.3s)
  ✓  14 [chromium] › e2e/a11y.spec.ts:490:3 › 3.6 stability › the grid invariants track N (4×4 and 9×9), never a magic total (2.4s)
  ✓  10 [chromium] › e2e/a11y.spec.ts:370:3 › 3.4 ctrlKDoesNotPeek › Ctrl+K and Cmd+K never trigger the single-key peek (3.2s)
  ✓  15 [chromium] › e2e/a11y.spec.ts:506:3 › 3.6 stability › the invariants survive a re-deal (deal-variant figures never asserted) (2.5s)
  ✓   6 [chromium] › e2e/a11y.spec.ts:296:3 › 3.2 guardAnnounced › a second Enter cannot discard the board unheard (4.4s)
  ✓  16 [webkit] › e2e/a11y.spec.ts:194:5 › 3.1 rowsPerGrid › sudoku: the AX tree reads grid → row → gridcell, N rows of N cells (1.8s)
  ✓  17 [webkit] › e2e/a11y.spec.ts:194:5 › 3.1 rowsPerGrid › futoshiki: the AX tree reads grid → row → gridcell, N rows of N cells (1.6s)
  ✓  18 [webkit] › e2e/a11y.spec.ts:194:5 › 3.1 rowsPerGrid › thermo: the AX tree reads grid → row → gridcell, N rows of N cells (1.8s)
  ✓  19 [webkit] › e2e/a11y.spec.ts:194:5 › 3.1 rowsPerGrid › killer: the AX tree reads grid → row → gridcell, N rows of N cells (1.8s)
  ✓  20 [webkit] › e2e/a11y.spec.ts:194:5 › 3.1 rowsPerGrid › kenken: the AX tree reads grid → row → gridcell, N rows of N cells (1.8s)
  ✓  22 [webkit] › e2e/a11y.spec.ts:394:3 › 3.4 ctrlKDoesNotPeek › a keyboard-shortcuts help names k, g, h, p and d (1.3s)
  ✓  23 [webkit] › e2e/a11y.spec.ts:425:3 › 3.5 unnamedImages › a dealt board publishes zero unnamed image nodes (1.5s)
  ✓  27 [webkit] › e2e/a11y.spec.ts:444:3 › 3.5 unnamedImages › a filled cell announces its value exactly once (1.4s)
  ✓  21 [webkit] › e2e/a11y.spec.ts:370:3 › 3.4 ctrlKDoesNotPeek › Ctrl+K and Cmd+K never trigger the single-key peek (3.1s)
  ✓  26 [webkit] › e2e/a11y.spec.ts:324:3 › 3.3 optionsInPicker › the picker publishes five named, AX-visible options (2.4s)
  ✓  30 [webkit] › e2e/a11y.spec.ts:506:3 › 3.6 stability › the invariants survive a re-deal (deal-variant figures never asserted) (3.2s)
  ✓  29 [webkit] › e2e/a11y.spec.ts:490:3 › 3.6 stability › the grid invariants track N (4×4 and 9×9), never a magic total (3.4s)
  ✓  28 [webkit] › e2e/a11y.spec.ts:253:3 › 3.2 guardAnnounced › arming the destructive-work guard announces its armed state (3.5s)
  ✓  24 [webkit] › e2e/a11y.spec.ts:273:3 › 3.2 guardAnnounced › the armed guard contains focus (aria-modal + focus inside the dialog) (3.7s)
  ✓  25 [webkit] › e2e/a11y.spec.ts:296:3 › 3.2 guardAnnounced › a second Enter cannot discard the board unheard (5.6s)

  30 passed (13.0s)

EXIT above. Options 5/5, k-peek and guardTitle rows are inside this run.


=== THE EDITED SPEC, WHOLE — e2e/visual-regression.spec.ts, both engines ===
The comment landed at :493-503 cannot change behaviour; this is the proof rather than
the assertion. Non-comment diff of the file is empty.

  ✓  17 [webkit] › e2e/visual-regression.spec.ts:360:1 › graceful degradation: UI renders without backend API (1.9s)
  ✓  16 [webkit] › e2e/visual-regression.spec.ts:294:1 › randomize populates board and blank cells accept input (2.1s)
  ✓  19 [webkit] › e2e/visual-regression.spec.ts:438:1 › the Deal die is not crushed: the commit verb's box fits its own content (1.8s)
  ✓   4 [chromium] › e2e/visual-regression.spec.ts:376:1 › size switching: 4x4, 9x9, 16x16 all render grid lines (4.7s)
  ✓  20 [webkit] › e2e/visual-regression.spec.ts:516:1 › the glass curve is the same curve in both layers (1.8s)
  ✓  23 [webkit] › e2e/visual-regression.spec.ts:715:1 › the iPad coarse card stays under the P1 seal: the chip seam is PAID for (1.3s)
  ✓  24 [webkit] › e2e/visual-regression.spec.ts:779:1 › toggle warp rest pose: wrung into the page, no carousel travel (1.1s)
  ✓  21 [webkit] › e2e/visual-regression.spec.ts:541:1 › the deal receipt keeps off the commit verb, hover included (2.1s)
  ✓  22 [webkit] › e2e/visual-regression.spec.ts:640:1 › option chips keep their separation: ≥6px between neighbours, both axes (2.4s)
  ✓  18 [webkit] › e2e/visual-regression.spec.ts:376:1 › size switching: 4x4, 9x9, 16x16 all render grid lines (4.9s)

  24 passed (8.1s)
