# the e2e estate, WHOLE spec files, bare, one invocation per spec per project (tree = dist index-DuV3ixM3UGGf.js :4236; control = 74a2b5d9 dist index-CubiZsMVSwTc.js :4232 run with THIS tree's spec files; the walk-plant re-cut ran after, see walk2 below)
control face-law chromium EXIT 1 {"startTime":"2026-09-23T15:58:43.011Z","duration":42337.907,"expected":11,"skipped":0,"unexpected":30,"flaky":0}
control face-law webkit EXIT 1 {"startTime":"2026-09-23T15:59:28.307Z","duration":45291.721000000005,"expected":11,"skipped":0,"unexpected":30,"flaky":0}
control keys-crib chromium EXIT 1 {"startTime":"2026-09-23T16:00:16.517Z","duration":6833.487999999999,"expected":0,"skipped":0,"unexpected":4,"flaky":0}
control keys-crib webkit EXIT 1 {"startTime":"2026-09-23T16:00:27.669Z","duration":7663.056999999999,"expected":0,"skipped":0,"unexpected":4,"flaky":0}
control viewport-law chromium EXIT 0 {"startTime":"2026-09-23T16:00:37.820Z","duration":24841.531,"expected":14,"skipped":0,"unexpected":0,"flaky":0}
control viewport-law webkit EXIT 0 {"startTime":"2026-09-23T16:01:04.552Z","duration":37138.215,"expected":14,"skipped":0,"unexpected":0,"flaky":0}
control visual-regression chromium EXIT 1 {"startTime":"2026-09-23T16:01:43.368Z","duration":7922.223999999999,"expected":10,"skipped":0,"unexpected":2,"flaky":0}
control visual-regression webkit EXIT 1 {"startTime":"2026-09-23T16:01:52.592Z","duration":11870.965,"expected":10,"skipped":0,"unexpected":2,"flaky":0}
control zone-grammar chromium EXIT 1 {"startTime":"2026-09-23T16:02:05.640Z","duration":34781.843,"expected":10,"skipped":0,"unexpected":1,"flaky":0}
control zone-grammar webkit EXIT 1 {"startTime":"2026-09-23T16:02:41.610Z","duration":37088.618,"expected":10,"skipped":0,"unexpected":1,"flaky":0}
control font-census chromium EXIT 1 {"startTime":"2026-09-23T16:03:21.620Z","duration":9377.594,"expected":0,"skipped":0,"unexpected":2,"flaky":0}
control font-census webkit EXIT 1 {"startTime":"2026-09-23T16:03:35.313Z","duration":12363.208,"expected":0,"skipped":0,"unexpected":2,"flaky":0}
control access chromium EXIT 0 {"startTime":"2026-09-23T16:03:51.492Z","duration":8784.467999999999,"expected":8,"skipped":0,"unexpected":0,"flaky":0}
control access webkit EXIT 0 {"startTime":"2026-09-23T16:04:02.185Z","duration":11364.698,"expected":8,"skipped":0,"unexpected":0,"flaky":0}
control a11y chromium EXIT 0 {"startTime":"2026-09-23T16:04:15.598Z","duration":8705.488,"expected":15,"skipped":0,"unexpected":0,"flaky":0}
control a11y webkit EXIT 0 {"startTime":"2026-09-23T16:04:25.354Z","duration":10996.775,"expected":15,"skipped":0,"unexpected":0,"flaky":0}
control share-truth chromium EXIT 0 {"startTime":"2026-09-23T16:04:37.492Z","duration":2475.0460000000003,"expected":5,"skipped":0,"unexpected":0,"flaky":0}
control share-truth webkit EXIT 0 {"startTime":"2026-09-23T16:04:41.052Z","duration":4548.182,"expected":4,"skipped":1,"unexpected":0,"flaky":0}
tree face-law chromium EXIT 1 {"startTime":"2026-09-23T16:04:47.627Z","duration":14662.182,"expected":40,"skipped":0,"unexpected":1,"flaky":0}
tree face-law webkit EXIT 1 {"startTime":"2026-09-23T16:05:09.329Z","duration":55258.577,"expected":40,"skipped":0,"unexpected":1,"flaky":0}
tree keys-crib chromium EXIT 0 {"startTime":"2026-09-23T16:06:08.602Z","duration":14028.449,"expected":4,"skipped":0,"unexpected":0,"flaky":0}
tree keys-crib webkit EXIT 0 {"startTime":"2026-09-23T16:06:32.897Z","duration":31336.232,"expected":4,"skipped":0,"unexpected":0,"flaky":0}
tree viewport-law chromium EXIT 0 {"startTime":"2026-09-23T16:07:05.694Z","duration":21547.037,"expected":14,"skipped":0,"unexpected":0,"flaky":0}
tree viewport-law webkit EXIT 0 {"startTime":"2026-09-23T16:07:28.353Z","duration":23845.514,"expected":14,"skipped":0,"unexpected":0,"flaky":0}
tree visual-regression chromium EXIT 0 {"startTime":"2026-09-23T16:07:57.825Z","duration":41486.271,"expected":12,"skipped":0,"unexpected":0,"flaky":0}
tree visual-regression webkit EXIT 0 {"startTime":"2026-09-23T16:08:43.705Z","duration":46856.145000000004,"expected":12,"skipped":0,"unexpected":0,"flaky":0}
tree zone-grammar chromium EXIT 0 {"startTime":"2026-09-23T16:09:40.562Z","duration":8642.948,"expected":11,"skipped":0,"unexpected":0,"flaky":0}
tree zone-grammar webkit EXIT 0 {"startTime":"2026-09-23T16:09:50.998Z","duration":13971.205000000002,"expected":11,"skipped":0,"unexpected":0,"flaky":0}
tree font-census chromium EXIT 0 {"startTime":"2026-09-23T16:10:07.695Z","duration":23626.688000000002,"expected":2,"skipped":0,"unexpected":0,"flaky":0}
tree font-census webkit EXIT 0 {"startTime":"2026-09-23T16:10:55.120Z","duration":38514.725000000006,"expected":2,"skipped":0,"unexpected":0,"flaky":0}
tree access chromium EXIT 0 {"startTime":"2026-09-23T16:11:57.694Z","duration":34072.223,"expected":8,"skipped":0,"unexpected":0,"flaky":0}
tree access webkit EXIT 0 {"startTime":"2026-09-23T16:12:54.039Z","duration":33720.971,"expected":8,"skipped":0,"unexpected":0,"flaky":0}
tree a11y chromium EXIT 0 {"startTime":"2026-09-23T16:13:37.080Z","duration":37275.787,"expected":15,"skipped":0,"unexpected":0,"flaky":0}
tree a11y webkit EXIT 0 {"startTime":"2026-09-23T16:14:22.061Z","duration":46424.028000000006,"expected":15,"skipped":0,"unexpected":0,"flaky":0}
tree share-truth chromium EXIT 0 {"startTime":"2026-09-23T16:15:16.998Z","duration":12535.622,"expected":5,"skipped":0,"unexpected":0,"flaky":0}
tree share-truth webkit EXIT 0 {"startTime":"2026-09-23T16:15:36.557Z","duration":18491.534,"expected":4,"skipped":1,"unexpected":0,"flaky":0}
BATTERY-DONE

# the failing rows, per run
control-face-law-chromium :: one voice over every printed name, and the count d | chromium | failed | Error: the printed names speak with one voice  [2mexpect([22m[31mreceived[39m[2m).[22mtoHaveLength[2m([22m[32mexpected[39m[2m)[22m | printed-voic
control-face-law-chromium :: one voice over every printed name, and the count d | chromium | failed | Error: the printed names speak with one voice  [2mexpect([22m[31mreceived[39m[2m).[22mtoHaveLength[2m([22m[32mexpected[39m[2m)[22m | printed-voic
control-face-law-chromium :: one voice over every printed name, and the count d | chromium | failed | Error: the printed names speak with one voice  [2mexpect([22m[31mreceived[39m[2m).[22mtoHaveLength[2m([22m[32mexpected[39m[2m)[22m | printed-voic
control-face-law-chromium :: every row caption's box IS its word, and the two b | chromium | failed | Error: "marks" is held to one line by its own rule  [2mexpect([22m[31mreceived[39m[2m).[22mtoBe[2m([22m[32mexpected[39m[2m) // Object.is equality
control-face-law-chromium :: every row caption's box IS its word, and the two b | chromium | failed | Error: "marks" is held to one line by its own rule  [2mexpect([22m[31mreceived[39m[2m).[22mtoBe[2m([22m[32mexpected[39m[2m) // Object.is equality
control-face-law-chromium :: every row caption's box IS its word, and the two b | chromium | failed | Error: "marks" is held to one line by its own rule  [2mexpect([22m[31mreceived[39m[2m).[22mtoBe[2m([22m[32mexpected[39m[2m) // Object.is equality
control-face-law-chromium :: every row caption's box IS its word, and the two b | chromium | failed | Error: "marks" is held to one line by its own rule  [2mexpect([22m[31mreceived[39m[2m).[22mtoBe[2m([22m[32mexpected[39m[2m) // Object.is equality
control-face-law-chromium :: every row caption's box IS its word, and the two b | chromium | failed | Error: "marks" is held to one line by its own rule  [2mexpect([22m[31mreceived[39m[2m).[22mtoBe[2m([22m[32mexpected[39m[2m) // Object.is equality
control-face-law-chromium :: every row caption's box IS its word, and the two b | chromium | failed | Error: "marks" is held to one line by its own rule  [2mexpect([22m[31mreceived[39m[2m).[22mtoBe[2m([22m[32mexpected[39m[2m) // Object.is equality
control-face-law-chromium :: a tape's paper clears the ink above it, and clears | chromium | failed | Error: the first tape's paper under "Size"  [2mexpect([22m[31mreceived[39m[2m).[22mtoBeGreaterThanOrEqual[2m([22m[32mexpected[39m[2m)[22m | clear
control-face-law-chromium :: a tape's paper clears the ink above it, and clears | chromium | failed | Error: the first tape's paper under "Size"  [2mexpect([22m[31mreceived[39m[2m).[22mtoBeGreaterThanOrEqual[2m([22m[32mexpected[39m[2m)[22m | clear
control-face-law-chromium :: a tape's paper clears the ink above it, and clears | chromium | failed | Error: the first tape's paper under "Size"  [2mexpect([22m[31mreceived[39m[2m).[22mtoBeGreaterThanOrEqual[2m([22m[32mexpected[39m[2m)[22m | clear
control-face-law-chromium :: a tape's paper clears the ink above it, and clears | chromium | failed | Error: the first tape's paper under "Size"  [2mexpect([22m[31mreceived[39m[2m).[22mtoBeGreaterThanOrEqual[2m([22m[32mexpected[39m[2m)[22m | clear
control-face-law-chromium :: every card chip is the hand at 400, and its mark i | chromium | failed | Error: "4×4" is written  [2mexpect([22m[31mreceived[39m[2m).[22mtoBe[2m([22m[32mexpected[39m[2m) // Object.is equality[22m | chips: "4×4" Fira Co
control-face-law-chromium :: pressing the OPEN head changes nothing, and nothin | chromium | failed | Error: no head carries an underline — the chips' scribble is the other one  [2mexpect([22m[31mreceived[39m[2m).[22mtoBe[2m([22m[32mexpected[39m[2m
control-face-law-chromium :: every element the law matches paints the family th | chromium | failed | Error: every element the law matches paints its declared family  [2mexpect([22m[31mreceived[39m[2m).[22mtoEqual[2m([22m[32mexpected[39m[2m) // dee
control-face-law-chromium :: every element the law matches paints the family th | chromium | failed | Error: every element the law matches paints its declared family  [2mexpect([22m[31mreceived[39m[2m).[22mtoEqual[2m([22m[32mexpected[39m[2m) // dee
control-face-law-chromium :: every element the law matches paints the family th | chromium | failed | Error: `.ctrl-word` renders on this route (the negative control's target)  [2mexpect([22m[31mreceived[39m[2m).[22mtoBe[2m([22m[32mexpected[39m[2m)
control-face-law-chromium :: no tape covers a control at ANY scroll pose, top t | chromium | failed | Error: no tape covers a control at any pose  [2mexpect([22m[31mreceived[39m[2m).[22mtoEqual[2m([22m[32mexpected[39m[2m) // deep equality[22m | oc
control-face-law-chromium :: no tape covers a control at ANY scroll pose, top t | chromium | failed | Error: no tape covers a control at any pose  [2mexpect([22m[31mreceived[39m[2m).[22mtoEqual[2m([22m[32mexpected[39m[2m) // deep equality[22m | oc
control-face-law-chromium :: THE REGISTRATION TOOK and THE PUBLISHER RAN, with  | chromium | failed | Error: THE REGISTRATION TOOK: an invalid --card-pad-t inherits the card's value  [2mexpect([22m[31mreceived[39m[2m).[22mtoBe[2m([22m[32mexpected[39
control-face-law-chromium :: THE REGISTRATION TOOK and THE PUBLISHER RAN, with  | chromium | failed | Error: THE REGISTRATION TOOK: an invalid --card-pad-t inherits the card's value  [2mexpect([22m[31mreceived[39m[2m).[22mtoBe[2m([22m[32mexpected[39
control-face-law-chromium :: each ring site shows a dashed --ring-ink ring on : | chromium | failed | Error: .mobile-heading-btn draws a ring (outlineStyle)  [2mexpect([22m[31mreceived[39m[2m).[22mtoBe[2m([22m[32mexpected[39m[2m) // Object.is equal
control-face-law-chromium :: each ring site shows a dashed --ring-ink ring on : | chromium | failed | Error: .tray-well .ctrl-btn draws a ring (outlineStyle)  [2mexpect([22m[31mreceived[39m[2m).[22mtoBe[2m([22m[32mexpected[39m[2m) // Object.is equa
control-face-law-chromium :: G1 zone ≤ 320 · G2 one line per staged group · G3  | chromium | failed | Error: G1: the new-game zone ≤ 320 at 1280×800 fine (HEAD 503.19)  [2mexpect([22m[31mreceived[39m[2m).[22mtoBeLessThanOrEqual[2m([22m[32mexpected[3
control-face-law-chromium :: the two words' PAINTED glyph bottoms are within 1. | chromium | failed | Error: G5: Deal and dealt share a painted baseline  [2mexpect([22m[31mreceived[39m[2m).[22mtoBeLessThanOrEqual[2m([22m[32mexpected[39m[2m)[22m | 
control-face-law-chromium :: the two words' PAINTED glyph bottoms are within 1. | chromium | failed | Error: G5: Deal and dealt share a painted baseline  [2mexpect([22m[31mreceived[39m[2m).[22mtoBeLessThanOrEqual[2m([22m[32mexpected[39m[2m)[22m | 
control-face-law-chromium :: the two words' PAINTED glyph bottoms are within 1. | chromium | failed | Error: [2mexpect([22m[31mlocator[39m[2m).[22mtoHaveText[2m([22m[32mexpected[39m[2m)[22m failed  Locator:  locator('.controls-card:visible .deal-b
control-face-law-chromium :: the two words' PAINTED glyph bottoms are within 1. | chromium | failed | Error: G5: Deal and dealt share a painted baseline  [2mexpect([22m[31mreceived[39m[2m).[22mtoBeLessThanOrEqual[2m([22m[32mexpected[39m[2m)[22m | 
control-face-law-webkit :: one voice over every printed name, and the count d | webkit | failed | Error: the printed names speak with one voice  [2mexpect([22m[31mreceived[39m[2m).[22mtoHaveLength[2m([22m[32mexpected[39m[2m)[22m | printed-voice:
control-face-law-webkit :: one voice over every printed name, and the count d | webkit | failed | Error: the printed names speak with one voice  [2mexpect([22m[31mreceived[39m[2m).[22mtoHaveLength[2m([22m[32mexpected[39m[2m)[22m | printed-voice:
control-face-law-webkit :: one voice over every printed name, and the count d | webkit | failed | Error: the printed names speak with one voice  [2mexpect([22m[31mreceived[39m[2m).[22mtoHaveLength[2m([22m[32mexpected[39m[2m)[22m | printed-voice:
control-face-law-webkit :: every row caption's box IS its word, and the two b | webkit | failed | Error: "marks" is held to one line by its own rule  [2mexpect([22m[31mreceived[39m[2m).[22mtoBe[2m([22m[32mexpected[39m[2m) // Object.is equality[2
control-face-law-webkit :: every row caption's box IS its word, and the two b | webkit | failed | Error: "marks" is held to one line by its own rule  [2mexpect([22m[31mreceived[39m[2m).[22mtoBe[2m([22m[32mexpected[39m[2m) // Object.is equality[2
control-face-law-webkit :: every row caption's box IS its word, and the two b | webkit | failed | Error: "marks" is held to one line by its own rule  [2mexpect([22m[31mreceived[39m[2m).[22mtoBe[2m([22m[32mexpected[39m[2m) // Object.is equality[2
control-face-law-webkit :: every row caption's box IS its word, and the two b | webkit | failed | Error: "marks" is held to one line by its own rule  [2mexpect([22m[31mreceived[39m[2m).[22mtoBe[2m([22m[32mexpected[39m[2m) // Object.is equality[2
control-face-law-webkit :: every row caption's box IS its word, and the two b | webkit | failed | Error: "marks" is held to one line by its own rule  [2mexpect([22m[31mreceived[39m[2m).[22mtoBe[2m([22m[32mexpected[39m[2m) // Object.is equality[2
control-face-law-webkit :: every row caption's box IS its word, and the two b | webkit | failed | Error: "marks" is held to one line by its own rule  [2mexpect([22m[31mreceived[39m[2m).[22mtoBe[2m([22m[32mexpected[39m[2m) // Object.is equality[2
control-face-law-webkit :: a tape's paper clears the ink above it, and clears | webkit | failed | Error: the first tape's paper under "Size"  [2mexpect([22m[31mreceived[39m[2m).[22mtoBeGreaterThanOrEqual[2m([22m[32mexpected[39m[2m)[22m | clearan
control-face-law-webkit :: a tape's paper clears the ink above it, and clears | webkit | failed | Error: the first tape's paper under "Size"  [2mexpect([22m[31mreceived[39m[2m).[22mtoBeGreaterThanOrEqual[2m([22m[32mexpected[39m[2m)[22m | clearan
control-face-law-webkit :: a tape's paper clears the ink above it, and clears | webkit | failed | Error: the first tape's paper under "Size"  [2mexpect([22m[31mreceived[39m[2m).[22mtoBeGreaterThanOrEqual[2m([22m[32mexpected[39m[2m)[22m | clearan
control-face-law-webkit :: a tape's paper clears the ink above it, and clears | webkit | failed | Error: the first tape's paper under "Size"  [2mexpect([22m[31mreceived[39m[2m).[22mtoBeGreaterThanOrEqual[2m([22m[32mexpected[39m[2m)[22m | clearan
control-face-law-webkit :: every card chip is the hand at 400, and its mark i | webkit | failed | Error: "4×4" is written  [2mexpect([22m[31mreceived[39m[2m).[22mtoBe[2m([22m[32mexpected[39m[2m) // Object.is equality[22m | chips: "4×4" Fira Code
control-face-law-webkit :: pressing the OPEN head changes nothing, and nothin | webkit | failed | Error: no head carries an underline — the chips' scribble is the other one  [2mexpect([22m[31mreceived[39m[2m).[22mtoBe[2m([22m[32mexpected[39m[2m) 
control-face-law-webkit :: every element the law matches paints the family th | webkit | failed | Error: every element the law matches paints its declared family  [2mexpect([22m[31mreceived[39m[2m).[22mtoEqual[2m([22m[32mexpected[39m[2m) // deep 
control-face-law-webkit :: every element the law matches paints the family th | webkit | failed | Error: every element the law matches paints its declared family  [2mexpect([22m[31mreceived[39m[2m).[22mtoEqual[2m([22m[32mexpected[39m[2m) // deep 
control-face-law-webkit :: every element the law matches paints the family th | webkit | failed | Error: `.ctrl-word` renders on this route (the negative control's target)  [2mexpect([22m[31mreceived[39m[2m).[22mtoBe[2m([22m[32mexpected[39m[2m) /
control-face-law-webkit :: no tape covers a control at ANY scroll pose, top t | webkit | failed | Error: no tape covers a control at any pose  [2mexpect([22m[31mreceived[39m[2m).[22mtoEqual[2m([22m[32mexpected[39m[2m) // deep equality[22m | occl
control-face-law-webkit :: no tape covers a control at ANY scroll pose, top t | webkit | failed | Error: no tape covers a control at any pose  [2mexpect([22m[31mreceived[39m[2m).[22mtoEqual[2m([22m[32mexpected[39m[2m) // deep equality[22m | occl
control-face-law-webkit :: THE REGISTRATION TOOK and THE PUBLISHER RAN, with  | webkit | failed | Error: THE REGISTRATION TOOK: an invalid --card-pad-t inherits the card's value  [2mexpect([22m[31mreceived[39m[2m).[22mtoBe[2m([22m[32mexpected[39m
control-face-law-webkit :: THE REGISTRATION TOOK and THE PUBLISHER RAN, with  | webkit | failed | Error: THE REGISTRATION TOOK: an invalid --card-pad-t inherits the card's value  [2mexpect([22m[31mreceived[39m[2m).[22mtoBe[2m([22m[32mexpected[39m
control-face-law-webkit :: each ring site shows a dashed --ring-ink ring on : | webkit | failed | Error: .mobile-heading-btn draws a ring (outlineStyle)  [2mexpect([22m[31mreceived[39m[2m).[22mtoBe[2m([22m[32mexpected[39m[2m) // Object.is equalit
control-face-law-webkit :: each ring site shows a dashed --ring-ink ring on : | webkit | failed | Error: .tray-well .ctrl-btn draws a ring (outlineStyle)  [2mexpect([22m[31mreceived[39m[2m).[22mtoBe[2m([22m[32mexpected[39m[2m) // Object.is equali
control-face-law-webkit :: G1 zone ≤ 320 · G2 one line per staged group · G3  | webkit | failed | Error: G1: the new-game zone ≤ 320 at 1280×800 fine (HEAD 503.19)  [2mexpect([22m[31mreceived[39m[2m).[22mtoBeLessThanOrEqual[2m([22m[32mexpected[39m
control-face-law-webkit :: the two words' PAINTED glyph bottoms are within 1. | webkit | failed | Error: G5: Deal and dealt share a painted baseline  [2mexpect([22m[31mreceived[39m[2m).[22mtoBeLessThanOrEqual[2m([22m[32mexpected[39m[2m)[22m | m1
control-face-law-webkit :: the two words' PAINTED glyph bottoms are within 1. | webkit | failed | Error: G5: Deal and dealt share a painted baseline  [2mexpect([22m[31mreceived[39m[2m).[22mtoBeLessThanOrEqual[2m([22m[32mexpected[39m[2m)[22m | m1
control-face-law-webkit :: the two words' PAINTED glyph bottoms are within 1. | webkit | failed | Error: [2mexpect([22m[31mlocator[39m[2m).[22mtoHaveText[2m([22m[32mexpected[39m[2m)[22m failed  Locator:  locator('.controls-card:visible .deal-btn
control-face-law-webkit :: the two words' PAINTED glyph bottoms are within 1. | webkit | failed | Error: G5: Deal and dealt share a painted baseline  [2mexpect([22m[31mreceived[39m[2m).[22mtoBeLessThanOrEqual[2m([22m[32mexpected[39m[2m)[22m | m1
control-font-census-chromium :: the ledger holds BOTH directions across two games  | chromium | failed | Error: unledgered mixed-face strings  [2mexpect([22m[31mreceived[39m[2m).[22mtoEqual[2m([22m[32mexpected[39m[2m) // deep equality[22m | 
control-font-census-chromium :: no string renders in two faces except the ones thi | chromium | failed | Error: unledgered mixed-face strings  [2mexpect([22m[31mreceived[39m[2m).[22mtoEqual[2m([22m[32mexpected[39m[2m) // deep equality[22m | 
control-font-census-webkit :: the ledger holds BOTH directions across two games  | webkit | failed | Error: unledgered mixed-face strings  [2mexpect([22m[31mreceived[39m[2m).[22mtoEqual[2m([22m[32mexpected[39m[2m) // deep equality[22m | 
control-font-census-webkit :: no string renders in two faces except the ones thi | webkit | failed | Error: unledgered mixed-face strings  [2mexpect([22m[31mreceived[39m[2m).[22mtoEqual[2m([22m[32mexpected[39m[2m) // deep equality[22m | 
control-keys-crib-chromium :: the crib opens where it was asked for — 1280×800 f | chromium | failed | Error: G1: every key and its meaning is the topmost thing at its own centre  [2mexpect([22m[31mreceived[39m[2m).[22mtoBe[2m([22m[32mexpected[39m[2
control-keys-crib-chromium :: the crib opens where it was asked for — 1280×800 f | chromium | failed | Error: G1: every key and its meaning is the topmost thing at its own centre  [2mexpect([22m[31mreceived[39m[2m).[22mtoBe[2m([22m[32mexpected[39m[2
control-keys-crib-chromium :: the crib opens where it was asked for — 1024×768 f | chromium | failed | Error: G1: every key and its meaning is the topmost thing at its own centre  [2mexpect([22m[31mreceived[39m[2m).[22mtoBe[2m([22m[32mexpected[39m[2
control-keys-crib-chromium :: the crib opens where it was asked for — 1024×768 f | chromium | failed | Error: G1: every key and its meaning is the topmost thing at its own centre  [2mexpect([22m[31mreceived[39m[2m).[22mtoBe[2m([22m[32mexpected[39m[2
control-keys-crib-webkit :: the crib opens where it was asked for — 1280×800 f | webkit | failed | Error: G1: every key and its meaning is the topmost thing at its own centre  [2mexpect([22m[31mreceived[39m[2m).[22mtoBe[2m([22m[32mexpected[39m[2m)
control-keys-crib-webkit :: the crib opens where it was asked for — 1280×800 f | webkit | failed | Error: G1: every key and its meaning is the topmost thing at its own centre  [2mexpect([22m[31mreceived[39m[2m).[22mtoBe[2m([22m[32mexpected[39m[2m)
control-keys-crib-webkit :: the crib opens where it was asked for — 1024×768 f | webkit | failed | Error: G1: every key and its meaning is the topmost thing at its own centre  [2mexpect([22m[31mreceived[39m[2m).[22mtoBe[2m([22m[32mexpected[39m[2m)
control-keys-crib-webkit :: the crib opens where it was asked for — 1024×768 f | webkit | failed | Error: G1: every key and its meaning is the topmost thing at its own centre  [2mexpect([22m[31mreceived[39m[2m).[22mtoBe[2m([22m[32mexpected[39m[2m)
control-visual-regression-chromium :: the deal receipt keeps off the commit verb, hover  | chromium | failed | Error: the receipt keeps the seam off the verb  [2mexpect([22m[31mreceived[39m[2m).[22mtoBeGreaterThanOrEqual[2m([22m[32mexpected[39m[2m)[22m | 
control-visual-regression-chromium :: the iPad coarse card stays under the P1 seal: the  | chromium | failed | Error: what the seal bought: the two row captions at the printed rung  [2mexpect([22m[31mreceived[39m[2m).[22mtoBeGreaterThanOrEqual[2m([22m[32mexpe
control-visual-regression-webkit :: the deal receipt keeps off the commit verb, hover  | webkit | failed | Error: the receipt keeps the seam off the verb  [2mexpect([22m[31mreceived[39m[2m).[22mtoBeGreaterThanOrEqual[2m([22m[32mexpected[39m[2m)[22m | 
control-visual-regression-webkit :: the iPad coarse card stays under the P1 seal: the  | webkit | failed | Error: what the seal bought: the two row captions at the printed rung  [2mexpect([22m[31mreceived[39m[2m).[22mtoBeGreaterThanOrEqual[2m([22m[32mexpect
tree-face-law-chromium :: no tape covers a control at ANY scroll pose, top t | chromium | failed | Error: the walk's plant (a 16 px deeper tape) reds it  [2mexpect([22m[31mreceived[39m[2m).[22mtoBeGreaterThan[2m([22m[32mexpected[39m[2m)[22m | o
tree-face-law-webkit :: no tape covers a control at ANY scroll pose, top t | webkit | failed | Error: the walk's plant (a 16 px deeper tape) reds it  [2mexpect([22m[31mreceived[39m[2m).[22mtoBeGreaterThan[2m([22m[32mexpected[39m[2m)[22m | occ
