# row 12a — keys in a STRICT sublabel group (check-font-coverage), bare
tree clean: EXIT 0 (departures: Fraunces 'Board Size', Patrick Hand 'teacher's')
PLANT keys call site deleted (sha c293c367d3fe restored): EXIT 1 — 'keys is declared and no longer rendered. This group is STRICT'
restored: EXIT 0
# row 5 — CHECK 7 file plants (OptionSelector.vue, sha f312e3d30fd5 restored after each)
plant [s|^\.ctrl-word {|.ctrl-word { font: 400 1rem "Comic Sans MS", cursive;|] changed-lines=1 EXIT 1 ::   · the face law (check 7): src/pencil/chrome/OptionSelector/OptionSelector.vue sets `.ctrl-word { font: 400 1rem "Comic Sans MS", cursive }`. A literal family 
plant [s|<span class="ctrl-word">|<span class="font-[Comic_Sans_MS] ctrl-word">|] changed-lines=1 EXIT 1 ::   · the face law (check 7): src/pencil/chrome/OptionSelector/OptionSelector.vue carries `class font-[Comic_Sans_MS]`, a literal family from a template. Read a `
plant [s|^\.ctrl-word {|.ctrl-word { font-family: "Comic Sans MS", cursive;|] changed-lines=1 EXIT 1 ::   · the face law (check 7): src/pencil/chrome/OptionSelector/OptionSelector.vue sets `.ctrl-word { font-family: "Comic Sans MS", cursive }`. A literal family is
plant [s|^\.ctrl-word {|.ctrl-word { font: 400 1rem var(--face-printed);|] changed-lines=1 EXIT 0 :: 
restored sha f312e3d30fd5
clean EXIT 0
# row 4 — check-face-engine-identity binds the SERVED artifact (dev: src digest; dist: dist/index.html names + dist newer than every src file); KeyboardLegend.vue in STAMP_FILES; two new self-test plants (no served field; a stale index-*.js). Readings after the dist battery below.
# row 7 / INTAKE row 2 — `--action-bar-h` writes per crib open (instruments/publisher.mjs, chromium, dev :4234 vs control :4232, load avg 180–203 on the box)
proto-dev (parked publisher, before the unchanged-value guard): writes/open [2,2,2,2] · writes/close [1,1,1,1]
proto-dev (parked + guard): writes/open [1,1,1,1] · writes/close [1,1,1,1] · final bar-h 223px open / 121px closed
control: writes/open [0,0,0,0] (the crib is not in the bar on the control)
# row 1/2 — the walked gate (face-law "the case-wide occlusion gate, walked"), chromium, dev :4234 vs control :4232
tree BEFORE arm A: 1440 34 poses (range 163) → 13 covered, worst 665px² "new game" over "Medium" st 163 STUCK · 390 10 poses (range 42) → 8 covered, worst 1357.8px² "new game" over "Size" st 35 STUCK
control 74a2b5d9: 1440 102 poses (range 504) → 53 covered, worst 358.6px² "new game" over "4×4" st 55 STUCK · 390 16 poses (range 71) → 3 covered, worst 0.9px² st 71 STUCK  (born-RED on the control: the walk reds it)
arm A, offsetHeight form: 1440 36 poses → 10 covered worst 131.7 (the tilt: rect 31.5 vs offsetHeight 28) · 390 → 14 covered worst 1544.5 (card-pad-t published stale: 2.4 vs padding 30.4)
arm A, rect-height, published first: 1440 37 poses (range 178) → 0 · 390 15 poses (range 70) → 0 · plant (tapes +16px deep): 6/49 and 5/31 poses covered (RED)
# row 3 — the rest gate re-cut (ceilings struck → the fold law), chromium
tree 390: below 0 · dissolving players 92.21% · CUT 0 · novel 0 · fold ablation (fade struck, bar 0px up) → players cut 7.79% · plant div → 89.04% on "new game"
tree 1280: below 6 [Off, On, checking, Ask, Live, players] · dissolving what fits 96.63% · CUT 0 · novel 0 · fold ablation (fade struck, 3px up) → what fits 6.01%, players 69.89% · plant div 89.04%
control 390: dissolving players 100% · CUT 0 · ablation 3px → players 12.51% · control 1280: below [pencils, marks] · CUT 0 · ablation 24px → marks 84.54%
the pass-5 ceiling table on arm A (before the re-cut): 6 of 8 pairs "over" on a card with no new surface — the table measured which names sit in the bar's band
# row 4 — check-face-engine-identity on the dist census (index-DuV3ixM3UGGf.js / index-BhSoPY4QdgH8.css, served :4236), bare
clean --self-test: EXIT 0 · 14 chips · painted mark 32.667 / 32 @dpr3 · 8 plants bite (2 new: no served field; a stale index-*.js)
the critic's scenario: 6ch planted in GameControlPanel.vue, census restamped to the planted src digest (a face-law re-run against the UNREBUILT dist): EXIT 1 — 'the served dist predates src/games/shared/GameControlPanel.vue (edited after the build)' both engines; restored by cp -p (sha a8c0bcb5c437, mtime kept): EXIT 0
limitation, stated: freshness is mtime (dist/index.html newer than every src file); a revert that bumps mtime reads stale until rebuilt (safe side); a dev census (/src/main.ts) keeps the src digest as its artifact

# B-1 (instruments/b1-arms.mjs, dist :4236, one payload, every 5px of scroll)
{"engine":"chromium","cell":"1440x900-fine","arm":"A","givensOk":true,"poses":37,"max":178,"covered":0,"worst":null,"restPadT":"34.4px","tapeH":31.54,"card":[919,174.171875,330,640]}
{"engine":"chromium","cell":"1440x900-fine","arm":"none","givensOk":true,"poses":34,"max":163,"covered":13,"worst":{"st":163,"tape":"new game","control":"Medium","px":665},"restPadT":"20px","tapeH":31.54,"card":[919,174.171875,330,640]}
{"engine":"chromium","cell":"1440x900-fine","arm":"B","givensOk":true,"poses":34,"max":163,"covered":0,"worst":null,"restPadT":"20px","tapeH":17.98,"card":[919,174.171875,330,640]}
{"engine":"chromium","cell":"390x844-coarse","arm":"A","givensOk":true,"poses":15,"max":70,"covered":0,"worst":null,"restPadT":"34.4px","tapeH":31.54,"card":[0,216,390,628]}
{"engine":"chromium","cell":"390x844-coarse","arm":"none","givensOk":true,"poses":10,"max":42,"covered":8,"worst":{"st":35,"tape":"new game","control":"Size","px":1357.8},"restPadT":"6px","tapeH":31.54,"card":[0,216,390,628]}
{"engine":"chromium","cell":"390x844-coarse","arm":"B","givensOk":true,"poses":10,"max":42,"covered":6,"worst":{"st":35,"tape":"new game","control":"Size","px":144.5},"restPadT":"6px","tapeH":17.5,"card":[0,216,390,628]}
{"engine":"webkit","cell":"1440x900-fine","arm":"A","givensOk":true,"poses":37,"max":177,"covered":0,"worst":null,"restPadT":"34.400002px","tapeH":31.52,"card":[919,173.875,330,640]}
{"engine":"webkit","cell":"1440x900-fine","arm":"none","givensOk":true,"poses":34,"max":163,"covered":13,"worst":{"st":163,"tape":"new game","control":"Medium","px":666.1},"restPadT":"20px","tapeH":31.52,"card":[919,173.875,330,640]}
{"engine":"webkit","cell":"1440x900-fine","arm":"B","givensOk":true,"poses":34,"max":163,"covered":0,"worst":null,"restPadT":"20px","tapeH":17.96,"card":[919,173.875,330,640]}
{"engine":"webkit","cell":"390x844-coarse","arm":"A","givensOk":true,"poses":16,"max":71,"covered":0,"worst":null,"restPadT":"34.400002px","tapeH":31.52,"card":[0,216,390,627.984375]}
{"engine":"webkit","cell":"390x844-coarse","arm":"none","givensOk":true,"poses":10,"max":42,"covered":8,"worst":{"st":35,"tape":"new game","control":"Size","px":1356.7},"restPadT":"6px","tapeH":31.52,"card":[0,216,390,627.984375]}
{"engine":"webkit","cell":"390x844-coarse","arm":"B","givensOk":true,"poses":10,"max":42,"covered":6,"worst":{"st":35,"tape":"new game","control":"Size","px":144.3},"restPadT":"6px","tapeH":17.5,"card":[0,216,390,627.984375]}

# T9-B14 (instruments/ring-arm.mjs, dev :4234, KEYS_ARM flipped and restored sha a8c0bcb5c437; chromium DPR2)
{"engine":"chromium","label":"verb","light":{"givens":"530070000600195000098000060800060003400803001700020006060000280000419005000080079","card":[825.89,140.45,324.22,608],"board":[129.89,5.53,1020.22,788.94],"bar":[845.89,627.64,284.22,64.81],"verbs":[[854.92,634.03,46,56.03],[909.95,634.03,46,56.03],[965,634.03,46,56.03],[1020.03,634.03,46,56.03],[1075.06,634.03,46,56.03]],"info":[1075.06,634.03,46,56.03],"infoTag":"BUTTON","ringSvg":false,"filtersInCard":5,"urlFiltersInPage":24,"ringPaint":{"n":0}},"dark":{"givens":"530070000600195000098000060800060003400803001700020006060000280000419005000080079","card":[825.89,140.45,324.22,608],"board":[129.89,5.53,1020.22,788.94],"bar":[845.89,627.64,284.22,64.81],"verbs":[[854.92,634.03,46,56.03],[909.95,634.03,46,56.03],[965,634.03,46,56.03],[1020.03,634.03,46,56.03],[1075.06,634.03,46,56.03]],"info":[1075.06,634.03,46,56.03],"infoTag":"BUTTON","ringSvg":false,"filtersInCard":5,"urlFiltersInPage":24,"ringPaint":{"n":0}}}
{"engine":"chromium","label":"ring","light":{"givens":"530070000600195000098000060800060003400803001700020006060000280000419005000080079","card":[825.89,140.45,324.22,608],"board":[129.89,5.53,1020.22,788.94],"bar":[845.89,627.64,284.22,64.81],"verbs":[[859.53,634.03,46,56.03],[919.17,634.03,46,56.03],[978.81,634.03,46,56.03],[1038.47,634.03,46,56.03]],"info":[1098.11,646.05,32,32],"infoTag":"BUTTON","ringSvg":true,"filtersInCard":5,"urlFiltersInPage":24,"ringPaint":{"n":796,"median":4.726,"p90":4.726,"under3":0.352}},"dark":{"givens":"530070000600195000098000060800060003400803001700020006060000280000419005000080079","card":[825.89,140.45,324.22,608],"board":[129.89,5.53,1020.22,788.94],"bar":[845.89,627.64,284.22,64.81],"verbs":[[859.53,634.03,46,56.03],[919.17,634.03,46,56.03],[978.81,634.03,46,56.03],[1038.47,634.03,46,56.03]],"info":[1098.11,646.05,32,32],"infoTag":"BUTTON","ringSvg":true,"filtersInCard":5,"urlFiltersInPage":24,"ringPaint":{"n":792,"median":5.554,"p90":5.554,"under3":0.283}}}

# M17 ballots (instruments/m17-frames.mjs, dist :4236)
{"engine":"chromium","pair":"B16","arm":"A-component","zoneH":303.28,"scrollH":817,"lines":[1,1,1,1,1],"dealBottom":480.53,"fadeTop":595.64,"minChip":[42.56,38],"scrollW":318,"clientW":318}
{"engine":"chromium","pair":"B16","arm":"B-staged-only","zoneH":303.28,"scrollH":997,"lines":[1,1,3,1,3],"dealBottom":480.53,"fadeTop":595.64,"minChip":[48.48,38],"scrollW":318,"clientW":318}
{"engine":"chromium","pair":"B17","arm":"a-beside","zoneH":303.28,"scrollH":817,"lines":[1,1,1,1,1],"dealBottom":480.53,"fadeTop":595.64,"minChip":[42.56,38],"scrollW":318,"clientW":318}
{"engine":"chromium","pair":"B17","arm":"b-under","zoneH":342.06,"scrollH":855,"lines":[1,1,1,1,1],"dealBottom":480.53,"fadeTop":595.64,"minChip":[42.56,38],"scrollW":318,"clientW":318}
{"engine":"chromium","pair":"B18","arm":"a-line","zoneH":303.28,"scrollH":817,"lines":[1,1,1,1,1],"dealBottom":480.53,"fadeTop":595.64,"minChip":[42.56,38],"scrollW":318,"clientW":318}
{"engine":"chromium","pair":"B18","arm":"b-kept-column","zoneH":303.28,"scrollH":907,"lines":[1,1,3,1,1],"dealBottom":480.53,"fadeTop":595.64,"minChip":[42.56,38],"scrollW":318,"clientW":318}
{"engine":"chromium","pair":"B19","arm":"a-intrinsic","zoneH":303.28,"scrollH":817,"lines":[1,1,1,1,1],"dealBottom":480.53,"fadeTop":595.64,"minChip":[42.56,38],"scrollW":318,"clientW":318}
{"engine":"chromium","pair":"B19","arm":"b-grown","zoneH":303.28,"scrollH":817,"lines":[1,1,1,1,1],"dealBottom":480.53,"fadeTop":595.64,"minChip":[76.64,38],"scrollW":318,"clientW":318}
{"engine":"chromium","pair":"B20","arm":"a-grown-2+1","zoneH":411.25,"scrollH":1083,"lines":[2,2,2,1,1],"dealBottom":588.5,"fadeTop":595.64,"minChip":[47.05,44],"scrollW":282,"clientW":218}
{"engine":"chromium","pair":"B20","arm":"b-kept-column","zoneH":513.63,"scrollH":1339,"lines":[3,3,3,1,3],"dealBottom":690.88,"fadeTop":595.64,"minChip":[80.41,44],"scrollW":282,"clientW":218}
{"engine":"webkit","pair":"B16","arm":"A-component","zoneH":303.23,"scrollH":816,"lines":[1,1,1,1,1],"dealBottom":480.19,"fadeTop":595.34,"minChip":[42.56,38],"scrollW":318,"clientW":318}
{"engine":"webkit","pair":"B16","arm":"B-staged-only","zoneH":303.23,"scrollH":997,"lines":[1,1,3,1,3],"dealBottom":480.19,"fadeTop":595.34,"minChip":[48.48,38],"scrollW":318,"clientW":318}
{"engine":"webkit","pair":"B17","arm":"a-beside","zoneH":303.23,"scrollH":816,"lines":[1,1,1,1,1],"dealBottom":480.19,"fadeTop":595.34,"minChip":[42.56,38],"scrollW":318,"clientW":318}
{"engine":"webkit","pair":"B17","arm":"b-under","zoneH":342.19,"scrollH":855,"lines":[1,1,1,1,1],"dealBottom":480.19,"fadeTop":595.34,"minChip":[42.56,38],"scrollW":318,"clientW":318}
{"engine":"webkit","pair":"B18","arm":"a-line","zoneH":303.23,"scrollH":816,"lines":[1,1,1,1,1],"dealBottom":480.19,"fadeTop":595.34,"minChip":[42.56,38],"scrollW":318,"clientW":318}
{"engine":"webkit","pair":"B18","arm":"b-kept-column","zoneH":303.23,"scrollH":907,"lines":[1,1,3,1,1],"dealBottom":480.19,"fadeTop":595.34,"minChip":[42.56,38],"scrollW":318,"clientW":318}
{"engine":"webkit","pair":"B19","arm":"a-intrinsic","zoneH":303.23,"scrollH":816,"lines":[1,1,1,1,1],"dealBottom":480.19,"fadeTop":595.34,"minChip":[42.56,38],"scrollW":318,"clientW":318}
{"engine":"webkit","pair":"B19","arm":"b-grown","zoneH":303.23,"scrollH":816,"lines":[1,1,1,1,1],"dealBottom":480.19,"fadeTop":595.34,"minChip":[76.67,38],"scrollW":318,"clientW":318}
{"engine":"webkit","pair":"B20","arm":"a-grown-2+1","zoneH":411.2,"scrollH":1083,"lines":[2,2,2,1,1],"dealBottom":588.16,"fadeTop":578.34,"minChip":[48,44],"scrollW":282,"clientW":218}
{"engine":"webkit","pair":"B20","arm":"b-kept-column","zoneH":513.58,"scrollH":1339,"lines":[3,3,3,1,3],"dealBottom":690.53,"fadeTop":578.34,"minChip":[80.41,44],"scrollW":282,"clientW":218}

# AA glyph-text statistic + 40% ink plant (instruments/aa-glyph.mjs, DPR2, dist :4236 vs control :4232)
control | chromium | light | unselected chip | med 4.659 under4.5 0.281 (2nd 4.159/1) · 40% → 1.662 RED
control | chromium | light | selected level chip | med 4.897 under4.5 0.168 (2nd 4.576/0.195) · 40% → 1.718 RED
control | chromium | light | level h2 | med 4.897 under4.5 0.125 (2nd 3.838/1) · 40% → dropped RED
control | chromium | light | deal sublabel | med 4.659 under4.5 0.32 (2nd 4.659/0.32) · 40% → 1.679 RED
control | chromium | light | dealt | med 5.236 under4.5 0.303 (2nd 5.236/0.303) · 40% → 1.733 RED
control | chromium | light | keys sublabel | ABSENT
control | chromium | dark | unselected chip | med 7.681 under4.5 0.009 (2nd 7.681/0.009) · 40% → dropped RED
control | chromium | dark | selected level chip | med 10.233 under4.5 0 (2nd 9.227/0) · 40% → dropped RED
control | chromium | dark | level h2 | med 10.233 under4.5 0 (2nd 8.907/0) · 40% → dropped RED
control | chromium | dark | deal sublabel | med 7.681 under4.5 0.014 (2nd 7.681/0.014) · 40% → dropped RED
control | chromium | dark | dealt | med 6.014 under4.5 0.07 (2nd 6.014/0.07) · 40% → dropped RED
control | chromium | dark | keys sublabel | ABSENT
control | webkit | light | unselected chip | med 4.659 under4.5 0.306 (2nd 4.659/0.306) · 40% → 1.679 RED
control | webkit | light | selected level chip | med 4.897 under4.5 0.204 (2nd 4.897/0.204) · 40% → 1.75 RED
control | webkit | light | level h2 | med 4.897 under4.5 0.126 (2nd 2.835/1) · 40% → dropped RED
control | webkit | light | deal sublabel | med 4.659 under4.5 0.333 (2nd 4.659/0.333) · 40% → 1.679 RED
control | webkit | light | dealt | med 5.236 under4.5 0.303 (2nd 5.236/0.303) · 40% → 1.733 RED
control | webkit | light | keys sublabel | ABSENT
control | webkit | dark | unselected chip | med 7.681 under4.5 0.004 (2nd 7.681/0.004) · 40% → dropped RED
control | webkit | dark | selected level chip | med 10.233 under4.5 0 (2nd 8.781/0) · 40% → dropped RED
control | webkit | dark | level h2 | med 10.233 under4.5 0 (2nd 8.749/0) · 40% → dropped RED
control | webkit | dark | deal sublabel | med 7.681 under4.5 0.009 (2nd 7.681/0.009) · 40% → dropped RED
control | webkit | dark | dealt | med 6.069 under4.5 0.076 (2nd 6.069/0.076) · 40% → dropped RED
control | webkit | dark | keys sublabel | ABSENT
tree | chromium | light | unselected chip | med 4.659 under4.5 0.281 (2nd 4.659/0.281) · 40% → 1.679 RED
tree | chromium | light | selected level chip | med 4.897 under4.5 0.273 (2nd 4.897/0.273) · 40% → 1.751 RED
tree | chromium | light | level h2 | med 4.897 under4.5 0.125 (2nd 4.897/0.125) · 40% → 1.751 RED
tree | chromium | light | deal sublabel | med 4.659 under4.5 0.323 (2nd 4.659/0.323) · 40% → 1.679 RED
tree | chromium | light | dealt | med 5.236 under4.5 0.305 (2nd 5.236/0.305) · 40% → 1.733 RED
tree | chromium | light | keys sublabel | med 4.659 under4.5 0.398 (2nd 4.659/0.396) · 40% → 1.697 RED
tree | chromium | dark | unselected chip | med 7.681 under4.5 0.005 (2nd 7.681/0.005) · 40% → dropped RED
tree | chromium | dark | selected level chip | med 10.233 under4.5 0 (2nd 10.233/0) · 40% → dropped RED
tree | chromium | dark | level h2 | med 10.233 under4.5 0 (2nd 10.233/0) · 40% → dropped RED
tree | chromium | dark | deal sublabel | med 7.681 under4.5 0.01 (2nd 7.681/0.01) · 40% → dropped RED
tree | chromium | dark | dealt | med 6.014 under4.5 0.068 (2nd 6.014/0.068) · 40% → dropped RED
tree | chromium | dark | keys sublabel | med 7.681 under4.5 0.022 (2nd 7.681/0.019) · 40% → dropped RED
tree | webkit | light | unselected chip | med 4.659 under4.5 0.308 (2nd 4.659/0.308) · 40% → 1.679 RED
tree | webkit | light | selected level chip | med 4.897 under4.5 0.302 (2nd 4.897/0.302) · 40% → 1.75 RED
tree | webkit | light | level h2 | med 4.897 under4.5 0.126 (2nd 4.897/0.126) · 40% → 1.75 RED
tree | webkit | light | deal sublabel | med 4.659 under4.5 0.323 (2nd 4.659/0.323) · 40% → 1.679 RED
tree | webkit | light | dealt | med 5.236 under4.5 0.3 (2nd 5.236/0.3) · 40% → 1.733 RED
tree | webkit | light | keys sublabel | med 4.659 under4.5 0.413 (2nd 4.659/0.413) · 40% → 1.679 RED
tree | webkit | dark | unselected chip | med 7.681 under4.5 0.029 (2nd 7.681/0.029) · 40% → dropped RED
tree | webkit | dark | selected level chip | med 10.233 under4.5 0 (2nd 10.233/0) · 40% → dropped RED
tree | webkit | dark | level h2 | med 10.233 under4.5 0 (2nd 10.233/0) · 40% → dropped RED
tree | webkit | dark | deal sublabel | med 7.681 under4.5 0.009 (2nd 7.681/0.009) · 40% → dropped RED
tree | webkit | dark | dealt | med 6.069 under4.5 0.077 (2nd 6.069/0.077) · 40% → dropped RED
tree | webkit | dark | keys sublabel | med 7.681 under4.5 0.024 (2nd 7.681/0.024) · 40% → dropped RED

[exited with code 0]

# seal (instruments/seal-read.mjs)
chromium tree shipped 992.94 · hand rung 961.69 (Δ31.25) · unpaid 1060.13 · EXTENDED 1354.84 | control 1227.09 · 1294.28 · 1294.28
webkit tree shipped 992.81 · 961.59 (Δ31.22) · 1060 · 1354.89 | control 1227.06 · 1294.25

# vitest, chunked by directory (tree)
src/games EXIT 0  Test Files 57 passed (57)  Tests 742 passed (742) 
src/pencil EXIT 0  Test Files 8 passed (8)  Tests 73 passed (73) 
src/composables EXIT 0  Test Files 3 passed (3)  Tests 16 passed (16) 
VITEST-DONE
src/lib: no test files (vitest exits 1 on an empty filter); total 68 files / 831 tests, all passed
# vue-tsc -b: 0 (final build)
# face-law final dist index-x0ZH4Sjqstwx.js: chromium 41/41; webkit 36/41 (load 217–328: 3 timeouts, the fold ablation, G5-armed) then 41/41 bare re-run; keys-crib 4/4 · 4/4; check-face-engine-identity --self-test PASS
# the pre-return battery
lint-copy | tree 0 | control 0
lint-lanes | tree 0 | control 0
lint-theme-tokens | tree 0 | control 0
lint-theme-selectors | tree 0 | control 0
lint-sleep | tree 0 | control 0
lint-motion | tree 0 | control 0
lint-ink | tree 0 | control 0
lint-catch | tree 0 | control 0
lint-live-regions | tree 0 | control 0
test-e2e-projects | tree 1 | control 0
test-e2e-retries | tree 0 | control 0
test-support-floor | tree 0 | control 0
test-font-coverage | tree 0 | control 0
lint-face-engine | tree 0 | control 1
lint-boundary | tree 0 | control 0
eslint | tree 0 | control 0
npm-run-lint | tree 1 | control 0
vue-tsc-e2e | tree 0 | control 0
LINT-DONE
npm-run-lint re-run after prettier --write on 3 files: 0
