    Finished `bench` profile [optimized + debuginfo] target(s) in 0.19s
warning: the following packages contain code that will be rejected by a future version of Rust: proc-macro-error2 v2.0.1
note: to see what the problems were, use the option `--future-incompat-report`, or run `cargo report future-incompatibilities --id 1`
     Running benches/cost_finite_domain.rs (target/release/deps/cost_finite_domain-6fd85e143da8f100)
Gnuplot not found, using plotters backend
Benchmarking min_cost_cached/cold/10
Benchmarking min_cost_cached/cold/10: Warming up for 3.0000 s
Benchmarking min_cost_cached/cold/10: Collecting 100 samples in estimated 5.0000 s (35M iterations)
Benchmarking min_cost_cached/cold/10: Analyzing
min_cost_cached/cold/10 time:   [65.644 ns 65.955 ns 66.255 ns]
Found 4 outliers among 100 measurements (4.00%)
  3 (3.00%) low mild
  1 (1.00%) high mild
Benchmarking min_cost_cached/cached/10
Benchmarking min_cost_cached/cached/10: Warming up for 3.0000 s
Benchmarking min_cost_cached/cached/10: Collecting 100 samples in estimated 5.0006 s (33M iterations)
Benchmarking min_cost_cached/cached/10: Analyzing
min_cost_cached/cached/10
                        time:   [30.550 ns 30.632 ns 30.720 ns]
Found 8 outliers among 100 measurements (8.00%)
  1 (1.00%) low mild
  3 (3.00%) high mild
  4 (4.00%) high severe
Benchmarking min_cost_cached/cold/50
Benchmarking min_cost_cached/cold/50: Warming up for 3.0000 s
Benchmarking min_cost_cached/cold/50: Collecting 100 samples in estimated 5.0004 s (16M iterations)
Benchmarking min_cost_cached/cold/50: Analyzing
min_cost_cached/cold/50 time:   [179.14 ns 179.75 ns 180.41 ns]
Found 11 outliers among 100 measurements (11.00%)
  5 (5.00%) low mild
  3 (3.00%) high mild
  3 (3.00%) high severe
Benchmarking min_cost_cached/cached/50
Benchmarking min_cost_cached/cached/50: Warming up for 3.0000 s
Benchmarking min_cost_cached/cached/50: Collecting 100 samples in estimated 5.0012 s (16M iterations)
Benchmarking min_cost_cached/cached/50: Analyzing
min_cost_cached/cached/50
                        time:   [41.363 ns 41.527 ns 41.695 ns]
Found 3 outliers among 100 measurements (3.00%)
  3 (3.00%) high mild
Benchmarking min_cost_cached/cold/200
Benchmarking min_cost_cached/cold/200: Warming up for 3.0000 s
Benchmarking min_cost_cached/cold/200: Collecting 100 samples in estimated 5.0027 s (3.9M iterations)
Benchmarking min_cost_cached/cold/200: Analyzing
min_cost_cached/cold/200
                        time:   [828.42 ns 835.26 ns 843.38 ns]
Found 8 outliers among 100 measurements (8.00%)
  2 (2.00%) high mild
  6 (6.00%) high severe
Benchmarking min_cost_cached/cached/200
Benchmarking min_cost_cached/cached/200: Warming up for 3.0000 s
Benchmarking min_cost_cached/cached/200: Collecting 100 samples in estimated 5.0050 s (3.9M iterations)
Benchmarking min_cost_cached/cached/200: Analyzing
min_cost_cached/cached/200
                        time:   [43.189 ns 43.567 ns 43.969 ns]
Found 6 outliers among 100 measurements (6.00%)
  4 (4.00%) high mild
  2 (2.00%) high severe
Benchmarking min_cost_cached/cold/1000
Benchmarking min_cost_cached/cold/1000: Warming up for 3.0000 s
Benchmarking min_cost_cached/cold/1000: Collecting 100 samples in estimated 5.0158 s (667k iterations)
Benchmarking min_cost_cached/cold/1000: Analyzing
min_cost_cached/cold/1000
                        time:   [5.2941 µs 5.3244 µs 5.3558 µs]
Found 2 outliers among 100 measurements (2.00%)
  2 (2.00%) low mild
Benchmarking min_cost_cached/cached/1000
Benchmarking min_cost_cached/cached/1000: Warming up for 3.0000 s
Benchmarking min_cost_cached/cached/1000: Collecting 100 samples in estimated 5.0110 s (581k iterations)
Benchmarking min_cost_cached/cached/1000: Analyzing
min_cost_cached/cached/1000
                        time:   [49.757 ns 51.048 ns 52.406 ns]
Found 4 outliers among 100 measurements (4.00%)
  4 (4.00%) high mild

Benchmarking min_cost_after_prune/prune_then_min/10
Benchmarking min_cost_after_prune/prune_then_min/10: Warming up for 3.0000 s
Benchmarking min_cost_after_prune/prune_then_min/10: Collecting 100 samples in estimated 5.0010 s (24M iterations)
Benchmarking min_cost_after_prune/prune_then_min/10: Analyzing
min_cost_after_prune/prune_then_min/10
                        time:   [72.130 ns 74.006 ns 75.635 ns]
Benchmarking min_cost_after_prune/prune_then_min/50
Benchmarking min_cost_after_prune/prune_then_min/50: Warming up for 3.0000 s
Benchmarking min_cost_after_prune/prune_then_min/50: Collecting 100 samples in estimated 5.0032 s (6.5M iterations)
Benchmarking min_cost_after_prune/prune_then_min/50: Analyzing
min_cost_after_prune/prune_then_min/50
                        time:   [208.44 ns 219.79 ns 233.87 ns]
Benchmarking min_cost_after_prune/prune_then_min/200
Benchmarking min_cost_after_prune/prune_then_min/200: Warming up for 3.0000 s
Benchmarking min_cost_after_prune/prune_then_min/200: Collecting 100 samples in estimated 5.0093 s (2.5M iterations)
Benchmarking min_cost_after_prune/prune_then_min/200: Analyzing
min_cost_after_prune/prune_then_min/200
                        time:   [786.43 ns 791.69 ns 797.27 ns]
Found 8 outliers among 100 measurements (8.00%)
  3 (3.00%) low mild
  4 (4.00%) high mild
  1 (1.00%) high severe
Benchmarking min_cost_after_prune/prune_then_min/1000
Benchmarking min_cost_after_prune/prune_then_min/1000: Warming up for 3.0000 s
Benchmarking min_cost_after_prune/prune_then_min/1000: Collecting 100 samples in estimated 5.0004 s (298k iterations)
Benchmarking min_cost_after_prune/prune_then_min/1000: Analyzing
min_cost_after_prune/prune_then_min/1000
                        time:   [6.6521 µs 6.8480 µs 7.0668 µs]
Found 2 outliers among 100 measurements (2.00%)
  2 (2.00%) high mild

     Running benches/lattice.rs (target/release/deps/lattice-dcf6af758721cdc7)
Gnuplot not found, using plotters backend
Benchmarking lattice_acyclic_chain/20
Benchmarking lattice_acyclic_chain/20: Warming up for 3.0000 s
Benchmarking lattice_acyclic_chain/20: Collecting 100 samples in estimated 5.0290 s (853k iterations)
Benchmarking lattice_acyclic_chain/20: Analyzing
lattice_acyclic_chain/20
                        time:   [6.3161 µs 6.4138 µs 6.5124 µs]
Benchmarking lattice_acyclic_chain/50
Benchmarking lattice_acyclic_chain/50: Warming up for 3.0000 s
Benchmarking lattice_acyclic_chain/50: Collecting 100 samples in estimated 5.0621 s (348k iterations)
Benchmarking lattice_acyclic_chain/50: Analyzing
lattice_acyclic_chain/50
                        time:   [15.742 µs 15.876 µs 16.012 µs]
Found 4 outliers among 100 measurements (4.00%)
  4 (4.00%) low mild
Benchmarking lattice_acyclic_chain/100
Benchmarking lattice_acyclic_chain/100: Warming up for 3.0000 s
Benchmarking lattice_acyclic_chain/100: Collecting 100 samples in estimated 5.1434 s (162k iterations)
Benchmarking lattice_acyclic_chain/100: Analyzing
lattice_acyclic_chain/100
                        time:   [33.910 µs 34.843 µs 35.969 µs]
Found 2 outliers among 100 measurements (2.00%)
  2 (2.00%) high severe

Benchmarking lattice_acyclic_chain_sweep/20
Benchmarking lattice_acyclic_chain_sweep/20: Warming up for 3.0000 s
Benchmarking lattice_acyclic_chain_sweep/20: Collecting 100 samples in estimated 5.0138 s (1.3M iterations)
Benchmarking lattice_acyclic_chain_sweep/20: Analyzing
lattice_acyclic_chain_sweep/20
                        time:   [3.3935 µs 3.4404 µs 3.4943 µs]
Benchmarking lattice_acyclic_chain_sweep/50
Benchmarking lattice_acyclic_chain_sweep/50: Warming up for 3.0000 s
Benchmarking lattice_acyclic_chain_sweep/50: Collecting 100 samples in estimated 5.0323 s (490k iterations)
Benchmarking lattice_acyclic_chain_sweep/50: Analyzing
lattice_acyclic_chain_sweep/50
                        time:   [9.5889 µs 9.6725 µs 9.7585 µs]
Found 2 outliers among 100 measurements (2.00%)
  2 (2.00%) high mild
Benchmarking lattice_acyclic_chain_sweep/100
Benchmarking lattice_acyclic_chain_sweep/100: Warming up for 3.0000 s
Benchmarking lattice_acyclic_chain_sweep/100: Collecting 100 samples in estimated 5.0504 s (293k iterations)
Benchmarking lattice_acyclic_chain_sweep/100: Analyzing
lattice_acyclic_chain_sweep/100
                        time:   [12.244 µs 12.359 µs 12.474 µs]
Found 2 outliers among 100 measurements (2.00%)
  2 (2.00%) high mild

Benchmarking lattice_cyclic_ring/20
Benchmarking lattice_cyclic_ring/20: Warming up for 3.0000 s
Benchmarking lattice_cyclic_ring/20: Collecting 100 samples in estimated 5.0234 s (1.0M iterations)
Benchmarking lattice_cyclic_ring/20: Analyzing
lattice_cyclic_ring/20  time:   [5.2653 µs 5.3441 µs 5.4340 µs]
Found 10 outliers among 100 measurements (10.00%)
  9 (9.00%) high mild
  1 (1.00%) high severe
Benchmarking lattice_cyclic_ring/50
Benchmarking lattice_cyclic_ring/50: Warming up for 3.0000 s
Benchmarking lattice_cyclic_ring/50: Collecting 100 samples in estimated 5.0429 s (414k iterations)
Benchmarking lattice_cyclic_ring/50: Analyzing
lattice_cyclic_ring/50  time:   [10.428 µs 10.561 µs 10.693 µs]
Found 2 outliers among 100 measurements (2.00%)
  1 (1.00%) high mild
  1 (1.00%) high severe
Benchmarking lattice_cyclic_ring/100
Benchmarking lattice_cyclic_ring/100: Warming up for 3.0000 s
Benchmarking lattice_cyclic_ring/100: Collecting 100 samples in estimated 5.1207 s (212k iterations)
Benchmarking lattice_cyclic_ring/100: Analyzing
lattice_cyclic_ring/100 time:   [25.540 µs 26.946 µs 28.692 µs]
Found 10 outliers among 100 measurements (10.00%)
  9 (9.00%) high mild
  1 (1.00%) high severe
Benchmarking lattice_cyclic_ring/128
Benchmarking lattice_cyclic_ring/128: Warming up for 3.0000 s
Benchmarking lattice_cyclic_ring/128: Collecting 100 samples in estimated 5.0368 s (162k iterations)
Benchmarking lattice_cyclic_ring/128: Analyzing
lattice_cyclic_ring/128 time:   [36.065 µs 37.046 µs 37.917 µs]
Found 1 outliers among 100 measurements (1.00%)
  1 (1.00%) high mild

Benchmarking lattice_cyclic_ring_sweep/20
Benchmarking lattice_cyclic_ring_sweep/20: Warming up for 3.0000 s
Benchmarking lattice_cyclic_ring_sweep/20: Collecting 100 samples in estimated 5.0017 s (1.3M iterations)
Benchmarking lattice_cyclic_ring_sweep/20: Analyzing
lattice_cyclic_ring_sweep/20
                        time:   [3.8008 µs 3.8734 µs 3.9453 µs]
Benchmarking lattice_cyclic_ring_sweep/50
Benchmarking lattice_cyclic_ring_sweep/50: Warming up for 3.0000 s
Benchmarking lattice_cyclic_ring_sweep/50: Collecting 100 samples in estimated 5.0155 s (606k iterations)
Benchmarking lattice_cyclic_ring_sweep/50: Analyzing
lattice_cyclic_ring_sweep/50
                        time:   [7.9181 µs 8.1217 µs 8.2940 µs]
Benchmarking lattice_cyclic_ring_sweep/100
Benchmarking lattice_cyclic_ring_sweep/100: Warming up for 3.0000 s
Benchmarking lattice_cyclic_ring_sweep/100: Collecting 100 samples in estimated 5.0641 s (283k iterations)
Benchmarking lattice_cyclic_ring_sweep/100: Analyzing
lattice_cyclic_ring_sweep/100
                        time:   [21.072 µs 21.605 µs 22.179 µs]
Found 1 outliers among 100 measurements (1.00%)
  1 (1.00%) high mild
Benchmarking lattice_cyclic_ring_sweep/128
Benchmarking lattice_cyclic_ring_sweep/128: Warming up for 3.0000 s
Benchmarking lattice_cyclic_ring_sweep/128: Collecting 100 samples in estimated 5.0936 s (167k iterations)
Benchmarking lattice_cyclic_ring_sweep/128: Analyzing
lattice_cyclic_ring_sweep/128
                        time:   [29.562 µs 30.282 µs 31.126 µs]

Benchmarking lattice_first_set_tree/depth/4_(31n)
Benchmarking lattice_first_set_tree/depth/4_(31n): Warming up for 3.0000 s
Benchmarking lattice_first_set_tree/depth/4_(31n): Collecting 100 samples in estimated 5.0125 s (470k iterations)
Benchmarking lattice_first_set_tree/depth/4_(31n): Analyzing
lattice_first_set_tree/depth/4_(31n)
                        time:   [10.522 µs 10.716 µs 10.909 µs]
Benchmarking lattice_first_set_tree/depth/5_(63n)
Benchmarking lattice_first_set_tree/depth/5_(63n): Warming up for 3.0000 s
Benchmarking lattice_first_set_tree/depth/5_(63n): Collecting 100 samples in estimated 5.0406 s (232k iterations)
Benchmarking lattice_first_set_tree/depth/5_(63n): Analyzing
lattice_first_set_tree/depth/5_(63n)
                        time:   [19.808 µs 20.153 µs 20.488 µs]
Benchmarking lattice_first_set_tree/depth/6_(127n)
Benchmarking lattice_first_set_tree/depth/6_(127n): Warming up for 3.0000 s
Benchmarking lattice_first_set_tree/depth/6_(127n): Collecting 100 samples in estimated 5.1891 s (111k iterations)
Benchmarking lattice_first_set_tree/depth/6_(127n): Analyzing
lattice_first_set_tree/depth/6_(127n)
                        time:   [42.251 µs 42.811 µs 43.386 µs]
Found 3 outliers among 100 measurements (3.00%)
  3 (3.00%) high mild

Benchmarking lattice_first_set_tree_sweep/depth/4_(31n)
Benchmarking lattice_first_set_tree_sweep/depth/4_(31n): Warming up for 3.0000 s
Benchmarking lattice_first_set_tree_sweep/depth/4_(31n): Collecting 100 samples in estimated 5.0047 s (818k iterations)
Benchmarking lattice_first_set_tree_sweep/depth/4_(31n): Analyzing
lattice_first_set_tree_sweep/depth/4_(31n)
                        time:   [6.0857 µs 6.1598 µs 6.2230 µs]
Benchmarking lattice_first_set_tree_sweep/depth/5_(63n)
Benchmarking lattice_first_set_tree_sweep/depth/5_(63n): Warming up for 3.0000 s
Benchmarking lattice_first_set_tree_sweep/depth/5_(63n): Collecting 100 samples in estimated 5.0326 s (419k iterations)
Benchmarking lattice_first_set_tree_sweep/depth/5_(63n): Analyzing
lattice_first_set_tree_sweep/depth/5_(63n)
                        time:   [11.732 µs 11.912 µs 12.101 µs]
Benchmarking lattice_first_set_tree_sweep/depth/6_(127n)
Benchmarking lattice_first_set_tree_sweep/depth/6_(127n): Warming up for 3.0000 s
Benchmarking lattice_first_set_tree_sweep/depth/6_(127n): Collecting 100 samples in estimated 5.0053 s (202k iterations)
Benchmarking lattice_first_set_tree_sweep/depth/6_(127n): Analyzing
lattice_first_set_tree_sweep/depth/6_(127n)
                        time:   [25.035 µs 25.318 µs 25.623 µs]
Found 1 outliers among 100 measurements (1.00%)
  1 (1.00%) high severe

     Running benches/map_coloring.rs (target/release/deps/map_coloring-4b077b12cf2a23e0)
Gnuplot not found, using plotters backend
Benchmarking map_color_australia/first/fc_failfirst
Benchmarking map_color_australia/first/fc_failfirst: Warming up for 3.0000 s
Benchmarking map_color_australia/first/fc_failfirst: Collecting 100 samples in estimated 5.0001 s (1.2M iterations)
Benchmarking map_color_australia/first/fc_failfirst: Analyzing
map_color_australia/first/fc_failfirst
                        time:   [4.4422 µs 4.4700 µs 4.4995 µs]
Found 4 outliers among 100 measurements (4.00%)
  2 (2.00%) high mild
  2 (2.00%) high severe
Benchmarking map_color_australia/all/fc_failfirst
Benchmarking map_color_australia/all/fc_failfirst: Warming up for 3.0000 s
Benchmarking map_color_australia/all/fc_failfirst: Collecting 100 samples in estimated 5.0475 s (485k iterations)
Benchmarking map_color_australia/all/fc_failfirst: Analyzing
map_color_australia/all/fc_failfirst
                        time:   [9.7586 µs 9.9628 µs 10.156 µs]
Found 2 outliers among 100 measurements (2.00%)
  2 (2.00%) high mild
Benchmarking map_color_australia/first/ac3_failfirst
Benchmarking map_color_australia/first/ac3_failfirst: Warming up for 3.0000 s
Benchmarking map_color_australia/first/ac3_failfirst: Collecting 100 samples in estimated 5.0006 s (1.3M iterations)
Benchmarking map_color_australia/first/ac3_failfirst: Analyzing
map_color_australia/first/ac3_failfirst
                        time:   [4.4236 µs 4.4613 µs 4.5024 µs]
Found 3 outliers among 100 measurements (3.00%)
  2 (2.00%) high mild
  1 (1.00%) high severe
Benchmarking map_color_australia/all/ac3_failfirst
Benchmarking map_color_australia/all/ac3_failfirst: Warming up for 3.0000 s
Benchmarking map_color_australia/all/ac3_failfirst: Collecting 100 samples in estimated 5.0230 s (460k iterations)
Benchmarking map_color_australia/all/ac3_failfirst: Analyzing
map_color_australia/all/ac3_failfirst
                        time:   [10.867 µs 11.000 µs 11.135 µs]
Found 14 outliers among 100 measurements (14.00%)
  6 (6.00%) high mild
  8 (8.00%) high severe
Benchmarking map_color_australia/first/ac3_mrv
Benchmarking map_color_australia/first/ac3_mrv: Warming up for 3.0000 s
Benchmarking map_color_australia/first/ac3_mrv: Collecting 100 samples in estimated 5.0076 s (1.1M iterations)
Benchmarking map_color_australia/first/ac3_mrv: Analyzing
map_color_australia/first/ac3_mrv
                        time:   [4.6244 µs 4.7447 µs 4.8484 µs]
Benchmarking map_color_australia/all/ac3_mrv
Benchmarking map_color_australia/all/ac3_mrv: Warming up for 3.0000 s
Benchmarking map_color_australia/all/ac3_mrv: Collecting 100 samples in estimated 5.0288 s (485k iterations)
Benchmarking map_color_australia/all/ac3_mrv: Analyzing
map_color_australia/all/ac3_mrv
                        time:   [10.402 µs 10.549 µs 10.691 µs]

Benchmarking map_color_random/n20_c4/ac3_failfirst
Benchmarking map_color_random/n20_c4/ac3_failfirst: Warming up for 3.0000 s
Benchmarking map_color_random/n20_c4/ac3_failfirst: Collecting 100 samples in estimated 5.0953 s (197k iterations)
Benchmarking map_color_random/n20_c4/ac3_failfirst: Analyzing
map_color_random/n20_c4/ac3_failfirst
                        time:   [25.266 µs 25.982 µs 26.749 µs]
Found 11 outliers among 100 measurements (11.00%)
  6 (6.00%) low mild
  4 (4.00%) high mild
  1 (1.00%) high severe
Benchmarking map_color_random/n20_c4/ac3_mrv
Benchmarking map_color_random/n20_c4/ac3_mrv: Warming up for 3.0000 s
Benchmarking map_color_random/n20_c4/ac3_mrv: Collecting 100 samples in estimated 5.0236 s (242k iterations)
Benchmarking map_color_random/n20_c4/ac3_mrv: Analyzing
map_color_random/n20_c4/ac3_mrv
                        time:   [21.109 µs 21.826 µs 22.564 µs]
Found 1 outliers among 100 measurements (1.00%)
  1 (1.00%) low mild
Benchmarking map_color_random/n20_c3/ac3_failfirst
Benchmarking map_color_random/n20_c3/ac3_failfirst: Warming up for 3.0000 s
Benchmarking map_color_random/n20_c3/ac3_failfirst: Collecting 100 samples in estimated 5.0672 s (263k iterations)
Benchmarking map_color_random/n20_c3/ac3_failfirst: Analyzing
map_color_random/n20_c3/ac3_failfirst
                        time:   [20.566 µs 21.017 µs 21.425 µs]
Found 1 outliers among 100 measurements (1.00%)
  1 (1.00%) high mild
Benchmarking map_color_random/n50_c4/ac3_failfirst
Benchmarking map_color_random/n50_c4/ac3_failfirst: Warming up for 3.0000 s
Benchmarking map_color_random/n50_c4/ac3_failfirst: Collecting 100 samples in estimated 5.1477 s (30k iterations)
Benchmarking map_color_random/n50_c4/ac3_failfirst: Analyzing
map_color_random/n50_c4/ac3_failfirst
                        time:   [151.83 µs 156.57 µs 161.74 µs]
Found 15 outliers among 100 measurements (15.00%)
  8 (8.00%) low mild
  2 (2.00%) high mild
  5 (5.00%) high severe
Benchmarking map_color_random/n50_c4/ac3_mrv
Benchmarking map_color_random/n50_c4/ac3_mrv: Warming up for 3.0000 s
Benchmarking map_color_random/n50_c4/ac3_mrv: Collecting 100 samples in estimated 5.0438 s (61k iterations)
Benchmarking map_color_random/n50_c4/ac3_mrv: Analyzing
map_color_random/n50_c4/ac3_mrv
                        time:   [78.919 µs 83.255 µs 87.657 µs]
Found 2 outliers among 100 measurements (2.00%)
  1 (1.00%) high mild
  1 (1.00%) high severe
Benchmarking map_color_random/n50_c5/ac3_failfirst
Benchmarking map_color_random/n50_c5/ac3_failfirst: Warming up for 3.0000 s
Benchmarking map_color_random/n50_c5/ac3_failfirst: Collecting 100 samples in estimated 5.6568 s (10k iterations)
Benchmarking map_color_random/n50_c5/ac3_failfirst: Analyzing
map_color_random/n50_c5/ac3_failfirst
                        time:   [562.81 µs 575.38 µs 588.65 µs]
Found 4 outliers among 100 measurements (4.00%)
  3 (3.00%) high mild
  1 (1.00%) high severe

     Running benches/queens.rs (target/release/deps/queens-a1c9893343bcf69b)
Gnuplot not found, using plotters backend
Benchmarking queens_first/ac3_failfirst/8
Benchmarking queens_first/ac3_failfirst/8: Warming up for 3.0000 s
Benchmarking queens_first/ac3_failfirst/8: Collecting 100 samples in estimated 5.1403 s (35k iterations)
Benchmarking queens_first/ac3_failfirst/8: Analyzing
queens_first/ac3_failfirst/8
                        time:   [126.38 µs 129.29 µs 132.91 µs]
Found 2 outliers among 100 measurements (2.00%)
  2 (2.00%) high mild
Benchmarking queens_first/ac3_failfirst/12
Benchmarking queens_first/ac3_failfirst/12: Warming up for 3.0000 s
Benchmarking queens_first/ac3_failfirst/12: Collecting 100 samples in estimated 7.4605 s (10k iterations)
Benchmarking queens_first/ac3_failfirst/12: Analyzing
queens_first/ac3_failfirst/12
                        time:   [800.16 µs 983.35 µs 1.2114 ms]
Found 8 outliers among 100 measurements (8.00%)
  2 (2.00%) high mild
  6 (6.00%) high severe
Benchmarking queens_first/ac3_failfirst/16
Benchmarking queens_first/ac3_failfirst/16: Warming up for 3.0000 s

Warning: Unable to complete 100 samples in 5.0s. You may wish to increase target time to 5.3s, enable flat sampling, or reduce sample count to 60.
Benchmarking queens_first/ac3_failfirst/16: Collecting 100 samples in estimated 5.3362 s (5050 iterations)
Benchmarking queens_first/ac3_failfirst/16: Analyzing
queens_first/ac3_failfirst/16
                        time:   [686.53 µs 698.84 µs 712.91 µs]
Found 5 outliers among 100 measurements (5.00%)
  2 (2.00%) low mild
  1 (1.00%) high mild
  2 (2.00%) high severe

Benchmarking queens_all/ac3_failfirst/8
Benchmarking queens_all/ac3_failfirst/8: Warming up for 3.0000 s
Benchmarking queens_all/ac3_failfirst/8: Collecting 100 samples in estimated 5.1649 s (1500 iterations)
Benchmarking queens_all/ac3_failfirst/8: Analyzing
queens_all/ac3_failfirst/8
                        time:   [4.0219 ms 4.1260 ms 4.2558 ms]
Found 6 outliers among 100 measurements (6.00%)
  1 (1.00%) low mild
  4 (4.00%) high mild
  1 (1.00%) high severe
Benchmarking queens_all/ac3_failfirst/12
Benchmarking queens_all/ac3_failfirst/12: Warming up for 3.0000 s

Warning: Unable to complete 10 samples in 5.0s. You may wish to increase target time to 15.9s.
Benchmarking queens_all/ac3_failfirst/12: Collecting 10 samples in estimated 15.907 s (10 iterations)
Benchmarking queens_all/ac3_failfirst/12: Analyzing
queens_all/ac3_failfirst/12
                        time:   [1.3671 s 1.4655 s 1.5865 s]
Found 2 outliers among 10 measurements (20.00%)
  2 (20.00%) high mild

Benchmarking queens_configs/8q_all/fc_chrono
Benchmarking queens_configs/8q_all/fc_chrono: Warming up for 3.0000 s
Benchmarking queens_configs/8q_all/fc_chrono: Collecting 100 samples in estimated 5.1007 s (300 iterations)
Benchmarking queens_configs/8q_all/fc_chrono: Analyzing
queens_configs/8q_all/fc_chrono
                        time:   [18.296 ms 18.703 ms 19.102 ms]
Benchmarking queens_configs/8q_all/fc_failfirst
Benchmarking queens_configs/8q_all/fc_failfirst: Warming up for 3.0000 s
Benchmarking queens_configs/8q_all/fc_failfirst: Collecting 100 samples in estimated 6.3089 s (400 iterations)
Benchmarking queens_configs/8q_all/fc_failfirst: Analyzing
queens_configs/8q_all/fc_failfirst
                        time:   [15.018 ms 15.206 ms 15.404 ms]
Found 8 outliers among 100 measurements (8.00%)
  8 (8.00%) high mild
Benchmarking queens_configs/8q_all/ac3_failfirst
Benchmarking queens_configs/8q_all/ac3_failfirst: Warming up for 3.0000 s
Benchmarking queens_configs/8q_all/ac3_failfirst: Collecting 100 samples in estimated 5.1742 s (2000 iterations)
Benchmarking queens_configs/8q_all/ac3_failfirst: Analyzing
queens_configs/8q_all/ac3_failfirst
                        time:   [2.5010 ms 2.5401 ms 2.5798 ms]
Benchmarking queens_configs/8q_all/ac3_mrv
Benchmarking queens_configs/8q_all/ac3_mrv: Warming up for 3.0000 s
Benchmarking queens_configs/8q_all/ac3_mrv: Collecting 100 samples in estimated 5.0644 s (1900 iterations)
Benchmarking queens_configs/8q_all/ac3_mrv: Analyzing
queens_configs/8q_all/ac3_mrv
                        time:   [2.6226 ms 2.6847 ms 2.7517 ms]
Found 1 outliers among 100 measurements (1.00%)
  1 (1.00%) high severe
Benchmarking queens_configs/8q_all/acfc_failfirst
Benchmarking queens_configs/8q_all/acfc_failfirst: Warming up for 3.0000 s
Benchmarking queens_configs/8q_all/acfc_failfirst: Collecting 100 samples in estimated 5.3440 s (300 iterations)
Benchmarking queens_configs/8q_all/acfc_failfirst: Analyzing
queens_configs/8q_all/acfc_failfirst
                        time:   [20.009 ms 20.317 ms 20.616 ms]
Found 4 outliers among 100 measurements (4.00%)
  4 (4.00%) low mild

     Running benches/sudoku.rs (target/release/deps/sudoku-acd5a479b486aac0)
Gnuplot not found, using plotters backend
Benchmarking sudoku_9x9/al_escargot/ac3_failfirst
Benchmarking sudoku_9x9/al_escargot/ac3_failfirst: Warming up for 3.0000 s
Benchmarking sudoku_9x9/al_escargot/ac3_failfirst: Collecting 100 samples in estimated 9.7180 s (10k iterations)
Benchmarking sudoku_9x9/al_escargot/ac3_failfirst: Analyzing
sudoku_9x9/al_escargot/ac3_failfirst
                        time:   [925.42 µs 942.69 µs 960.18 µs]
Found 9 outliers among 100 measurements (9.00%)
  7 (7.00%) low mild
  2 (2.00%) high mild
Benchmarking sudoku_9x9/al_escargot/ac3_mrv
Benchmarking sudoku_9x9/al_escargot/ac3_mrv: Warming up for 3.0000 s
Benchmarking sudoku_9x9/al_escargot/ac3_mrv: Collecting 100 samples in estimated 9.2861 s (10k iterations)
Benchmarking sudoku_9x9/al_escargot/ac3_mrv: Analyzing
sudoku_9x9/al_escargot/ac3_mrv
                        time:   [901.66 µs 921.44 µs 940.79 µs]
Found 2 outliers among 100 measurements (2.00%)
  2 (2.00%) low mild
Benchmarking sudoku_9x9/platinum_blonde/ac3_failfirst
Benchmarking sudoku_9x9/platinum_blonde/ac3_failfirst: Warming up for 3.0000 s
Benchmarking sudoku_9x9/platinum_blonde/ac3_failfirst: Collecting 100 samples in estimated 5.6069 s (10k iterations)
Benchmarking sudoku_9x9/platinum_blonde/ac3_failfirst: Analyzing
sudoku_9x9/platinum_blonde/ac3_failfirst
                        time:   [520.79 µs 534.35 µs 547.05 µs]
Found 1 outliers among 100 measurements (1.00%)
  1 (1.00%) low mild
Benchmarking sudoku_9x9/platinum_blonde/ac3_mrv
Benchmarking sudoku_9x9/platinum_blonde/ac3_mrv: Warming up for 3.0000 s
Benchmarking sudoku_9x9/platinum_blonde/ac3_mrv: Collecting 100 samples in estimated 5.8052 s (10k iterations)
Benchmarking sudoku_9x9/platinum_blonde/ac3_mrv: Analyzing
sudoku_9x9/platinum_blonde/ac3_mrv
                        time:   [573.51 µs 582.71 µs 593.26 µs]
Found 10 outliers among 100 measurements (10.00%)
  8 (8.00%) high mild
  2 (2.00%) high severe
Benchmarking sudoku_9x9/golden_nugget/ac3_failfirst
Benchmarking sudoku_9x9/golden_nugget/ac3_failfirst: Warming up for 3.0000 s
Benchmarking sudoku_9x9/golden_nugget/ac3_failfirst: Collecting 100 samples in estimated 5.3475 s (400 iterations)
Benchmarking sudoku_9x9/golden_nugget/ac3_failfirst: Analyzing
sudoku_9x9/golden_nugget/ac3_failfirst
                        time:   [11.596 ms 11.927 ms 12.256 ms]
Benchmarking sudoku_9x9/golden_nugget/ac3_mrv
Benchmarking sudoku_9x9/golden_nugget/ac3_mrv: Warming up for 3.0000 s
Benchmarking sudoku_9x9/golden_nugget/ac3_mrv: Collecting 100 samples in estimated 5.5048 s (400 iterations)
Benchmarking sudoku_9x9/golden_nugget/ac3_mrv: Analyzing
sudoku_9x9/golden_nugget/ac3_mrv
                        time:   [12.623 ms 12.797 ms 12.961 ms]
Found 15 outliers among 100 measurements (15.00%)
  2 (2.00%) low severe
  12 (12.00%) low mild
  1 (1.00%) high mild
Benchmarking sudoku_9x9/inkala_2010/ac3_failfirst
Benchmarking sudoku_9x9/inkala_2010/ac3_failfirst: Warming up for 3.0000 s

Warning: Unable to complete 100 samples in 5.0s. You may wish to increase target time to 9.8s, enable flat sampling, or reduce sample count to 50.
Benchmarking sudoku_9x9/inkala_2010/ac3_failfirst: Collecting 100 samples in estimated 9.8217 s (5050 iterations)
Benchmarking sudoku_9x9/inkala_2010/ac3_failfirst: Analyzing
sudoku_9x9/inkala_2010/ac3_failfirst
                        time:   [1.7983 ms 1.8325 ms 1.8673 ms]
Found 9 outliers among 100 measurements (9.00%)
  7 (7.00%) low mild
  1 (1.00%) high mild
  1 (1.00%) high severe
Benchmarking sudoku_9x9/inkala_2010/ac3_mrv
Benchmarking sudoku_9x9/inkala_2010/ac3_mrv: Warming up for 3.0000 s

Warning: Unable to complete 100 samples in 5.0s. You may wish to increase target time to 9.7s, enable flat sampling, or reduce sample count to 50.
Benchmarking sudoku_9x9/inkala_2010/ac3_mrv: Collecting 100 samples in estimated 9.7116 s (5050 iterations)
Benchmarking sudoku_9x9/inkala_2010/ac3_mrv: Analyzing
sudoku_9x9/inkala_2010/ac3_mrv
                        time:   [1.7778 ms 1.8322 ms 1.8793 ms]
Benchmarking sudoku_9x9/minimal_17/ac3_failfirst
Benchmarking sudoku_9x9/minimal_17/ac3_failfirst: Warming up for 3.0000 s
Benchmarking sudoku_9x9/minimal_17/ac3_failfirst: Collecting 100 samples in estimated 5.3287 s (15k iterations)
Benchmarking sudoku_9x9/minimal_17/ac3_failfirst: Analyzing
sudoku_9x9/minimal_17/ac3_failfirst
                        time:   [421.66 µs 429.00 µs 436.72 µs]
Found 1 outliers among 100 measurements (1.00%)
  1 (1.00%) high mild
Benchmarking sudoku_9x9/minimal_17/ac3_mrv
Benchmarking sudoku_9x9/minimal_17/ac3_mrv: Warming up for 3.0000 s
Benchmarking sudoku_9x9/minimal_17/ac3_mrv: Collecting 100 samples in estimated 6.4364 s (15k iterations)
Benchmarking sudoku_9x9/minimal_17/ac3_mrv: Analyzing
sudoku_9x9/minimal_17/ac3_mrv
                        time:   [403.70 µs 413.70 µs 422.42 µs]
Found 2 outliers among 100 measurements (2.00%)
  1 (1.00%) high mild
  1 (1.00%) high severe

Benchmarking sudoku_16x16/ac3_failfirst
Benchmarking sudoku_16x16/ac3_failfirst: Warming up for 3.0000 s
Benchmarking sudoku_16x16/ac3_failfirst: Collecting 10 samples in estimated 5.2617 s (495 iterations)
Benchmarking sudoku_16x16/ac3_failfirst: Analyzing
sudoku_16x16/ac3_failfirst
                        time:   [9.2701 ms 9.8846 ms 10.224 ms]
Benchmarking sudoku_16x16/ac3_mrv
Benchmarking sudoku_16x16/ac3_mrv: Warming up for 3.0000 s
Benchmarking sudoku_16x16/ac3_mrv: Collecting 10 samples in estimated 5.4697 s (550 iterations)
Benchmarking sudoku_16x16/ac3_mrv: Analyzing
sudoku_16x16/ac3_mrv    time:   [10.744 ms 11.157 ms 11.619 ms]

CRIT3_EXIT=
