   Compiling unicode-ident v1.0.24
   Compiling proc-macro2 v1.0.106
   Compiling quote v1.0.46
   Compiling cfg-if v1.0.4
   Compiling libc v0.2.186
   Compiling autocfg v1.5.1
   Compiling serde_core v1.0.228
   Compiling libm v0.2.16
   Compiling zmij v1.0.21
   Compiling serde v1.0.228
   Compiling once_cell v1.21.4
   Compiling zerocopy v0.8.54
   Compiling crossbeam-utils v0.8.22
   Compiling getrandom v0.3.4
   Compiling crossbeam-epoch v0.9.20
   Compiling serde_json v1.0.150
   Compiling wasm-bindgen-shared v0.2.126
   Compiling memchr v2.8.3
   Compiling crossbeam-deque v0.8.7
   Compiling getrandom v0.4.3
   Compiling num-traits v0.2.19
   Compiling num-complex v0.2.4
   Compiling rustix v1.1.4
   Compiling find-msvc-tools v0.1.9
   Compiling rawpointer v0.2.1
   Compiling shlex v2.0.1
   Compiling ndarray v0.13.1
   Compiling itoa v1.0.18
   Compiling cc v1.2.66
   Compiling matrixmultiply v0.2.4
   Compiling syn v2.0.118
   Compiling regex-syntax v0.8.11
   Compiling either v1.16.0
   Compiling cast v0.3.0
   Compiling rayon-core v1.13.0
   Compiling errno v0.3.14
   Compiling rand_core v0.9.5
   Compiling bitflags v2.13.0
   Compiling alloca v0.4.0
   Compiling proc-macro-error-attr2 v2.0.0
   Compiling include_dir_macros v0.7.4
   Compiling rustversion v1.0.23
   Compiling fastrand v2.4.1
   Compiling plotters-backend v0.3.7
   Compiling ciborium-io v0.2.2
   Compiling oorandom v11.1.5
   Compiling iai-callgrind-runner v0.16.1
   Compiling fixedbitset v0.3.2
   Compiling clap_lex v1.1.0
   Compiling num-integer v0.1.46
   Compiling anstyle v1.0.14
   Compiling plotters-svg v0.3.7
   Compiling proc-macro-error2 v2.0.1
   Compiling clap_builder v4.6.0
   Compiling include_dir v0.7.4
   Compiling regex-automata v0.4.15
   Compiling wait-timeout v0.2.1
   Compiling itertools v0.13.0
   Compiling iai-callgrind v0.16.1
   Compiling bit-vec v0.8.0
   Compiling same-file v1.0.6
   Compiling quick-error v1.2.3
   Compiling tempfile v3.27.0
   Compiling fnv v1.0.7
   Compiling serde_derive v1.0.228
   Compiling zerocopy-derive v0.8.54
   Compiling derive_more-impl v2.1.1
   Compiling rayon v1.12.0
   Compiling rusty-fork v0.3.1
   Compiling regex v1.13.0
   Compiling criterion-plot v0.8.2
   Compiling walkdir v2.5.0
   Compiling clap v4.6.1
   Compiling bit-set v0.8.0
   Compiling derive_more v2.1.1
   Compiling plotters v0.3.7
   Compiling rand v0.9.4
   Compiling rand_xorshift v0.4.0
   Compiling page_size v0.6.0
   Compiling anes v0.1.6
   Compiling unarray v0.1.4
   Compiling bumpalo v3.20.3
   Compiling wasm-bindgen v0.2.126
   Compiling hungarian v1.1.1
   Compiling wasm-bindgen-macro-support v0.2.126
   Compiling csp-solver v0.3.0 (/Users/mkbabb/Programming/csc411/CSC411_HW2_ProgrammingQuestion/csp-solver)
   Compiling pin-project-lite v0.2.17
   Compiling futures-task v0.3.32
   Compiling slab v0.4.12
   Compiling futures-core v0.3.32
   Compiling wasm-bindgen-test-macro v0.3.76
   Compiling futures-util v0.3.32
   Compiling async-trait v0.1.89
   Compiling nu-ansi-term v0.50.3
   Compiling wasm-bindgen-test-shared v0.2.126
   Compiling iai-callgrind-macros v0.6.1
   Compiling tinytemplate v1.2.1
   Compiling bincode v1.3.3
   Compiling wasm-bindgen-macro v0.2.126
   Compiling half v2.7.1
   Compiling ppv-lite86 v0.2.21
   Compiling rand_chacha v0.9.0
   Compiling ciborium-ll v0.2.2
   Compiling proptest v1.11.0
   Compiling ciborium v0.2.2
   Compiling js-sys v0.3.103
   Compiling console_error_panic_hook v0.1.7
   Compiling criterion v0.8.2
   Compiling wasm-bindgen-futures v0.4.76
   Compiling serde-wasm-bindgen v0.6.5
   Compiling wasm-bindgen-test v0.3.76
   Compiling csp-solver-wasm v0.2.0 (/Users/mkbabb/Programming/csc411/CSC411_HW2_ProgrammingQuestion/csp-solver/wasm)
    Finished `bench` profile [optimized + debuginfo] target(s) in 26.52s
warning: the following packages contain code that will be rejected by a future version of Rust: proc-macro-error2 v2.0.1
note: to see what the problems were, use the option `--future-incompat-report`, or run `cargo report future-incompatibilities --id 1`
     Running unittests src/lib.rs (target/release/deps/csp_solver-e6f16d91f6faa94a)
error: Unrecognized option: 'save-baseline'
error: bench failed, to rerun pass `-p csp-solver --lib`
CRIT_EXIT=
