   Compiling num-traits v0.2.19
   Compiling syn v2.0.118
   Compiling serde_json v1.0.150
   Compiling num-complex v0.2.4
   Compiling num-integer v0.1.46
   Compiling plotters v0.3.7
   Compiling ndarray v0.13.1
   Compiling proc-macro-error2 v2.0.1
   Compiling serde_derive v1.0.228
   Compiling zerocopy-derive v0.8.54
   Compiling derive_more-impl v2.1.1
   Compiling derive_more v2.1.1
   Compiling zerocopy v0.8.54
   Compiling hungarian v1.1.1
   Compiling csp-solver v0.3.0 (/Users/mkbabb/Programming/csc411/CSC411_HW2_ProgrammingQuestion/csp-solver)
   Compiling serde v1.0.228
   Compiling iai-callgrind-macros v0.6.1
   Compiling iai-callgrind-runner v0.16.1
   Compiling bincode v1.3.3
   Compiling tinytemplate v1.2.1
   Compiling iai-callgrind v0.16.1
   Compiling half v2.7.1
   Compiling ppv-lite86 v0.2.21
   Compiling rand_chacha v0.9.0
   Compiling ciborium-ll v0.2.2
   Compiling proptest v1.11.0
   Compiling ciborium v0.2.2
   Compiling criterion v0.8.2
    Finished `bench` profile [optimized + debuginfo] target(s) in 19.84s
warning: the following packages contain code that will be rejected by a future version of Rust: proc-macro-error2 v2.0.1
note: to see what the problems were, use the option `--future-incompat-report`, or run `cargo report future-incompatibilities --id 1`
     Running benches/assignment.rs (target/release/deps/assignment-5bc9bdbc94510ef6)
Gnuplot not found, using plotters backend
Benchmarking square_dense/csp/10x10
Benchmarking square_dense/csp/10x10: Warming up for 3.0000 s
Benchmarking square_dense/csp/10x10: Collecting 100 samples in estimated 5.0151 s (1.1M iterations)
Benchmarking square_dense/csp/10x10: Analyzing
square_dense/csp/10x10  time:   [3.8578 µs 3.9116 µs 3.9704 µs]
Found 1 outliers among 100 measurements (1.00%)
  1 (1.00%) high mild
Benchmarking square_dense/hungarian/10x10
Benchmarking square_dense/hungarian/10x10: Warming up for 3.0000 s
Benchmarking square_dense/hungarian/10x10: Collecting 100 samples in estimated 5.0056 s (2.3M iterations)
Benchmarking square_dense/hungarian/10x10: Analyzing
square_dense/hungarian/10x10
                        time:   [1.7561 µs 1.8210 µs 1.8962 µs]
Benchmarking square_dense/csp/50x50
Benchmarking square_dense/csp/50x50: Warming up for 3.0000 s
Benchmarking square_dense/csp/50x50: Collecting 100 samples in estimated 5.8337 s (10k iterations)
Benchmarking square_dense/csp/50x50: Analyzing
square_dense/csp/50x50  time:   [398.61 µs 405.57 µs 414.18 µs]
Benchmarking square_dense/hungarian/50x50
Benchmarking square_dense/hungarian/50x50: Warming up for 3.0000 s
Benchmarking square_dense/hungarian/50x50: Collecting 100 samples in estimated 5.4008 s (30k iterations)
Benchmarking square_dense/hungarian/50x50: Analyzing
square_dense/hungarian/50x50
                        time:   [163.29 µs 168.57 µs 174.77 µs]
Found 13 outliers among 100 measurements (13.00%)
  5 (5.00%) high mild
  8 (8.00%) high severe
Benchmarking square_dense/csp/200x200
Benchmarking square_dense/csp/200x200: Warming up for 3.0000 s

Warning: Unable to complete 100 samples in 5.0s. You may wish to increase target time to 10.5s, or reduce sample count to 40.
Benchmarking square_dense/csp/200x200: Collecting 100 samples in estimated 10.541 s (100 iterations)
Benchmarking square_dense/csp/200x200: Analyzing
square_dense/csp/200x200
                        time:   [113.08 ms 115.76 ms 118.57 ms]
Found 2 outliers among 100 measurements (2.00%)
  2 (2.00%) high mild
Benchmarking square_dense/hungarian/200x200
Benchmarking square_dense/hungarian/200x200: Warming up for 3.0000 s
Benchmarking square_dense/hungarian/200x200: Collecting 100 samples in estimated 9.7807 s (200 iterations)
Benchmarking square_dense/hungarian/200x200: Analyzing
square_dense/hungarian/200x200
                        time:   [45.117 ms 46.458 ms 47.910 ms]
Found 2 outliers among 100 measurements (2.00%)
  1 (1.00%) high mild
  1 (1.00%) high severe

Benchmarking square_roled/csp/10x10_2roles
Benchmarking square_roled/csp/10x10_2roles: Warming up for 3.0000 s
Benchmarking square_roled/csp/10x10_2roles: Collecting 100 samples in estimated 5.0850 s (35k iterations)
Benchmarking square_roled/csp/10x10_2roles: Analyzing
square_roled/csp/10x10_2roles
                        time:   [126.84 µs 128.17 µs 129.53 µs]
Found 15 outliers among 100 measurements (15.00%)
  1 (1.00%) low severe
  14 (14.00%) low mild
Benchmarking square_roled/csp/50x50_2roles
Benchmarking square_roled/csp/50x50_2roles: Warming up for 3.0000 s

Warning: Unable to complete 100 samples in 5.0s. You may wish to increase target time to 745.0s, or reduce sample count to 10.
Benchmarking square_roled/csp/50x50_2roles: Collecting 100 samples in estimated 745.03 s (100 iterations)
