
Running 3 tests using 1 worker

  ✘  1 [chromium] › ../../../../../docs/tranches/2026-08-tranche-9/evidence/w7/loop/pass2/critique/PLR-SELF/probe/c-deck.spec.ts:7:5 › deck head (1.1s)
  ✘  2 [chromium] › ../../../../../docs/tranches/2026-08-tranche-9/evidence/w7/loop/pass2/critique/PLR-SELF/probe/c-plr-self.spec.ts:92:7 › pi deck head desk-1280 (63ms)
  ✘  3 [chromium] › ../../../../../docs/tranches/2026-08-tranche-9/evidence/w7/loop/pass2/critique/PLR-SELF/probe/c-plr-self.spec.ts:92:7 › pi deck head phone-390 (68ms)


  1) [chromium] › ../../../../../docs/tranches/2026-08-tranche-9/evidence/w7/loop/pass2/critique/PLR-SELF/probe/c-deck.spec.ts:7:5 › deck head 

    Error: page.goto: net::ERR_CONNECTION_REFUSED at http://127.0.0.1:4245/
    Call log:
      - navigating to "http://127.0.0.1:4245/", waiting until "load"


       6 |
       7 | test("deck head", async ({ page }, info) => {
    >  8 |   await page.goto(`${PROTO}/`);
         |              ^
       9 |   await page.waitForSelector("svg.handwritten-logo", { timeout: 60000 });
      10 |   await page.waitForTimeout(1500);
      11 |   const r = await page.evaluate(() => {
        at /Users/mkbabb/Programming/csc411/CSC411_HW2_ProgrammingQuestion/docs/tranches/2026-08-tranche-9/evidence/w7/loop/pass2/critique/PLR-SELF/probe/c-deck.spec.ts:8:14

    Error Context: ../../../../../../../../test-results/c-deck-deck-head-chromium/error-context.md

  2) [chromium] › ../../../../../docs/tranches/2026-08-tranche-9/evidence/w7/loop/pass2/critique/PLR-SELF/probe/c-plr-self.spec.ts:92:7 › pi deck head desk-1280 

    Error: page.goto: net::ERR_CONNECTION_REFUSED at http://127.0.0.1:4245/
    Call log:
      - navigating to "http://127.0.0.1:4245/", waiting until "load"


      94 |     const a = await ctx.newPage();
      95 |     const b = await ctx.newPage();
    > 96 |     await a.goto(`${PROTO}/`);
         |             ^
      97 |     await b.goto(`${HEAD}/`);
      98 |     for (const p of [a, b]) await p.waitForSelector("svg.handwritten-logo", { timeout: 60000 });
      99 |     await a.waitForTimeout(1200);
        at /Users/mkbabb/Programming/csc411/CSC411_HW2_ProgrammingQuestion/docs/tranches/2026-08-tranche-9/evidence/w7/loop/pass2/critique/PLR-SELF/probe/c-plr-self.spec.ts:96:13

    Error Context: ../../../../../../../../test-results/c-plr-self-pi-deck-head-desk-1280-chromium/error-context.md

  3) [chromium] › ../../../../../docs/tranches/2026-08-tranche-9/evidence/w7/loop/pass2/critique/PLR-SELF/probe/c-plr-self.spec.ts:92:7 › pi deck head phone-390 

    Error: page.goto: net::ERR_CONNECTION_REFUSED at http://127.0.0.1:4245/
    Call log:
      - navigating to "http://127.0.0.1:4245/", waiting until "load"


      94 |     const a = await ctx.newPage();
      95 |     const b = await ctx.newPage();
    > 96 |     await a.goto(`${PROTO}/`);
         |             ^
      97 |     await b.goto(`${HEAD}/`);
      98 |     for (const p of [a, b]) await p.waitForSelector("svg.handwritten-logo", { timeout: 60000 });
      99 |     await a.waitForTimeout(1200);
        at /Users/mkbabb/Programming/csc411/CSC411_HW2_ProgrammingQuestion/docs/tranches/2026-08-tranche-9/evidence/w7/loop/pass2/critique/PLR-SELF/probe/c-plr-self.spec.ts:96:13

    Error Context: ../../../../../../../../test-results/c-plr-self-pi-deck-head-phone-390-chromium/error-context.md

  3 failed
    [chromium] › ../../../../../docs/tranches/2026-08-tranche-9/evidence/w7/loop/pass2/critique/PLR-SELF/probe/c-deck.spec.ts:7:5 › deck head 
    [chromium] › ../../../../../docs/tranches/2026-08-tranche-9/evidence/w7/loop/pass2/critique/PLR-SELF/probe/c-plr-self.spec.ts:92:7 › pi deck head desk-1280 
    [chromium] › ../../../../../docs/tranches/2026-08-tranche-9/evidence/w7/loop/pass2/critique/PLR-SELF/probe/c-plr-self.spec.ts:92:7 › pi deck head phone-390 
