
Running 7 tests using 1 worker

CRIT|{"t":"deck","engine":"webkit","marks":2,"markRects":[[75.53,12,45.13,39.75],[0,0,0,0]],"lobbies":2,"cards":0,"url":"http://127.0.0.1:4245/?size=3&difficulty=MEDIUM","kids":[{"cls":"attribution-disclosure","rect":[0,75.53,39.75]},{"cls":"player-mark","rect":[75.53,45.13,39.75]},{"cls":"player-lobby","rect":[12.8,230.4,49.46]}],"cornerDisplay":"flex"}
  ✓  1 [webkit] › ../../../../../docs/tranches/2026-08-tranche-9/evidence/w7/loop/pass2/critique/PLR-SELF/probe/c-deck.spec.ts:7:5 › deck head (2.6s)
CRIT|{"t":"pi-deck","engine":"webkit","vp":"desk-1280","proto":{".corner-left":[{"rect":[0,12,120.66,39.75],"vis":true}],".mobile-attribution":[{"rect":[0,0,0,0],"vis":false}],".attribution-trigger":[{"rect":[0,12,75.53,39.75],"vis":true},{"rect":[0,0,0,0],"vis":true}],".corner-right":[{"rect":[1072,12,208,208],"vis":true}],"svg.handwritten-logo":[{"rect":[129.84,5.83,380.53,111.92],"vis":true}],".dark-mode-toggle":[]},"head":{".corner-left":[{"rect":[0,12,75.53,39.75],"vis":true}],".mobile-attribution":[{"rect":[0,0,0,0],"vis":false}],".attribution-trigger":[{"rect":[0,12,75.53,39.75],"vis":true},{"rect":[0,0,0,0],"vis":true}],".corner-right":[{"rect":[1072,12,208,208],"vis":true}],"svg.handwritten-logo":[{"rect":[129.84,5.83,380.53,111.92],"vis":true}],".dark-mode-toggle":[]}}
  ✓  2 [webkit] › ../../../../../docs/tranches/2026-08-tranche-9/evidence/w7/loop/pass2/critique/PLR-SELF/probe/c-plr-self.spec.ts:92:7 › pi deck head desk-1280 (4.0s)
CRIT|{"t":"pi-deck","engine":"webkit","vp":"phone-390","proto":{".corner-left":[{"rect":[0,0,0,0],"vis":false}],".mobile-attribution":[{"rect":[0,0,120.66,39.75],"vis":true}],".attribution-trigger":[{"rect":[0,0,0,0],"vis":true},{"rect":[0,0,75.53,39.75],"vis":true}],".corner-right":[{"rect":[326,0,64,64],"vis":true}],"svg.handwritten-logo":[{"rect":[58.73,174.58,242.14,71.22],"vis":true}],".dark-mode-toggle":[]},"head":{".corner-left":[{"rect":[0,0,0,0],"vis":false}],".mobile-attribution":[{"rect":[0,0,75.53,39.75],"vis":true}],".attribution-trigger":[{"rect":[0,0,0,0],"vis":true},{"rect":[0,0,75.53,39.75],"vis":true}],".corner-right":[{"rect":[326,0,64,64],"vis":true}],"svg.handwritten-logo":[{"rect":[58.73,174.58,242.14,71.22],"vis":true}],".dark-mode-toggle":[]}}
  ✓  3 [webkit] › ../../../../../docs/tranches/2026-08-tranche-9/evidence/w7/loop/pass2/critique/PLR-SELF/probe/c-plr-self.spec.ts:92:7 › pi deck head phone-390 (3.3s)
CRIT|{"t":"room","engine":"webkit","filtersSolo":9,"filtersOpen":9,"midFlight":"oklab(0.26965 0 0 / 0.68)","rest":"oklch(0.5 0.11 0)","hovered":"oklch(0.5 0.11 0)","restPose":397,"hoverPose":394,"selfSwatch":"oklch(0.5 0.11 0)","selfRow":"oklch(0.5 0.11 0)","lobbyOpen":1,"markBox":{"x":75.53125,"y":12,"width":45.125,"height":39.75},"lobbyBox":{"x":0,"y":51.75,"width":256,"height":122.125},"stateLine":"2 other players"}
  ✓  4 [webkit] › ../../../../../docs/tranches/2026-08-tranche-9/evidence/w7/loop/pass2/critique/PLR-SELF/probe/c-plr-self.spec.ts:109:5 › room readings desk (2.9s)
CRIT|{"t":"aa","engine":"webkit","theme":"light","readings":{"popoverRaw":"hsl(48 10% 98.5%)","popover":[252,251,251],"bg":[251,250,249],"card":[253,253,252],"peerInkL":"0.5","quietRaw":"color(srgb 0.15 0.15 0.15 / 0.68)","walk":{"0":[148,69,97],"1":[66,113,47],"2":[82,92,161],"3":[147,79,29],"4":[0,118,113],"5":[132,75,131],"6":[109,102,0],"7":[23,105,156],"8":[152,70,73],"9":[22,117,74],"10":[104,85,155],"11":[137,87,0],"12":[0,115,134],"13":[143,71,111],"14":[85,110,28],"15":[64,97,162],"16":[151,74,47],"17":[0,119,99],"18":[123,78,142],"19":[121,96,0],"20":[0,109,149],"21":[150,69,88],"22":[53,115,57],"23":[91,89,160],"24":[144,82,17],"25":[0,117,121],"26":[137,73,124],"27":[101,105,3],"28":[42,102,159],"29":[152,71,63],"30":[0,118,83],"31":[112,82,151],"32":[132,91,0],"33":[0,113,140],"34":[146,70,102],"35":[74,112,40],"36":[75,94,162],"37":[149,77,37],"38":[0,119,107],"39":[128,76,136]},"over":[106,106,106]}}
  ✓  5 [webkit] › ../../../../../docs/tranches/2026-08-tranche-9/evidence/w7/loop/pass2/critique/PLR-SELF/probe/c-plr-self.spec.ts:196:7 › aa walk light (1.3s)
CRIT|{"t":"aa","engine":"webkit","theme":"dark","readings":{"popoverRaw":"hsl(24 7% 6.5%)","popover":[18,16,15],"bg":[17,15,14],"card":[19,18,17],"peerInkL":"0.8","quietRaw":"color(srgb 0.82 0.812 0.78 / 0.68)","walk":{"0":[248,159,187],"1":[155,207,136],"2":[169,184,255],"3":[246,170,122],"4":[89,212,205],"5":[228,164,226],"6":[200,194,107],"7":[123,198,255],"8":[253,161,160],"9":[125,211,162],"10":[195,176,253],"11":[233,178,106],"12":[88,209,229],"13":[242,160,203],"14":[173,202,122],"15":[152,190,255],"16":[251,165,135],"17":[99,213,189],"18":[217,168,239],"19":[215,188,102],"20":[107,203,247],"21":[251,159,177],"22":[144,209,146],"23":[179,181,255],"24":[242,173,115],"25":[86,211,215],"26":[234,163,218],"27":[191,197,111],"28":[134,195,255],"29":[253,162,151],"30":[115,212,172],"31":[203,173,249],"32":[227,182,103],"33":[94,207,236],"34":[246,160,193],"35":[163,205,130],"36":[162,186,255],"37":[248,168,127],"38":[92,213,199],"39":[224,166,231]},"over":[32,31,31]}}
  ✓  6 [webkit] › ../../../../../docs/tranches/2026-08-tranche-9/evidence/w7/loop/pass2/critique/PLR-SELF/probe/c-plr-self.spec.ts:196:7 › aa walk dark (1.3s)
CRIT|{"t":"coarse","engine":"webkit","box":{"x":75.53125,"y":0,"width":45.125,"height":44},"sheet":{"x":0,"y":44,"width":256,"height":165.25},"grid":219.421875,"rows":5,"overflow":""}
  ✘  7 [webkit] › ../../../../../docs/tranches/2026-08-tranche-9/evidence/w7/loop/pass2/critique/PLR-SELF/probe/c-plr-self.spec.ts:256:5 › coarse phone mark (1.2m)


  1) [webkit] › ../../../../../docs/tranches/2026-08-tranche-9/evidence/w7/loop/pass2/critique/PLR-SELF/probe/c-plr-self.spec.ts:256:5 › coarse phone mark 

    Test timeout of 70000ms exceeded.

    Error: browserContext.close: Test ended.
    Browser logs:

    <launching> /Users/mkbabb/Library/Caches/ms-playwright/webkit-2311/pw_run.sh --inspector-pipe --headless --no-startup-window
    <launched> pid=33854
    [pid=33854][err] 2026-09-18 17:38:50.882 Playwright[33860:1549721] CFPasteboardSetExpirationDate returns error: Pasteboard already has contents.
    [pid=33854][err] 2026-09-18 17:38:57.065 Playwright[33860:1549721] CFPasteboardSetExpirationDate returns error: Pasteboard already has contents.
    [pid=33854] <gracefully close start>

      278 |   const overflow = await a.locator("[data-lobby]:visible .lobby-overflow").innerText().catch(() => "");
      279 |   say({ t: "coarse", engine: info.project.name, box, sheet, grid, rows, overflow });
    > 280 |   await ctx.close();
          |   ^
      281 | });
      282 |
        at /Users/mkbabb/Programming/csc411/CSC411_HW2_ProgrammingQuestion/docs/tranches/2026-08-tranche-9/evidence/w7/loop/pass2/critique/PLR-SELF/probe/c-plr-self.spec.ts:280:3

    Error Context: ../../../../../../../../test-results/c-plr-self-coarse-phone-mark-webkit/error-context.md

  1 failed
    [webkit] › ../../../../../docs/tranches/2026-08-tranche-9/evidence/w7/loop/pass2/critique/PLR-SELF/probe/c-plr-self.spec.ts:256:5 › coarse phone mark 
  6 passed (1.4m)
