
Running 24 tests using 9 workers

  ✓   5 [chromium] › e2e/visual-regression.spec.ts:544:1 › the glass curve is the same curve in both layers (3.0s)
  ✓   4 [chromium] › e2e/visual-regression.spec.ts:388:1 › graceful degradation: UI renders without backend API (3.3s)
  ✓   1 [chromium] › e2e/visual-regression.spec.ts:263:1 › grid draw-in completes and path-based boil activates (4.2s)
  ✓   8 [chromium] › e2e/visual-regression.spec.ts:231:1 › dark mode: celestial swap, control panel carries no filter, DOM contract (5.0s)
  ✓   3 [chromium] › e2e/visual-regression.spec.ts:569:1 › the deal receipt keeps off the commit verb, hover included (5.3s)
  ✓   9 [chromium] › e2e/visual-regression.spec.ts:466:1 › the Deal die is not crushed: the commit verb's box fits its own content (5.5s)
  ✓   7 [chromium] › e2e/visual-regression.spec.ts:322:1 › randomize populates board and blank cells accept input (7.1s)
  ✓   6 [chromium] › e2e/visual-regression.spec.ts:124:1 › light mode: layout, styles, filters, DOM contract (8.2s)
  ✓  12 [chromium] › e2e/visual-regression.spec.ts:875:1 › toggle warp rest pose: wrung into the page, no carousel travel (4.6s)
  ✓  11 [chromium] › e2e/visual-regression.spec.ts:790:1 › the iPad coarse card stays under the P1 seal: the chip seam is PAID for (5.5s)
  ✓   2 [chromium] › e2e/visual-regression.spec.ts:404:1 › size switching: 4x4, 9x9, 16x16 all render grid lines (9.6s)
  ✓  10 [chromium] › e2e/visual-regression.spec.ts:707:1 › option chips keep their separation: ≥6px between neighbours, both axes (8.7s)
  ✓  17 [webkit] › e2e/visual-regression.spec.ts:466:1 › the Deal die is not crushed: the commit verb's box fits its own content (13.9s)
  ✓  13 [webkit] › e2e/visual-regression.spec.ts:231:1 › dark mode: celestial swap, control panel carries no filter, DOM contract (16.8s)
  ✓  18 [webkit] › e2e/visual-regression.spec.ts:544:1 › the glass curve is the same curve in both layers (16.4s)
  ✓  14 [webkit] › e2e/visual-regression.spec.ts:263:1 › grid draw-in completes and path-based boil activates (19.2s)
  ✓  20 [webkit] › e2e/visual-regression.spec.ts:388:1 › graceful degradation: UI renders without backend API (17.7s)
  ✓  15 [webkit] › e2e/visual-regression.spec.ts:322:1 › randomize populates board and blank cells accept input (20.7s)
  ✓  19 [webkit] › e2e/visual-regression.spec.ts:124:1 › light mode: layout, styles, filters, DOM contract (22.2s)
  ✓  22 [webkit] › e2e/visual-regression.spec.ts:790:1 › the iPad coarse card stays under the P1 seal: the chip seam is PAID for (6.2s)
  ✓  23 [webkit] › e2e/visual-regression.spec.ts:875:1 › toggle warp rest pose: wrung into the page, no carousel travel (5.8s)
  ✓  16 [webkit] › e2e/visual-regression.spec.ts:404:1 › size switching: 4x4, 9x9, 16x16 all render grid lines (25.1s)
  ✓  21 [webkit] › e2e/visual-regression.spec.ts:707:1 › option chips keep their separation: ≥6px between neighbours, both axes (11.9s)
  ✓  24 [webkit] › e2e/visual-regression.spec.ts:569:1 › the deal receipt keeps off the commit verb, hover included (2.9s)

  24 passed (50.6s)
