
Running 24 tests using 9 workers

  ✓   4 [chromium] › e2e/visual-regression.spec.ts:466:1 › the Deal die is not crushed: the commit verb's box fits its own content (3.6s)
  ✓   1 [chromium] › e2e/visual-regression.spec.ts:544:1 › the glass curve is the same curve in both layers (4.2s)
  ✓   8 [chromium] › e2e/visual-regression.spec.ts:263:1 › grid draw-in completes and path-based boil activates (4.2s)
  ✓   2 [chromium] › e2e/visual-regression.spec.ts:231:1 › dark mode: celestial swap, control panel carries no filter, DOM contract (4.4s)
  ✓   3 [chromium] › e2e/visual-regression.spec.ts:569:1 › the deal receipt keeps off the commit verb, hover included (4.6s)
  ✓   7 [chromium] › e2e/visual-regression.spec.ts:322:1 › randomize populates board and blank cells accept input (6.2s)
  ✓   5 [chromium] › e2e/visual-regression.spec.ts:124:1 › light mode: layout, styles, filters, DOM contract (6.5s)
  ✓   6 [chromium] › e2e/visual-regression.spec.ts:388:1 › graceful degradation: UI renders without backend API (7.0s)
  ✓  12 [chromium] › e2e/visual-regression.spec.ts:875:1 › toggle warp rest pose: wrung into the page, no carousel travel (3.3s)
  ✓  11 [chromium] › e2e/visual-regression.spec.ts:790:1 › the iPad coarse card stays under the P1 seal: the chip seam is PAID for (4.2s)
  ✓   9 [chromium] › e2e/visual-regression.spec.ts:404:1 › size switching: 4x4, 9x9, 16x16 all render grid lines (8.7s)
  ✓  10 [chromium] › e2e/visual-regression.spec.ts:707:1 › option chips keep their separation: ≥6px between neighbours, both axes (6.9s)
  ✓  14 [webkit] › e2e/visual-regression.spec.ts:544:1 › the glass curve is the same curve in both layers (4.6s)
  ✓  13 [webkit] › e2e/visual-regression.spec.ts:231:1 › dark mode: celestial swap, control panel carries no filter, DOM contract (5.6s)
  ✓  23 [webkit] › e2e/visual-regression.spec.ts:790:1 › the iPad coarse card stays under the P1 seal: the chip seam is PAID for (5.8s)
  ✓  15 [webkit] › e2e/visual-regression.spec.ts:466:1 › the Deal die is not crushed: the commit verb's box fits its own content (9.9s)
  ✓  17 [webkit] › e2e/visual-regression.spec.ts:263:1 › grid draw-in completes and path-based boil activates (10.7s)
  ✓  16 [webkit] › e2e/visual-regression.spec.ts:707:1 › option chips keep their separation: ≥6px between neighbours, both axes (16.3s)
  ✓  20 [webkit] › e2e/visual-regression.spec.ts:388:1 › graceful degradation: UI renders without backend API (14.3s)
  ✓  22 [webkit] › e2e/visual-regression.spec.ts:569:1 › the deal receipt keeps off the commit verb, hover included (14.4s)
  ✓  19 [webkit] › e2e/visual-regression.spec.ts:322:1 › randomize populates board and blank cells accept input (15.4s)
  ✓  24 [webkit] › e2e/visual-regression.spec.ts:875:1 › toggle warp rest pose: wrung into the page, no carousel travel (10.9s)
  ✓  18 [webkit] › e2e/visual-regression.spec.ts:124:1 › light mode: layout, styles, filters, DOM contract (16.7s)
  ✓  21 [webkit] › e2e/visual-regression.spec.ts:404:1 › size switching: 4x4, 9x9, 16x16 all render grid lines (18.7s)

  24 passed (41.7s)
