vue-tsc-b exit 0
tsc-e2e exit 0
npm-run-lint exit 0
knip exit 0
eslint exit 1
lint-sleep exit 0
lint-motion exit 0
check-pw-projects exit 0
test-e2e-projects exit 0
check-copy-register exit 0
check-ink-pressure exit 0
check-theme-tokens exit 0
lint-ink exit 0
lint-theme-tokens exit 0
lint-copy exit 0
lint-lanes exit 0
lint-catch exit 0
lint-live-regions exit 0
lint-theme-selectors exit 0
lint-boundary exit 0
typecheck-node exit 0
ALLDONE
-- after the eslint fix (front-rate.spec.ts:104 'let inked = -1' -> 'let inked: number', no-useless-assignment):
eslint exit 0 · vue-tsc e2e exit 0 · lint:sleep exit 0 · lint:motion exit 0 · knip exit 0
