payload ATMuMzIwODEwMDQwMT… (61 givens)
chromium dpr1 light tree "deal" REST oklab(0.50167 0.165033 0.0397976) med 5.493 <4.5 0.389 min 2.415 n 144 (k70 6.324 k90 6.324) noise 0 || HOVER oklab(0.50167 0.165033 0.0397976) med 5.248 <4.5 0.408 min 2.486 n 142 (k70 6.037 k90 6.037) noise 0
chromium dpr1 light neg "deal" REST rgb(208, 42, 82) med 4.406 <4.5 0.521 min 2.252 n 144 (k70 4.917 k90 4.917) noise 0 || HOVER rgb(208, 42, 82) med 4.209 <4.5 0.583 min 2.209 n 144 (k70 4.693 k90 4.693) noise 0
chromium dpr1 light control "deal" REST rgb(10, 10, 10) med 13.785 <4.5 0.083 min 3.56 n 144 (k70 16.19 k90 16.19) noise 0 || HOVER rgb(10, 10, 10) med 15.245 <4.5 0.069 min 3.653 n 144 (k70 18.297 k90 18.297) noise 0
chromium dpr1 dark tree "deal" REST oklab(0.734123 0.164542 0.0360734) med 7.047 <4.5 0.176 min 2.801 n 148 (k70 7.199 k90 7.429) noise 0 || HOVER oklab(0.734123 0.164542 0.0360734) med 5.603 <4.5 0.297 min 2.571 n 148 (k70 5.78 k90 5.903) noise 0
chromium dpr1 dark neg "deal" REST rgb(255, 92, 124) med 6.013 <4.5 0.25 min 2.47 n 148 (k70 6.185 k90 6.392) noise 0 || HOVER rgb(255, 92, 124) med 4.831 <4.5 0.446 min 2.291 n 148 (k70 4.914 k90 5.078) noise 0
chromium dpr1 dark control "deal" REST rgb(237, 236, 233) med 12.847 <4.5 0 min 5.237 n 168 (k70 13.337 k90 13.582) noise 0 || HOVER rgb(237, 236, 233) med 12.079 <4.5 0 min 5.047 n 168 (k70 12.531 k90 12.761) noise 0
chromium dpr2 light tree "deal" REST oklab(0.50167 0.165033 0.0397976) med 6.324 <4.5 0.126 min 2.415 n 540 (k70 6.324 k90 6.324) noise 0 || HOVER oklab(0.50167 0.165033 0.0397976) med 6.037 <4.5 0.139 min 2.379 n 541 (k70 6.037 k90 6.037) noise 0
chromium dpr2 light neg "deal" REST rgb(208, 42, 82) med 4.917 <4.5 0.202 min 2.252 n 540 (k70 4.917 k90 4.917) noise 0 || HOVER rgb(208, 42, 82) med 4.693 <4.5 0.248 min 2.209 n 544 (k70 4.693 k90 4.693) noise 0
chromium dpr2 light control "deal" REST rgb(10, 10, 10) med 16.19 <4.5 0.026 min 3.56 n 540 (k70 16.19 k90 16.19) noise 0 || HOVER rgb(10, 10, 10) med 18.297 <4.5 0.033 min 3.653 n 544 (k70 18.297 k90 18.297) noise 0
chromium dpr2 dark tree "deal" REST oklab(0.734123 0.164542 0.0360734) med 7.429 <4.5 0.099 min 2.727 n 563 (k70 7.429 k90 7.429) noise 0 || HOVER oklab(0.734123 0.164542 0.0360734) med 5.903 <4.5 0.121 min 2.521 n 563 (k70 5.903 k90 5.903) noise 0
chromium dpr2 dark neg "deal" REST rgb(255, 92, 124) med 6.392 <4.5 0.116 min 2.437 n 562 (k70 6.392 k90 6.392) noise 0 || HOVER rgb(255, 92, 124) med 5.078 <4.5 0.176 min 2.261 n 562 (k70 5.078 k90 5.078) noise 0
chromium dpr2 dark control "deal" REST rgb(237, 236, 233) med 13.582 <4.5 0 min 4.544 n 610 (k70 13.582 k90 13.582) noise 0 || HOVER rgb(237, 236, 233) med 12.761 <4.5 0.01 min 4.326 n 614 (k70 12.761 k90 12.761) noise 0
webkit dpr1 light tree "deal" REST oklab(0.501665 0.165017 0.039784) med 5.663 <4.5 0.378 min 2.424 n 148 (k70 6.26 k90 6.324) noise 0 || HOVER oklab(0.501665 0.165017 0.039784) med 5.406 <4.5 0.399 min 2.379 n 148 (k70 5.976 k90 6.037) noise 0
webkit dpr1 light neg "deal" REST rgb(208, 42, 82) med 4.643 <4.5 0.455 min 2.329 n 156 (k70 4.896 k90 4.917) noise 0 || HOVER rgb(208, 42, 82) med 4.462 <4.5 0.526 min 2.285 n 156 (k70 4.674 k90 4.693) noise 0
webkit dpr1 light control "deal" REST rgb(10, 10, 10) med 14.377 <4.5 0.095 min 3.56 n 148 (k70 15.996 k90 16.19) noise 0 || HOVER rgb(10, 10, 10) med 16.084 <4.5 0.061 min 3.653 n 148 (k70 18.078 k90 18.297) noise 0
webkit dpr1 dark tree "deal" REST oklab(0.73412 0.164515 0.036055) med 6.715 <4.5 0.256 min 2.76 n 156 (k70 7.313 k90 7.429) noise 0 || HOVER oklab(0.73412 0.164515 0.036055) med 5.422 <4.5 0.372 min 2.569 n 156 (k70 5.811 k90 5.903) noise 0
webkit dpr1 dark neg "deal" REST rgb(255, 92, 124) med 5.813 <4.5 0.359 min 2.487 n 156 (k70 6.288 k90 6.392) noise 0 || HOVER rgb(255, 92, 124) med 4.696 <4.5 0.455 min 2.291 n 156 (k70 4.996 k90 5.078) noise 0
webkit dpr1 dark control "deal" REST rgb(237, 236, 233) med 13.046 <4.5 0 min 4.545 n 165 (k70 13.408 k90 13.408) noise 0 || HOVER rgb(237, 236, 233) med 12.417 <4.5 0.006 min 4.442 n 165 (k70 12.761 k90 12.761) noise 0
webkit dpr2 light tree "deal" REST oklab(0.501665 0.165017 0.039784) med 6.324 <4.5 0.141 min 2.424 n 554 (k70 6.324 k90 6.324) noise 0 || HOVER oklab(0.501665 0.165017 0.039784) med 6.037 <4.5 0.146 min 2.379 n 554 (k70 6.037 k90 6.037) noise 0
webkit dpr2 light neg "deal" REST rgb(208, 42, 82) med 4.917 <4.5 0.193 min 2.252 n 587 (k70 4.917 k90 4.917) noise 0 || HOVER rgb(208, 42, 82) med 4.693 <4.5 0.215 min 2.209 n 587 (k70 4.693 k90 4.693) noise 0
webkit dpr2 light control "deal" REST rgb(10, 10, 10) med 16.19 <4.5 0.027 min 3.56 n 554 (k70 16.19 k90 16.19) noise 0 || HOVER rgb(10, 10, 10) med 18.297 <4.5 0.023 min 3.653 n 554 (k70 18.297 k90 18.297) noise 0
webkit dpr2 dark tree "deal" REST oklab(0.73412 0.164515 0.036055) med 7.429 <4.5 0.1 min 2.689 n 582 (k70 7.429 k90 7.429) noise 0 || HOVER oklab(0.73412 0.164515 0.036055) med 5.903 <4.5 0.16 min 2.505 n 582 (k70 5.903 k90 5.903) noise 0
webkit dpr2 dark neg "deal" REST rgb(255, 92, 124) med 6.392 <4.5 0.143 min 2.421 n 582 (k70 6.392 k90 6.392) noise 0 || HOVER rgb(255, 92, 124) med 5.078 <4.5 0.189 min 2.248 n 582 (k70 5.078 k90 5.078) noise 0
webkit dpr2 dark control "deal" REST rgb(237, 236, 233) med 13.408 <4.5 0.003 min 4.473 n 582 (k70 13.408 k90 13.408) noise 0 || HOVER rgb(237, 236, 233) med 12.761 <4.5 0.009 min 4.367 n 582 (k70 12.761 k90 12.761) noise 0
ALLDONE
