dark tree:
  140°: 1105 px (7.21% of 15327) box 169,172–995,663 · h2.section-heading.transition-colors×90, button.ctrl-btn.rounded-md×58, input.cell-native-input.absolute×9
  150°: 106 px (0.69% of 15327) box 167,172–997,662 · input.cell-native-input.absolute×11, h2.section-heading.transition-colors×2, button.ctrl-btn.rounded-md×1
  310°: 104 px (0.68% of 15327) box 156,139–990,656 · input.cell-native-input.absolute×14
  270°: 94 px (0.61% of 15327) box 157,140–993,659 · input.cell-native-input.absolute×12, path.×1
  160°: 92 px (0.60% of 15327) box 165,172–997,662 · input.cell-native-input.absolute×12, line.×1
  280°: 91 px (0.59% of 15327) box 157,139–993,658 · input.cell-native-input.absolute×12, line.×1
dark control:
  290°: 3409 px (21.85% of 15601) box 136,118–992,658 · input.cell-native-input.absolute×148, div.board-wrapper.cartoon-shadow-md×138, div.logo-menu×113
  140°: 1105 px (7.08% of 15601) box 169,172–995,663 · h2.section-heading.transition-colors×90, button.ctrl-btn.rounded-md×58, input.cell-native-input.absolute×9
  300°: 406 px (2.60% of 15601) box 136,118–991,657 · input.cell-native-input.absolute×45, div.logo-menu×6, div.board-wrapper.cartoon-shadow-md×6
  310°: 106 px (0.68% of 15601) box 156,139–991,657 · input.cell-native-input.absolute×14, line.×1
  150°: 104 px (0.67% of 15601) box 167,172–996,662 · input.cell-native-input.absolute×11, h2.section-heading.transition-colors×2, button.ctrl-btn.rounded-md×1
  270°: 94 px (0.60% of 15601) box 157,140–993,659 · input.cell-native-input.absolute×12, path.×1
light tree:
  140°: 813 px (3.34% of 24358) box 169,172–995,663 · h2.section-heading.transition-colors×69, button.ctrl-btn.rounded-md×40, input.cell-native-input.absolute×7
  150°: 245 px (1.01% of 24358) box 168,172–997,662 · h2.section-heading.transition-colors×15, button.ctrl-btn.rounded-md×10, input.cell-native-input.absolute×9
  270°: 139 px (0.57% of 24358) box 158,140–993,659 · input.cell-native-input.absolute×18, path.×1
  280°: 121 px (0.50% of 24358) box 157,139–993,658 · input.cell-native-input.absolute×16, path.×1
  290°: 107 px (0.44% of 24358) box 156,139–992,658 · input.cell-native-input.absolute×14, line.×1
  300°: 103 px (0.42% of 24358) box 156,139–991,657 · input.cell-native-input.absolute×14
light control:
  290°: 3646 px (14.92% of 24443) box 136,118–992,658 · input.cell-native-input.absolute×151, div.board-wrapper.cartoon-shadow-md×140, div.logo-menu×109
  140°: 813 px (3.33% of 24443) box 169,172–995,663 · h2.section-heading.transition-colors×69, button.ctrl-btn.rounded-md×40, input.cell-native-input.absolute×7
  150°: 244 px (1.00% of 24443) box 168,172–996,662 · h2.section-heading.transition-colors×15, button.ctrl-btn.rounded-md×10, input.cell-native-input.absolute×9
  270°: 139 px (0.57% of 24443) box 158,140–993,659 · input.cell-native-input.absolute×18, path.×1
  300°: 128 px (0.52% of 24443) box 156,118–991,657 · input.cell-native-input.absolute×15, div.logo-menu×2, h1.masthead×1
  280°: 121 px (0.50% of 24443) box 157,139–993,658 · input.cell-native-input.absolute×16, path.×1
