== tree
tree-check-copy-register exit 0
tree-check-ink-pressure exit 0
tree-check-theme-tokens exit 0
tree-lint-copy exit 0
tree-lint-ink exit 0
tree-lint-lanes exit 0
tree-lint-theme-tokens exit 0
tree-lint-sleep exit 0
tree-lint-motion exit 0
tree-test-e2e-projects exit 0
tree-check-pw-projects exit 0
== control
control-check-copy-register exit 0
control-check-ink-pressure exit 0
control-check-theme-tokens exit 0
control-lint-copy exit 0
control-lint-ink exit 0
control-lint-lanes exit 0
control-lint-theme-tokens exit 0
control-lint-sleep exit 0
control-lint-motion exit 0
control-test-e2e-projects exit 0
control-check-pw-projects exit 0
== tree only (write caches)
tree-eslint exit 0
tree-prettier-npm-run-lint exit 1
tree-knip exit 1
ALLDONE
