payload ATMuMzcwMjE0ODY5MTI0MDgwMzA3NjAwMzA3MTAwNDkzMDc2MjA1NzE4OTAwNDM2NTYyMTQzMDkwOTUxNzM4NjQyMjA3MDYxOTgzODMwNDAyNTcw (61 givens)
chromium/light
  guard leave rest proto {"color":"oklab(0.50167 0.165033 0.0397976)","background":"rgba(0, 0, 0, 0)","outlineStroke":"oklab(0.50167 0.165033 0.0397976)"} | control {"color":"rgb(10, 10, 10)","background":"color(srgb 0.0392157 0.0392157 0.0392157 / 0.08)","outlineStroke":"rgb(10, 10, 10)"}
  guard leave hover proto {"color":"oklab(0.50167 0.165033 0.0397976)","background":"rgb(246, 246, 244)","outlineStroke":"oklab(0.50167 0.165033 0.0397976)"} | control {"color":"rgb(10, 10, 10)","background":"rgb(246, 246, 244)","outlineStroke":"rgb(10, 10, 10)"}
  guard REST π: paint 21 rect 0 only 0/0 · noise paint 0 rect 0
    {"progress-trace :: stroke":{"n":4,"a":"rgb(162, 120, 3)","b":"rgb(139, 92, 246)"},"path[0] :: stroke":{"n":5,"a":"rgb(2, 111, 196)","b":"rgb(37, 99, 235)"},"sparkle-icon :: filter":{"n":1,"a":"drop-shadow(color(srgb 0.788235 0.603922 0.180392 / 0.3) 0px 0px 2px)","b":"drop-shadow(rgba(196, 181, 253, 0.3) 0px 0px 2px)"},"outline-container guard-face :: color":{"n":1,"a":"oklab(0.50167 0.165033 0.0397976)","b":"rgb(10, 10, 10)"},"outline-container guard-face :: backgroundColor":{"n":1,"a":"rgba(0, 0, 0, 0)","b":"color(srgb 0.0392157 0.0392157 0.0392157 / 0.08)"},"outline-svg is-pruned :: color":{"n":1,"a":"oklab(0.50167 0.165033 0.0397976)","b":"rgb(10, 10, 10)"},"boil-pose is-active :: color":{"n":1,"a":"oklab(0.50167 0.165033 0.0397976)","b":"rgb(10, 10, 10)"},"path[0] :: color":{"n":4,"a":"oklab(0.50167 0.165033 0.0397976)","b":"rgb(10, 10, 10)"},"boil-pose :: color":{"n":3,"a":"oklab(0.50167 0.165033 0.0397976)","b":"rgb(10, 10, 10)"}}
  guard HOVER π: paint 20 rect 0 · noise paint 0 rect 0
    {"progress-trace :: stroke":{"n":4,"a":"rgb(162, 120, 3)","b":"rgb(139, 92, 246)"},"path[0] :: stroke":{"n":5,"a":"rgb(2, 111, 196)","b":"rgb(37, 99, 235)"},"sparkle-icon :: filter":{"n":1,"a":"drop-shadow(color(srgb 0.788235 0.603922 0.180392 / 0.3) 0px 0px 2px)","b":"drop-shadow(rgba(196, 181, 253, 0.3) 0px 0px 2px)"},"outline-container guard-face :: color":{"n":1,"a":"oklab(0.50167 0.165033 0.0397976)","b":"rgb(10, 10, 10)"},"outline-svg is-pruned :: color":{"n":1,"a":"oklab(0.50167 0.165033 0.0397976)","b":"rgb(10, 10, 10)"},"boil-pose is-active :: color":{"n":1,"a":"oklab(0.50167 0.165033 0.0397976)","b":"rgb(10, 10, 10)"},"path[0] :: color":{"n":4,"a":"oklab(0.50167 0.165033 0.0397976)","b":"rgb(10, 10, 10)"},"boil-pose :: color":{"n":3,"a":"oklab(0.50167 0.165033 0.0397976)","b":"rgb(10, 10, 10)"}}
  BOARD π: paint 5 rect 8 only 0/0 · noise paint 0 rect 0 only 0/0
    {"progress-trace :: stroke":{"n":4,"a":"rgb(162, 120, 3)","b":"rgb(139, 92, 246)"},"sparkle-icon :: filter":{"n":1,"a":"drop-shadow(color(srgb 0.788235 0.603922 0.180392 / 0.3) 0px 0px 2px)","b":"drop-shadow(rgba(196, 181, 253, 0.3) 0px 0px 2px)"}}
    aria proto [aria-label=board fill aria-valuemin=0 aria-valuemax=100 aria-valuenow=25 aria-valuetext=5 of 20 on the board] control [aria-label=board fill aria-valuemin=0 aria-valuemax=100 aria-valuenow=25 aria-valuetext=board 25% filled]
  sparkle rest proto {"filter":"drop-shadow(color(srgb 0.788235 0.603922 0.180392 / 0.3) 0px 0px 2px)"} control {"filter":"drop-shadow(rgba(196, 181, 253, 0.3) 0px 0px 2px)"}; hover proto {"filter":"drop-shadow(color(srgb 0.788235 0.603922 0.180392 / 0.6) 0px 0px 5px)"} control {"filter":"drop-shadow(rgba(196, 181, 253, 0.6) 0px 0px 5px)"}
  sparkle HOVER π: paint 1 rect 0 · noise paint 0 rect 0
    {"sparkle-icon :: filter":{"n":1,"a":"drop-shadow(color(srgb 0.788235 0.603922 0.180392 / 0.6) 0px 0px 5px)","b":"drop-shadow(rgba(196, 181, 253, 0.6) 0px 0px 5px)"}}
chromium/dark
  guard leave rest proto {"color":"oklab(0.734123 0.164542 0.0360734)","background":"rgba(0, 0, 0, 0)","outlineStroke":"oklab(0.734123 0.164542 0.0360734)"} | control {"color":"rgb(237, 236, 233)","background":"color(srgb 0.929412 0.92549 0.913725 / 0.08)","outlineStroke":"rgb(237, 236, 233)"}
  guard leave hover proto {"color":"oklab(0.734123 0.164542 0.0360734)","background":"rgb(40, 38, 36)","outlineStroke":"oklab(0.734123 0.164542 0.0360734)"} | control {"color":"rgb(237, 236, 233)","background":"rgb(40, 38, 36)","outlineStroke":"rgb(237, 236, 233)"}
  guard REST π: paint 21 rect 0 only 0/0 · noise paint 0 rect 0
    {"progress-trace :: stroke":{"n":4,"a":"rgb(121, 101, 15)","b":"rgb(124, 58, 237)"},"path[0] :: stroke":{"n":5,"a":"rgb(71, 167, 255)","b":"rgb(96, 165, 250)"},"sparkle-icon :: filter":{"n":1,"a":"drop-shadow(color(srgb 0.898039 0.780392 0.301961 / 0.3) 0px 0px 2px)","b":"drop-shadow(rgba(196, 181, 253, 0.3) 0px 0px 2px)"},"outline-container guard-face :: color":{"n":1,"a":"oklab(0.734123 0.164542 0.0360734)","b":"rgb(237, 236, 233)"},"outline-container guard-face :: backgroundColor":{"n":1,"a":"rgba(0, 0, 0, 0)","b":"color(srgb 0.929412 0.92549 0.913725 / 0.08)"},"outline-svg is-pruned :: color":{"n":1,"a":"oklab(0.734123 0.164542 0.0360734)","b":"rgb(237, 236, 233)"},"boil-pose is-active :: color":{"n":1,"a":"oklab(0.734123 0.164542 0.0360734)","b":"rgb(237, 236, 233)"},"path[0] :: color":{"n":4,"a":"oklab(0.734123 0.164542 0.0360734)","b":"rgb(237, 236, 233)"},"boil-pose :: color":{"n":3,"a":"oklab(0.734123 0.164542 0.0360734)","b":"rgb(237, 236, 233)"}}
  guard HOVER π: paint 20 rect 0 · noise paint 0 rect 0
    {"progress-trace :: stroke":{"n":4,"a":"rgb(121, 101, 15)","b":"rgb(124, 58, 237)"},"path[0] :: stroke":{"n":5,"a":"rgb(71, 167, 255)","b":"rgb(96, 165, 250)"},"sparkle-icon :: filter":{"n":1,"a":"drop-shadow(color(srgb 0.898039 0.780392 0.301961 / 0.3) 0px 0px 2px)","b":"drop-shadow(rgba(196, 181, 253, 0.3) 0px 0px 2px)"},"outline-container guard-face :: color":{"n":1,"a":"oklab(0.734123 0.164542 0.0360734)","b":"rgb(237, 236, 233)"},"outline-svg is-pruned :: color":{"n":1,"a":"oklab(0.734123 0.164542 0.0360734)","b":"rgb(237, 236, 233)"},"boil-pose is-active :: color":{"n":1,"a":"oklab(0.734123 0.164542 0.0360734)","b":"rgb(237, 236, 233)"},"path[0] :: color":{"n":4,"a":"oklab(0.734123 0.164542 0.0360734)","b":"rgb(237, 236, 233)"},"boil-pose :: color":{"n":3,"a":"oklab(0.734123 0.164542 0.0360734)","b":"rgb(237, 236, 233)"}}
  BOARD π: paint 5 rect 8 only 0/0 · noise paint 0 rect 0 only 0/0
    {"progress-trace :: stroke":{"n":4,"a":"rgb(121, 101, 15)","b":"rgb(124, 58, 237)"},"sparkle-icon :: filter":{"n":1,"a":"drop-shadow(color(srgb 0.898039 0.780392 0.301961 / 0.3) 0px 0px 2px)","b":"drop-shadow(rgba(196, 181, 253, 0.3) 0px 0px 2px)"}}
    aria proto [aria-label=board fill aria-valuemin=0 aria-valuemax=100 aria-valuenow=25 aria-valuetext=5 of 20 on the board] control [aria-label=board fill aria-valuemin=0 aria-valuemax=100 aria-valuenow=25 aria-valuetext=board 25% filled]
  sparkle rest proto {"filter":"drop-shadow(color(srgb 0.898039 0.780392 0.301961 / 0.3) 0px 0px 2px)"} control {"filter":"drop-shadow(rgba(196, 181, 253, 0.3) 0px 0px 2px)"}; hover proto {"filter":"drop-shadow(color(srgb 0.898039 0.780392 0.301961 / 0.6) 0px 0px 5px)"} control {"filter":"drop-shadow(rgba(196, 181, 253, 0.6) 0px 0px 5px)"}
  sparkle HOVER π: paint 1 rect 0 · noise paint 0 rect 0
    {"sparkle-icon :: filter":{"n":1,"a":"drop-shadow(color(srgb 0.898039 0.780392 0.301961 / 0.6) 0px 0px 5px)","b":"drop-shadow(rgba(196, 181, 253, 0.6) 0px 0px 5px)"}}
webkit/light
  guard leave rest proto {"color":"oklab(0.501665 0.165017 0.039784)","background":"rgba(0, 0, 0, 0)","outlineStroke":"oklab(0.501665 0.165017 0.039784)"} | control {"color":"rgb(10, 10, 10)","background":"color(srgb 0.039216 0.039216 0.039216 / 0.08)","outlineStroke":"rgb(10, 10, 10)"}
  guard leave hover proto {"color":"oklab(0.501665 0.165017 0.039784)","background":"rgb(246, 246, 244)","outlineStroke":"oklab(0.501665 0.165017 0.039784)"} | control {"color":"rgb(10, 10, 10)","background":"rgb(246, 246, 244)","outlineStroke":"rgb(10, 10, 10)"}
  guard REST π: paint 21 rect 0 only 0/0 · noise paint 0 rect 0
    {"progress-trace :: stroke":{"n":4,"a":"rgb(162, 120, 3)","b":"rgb(139, 92, 246)"},"path[0] :: stroke":{"n":5,"a":"rgb(2, 111, 196)","b":"rgb(37, 99, 235)"},"sparkle-icon :: filter":{"n":1,"a":"drop-shadow(color(srgb 0.788235 0.603922 0.180392 / 0.3) 0px 0px 2px)","b":"drop-shadow(rgba(196, 181, 253, 0.3) 0px 0px 2px)"},"outline-container guard-face :: color":{"n":1,"a":"oklab(0.501665 0.165017 0.039784)","b":"rgb(10, 10, 10)"},"outline-container guard-face :: backgroundColor":{"n":1,"a":"rgba(0, 0, 0, 0)","b":"color(srgb 0.039216 0.039216 0.039216 / 0.08)"},"outline-svg is-pruned :: color":{"n":1,"a":"oklab(0.501665 0.165017 0.039784)","b":"rgb(10, 10, 10)"},"boil-pose is-active :: color":{"n":1,"a":"oklab(0.501665 0.165017 0.039784)","b":"rgb(10, 10, 10)"},"path[0] :: color":{"n":4,"a":"oklab(0.501665 0.165017 0.039784)","b":"rgb(10, 10, 10)"},"boil-pose :: color":{"n":3,"a":"oklab(0.501665 0.165017 0.039784)","b":"rgb(10, 10, 10)"}}
  guard HOVER π: paint 20 rect 0 · noise paint 0 rect 0
    {"progress-trace :: stroke":{"n":4,"a":"rgb(162, 120, 3)","b":"rgb(139, 92, 246)"},"path[0] :: stroke":{"n":5,"a":"rgb(2, 111, 196)","b":"rgb(37, 99, 235)"},"sparkle-icon :: filter":{"n":1,"a":"drop-shadow(color(srgb 0.788235 0.603922 0.180392 / 0.3) 0px 0px 2px)","b":"drop-shadow(rgba(196, 181, 253, 0.3) 0px 0px 2px)"},"outline-container guard-face :: color":{"n":1,"a":"oklab(0.501665 0.165017 0.039784)","b":"rgb(10, 10, 10)"},"outline-svg is-pruned :: color":{"n":1,"a":"oklab(0.501665 0.165017 0.039784)","b":"rgb(10, 10, 10)"},"boil-pose is-active :: color":{"n":1,"a":"oklab(0.501665 0.165017 0.039784)","b":"rgb(10, 10, 10)"},"path[0] :: color":{"n":4,"a":"oklab(0.501665 0.165017 0.039784)","b":"rgb(10, 10, 10)"},"boil-pose :: color":{"n":3,"a":"oklab(0.501665 0.165017 0.039784)","b":"rgb(10, 10, 10)"}}
  BOARD π: paint 5 rect 8 only 0/0 · noise paint 0 rect 0 only 0/0
    {"progress-trace :: stroke":{"n":4,"a":"rgb(162, 120, 3)","b":"rgb(139, 92, 246)"},"sparkle-icon :: filter":{"n":1,"a":"drop-shadow(color(srgb 0.788235 0.603922 0.180392 / 0.3) 0px 0px 2px)","b":"drop-shadow(rgba(196, 181, 253, 0.3) 0px 0px 2px)"}}
    aria proto [aria-label=board fill aria-valuemin=0 aria-valuemax=100 aria-valuenow=25 aria-valuetext=5 of 20 on the board] control [aria-label=board fill aria-valuemin=0 aria-valuemax=100 aria-valuenow=25 aria-valuetext=board 25% filled]
  sparkle rest proto {"filter":"drop-shadow(color(srgb 0.788235 0.603922 0.180392 / 0.3) 0px 0px 2px)"} control {"filter":"drop-shadow(rgba(196, 181, 253, 0.3) 0px 0px 2px)"}; hover proto {"filter":"drop-shadow(color(srgb 0.788235 0.603922 0.180392 / 0.6) 0px 0px 5px)"} control {"filter":"drop-shadow(rgba(196, 181, 253, 0.6) 0px 0px 5px)"}
  sparkle HOVER π: paint 1 rect 0 · noise paint 0 rect 0
    {"sparkle-icon :: filter":{"n":1,"a":"drop-shadow(color(srgb 0.788235 0.603922 0.180392 / 0.6) 0px 0px 5px)","b":"drop-shadow(rgba(196, 181, 253, 0.6) 0px 0px 5px)"}}
webkit/dark
  guard leave rest proto {"color":"oklab(0.73412 0.164515 0.036055)","background":"rgba(0, 0, 0, 0)","outlineStroke":"oklab(0.73412 0.164515 0.036055)"} | control {"color":"rgb(237, 236, 233)","background":"color(srgb 0.929412 0.92549 0.913726 / 0.08)","outlineStroke":"rgb(237, 236, 233)"}
  guard leave hover proto {"color":"oklab(0.73412 0.164515 0.036055)","background":"rgb(40, 38, 36)","outlineStroke":"oklab(0.73412 0.164515 0.036055)"} | control {"color":"rgb(237, 236, 233)","background":"rgb(40, 38, 36)","outlineStroke":"rgb(237, 236, 233)"}
  guard REST π: paint 21 rect 0 only 0/0 · noise paint 0 rect 0
    {"progress-trace :: stroke":{"n":4,"a":"rgb(121, 101, 15)","b":"rgb(124, 58, 237)"},"path[0] :: stroke":{"n":5,"a":"rgb(71, 167, 255)","b":"rgb(96, 165, 250)"},"sparkle-icon :: filter":{"n":1,"a":"drop-shadow(color(srgb 0.898039 0.780392 0.301961 / 0.3) 0px 0px 2px)","b":"drop-shadow(rgba(196, 181, 253, 0.3) 0px 0px 2px)"},"outline-container guard-face :: color":{"n":1,"a":"oklab(0.73412 0.164515 0.036055)","b":"rgb(237, 236, 233)"},"outline-container guard-face :: backgroundColor":{"n":1,"a":"rgba(0, 0, 0, 0)","b":"color(srgb 0.929412 0.92549 0.913726 / 0.08)"},"outline-svg is-pruned :: color":{"n":1,"a":"oklab(0.73412 0.164515 0.036055)","b":"rgb(237, 236, 233)"},"boil-pose is-active :: color":{"n":1,"a":"oklab(0.73412 0.164515 0.036055)","b":"rgb(237, 236, 233)"},"path[0] :: color":{"n":4,"a":"oklab(0.73412 0.164515 0.036055)","b":"rgb(237, 236, 233)"},"boil-pose :: color":{"n":3,"a":"oklab(0.73412 0.164515 0.036055)","b":"rgb(237, 236, 233)"}}
  guard HOVER π: paint 20 rect 0 · noise paint 0 rect 0
    {"progress-trace :: stroke":{"n":4,"a":"rgb(121, 101, 15)","b":"rgb(124, 58, 237)"},"path[0] :: stroke":{"n":5,"a":"rgb(71, 167, 255)","b":"rgb(96, 165, 250)"},"sparkle-icon :: filter":{"n":1,"a":"drop-shadow(color(srgb 0.898039 0.780392 0.301961 / 0.3) 0px 0px 2px)","b":"drop-shadow(rgba(196, 181, 253, 0.3) 0px 0px 2px)"},"outline-container guard-face :: color":{"n":1,"a":"oklab(0.73412 0.164515 0.036055)","b":"rgb(237, 236, 233)"},"outline-svg is-pruned :: color":{"n":1,"a":"oklab(0.73412 0.164515 0.036055)","b":"rgb(237, 236, 233)"},"boil-pose is-active :: color":{"n":1,"a":"oklab(0.73412 0.164515 0.036055)","b":"rgb(237, 236, 233)"},"path[0] :: color":{"n":4,"a":"oklab(0.73412 0.164515 0.036055)","b":"rgb(237, 236, 233)"},"boil-pose :: color":{"n":3,"a":"oklab(0.73412 0.164515 0.036055)","b":"rgb(237, 236, 233)"}}
  BOARD π: paint 5 rect 8 only 0/0 · noise paint 0 rect 0 only 0/0
    {"progress-trace :: stroke":{"n":4,"a":"rgb(121, 101, 15)","b":"rgb(124, 58, 237)"},"sparkle-icon :: filter":{"n":1,"a":"drop-shadow(color(srgb 0.898039 0.780392 0.301961 / 0.3) 0px 0px 2px)","b":"drop-shadow(rgba(196, 181, 253, 0.3) 0px 0px 2px)"}}
    aria proto [aria-label=board fill aria-valuemin=0 aria-valuemax=100 aria-valuenow=25 aria-valuetext=5 of 20 on the board] control [aria-label=board fill aria-valuemin=0 aria-valuemax=100 aria-valuenow=25 aria-valuetext=board 25% filled]
  sparkle rest proto {"filter":"drop-shadow(color(srgb 0.898039 0.780392 0.301961 / 0.3) 0px 0px 2px)"} control {"filter":"drop-shadow(rgba(196, 181, 253, 0.3) 0px 0px 2px)"}; hover proto {"filter":"drop-shadow(color(srgb 0.898039 0.780392 0.301961 / 0.6) 0px 0px 5px)"} control {"filter":"drop-shadow(rgba(196, 181, 253, 0.6) 0px 0px 5px)"}
  sparkle HOVER π: paint 1 rect 0 · noise paint 0 rect 0
    {"sparkle-icon :: filter":{"n":1,"a":"drop-shadow(color(srgb 0.898039 0.780392 0.301961 / 0.6) 0px 0px 5px)","b":"drop-shadow(rgba(196, 181, 253, 0.6) 0px 0px 5px)"}}
