npm run lint:lanes :: tree 0 · control 0 :: OK — every .mjs in web/frontend/scripts and ./scripts is named by a CI lane, declares itself NOT-A-LANE with a cite, or 
npm run lint:theme-tokens :: tree 0 · control 0 :: check-theme-tokens: 0 unreferenced @theme tokens
npm run lint:sleep :: tree 0 · control 0 :: OK — no fixed-duration wait precedes a one-shot assertion on a live surface across 34 specs.
npm run lint:bands :: tree 1 · control 1 :: npm error A complete log of this run can be found in: /Users/mkbabb/.npm/_logs/2026-09-24T00_42_31_002Z-debug-0.log
npm run lint:verbs :: tree 1 · control 1 :: npm error A complete log of this run can be found in: /Users/mkbabb/.npm/_logs/2026-09-24T00_42_31_417Z-debug-0.log
npm run test:e2e:projects :: tree 0 · control 0 :: OK — 34 specs, 547 resolved tests, every spec in both engines except the 6 recorded holdouts, and every row live in both
node scripts/check-pw-projects.mjs :: tree 0 · control 0 :: OK — 34 specs, 547 resolved tests, every spec in both engines except the 6 recorded holdouts, and every row live in both
npm run lint:ink :: tree 0 · control 0 ::   the ramp and the register cross between themes, and the crossing is GATED: exactly one ruling is admitted (src/assets/
npm run test:font-coverage :: tree 0 · control 0 ::     Patrick Hand · U+00B7 "·" — the tally's separator, .margin-note-meta; watched by font-census.spec.ts
npm run lint:copy :: tree 0 · control 0 :: check-copy-register: 0 em/en dashes and 0 unadmitted jargon in product copy (0 admitted, each with its cure's seam)
node scripts/check-copy-register.mjs :: tree 0 · control 0 :: check-copy-register: 0 em/en dashes and 0 unadmitted jargon in product copy (0 admitted, each with its cure's seam)
npm run lint:motion :: tree 0 · control 0 :: OK — 34 specs, every one declaring its motion state, every `frozen` backed by the route that lands.
npm run lint:live-regions :: tree 0 · control 0 :: check-live-regions: 0 regions born speaking — every declared region takes its content as a mutation
npm run lint:boundary :: tree 0 · control 0 :: 
npm run lint:knip :: tree 0 · control 0 :: 
npx eslint . :: tree 0 · control 0 :: 
npm run lint :: tree 0 · control 0 :: All matched files use Prettier code style!
check-property-block source :: tree 1 · control 0 ::   RED C4  src/pencil/config/motionRungs.ts:26 emits `@property` from script
undefined-token census :: tree 1 · control 1 :: bare var() naming no declaration — TIMING slots: 4
BATTERY-DONE
