tree dev wrapper 29972 listener 30035 · control wrapper 29973 listener 30033
control serves index-CubiZsMVSwTc.js
ROW {"eng":"chromium","arm":"tree-dev","m":"sixteen","payload":"ATQuMDIwMDAwMDA5MGJjMGVm…","payloadLen":346,"inputs":256,"givensDealt":104,"ariaGivens":104,"mismatched":0,"extra":0,"sample":[["1","2"],["8","9"],["10","B"]],"joinMsPer256":{"median":0.0062,"max":0.0066},"load":"load 24.5"}
ROW {"eng":"chromium","arm":"tree-dev","m":"land","rig":"l844","regime":{"coarse":true,"dark":false,"landscape":true},"two":{"text":"only 5 fits here","clip":"inset(50%)","ws":"nowrap","pos":"absolute","w":1,"h":1,"sh":410},"ariaLineTwo":["- paragraph: only 5 fits here"],"bytesVsDisplayNone":"0/4833","load":"load 24.1"}
ROW {"eng":"chromium","arm":"tree-dev","m":"land","rig":"l812","regime":{"coarse":true,"dark":false,"landscape":true},"two":{"text":"only 5 fits here","clip":"inset(50%)","ws":"nowrap","pos":"absolute","w":1,"h":1,"sh":395},"ariaLineTwo":["- paragraph: only 5 fits here"],"bytesVsDisplayNone":"0/4630.5","load":"load 24.2"}
ROW {"eng":"chromium","arm":"tree-dev","m":"reserve","rig":"phone2","regime":{"coarse":true,"dark":false,"landscape":false},"voiceText":"","voiceMinH":"20.8px","voiceH":20.8,"blockMinH":"20.8px","blockH":20.8,"load":"load 24.2"}
ROW {"eng":"chromium","arm":"tree-dev","m":"reserve","rig":"l844","regime":{"coarse":true,"dark":false,"landscape":true},"voiceText":"","voiceMinH":"20.8px","voiceH":20.8,"blockMinH":"20.8px","blockH":20.8,"load":"load 24.2"}
ROW {"eng":"chromium","arm":"tree-dev","m":"reserve","rig":"desk1","regime":{"coarse":false,"dark":false,"landscape":true},"voiceText":"","voiceMinH":"auto","voiceH":0,"blockMinH":"20.8px","blockH":20.8,"load":"load 23.8"}
probe tree chromium exit=0
ROW {"eng":"chromium","arm":"control","m":"sixteen","payload":"ATQuMDIwMDAwMDA5MGJjMGVm…","payloadLen":346,"inputs":256,"givensDealt":104,"ariaGivens":104,"mismatched":0,"extra":0,"sample":[["1","2"],["8","9"],["10","B"]],"joinMsPer256":{"median":0.0074,"max":0.0083},"load":"load 23.8"}
ROW {"eng":"chromium","arm":"control","m":"reserve","rig":"phone2","regime":{"coarse":true,"dark":false,"landscape":false},"voiceText":"","voiceMinH":"auto","voiceH":0,"blockMinH":"20.8px","blockH":20.8,"load":"load 23.1"}
ROW {"eng":"chromium","arm":"control","m":"reserve","rig":"l844","regime":{"coarse":true,"dark":false,"landscape":true},"voiceText":"","voiceMinH":"auto","voiceH":0,"blockMinH":"20.8px","blockH":20.8,"load":"load 23.1"}
ROW {"eng":"chromium","arm":"control","m":"reserve","rig":"desk1","regime":{"coarse":false,"dark":false,"landscape":true},"voiceText":"","voiceMinH":"auto","voiceH":0,"blockMinH":"20.8px","blockH":20.8,"load":"load 23.1"}
probe control chromium exit=0
ROW {"eng":"webkit","arm":"tree-dev","m":"sixteen","payload":"ATQuMDIwMDAwMDA5MGJjMGVm…","payloadLen":346,"inputs":256,"givensDealt":104,"ariaGivens":104,"mismatched":0,"extra":0,"sample":[["1","2"],["8","9"],["10","B"]],"joinMsPer256":{"median":0.007,"max":0.009},"load":"load 25.3"}
ROW {"eng":"webkit","arm":"tree-dev","m":"land","rig":"l844","regime":{"coarse":true,"dark":false,"landscape":true},"two":{"text":"only 5 fits here","clip":"inset(50%)","ws":"nowrap","pos":"absolute","w":1,"h":1,"sh":410},"ariaLineTwo":["- paragraph: only 5 fits here"],"bytesVsDisplayNone":"0/6444","load":"load 27.3"}
ROW {"eng":"webkit","arm":"tree-dev","m":"land","rig":"l812","regime":{"coarse":true,"dark":false,"landscape":true},"two":{"text":"only 5 fits here","clip":"inset(50%)","ws":"nowrap","pos":"absolute","w":1,"h":1,"sh":395},"ariaLineTwo":["- paragraph: only 5 fits here"],"bytesVsDisplayNone":"0/6174","load":"load 25.4"}
ROW {"eng":"webkit","arm":"tree-dev","m":"reserve","rig":"phone2","regime":{"coarse":true,"dark":false,"landscape":false},"voiceText":"","voiceMinH":"20.799999px","voiceH":20.8,"blockMinH":"20.799999px","blockH":20.8,"load":"load 25.4"}
ROW {"eng":"webkit","arm":"tree-dev","m":"reserve","rig":"l844","regime":{"coarse":true,"dark":false,"landscape":true},"voiceText":"","voiceMinH":"20.799999px","voiceH":20.8,"blockMinH":"20.799999px","blockH":20.8,"load":"load 24.5"}
ROW {"eng":"webkit","arm":"tree-dev","m":"reserve","rig":"desk1","regime":{"coarse":false,"dark":false,"landscape":true},"voiceText":"","voiceMinH":"auto","voiceH":0,"blockMinH":"20.799999px","blockH":20.8,"load":"load 24.5"}
probe tree webkit exit=0
ROW {"eng":"webkit","arm":"control","m":"sixteen","payload":"ATQuMDIwMDAwMDA5MGJjMGVm…","payloadLen":346,"inputs":256,"givensDealt":104,"ariaGivens":104,"mismatched":0,"extra":0,"sample":[["1","2"],["8","9"],["10","B"]],"joinMsPer256":{"median":0.007,"max":0.009},"load":"load 24.7"}
ROW {"eng":"webkit","arm":"control","m":"reserve","rig":"phone2","regime":{"coarse":true,"dark":false,"landscape":false},"voiceText":"","voiceMinH":"auto","voiceH":0,"blockMinH":"20.799999px","blockH":20.8,"load":"load 24.7"}
ROW {"eng":"webkit","arm":"control","m":"reserve","rig":"l844","regime":{"coarse":true,"dark":false,"landscape":true},"voiceText":"","voiceMinH":"auto","voiceH":0,"blockMinH":"20.799999px","blockH":20.8,"load":"load 25.2"}
ROW {"eng":"webkit","arm":"control","m":"reserve","rig":"desk1","regime":{"coarse":false,"dark":false,"landscape":true},"voiceText":"","voiceMinH":"auto","voiceH":0,"blockMinH":"20.799999px","blockH":20.8,"load":"load 25.2"}
probe control webkit exit=0
RUN-DONE
