GB3 grid chromium-1280x800-light-playing {"px":"1272x1272","maxChannelDelta":2,"pxOver1":74,"pxOver4":0,"meanDelta":0.0105,"aaPxBase":37345,"aaPxProto":37345}
GB3 logo chromium-1280x800-light-playing {"px":"766x224","maxChannelDelta":75,"pxOver1":7222,"pxOver4":5945,"meanDelta":0.6428,"aaPxBase":3471,"aaPxProto":2321}
GC4 pi chromium-1280x800-light-playing {"elementsBase":1094,"elementsProto":1103,"movedOutsideZone":0,"moved":[],"zoneDelta":{"baseOnly":8,"protoOnly":17,"changed":0,"tagsBase":{"text":5,"image":8,"g":8,"path":68},"tagsProto":{"text":5,"mask":4,"image":4,"rect":4,"g":8,"div":5,"path":68}}}
GC4 pi chromium-1280x800-light-gallery {"elementsBase":1652,"elementsProto":1661,"movedOutsideZone":0,"moved":[],"zoneDelta":{"baseOnly":8,"protoOnly":17,"changed":0,"tagsBase":{"text":5,"image":8,"g":8,"path":68},"tagsProto":{"text":5,"mask":4,"image":4,"rect":4,"g":8,"div":5,"path":68}}}
GB3 grid chromium-1280x800-dark-playing {"px":"1272x1272","maxChannelDelta":2,"pxOver1":21,"pxOver4":0,"meanDelta":0.0171,"aaPxBase":41917,"aaPxProto":41904}
GB3 logo chromium-1280x800-dark-playing {"px":"766x224","maxChannelDelta":73,"pxOver1":7800,"pxOver4":6479,"meanDelta":0.9819,"aaPxBase":3251,"aaPxProto":2332}
GC4 pi chromium-1280x800-dark-playing {"elementsBase":1094,"elementsProto":1103,"movedOutsideZone":0,"moved":[],"zoneDelta":{"baseOnly":8,"protoOnly":17,"changed":0,"tagsBase":{"text":5,"image":8,"g":8,"path":68},"tagsProto":{"text":5,"mask":4,"image":4,"rect":4,"g":8,"div":5,"path":68}}}
GC4 pi chromium-1280x800-dark-gallery {"elementsBase":1652,"elementsProto":1661,"movedOutsideZone":0,"moved":[],"zoneDelta":{"baseOnly":8,"protoOnly":17,"changed":0,"tagsBase":{"text":5,"image":8,"g":8,"path":68},"tagsProto":{"text":5,"mask":4,"image":4,"rect":4,"g":8,"div":5,"path":68}}}
GB3 grid chromium-390x844-light-playing {"px":"724x724","maxChannelDelta":6,"pxOver1":337,"pxOver4":1,"meanDelta":0.0506,"aaPxBase":32069,"aaPxProto":31985}
GB3 logo chromium-390x844-light-playing {"px":"488x144","maxChannelDelta":27,"pxOver1":3500,"pxOver4":1958,"meanDelta":0.3598,"aaPxBase":2359,"aaPxProto":2086}
GC4 pi chromium-390x844-light-playing {"elementsBase":1054,"elementsProto":1063,"movedOutsideZone":0,"moved":[],"zoneDelta":{"baseOnly":8,"protoOnly":17,"changed":0,"tagsBase":{"text":5,"image":8,"g":8,"path":68},"tagsProto":{"text":5,"mask":4,"image":4,"rect":4,"g":8,"div":5,"path":68}}}
GC4 pi chromium-390x844-light-gallery {"elementsBase":1612,"elementsProto":1621,"movedOutsideZone":0,"moved":[],"zoneDelta":{"baseOnly":8,"protoOnly":17,"changed":0,"tagsBase":{"text":5,"image":8,"g":8,"path":68},"tagsProto":{"text":5,"mask":4,"image":4,"rect":4,"g":8,"div":5,"path":68}}}
GB3 grid chromium-390x844-dark-playing {"px":"724x724","maxChannelDelta":5,"pxOver1":117,"pxOver4":1,"meanDelta":0.062,"aaPxBase":37710,"aaPxProto":37698}
GB3 logo chromium-390x844-dark-playing {"px":"488x144","maxChannelDelta":57,"pxOver1":5341,"pxOver4":4551,"meanDelta":1.2423,"aaPxBase":2263,"aaPxProto":2133}
GC4 pi chromium-390x844-dark-playing {"elementsBase":1054,"elementsProto":1063,"movedOutsideZone":0,"moved":[],"zoneDelta":{"baseOnly":8,"protoOnly":17,"changed":0,"tagsBase":{"text":5,"image":8,"g":8,"path":68},"tagsProto":{"text":5,"mask":4,"image":4,"rect":4,"g":8,"div":5,"path":68}}}
GC4 pi chromium-390x844-dark-gallery {"elementsBase":1612,"elementsProto":1621,"movedOutsideZone":0,"moved":[],"zoneDelta":{"baseOnly":8,"protoOnly":17,"changed":0,"tagsBase":{"text":5,"image":8,"g":8,"path":68},"tagsProto":{"text":5,"mask":4,"image":4,"rect":4,"g":8,"div":5,"path":68}}}
GB3 grid webkit-1280x800-light-playing {"px":"1272x1272","maxChannelDelta":9,"pxOver1":138923,"pxOver4":586,"meanDelta":0.2616,"aaPxBase":37266,"aaPxProto":37333}
GB3 logo webkit-1280x800-light-playing {"px":"762x224","maxChannelDelta":14,"pxOver1":48693,"pxOver4":1395,"meanDelta":0.8868,"aaPxBase":2848,"aaPxProto":2919}
GC4 pi webkit-1280x800-light-playing {"elementsBase":1094,"elementsProto":1103,"movedOutsideZone":0,"moved":[],"zoneDelta":{"baseOnly":8,"protoOnly":17,"changed":0,"tagsBase":{"text":5,"image":8,"g":8,"path":68},"tagsProto":{"text":5,"mask":4,"image":4,"rect":4,"g":8,"div":5,"path":68}}}
GC4 pi webkit-1280x800-light-gallery {"elementsBase":1652,"elementsProto":1661,"movedOutsideZone":0,"moved":[],"zoneDelta":{"baseOnly":8,"protoOnly":17,"changed":0,"tagsBase":{"text":5,"image":8,"g":8,"path":68},"tagsProto":{"text":5,"mask":4,"image":4,"rect":4,"g":8,"div":5,"path":68}}}
GB3 grid webkit-1280x800-dark-playing {"px":"1272x1272","maxChannelDelta":2,"pxOver1":2,"pxOver4":0,"meanDelta":0.0143,"aaPxBase":41800,"aaPxProto":41868}
GB3 logo webkit-1280x800-dark-playing {"px":"762x224","maxChannelDelta":14,"pxOver1":891,"pxOver4":129,"meanDelta":0.0478,"aaPxBase":3143,"aaPxProto":3165}
GC4 pi webkit-1280x800-dark-playing {"elementsBase":1094,"elementsProto":1103,"movedOutsideZone":0,"moved":[],"zoneDelta":{"baseOnly":8,"protoOnly":17,"changed":0,"tagsBase":{"text":5,"image":8,"g":8,"path":68},"tagsProto":{"text":5,"mask":4,"image":4,"rect":4,"g":8,"div":5,"path":68}}}
GC4 pi webkit-1280x800-dark-gallery {"elementsBase":1652,"elementsProto":1661,"movedOutsideZone":0,"moved":[],"zoneDelta":{"baseOnly":8,"protoOnly":17,"changed":0,"tagsBase":{"text":5,"image":8,"g":8,"path":68},"tagsProto":{"text":5,"mask":4,"image":4,"rect":4,"g":8,"div":5,"path":68}}}
GB3 grid webkit-390x844-light-playing {"px":"724x724","maxChannelDelta":10,"pxOver1":44318,"pxOver4":264,"meanDelta":0.2603,"aaPxBase":27090,"aaPxProto":27273}
GB3 logo webkit-390x844-light-playing {"px":"486x144","maxChannelDelta":10,"pxOver1":20360,"pxOver4":949,"meanDelta":0.9285,"aaPxBase":2009,"aaPxProto":2045}
GC4 pi webkit-390x844-light-playing {"elementsBase":1054,"elementsProto":1063,"movedOutsideZone":0,"moved":[],"zoneDelta":{"baseOnly":8,"protoOnly":17,"changed":0,"tagsBase":{"text":5,"image":8,"g":8,"path":68},"tagsProto":{"text":5,"mask":4,"image":4,"rect":4,"g":8,"div":5,"path":68}}}
GC4 pi webkit-390x844-light-gallery {"elementsBase":1612,"elementsProto":1621,"movedOutsideZone":0,"moved":[],"zoneDelta":{"baseOnly":8,"protoOnly":17,"changed":0,"tagsBase":{"text":5,"image":8,"g":8,"path":68},"tagsProto":{"text":5,"mask":4,"image":4,"rect":4,"g":8,"div":5,"path":68}}}
GB3 grid webkit-390x844-dark-playing {"px":"724x724","maxChannelDelta":7,"pxOver1":794,"pxOver4":1,"meanDelta":0.0943,"aaPxBase":33291,"aaPxProto":33219}
GB3 logo webkit-390x844-dark-playing {"px":"486x144","maxChannelDelta":3,"pxOver1":537,"pxOver4":0,"meanDelta":0.0653,"aaPxBase":2066,"aaPxProto":2065}
GC4 pi webkit-390x844-dark-playing {"elementsBase":1054,"elementsProto":1063,"movedOutsideZone":0,"moved":[],"zoneDelta":{"baseOnly":8,"protoOnly":17,"changed":0,"tagsBase":{"text":5,"image":8,"g":8,"path":68},"tagsProto":{"text":5,"mask":4,"image":4,"rect":4,"g":8,"div":5,"path":68}}}
GC4 pi webkit-390x844-dark-gallery {"elementsBase":1612,"elementsProto":1621,"movedOutsideZone":0,"moved":[],"zoneDelta":{"baseOnly":8,"protoOnly":17,"changed":0,"tagsBase":{"text":5,"image":8,"g":8,"path":68},"tagsProto":{"text":5,"mask":4,"image":4,"rect":4,"g":8,"div":5,"path":68}}}
DONE
