B0 as built
  vitest src/pencil/chrome/marginNote.motion.test.ts exit=0 ::  Tests 11 passed (11)
B1 RETUNE a §13 rung in §7's graft: whisper 150 -> 125 (a ladder row §7 may not write)
1
  vitest src/pencil/chrome/marginNote.motion.test.ts exit=0 ::  Tests 11 passed (11)
  restored: cfg ok sfc ok css ok
B2 RETUNE rise 520 -> 600 (T9-B11's other arm, decided by the owner, not §7)
1
  vitest src/pencil/chrome/marginNote.motion.test.ts exit=0 ::  Tests 11 passed (11)
  restored: cfg ok sfc ok css ok
B3 DEAD HOOK, text intact: stopTheClock returns before its write
127:function stopTheClock(el: Element): void {
128-  if (el) return;
129-  (el as HTMLElement).style.setProperty("transition", "none", "important");
  vitest src/pencil/chrome/marginNote.motion.test.ts exit=0 ::  Tests 11 passed (11)
  restored: cfg ok sfc ok css ok
B4 DELETE the @property --motion-rise registration (the rung the graft grew)
0
  vitest src/pencil/chrome/marginNote.motion.test.ts exit=0 ::  Tests 11 passed (11)
  check-theme-tokens exit=0
  check-motion-contract exit=0
  restored: cfg ok sfc ok css ok
B5 DELETE @property --motion-whisper (the rung the verb spends)
0
  vitest src/pencil/chrome/marginNote.motion.test.ts exit=0 ::  Tests 11 passed (11)
  check-theme-tokens exit=0
  check-motion-contract exit=0
  restored: cfg ok sfc ok css ok
B6 NEST the seven @property blocks inside :root{} (the LAWS' brace-nested RED)
113-:root{
114:@property --motion-whisper {
  vitest src/pencil/chrome/marginNote.motion.test.ts exit=0 ::  Tests 11 passed (11)
  check-theme-tokens exit=0
  check-motion-contract exit=0
  restored: cfg ok sfc ok css ok
DONE
EXIT 0
