
Running 26 tests using 2 workers

  ✓   2 [chromium] › e2e/affordances.spec.ts:175:1 › stale-note: teacher-red and gold-star notes clear on the next edit (1.6s)
  ✓   1 [chromium] › e2e/affordances.spec.ts:122:1 › print: chrome hidden, black strokes, washes stripped (CSS-only) (2.0s)
  ✓   3 [chromium] › e2e/affordances.spec.ts:255:1 › drop clock: a note leaves on the rub-out, whatever transition the ink carries (1.5s)
  ✓   4 [chromium] › e2e/affordances.spec.ts:330:1 › conflict note: a pure column duplicate names the COLUMN, never a row (1.1s)
  ✓   5 [chromium] › e2e/affordances.spec.ts:373:1 › tally: solve writes "N backtracks · Xms" in the note meta; the next edit clears it (1.2s)
  ✓   6 [chromium] › e2e/affordances.spec.ts:412:1 › tally: with debug off a solved board prints no tally at all (1.1s)
  ✓   7 [chromium] › e2e/affordances.spec.ts:425:1 › undo: Ctrl+Z reverts, Ctrl+Shift+Z redoes, Meta+Z works, plain z is not swallowed (1.2s)
  ✓   8 [chromium] › e2e/affordances.spec.ts:459:1 › fill batch: one Fill sweep undoes as ONE gesture, redo re-fills (1.9s)
  ✓   9 [chromium] › e2e/affordances.spec.ts:496:1 › permalink: share writes ?board= and a reload reproduces the exact board (1.3s)
  ✓  10 [chromium] › e2e/affordances.spec.ts:535:1 › hint: first H gives the reasoning + highlights, second H inks the digit (1.1s)
  ✓  11 [chromium] › e2e/affordances.spec.ts:566:1 › marks-gesture: no marks pre-peek, K shows them, Esc clears them (1.2s)
  ✓  12 [chromium] › e2e/affordances.spec.ts:585:1 › composed keyboard: K-peek from cell focus + roving tabindex (Ctrl+Home/End) + undo in one session (1.4s)
  ✓  13 [chromium] › e2e/affordances.spec.ts:667:1 › composed keyboard (futoshiki twin): K-peek from cell focus + roving + undo in one session (1.2s)
  ✓  14 [webkit] › e2e/affordances.spec.ts:122:1 › print: chrome hidden, black strokes, washes stripped (CSS-only) (2.0s)
  ✓  15 [webkit] › e2e/affordances.spec.ts:175:1 › stale-note: teacher-red and gold-star notes clear on the next edit (2.0s)
  ✓  16 [webkit] › e2e/affordances.spec.ts:255:1 › drop clock: a note leaves on the rub-out, whatever transition the ink carries (1.8s)
  ✓  17 [webkit] › e2e/affordances.spec.ts:330:1 › conflict note: a pure column duplicate names the COLUMN, never a row (1.4s)
  ✓  18 [webkit] › e2e/affordances.spec.ts:373:1 › tally: solve writes "N backtracks · Xms" in the note meta; the next edit clears it (1.0s)
  ✓  19 [webkit] › e2e/affordances.spec.ts:412:1 › tally: with debug off a solved board prints no tally at all (1.1s)
  ✓  20 [webkit] › e2e/affordances.spec.ts:425:1 › undo: Ctrl+Z reverts, Ctrl+Shift+Z redoes, Meta+Z works, plain z is not swallowed (998ms)
  ✓  21 [webkit] › e2e/affordances.spec.ts:459:1 › fill batch: one Fill sweep undoes as ONE gesture, redo re-fills (1.8s)
  ✓  22 [webkit] › e2e/affordances.spec.ts:496:1 › permalink: share writes ?board= and a reload reproduces the exact board (1.2s)
  ✓  24 [webkit] › e2e/affordances.spec.ts:566:1 › marks-gesture: no marks pre-peek, K shows them, Esc clears them (994ms)
  ✓  23 [webkit] › e2e/affordances.spec.ts:535:1 › hint: first H gives the reasoning + highlights, second H inks the digit (1.5s)
  ✓  26 [webkit] › e2e/affordances.spec.ts:667:1 › composed keyboard (futoshiki twin): K-peek from cell focus + roving + undo in one session (1.0s)
  ✓  25 [webkit] › e2e/affordances.spec.ts:585:1 › composed keyboard: K-peek from cell focus + roving tabindex (Ctrl+Home/End) + undo in one session (1.2s)

  26 passed (19.1s)
