deadhook build exit=0
SFC restored sha1 ok
deadhook identity: index-DudLmXPPysdv.js
4248 serves: index-DudLmXPPysdv.js
pid-dead 70563
== E1 tree spec WHOLE on tree dist (4246)
E1 exit=0
  26 passed (19.1s)
== E2 NEGATIVE: drop-clock row on the dead-hook dist (4248)
E2 exit=1
    Expected: "0s"
    Received: "1s"
    Expected: "0s"
    Received: "1s"
  2 failed
== E3 tree spec WHOLE on control dist (4247)
E3 exit=1
  ✘   3 [chromium] › e2e/affordances.spec.ts:255:1 › drop clock: a note leaves on the rub-out, whatever transition the ink carries (6.1s)
  ✘  16 [webkit] › e2e/affordances.spec.ts:255:1 › drop clock: a note leaves on the rub-out, whatever transition the ink carries (6.3s)
  2 failed
  24 passed (24.4s)
== E4 control's OWN spec WHOLE on control dist (4247)
E4 exit=0
  24 passed (17.2s)
4248 freed
DONE
EXIT 0
