Running 20 tests using 1 worker
  ✓   1 [chromium] › e2e/player-place.spec.ts:100:1 › 1 · the chart opens on the room as it is, and a move after the press is still damped (8.6s)
  ✓   2 [chromium] › e2e/player-place.spec.ts:155:1 › 2 · the query at four: a peer row answers, your own row dims nothing (6.5s)
  ✓   3 [chromium] › e2e/player-place.spec.ts:198:1 › 3 · Hidden says one null and draws you nowhere; Shown says your cell once and draws you there (6.3s)
  ✓   4 [chromium] › e2e/player-place.spec.ts:252:1 › 4 · the head is still while a peer walks the board, and the same scope moves once open (11.9s)
  ✓   5 [chromium] › e2e/player-place.spec.ts:308:3 › 5 · the pitch at 4×4: 32/3 px a cell, a dot 8px across (3.0s)
  ✓   6 [chromium] › e2e/player-place.spec.ts:308:3 › 5 · the pitch at 9×9: 32/3 px a cell, a dot 8px across (3.5s)
  ✓   7 [chromium] › e2e/player-place.spec.ts:308:3 › 5 · the pitch at 16×16: 32/3 px a cell, a dot 8px across (4.0s)
  ✓   8 [chromium] › e2e/player-place.spec.ts:342:1 › 6 · each qualifier sits on its own peer (24.9s)
  ✓   9 [chromium] › e2e/player-place.spec.ts:405:1 › 7 · a tapped mark opens on a coarse phone, the lap belongs to the sheet, and one tap there dismisses (6.9s)
  ✓  10 [chromium] › e2e/player-place.spec.ts:512:1 › 8 · under reduce the open sheet has no transition left (2.3s)
  ✓  11 [webkit] › e2e/player-place.spec.ts:100:1 › 1 · the chart opens on the room as it is, and a move after the press is still damped (13.2s)
  ✓  12 [webkit] › e2e/player-place.spec.ts:155:1 › 2 · the query at four: a peer row answers, your own row dims nothing (12.3s)
  ✓  13 [webkit] › e2e/player-place.spec.ts:198:1 › 3 · Hidden says one null and draws you nowhere; Shown says your cell once and draws you there (8.5s)
  ✓  14 [webkit] › e2e/player-place.spec.ts:252:1 › 4 · the head is still while a peer walks the board, and the same scope moves once open (14.8s)
  ✓  15 [webkit] › e2e/player-place.spec.ts:308:3 › 5 · the pitch at 4×4: 32/3 px a cell, a dot 8px across (5.1s)
  ✓  16 [webkit] › e2e/player-place.spec.ts:308:3 › 5 · the pitch at 9×9: 32/3 px a cell, a dot 8px across (6.8s)
  ✓  17 [webkit] › e2e/player-place.spec.ts:308:3 › 5 · the pitch at 16×16: 32/3 px a cell, a dot 8px across (7.6s)
  ✓  18 [webkit] › e2e/player-place.spec.ts:342:1 › 6 · each qualifier sits on its own peer (29.3s)
  ✓  19 [webkit] › e2e/player-place.spec.ts:405:1 › 7 · a tapped mark opens on a coarse phone, the lap belongs to the sheet, and one tap there dismisses (7.0s)
  ✓  20 [webkit] › e2e/player-place.spec.ts:512:1 › 8 · under reduce the open sheet has no transition left (2.8s)
  20 passed (3.2m)
EXIT=0
