vite v8.1.4 building client environment for production...

 WARN  advancedChunks option is deprecated, please use codeSplitting instead.

[2Ktransforming...✓ 237 modules transformed.
rendering chunks...
computing gzip size...
dist/index.html                                      3.25 kB │ gzip:  1.36 kB
dist/assets/firacode-subset-CbuNTc2aGjcY.woff2       3.62 kB
dist/assets/patrickhand-subset-BqV1besB36ib.woff2    4.31 kB
dist/assets/avatar-biqsjs3dzERf.png                  6.09 kB
dist/assets/fraunces-subset-qp6ShjBRhfYB.woff2      14.63 kB
dist/assets/solver.worker-DyhLjsTj.js               22.68 kB
dist/assets/csp_solver_wasm_bg-BJYevEYE.wasm       123.33 kB │ gzip: 50.33 kB
dist/assets/FutoshikiPoster-DZUvzwTKUpND.css         0.28 kB │ gzip:  0.16 kB
dist/assets/PosterBoard-C25fZcEKH9UF.css             0.39 kB │ gzip:  0.21 kB
dist/assets/spec-B7T6LNVJOIWK.css                    0.46 kB │ gzip:  0.25 kB
dist/assets/CageOverlay-CxJWuhZARm9B.css             0.54 kB │ gzip:  0.30 kB
dist/assets/ThermoTube-pAIHdX-6oKC9.css              0.62 kB │ gzip:  0.29 kB
dist/assets/AnswerKeyLaminate-CbZq7IXzl1ib.css       0.95 kB │ gzip:  0.41 kB
dist/assets/index-CWzrjV_2Zj9L.css                  96.66 kB │ gzip: 19.36 kB
dist/assets/wire-BuDRICPW8zpg.js                     0.17 kB │ gzip:  0.15 kB
dist/assets/SudokuPoster-C-SdC26QWod8.js             0.86 kB │ gzip:  0.49 kB
dist/assets/clue-CNo7259tIuQm.js                     0.90 kB │ gzip:  0.50 kB
dist/assets/clue-B77KEGrfT5xu.js                     0.97 kB │ gzip:  0.55 kB
dist/assets/ThermoPoster-D5P5B3kT6S9U.js             1.17 kB │ gzip:  0.66 kB
dist/assets/ThermoTube-D_suTD_I2lnt.js               1.18 kB │ gzip:  0.73 kB
dist/assets/clue-D3bqB3E33Ls2.js                     1.21 kB │ gzip:  0.64 kB
dist/assets/KillerPoster-DWshxj_UobGf.js             1.39 kB │ gzip:  0.75 kB
dist/assets/CageOverlay-Dod3-6bPEayO.js              1.74 kB │ gzip:  0.99 kB
dist/assets/KenKenPoster-ZJ5SejCojqHK.js             1.76 kB │ gzip:  0.84 kB
dist/assets/relayWire-5r_0oKENP1Dl.js                1.87 kB │ gzip:  1.06 kB
dist/assets/FutoshikiPoster-KaaYI3EqCyg4.js          1.97 kB │ gzip:  1.09 kB
dist/assets/spec-Bg1fB9gsulGe.js                     2.07 kB │ gzip:  1.02 kB
dist/assets/spec-Cl-Ho9Kdnt1N.js                     2.16 kB │ gzip:  1.04 kB
dist/assets/AnswerKeyLaminate-CtM6YTugLVxJ.js        2.33 kB │ gzip:  1.33 kB
dist/assets/PosterBoard-CYcHmC_ndI5h.js              2.63 kB │ gzip:  1.20 kB
dist/assets/spec-B5of-94_YkfS.js                     3.03 kB │ gzip:  1.44 kB
dist/assets/spec-jhT_vMusDOzX.js                     3.29 kB │ gzip:  1.54 kB
dist/assets/glyphRegistry-JAQyezkvKnfB.js            9.63 kB │ gzip:  3.92 kB
dist/assets/animation-vendor-CrUpJv3U-YcU.js        11.64 kB │ gzip:  4.74 kB
dist/assets/templates-LkXzF59FZu96.js               18.16 kB │ gzip:  4.97 kB
dist/assets/playerIdentity-B_eVLbKzxGjH.js          19.31 kB │ gzip:  8.12 kB
dist/assets/templates-CsCa30cxJEsI.js               24.59 kB │ gzip:  7.06 kB
dist/assets/vue-vendor-DO-CUsNNxq8N.js              85.19 kB │ gzip: 34.03 kB
dist/assets/index-DWMUHdQr1EaZ.js                  209.30 kB │ gzip: 71.95 kB

✓ built in 401ms
EXIT 0
