
Running 46 tests using 9 workers

  ✓   8 [chromium] › e2e/gallery.spec.ts:107:1 › gallery: ?view=gallery lands in the carousel — listbox roles, labels, focus, pips (606ms)
  ✓   6 [chromium] › e2e/gallery.spec.ts:253:1 › gallery: `g` opens the gallery from playing; a `g` typed into a cell does not (843ms)
  ✓   2 [chromium] › e2e/gallery.spec.ts:235:3 › gallery: Escape still exits with focus moved off the listbox by bare page (884ms)
  ✓   9 [chromium] › e2e/gallery.spec.ts:145:1 › gallery: keyboard step moves the snap, announces it, and updates aria + pips (907ms)
  ✓   3 [chromium] › e2e/gallery.spec.ts:235:3 › gallery: Escape still exits with focus moved off the listbox by a staged chip (912ms)
  ✓   7 [chromium] › e2e/gallery.spec.ts:199:1 › gallery: Escape cancels back to the board, no swap, ?view cleared (912ms)
  ✓   5 [chromium] › e2e/gallery.spec.ts:235:3 › gallery: Escape still exits with focus moved off the listbox by a page pip (1.0s)
  ✓   1 [chromium] › e2e/gallery.spec.ts:183:1 › gallery: Enter on futoshiki selects it — board swaps, ?game set, ?view cleared (1.2s)
  ✓  10 [chromium] › e2e/gallery.spec.ts:308:3 › gallery under prefers-reduced-motion › PRM: open is an instant cut — gallery present, no tweening (622ms)
  ✓   4 [chromium] › e2e/gallery.spec.ts:279:1 › gallery: only the centered card boils — a flank frame is inert + frozen (1.3s)
  ✓  13 [chromium] › e2e/gallery.spec.ts:556:1 › drag: a flick whose every move lands inside the sample floor is still a flick (643ms)
  ✓  14 [chromium] › e2e/gallery.spec.ts:606:1 › drag: a slow first sample does not swallow the flick that follows it (662ms)
  ✓  15 [chromium] › e2e/gallery.spec.ts:653:1 › drag: a release that lands a frame after the last move is still a flick (776ms)
  ✓  17 [chromium] › e2e/gallery.spec.ts:765:1 › click: a flank warps the deck to it, aria + the live region following the same seam (778ms)
  ✓  19 [chromium] › e2e/gallery.spec.ts:824:1 › drag: a release that lands over a FLANK is swallowed, not taken as a warp (773ms)
  ✓  23 [chromium] › e2e/gallery.spec.ts:1032:3 › gallery on a 375 phone › 375: one card near-fills the width, a neighbor peeks, pips present (342ms)
  ✓  21 [chromium] › e2e/gallery.spec.ts:903:1 › header: the masthead persists in the gallery, names the snapped card, and is inert there (1.1s)
  ✓  16 [chromium] › e2e/gallery.spec.ts:704:1 › drag: a grab during a keyboard glide freezes the deck where it is drawn (1.7s)
  ✓  18 [chromium] › e2e/gallery.spec.ts:801:1 › click: the card the warp delivered then SELECTS on the next click (1.9s)
  ✓  12 [chromium] › e2e/gallery.spec.ts:521:1 › drag: a flick moves exactly one card; a release over the centered card selects nothing (2.5s)
  ✓  11 [chromium] › e2e/gallery.spec.ts:480:1 › drag: pushing the deck left advances the snap and announces it (2.8s)
  ✓  24 [webkit] › e2e/gallery.spec.ts:107:1 › gallery: ?view=gallery lands in the carousel — listbox roles, labels, focus, pips (1.3s)
  ✓  22 [chromium] › e2e/gallery.spec.ts:995:1 › CH-67: every settled wordmark bake is minted at the size it is shown at (2.5s)
  ✓  25 [webkit] › e2e/gallery.spec.ts:145:1 › gallery: keyboard step moves the snap, announces it, and updates aria + pips (1.7s)
  ✓  27 [webkit] › e2e/gallery.spec.ts:199:1 › gallery: Escape cancels back to the board, no swap, ?view cleared (1.9s)
  ✓  26 [webkit] › e2e/gallery.spec.ts:183:1 › gallery: Enter on futoshiki selects it — board swaps, ?game set, ?view cleared (2.1s)
  ✓  29 [webkit] › e2e/gallery.spec.ts:253:1 › gallery: `g` opens the gallery from playing; a `g` typed into a cell does not (1.7s)
  ✓  28 [webkit] › e2e/gallery.spec.ts:235:3 › gallery: Escape still exits with focus moved off the listbox by a staged chip (1.8s)
  ✓  32 [webkit] › e2e/gallery.spec.ts:308:3 › gallery under prefers-reduced-motion › PRM: open is an instant cut — gallery present, no tweening (1.4s)
  ✓  30 [webkit] › e2e/gallery.spec.ts:235:3 › gallery: Escape still exits with focus moved off the listbox by a page pip (1.9s)
  ✓  31 [webkit] › e2e/gallery.spec.ts:235:3 › gallery: Escape still exits with focus moved off the listbox by bare page (1.8s)
  ✓  36 [webkit] › e2e/gallery.spec.ts:556:1 › drag: a flick whose every move lands inside the sample floor is still a flick (1.6s)
  ✓  37 [webkit] › e2e/gallery.spec.ts:606:1 › drag: a slow first sample does not swallow the flick that follows it (1.9s)
  ✓  38 [webkit] › e2e/gallery.spec.ts:653:1 › drag: a release that lands a frame after the last move is still a flick (1.8s)
  ✓  40 [webkit] › e2e/gallery.spec.ts:765:1 › click: a flank warps the deck to it, aria + the live region following the same seam (1.7s)
  ✓  34 [webkit] › e2e/gallery.spec.ts:279:1 › gallery: only the centered card boils — a flank frame is inert + frozen (2.5s)
  ✓  39 [webkit] › e2e/gallery.spec.ts:704:1 › drag: a grab during a keyboard glide freezes the deck where it is drawn (2.1s)
  ✓  33 [webkit] › e2e/gallery.spec.ts:480:1 › drag: pushing the deck left advances the snap and announces it (3.5s)
  ✓  42 [webkit] › e2e/gallery.spec.ts:824:1 › drag: a release that lands over a FLANK is swallowed, not taken as a warp (1.3s)
  ✓  35 [webkit] › e2e/gallery.spec.ts:521:1 › drag: a flick moves exactly one card; a release over the centered card selects nothing (3.7s)
  ✓  41 [webkit] › e2e/gallery.spec.ts:801:1 › click: the card the warp delivered then SELECTS on the next click (2.2s)
  ✓  46 [webkit] › e2e/gallery.spec.ts:1032:3 › gallery on a 375 phone › 375: one card near-fills the width, a neighbor peeks, pips present (1.2s)
  ✓  44 [webkit] › e2e/gallery.spec.ts:903:1 › header: the masthead persists in the gallery, names the snapped card, and is inert there (2.1s)
  ✓  20 [chromium] › e2e/gallery.spec.ts:860:1 › drag: kenken — the LAST card — is reachable by dragging (9.7s)
  ✓  45 [webkit] › e2e/gallery.spec.ts:995:1 › CH-67: every settled wordmark bake is minted at the size it is shown at (3.1s)
  ✓  43 [webkit] › e2e/gallery.spec.ts:860:1 › drag: kenken — the LAST card — is reachable by dragging (9.2s)

  46 passed (17.7s)
EXIT 0
