
Running 24 tests using 9 workers

  ✓   1 [chromium] › e2e/visual-regression.spec.ts:545:1 › the glass curve is the same curve in both layers (458ms)
  ✓   3 [chromium] › e2e/visual-regression.spec.ts:467:1 › the Deal die is not crushed: the commit verb's box fits its own content (511ms)
  ✓   2 [chromium] › e2e/visual-regression.spec.ts:389:1 › graceful degradation: UI renders without backend API (576ms)
  ✓   5 [chromium] › e2e/visual-regression.spec.ts:125:1 › light mode: layout, styles, filters, DOM contract (655ms)
  ✓   6 [chromium] › e2e/visual-regression.spec.ts:232:1 › dark mode: celestial swap, control panel carries no filter, DOM contract (663ms)
  ✓   8 [chromium] › e2e/visual-regression.spec.ts:570:1 › the deal receipt keeps off the commit verb, hover included (675ms)
  ✓  12 [chromium] › e2e/visual-regression.spec.ts:876:1 › toggle warp rest pose: wrung into the page, no carousel travel (399ms)
  ✓  11 [chromium] › e2e/visual-regression.spec.ts:791:1 › the iPad coarse card stays under the P1 seal: the chip seam is PAID for (479ms)
  ✓   9 [chromium] › e2e/visual-regression.spec.ts:323:1 › randomize populates board and blank cells accept input (1.5s)
  ✓   7 [chromium] › e2e/visual-regression.spec.ts:264:1 › grid draw-in completes and path-based boil activates (1.5s)
  ✓  10 [chromium] › e2e/visual-regression.spec.ts:708:1 › option chips keep their separation: ≥6px between neighbours, both axes (1.9s)
  ✓  15 [webkit] › e2e/visual-regression.spec.ts:264:1 › grid draw-in completes and path-based boil activates (1.5s)
  ✓  14 [webkit] › e2e/visual-regression.spec.ts:232:1 › dark mode: celestial swap, control panel carries no filter, DOM contract (1.6s)
  ✓  16 [webkit] › e2e/visual-regression.spec.ts:389:1 › graceful degradation: UI renders without backend API (1.2s)
  ✓  13 [webkit] › e2e/visual-regression.spec.ts:125:1 › light mode: layout, styles, filters, DOM contract (1.7s)
  ✓  17 [webkit] › e2e/visual-regression.spec.ts:323:1 › randomize populates board and blank cells accept input (1.6s)
  ✓  18 [webkit] › e2e/visual-regression.spec.ts:467:1 › the Deal die is not crushed: the commit verb's box fits its own content (1.3s)
  ✓  20 [webkit] › e2e/visual-regression.spec.ts:570:1 › the deal receipt keeps off the commit verb, hover included (1.1s)
  ✓  23 [webkit] › e2e/visual-regression.spec.ts:876:1 › toggle warp rest pose: wrung into the page, no carousel travel (996ms)
  ✓  22 [webkit] › e2e/visual-regression.spec.ts:791:1 › the iPad coarse card stays under the P1 seal: the chip seam is PAID for (1.1s)
  ✓   4 [chromium] › e2e/visual-regression.spec.ts:405:1 › size switching: 4x4, 9x9, 16x16 all render grid lines (4.5s)
  ✓  24 [webkit] › e2e/visual-regression.spec.ts:545:1 › the glass curve is the same curve in both layers (919ms)
  ✓  21 [webkit] › e2e/visual-regression.spec.ts:708:1 › option chips keep their separation: ≥6px between neighbours, both axes (2.7s)
  ✓  19 [webkit] › e2e/visual-regression.spec.ts:405:1 › size switching: 4x4, 9x9, 16x16 all render grid lines (4.6s)

  24 passed (7.7s)
EXIT 0
