
Running 20 tests using 9 workers

[1/20] [theme-bake-chromium] › e2e/theme-bake-freshness.spec.ts:342:7 › G4.5 · baked ink survives one theme toggle (from light) › killer light → dark: both baked surfaces re-ink
[2/20] [theme-bake-chromium] › e2e/theme-bake-freshness.spec.ts:342:7 › G4.5 · baked ink survives one theme toggle (from light) › futoshiki light → dark: both baked surfaces re-ink
[3/20] [theme-bake-chromium] › e2e/theme-bake-freshness.spec.ts:342:7 › G4.5 · baked ink survives one theme toggle (from light) › sudoku light → dark: both baked surfaces re-ink
[4/20] [theme-bake-chromium] › e2e/theme-bake-freshness.spec.ts:342:7 › G4.5 · baked ink survives one theme toggle (from light) › kenken light → dark: both baked surfaces re-ink
[5/20] [theme-bake-chromium] › e2e/theme-bake-freshness.spec.ts:342:7 › G4.5 · baked ink survives one theme toggle (from dark) › thermo dark → light: both baked surfaces re-ink
[6/20] [theme-bake-chromium] › e2e/theme-bake-freshness.spec.ts:342:7 › G4.5 · baked ink survives one theme toggle (from dark) › killer dark → light: both baked surfaces re-ink
[7/20] [theme-bake-chromium] › e2e/theme-bake-freshness.spec.ts:342:7 › G4.5 · baked ink survives one theme toggle (from light) › thermo light → dark: both baked surfaces re-ink
[8/20] [theme-bake-chromium] › e2e/theme-bake-freshness.spec.ts:342:7 › G4.5 · baked ink survives one theme toggle (from dark) › futoshiki dark → light: both baked surfaces re-ink
[9/20] [theme-bake-chromium] › e2e/theme-bake-freshness.spec.ts:342:7 › G4.5 · baked ink survives one theme toggle (from dark) › sudoku dark → light: both baked surfaces re-ink
[10/20] [theme-bake-chromium] › e2e/theme-bake-freshness.spec.ts:342:7 › G4.5 · baked ink survives one theme toggle (from dark) › kenken dark → light: both baked surfaces re-ink
[11/20] [theme-bake-webkit] › e2e/theme-bake-freshness.spec.ts:342:7 › G4.5 · baked ink survives one theme toggle (from light) › sudoku light → dark: both baked surfaces re-ink
[12/20] [theme-bake-webkit] › e2e/theme-bake-freshness.spec.ts:342:7 › G4.5 · baked ink survives one theme toggle (from light) › futoshiki light → dark: both baked surfaces re-ink
[13/20] [theme-bake-webkit] › e2e/theme-bake-freshness.spec.ts:342:7 › G4.5 · baked ink survives one theme toggle (from light) › thermo light → dark: both baked surfaces re-ink
[14/20] [theme-bake-webkit] › e2e/theme-bake-freshness.spec.ts:342:7 › G4.5 · baked ink survives one theme toggle (from light) › killer light → dark: both baked surfaces re-ink
[15/20] [theme-bake-webkit] › e2e/theme-bake-freshness.spec.ts:342:7 › G4.5 · baked ink survives one theme toggle (from light) › kenken light → dark: both baked surfaces re-ink
[16/20] [theme-bake-webkit] › e2e/theme-bake-freshness.spec.ts:342:7 › G4.5 · baked ink survives one theme toggle (from dark) › sudoku dark → light: both baked surfaces re-ink
[17/20] [theme-bake-webkit] › e2e/theme-bake-freshness.spec.ts:342:7 › G4.5 · baked ink survives one theme toggle (from dark) › futoshiki dark → light: both baked surfaces re-ink
[18/20] [theme-bake-webkit] › e2e/theme-bake-freshness.spec.ts:342:7 › G4.5 · baked ink survives one theme toggle (from dark) › thermo dark → light: both baked surfaces re-ink
[19/20] [theme-bake-webkit] › e2e/theme-bake-freshness.spec.ts:342:7 › G4.5 · baked ink survives one theme toggle (from dark) › killer dark → light: both baked surfaces re-ink
[20/20] [theme-bake-webkit] › e2e/theme-bake-freshness.spec.ts:342:7 › G4.5 · baked ink survives one theme toggle (from dark) › kenken dark → light: both baked surfaces re-ink
  20 passed (13.6s)
EXIT 0
