vite v8.1.4 building client environment for production...

 WARN  advancedChunks option is deprecated, please use codeSplitting instead.

[2Ktransforming...✓ 237 modules transformed.
rendering chunks...
computing gzip size...
dist-plant/index.html                                      3.25 kB │ gzip:  1.36 kB
dist-plant/assets/firacode-subset-CbuNTc2aGjcY.woff2       3.62 kB
dist-plant/assets/patrickhand-subset-BqV1besB36ib.woff2    4.31 kB
dist-plant/assets/avatar-biqsjs3dzERf.png                  6.09 kB
dist-plant/assets/fraunces-subset-qp6ShjBRhfYB.woff2      14.63 kB
dist-plant/assets/solver.worker-DyhLjsTj.js               22.68 kB
dist-plant/assets/csp_solver_wasm_bg-BJYevEYE.wasm       123.33 kB │ gzip: 50.33 kB
dist-plant/assets/FutoshikiPoster-DZUvzwTKUpND.css         0.28 kB │ gzip:  0.16 kB
dist-plant/assets/PosterBoard-C25fZcEKH9UF.css             0.39 kB │ gzip:  0.21 kB
dist-plant/assets/spec-B7T6LNVJOIWK.css                    0.46 kB │ gzip:  0.25 kB
dist-plant/assets/CageOverlay-CxJWuhZARm9B.css             0.54 kB │ gzip:  0.30 kB
dist-plant/assets/ThermoTube-pAIHdX-6oKC9.css              0.62 kB │ gzip:  0.29 kB
dist-plant/assets/AnswerKeyLaminate-CbZq7IXzl1ib.css       0.95 kB │ gzip:  0.41 kB
dist-plant/assets/index-BFvgOIM8Kfc4.css                  96.66 kB │ gzip: 19.36 kB
dist-plant/assets/wire-BuDRICPW8zpg.js                     0.17 kB │ gzip:  0.15 kB
dist-plant/assets/SudokuPoster-DE4hZLoI1f91.js             0.86 kB │ gzip:  0.49 kB
dist-plant/assets/clue-CNo7259tIuQm.js                     0.90 kB │ gzip:  0.50 kB
dist-plant/assets/clue-B77KEGrfT5xu.js                     0.97 kB │ gzip:  0.55 kB
dist-plant/assets/ThermoPoster-pfKvSfNBAQzt.js             1.17 kB │ gzip:  0.66 kB
dist-plant/assets/ThermoTube-D_suTD_I2lnt.js               1.18 kB │ gzip:  0.73 kB
dist-plant/assets/clue-D3bqB3E33Ls2.js                     1.21 kB │ gzip:  0.64 kB
dist-plant/assets/KillerPoster-uiY311lczaDF.js             1.39 kB │ gzip:  0.75 kB
dist-plant/assets/CageOverlay-Dod3-6bPEayO.js              1.74 kB │ gzip:  0.99 kB
dist-plant/assets/KenKenPoster-DnXR9zYA9dsR.js             1.76 kB │ gzip:  0.84 kB
dist-plant/assets/relayWire-5r_0oKENP1Dl.js                1.87 kB │ gzip:  1.06 kB
dist-plant/assets/FutoshikiPoster-9tTZGnZmSKTV.js          1.97 kB │ gzip:  1.09 kB
dist-plant/assets/spec-DexdyOEVXG9w.js                     2.07 kB │ gzip:  1.02 kB
dist-plant/assets/spec-BuhFfE6l2fHD.js                     2.16 kB │ gzip:  1.03 kB
dist-plant/assets/AnswerKeyLaminate-CtM6YTugLVxJ.js        2.33 kB │ gzip:  1.33 kB
dist-plant/assets/PosterBoard-D1mDlb9WtuIu.js              2.63 kB │ gzip:  1.20 kB
dist-plant/assets/spec-CV1cLQrvdiDt.js                     3.03 kB │ gzip:  1.44 kB
dist-plant/assets/spec-B6RE8-43uqgF.js                     3.29 kB │ gzip:  1.53 kB
dist-plant/assets/glyphRegistry-JAQyezkvKnfB.js            9.63 kB │ gzip:  3.92 kB
dist-plant/assets/animation-vendor-CrUpJv3U-YcU.js        11.64 kB │ gzip:  4.74 kB
dist-plant/assets/templates-LkXzF59FZu96.js               18.16 kB │ gzip:  4.97 kB
dist-plant/assets/playerIdentity-9OpAALJfPQEi.js          19.31 kB │ gzip:  8.12 kB
dist-plant/assets/templates-CsCa30cxJEsI.js               24.59 kB │ gzip:  7.06 kB
dist-plant/assets/vue-vendor-DO-CUsNNxq8N.js              85.19 kB │ gzip: 34.03 kB
dist-plant/assets/index-DyEQFdEa7zUO.js                  209.34 kB │ gzip: 71.93 kB

✓ built in 417ms
EXIT 0
