
Running 8 tests using 1 worker

RING light (RESOLVED TOKEN VALUES, composited by this row's own arithmetic): peer-1 3.266 (pop 3.275) · peer-2 3.134 (pop 3.143) · peer-3 3.170 (pop 3.178) · peer-4 3.703 (pop 3.711) · peer-5 3.565 (pop 3.574) | worst 3.134 | the DIGIT ink at the same alpha 2.436
RING dark (RESOLVED TOKEN VALUES, composited by this row's own arithmetic): peer-1 3.263 (pop 3.255) · peer-2 3.467 (pop 3.459) · peer-3 3.460 (pop 3.451) · peer-4 3.334 (pop 3.326) · peer-5 3.146 (pop 3.138) | worst 3.146 | the DIGIT ink at the same alpha 2.281
  ✓  1 [chromium] › e2e/peer-tin.spec.ts:212:1 › the ring arm's resolved tokens clear 3.0 composited at the ruled alpha, both arms (404ms)
SAMPLED light: stroke rgb(130,137,110) @93,15 moved 381 · interior rgb(244,245,242) · RATIO 3.336 · ring-off control at the same two pixels 1.000 · clip 140x140 px
SAMPLED light AT WALK'S SCALAR (0.32): RATIO 3.187 (stroke rgb(133,141,110) @93,15 moved 374)
SAMPLED dark: stroke rgb(95,121,7) @92,15 moved 189 · interior rgb(24,25,16) · RATIO 3.564 · ring-off control at the same two pixels 1.000 · clip 140x140 px
SAMPLED dark AT WALK'S SCALAR (0.79): RATIO 3.750 (stroke rgb(97,125,7) @92,15 moved 195)
  ✓  2 [chromium] › e2e/peer-tin.spec.ts:270:1 › the ring is sampled out of the surface at dpr 2, and the ring-off shot is the control (3.9s)
AA light: worst over bg/card/popover 7.151 · REPORTED tape worst 6.511 (HEAD's own blue 4.514) · REPORTED laminate worst 5.789 (blue 4.014)
AA dark: worst over bg/card/popover 5.178 · REPORTED tape worst 2.977 (HEAD's own blue 4.231) · REPORTED laminate worst 4.397 (blue 6.249)
  ✓  3 [chromium] › e2e/peer-tin.spec.ts:368:1 › every stick clears 4.5 on every ground it is read on (373ms)
GLYPH-TICK count 0 on 7 pages
  ✓  4 [chromium] › e2e/peer-tin.spec.ts:436:1 › TRIPWIRE: no tally is drawn inside a cell, on a board seven people are writing on (2.7s)
ROSTER ticks: [{"gapEm":0.3492490034168565,"h":14.046875,"w":31.59375,"em":14.048,"svgLeft":984.78125,"textRight":979.875,"nameLeft":871.46875,"slug":"presidential-dinosaur"},{"gapEm":0.3492490034168565,"h":14.046875,"w":31.59375,"em":14.048,"svgLeft":940.015625,"textRight":935.109375,"nameLeft":871.46875,"slug":"tight-bobcat"}]
you pill x: five 1104.890625 · seven 1104.890625
ROW CHILDREN at five: player-swatch:853.89,11.19 | player-name:871.47,227.03 | player-self:1104.89,17.22 | player-swatch:853.89,11.19 | player-name:871.47,250.64 | player-swatch:853.89,11.19 | player-name:871.47,250.64 | player-swatch:853.89,11.19 | player-name:871.47,250.64 | player-swatch:853.89,11.19 | player-name:871.47,250.64
ROW CHILDREN at seven (first five rows): player-swatch:853.89,11.19 | player-name:871.47,227.03 | player-self:1104.89,17.22 | player-swatch:853.89,11.19 | player-name:871.47,250.64 | player-swatch:853.89,11.19 | player-name:871.47,250.64 | player-swatch:853.89,11.19 | player-name:871.47,250.64 | player-swatch:853.89,11.19 | player-name:871.47,250.64
  ✓  5 [chromium] › e2e/peer-tin.spec.ts:459:1 › the tally appears at the sixth player, inside the name, and the pill stays put (4.4s)
TAPE shared "romantic-tick" tick 1 · TAPE unshared "smart-hummingbird" tick 0
  ✓  6 [chromium] › e2e/peer-tin.spec.ts:525:1 › the tape carries the tick over a shared stick and nothing over an unshared one (2.8s)
TICK STROKE desk: {"painted":1.5,"ifScaled":1.31689453125,"h":14.046875,"sw":1.5,"nonScaling":true}
TICK STROKE phone: {"painted":1.5,"ifScaled":1.14111328125,"h":12.171875,"sw":1.5,"nonScaling":true}
  ✓  7 [chromium] › e2e/peer-tin.spec.ts:565:1 › the roster tick is drawn at 1.5px, desk and phone (3.4s)
PRINT tick rgb(0, 0, 0) · un-widened paths <no class>=rgb(26, 26, 26) , <no class>=rgb(143, 58, 80) , <no class>=rgb(255, 255, 255) , <no class>=rgb(240, 176, 48) , <no class>=rgb(229, 199, 77) , grid-line frame-line=rgb(0, 0, 0) , <no class>=rgb(10, 10, 10) , <no class>=rgb(115, 115, 115) , =url("#sparkle-rainbow")
FORCED tick rgb(0, 0, 0) (CanvasText resolves rgb(0, 0, 0)) · un-widened paths <no class>=rgb(26, 26, 26) , <no class>=rgb(143, 58, 80) , <no class>=rgb(255, 255, 255) , <no class>=rgb(240, 176, 48) , <no class>=rgb(229, 199, 77) , grid-line frame-line=rgb(38, 38, 38) , <no class>=rgb(0, 0, 0) , =url("#sparkle-rainbow")
  ✓  8 [chromium] › e2e/peer-tin.spec.ts:602:1 › the roster tick prints black and yields CanvasText (2.5s)

  8 passed (20.8s)
