
Running 8 tests using 1 worker

RING light (RESOLVED TOKEN VALUES, composited by this row's own arithmetic): peer-1 3.266 (pop 3.275) · peer-2 3.134 (pop 3.143) · peer-3 3.170 (pop 3.178) · peer-4 3.703 (pop 3.711) · peer-5 3.565 (pop 3.574) | worst 3.134 | the DIGIT ink at the same alpha 2.436
RING dark (RESOLVED TOKEN VALUES, composited by this row's own arithmetic): peer-1 3.263 (pop 3.255) · peer-2 3.467 (pop 3.459) · peer-3 3.460 (pop 3.451) · peer-4 3.334 (pop 3.326) · peer-5 3.146 (pop 3.138) | worst 3.146 | the DIGIT ink at the same alpha 2.281
  ✓  1 [webkit] › e2e/peer-tin.spec.ts:212:1 › the ring arm's resolved tokens clear 3.0 composited at the ruled alpha, both arms (898ms)
SAMPLED light: stroke rgb(130,138,109) @60,16 moved 381 · interior rgb(244,245,242) · RATIO 3.306 · ring-off control at the same two pixels 1.000 · clip 140x140 px
SAMPLED light AT WALK'S SCALAR (0.32): RATIO 3.189 (stroke rgb(133,141,109) @60,16 moved 375)
SAMPLED dark: stroke rgb(96,122,7) @59,16 moved 191 · interior rgb(24,25,16) · RATIO 3.614 · ring-off control at the same two pixels 1.000 · clip 140x140 px
SAMPLED dark AT WALK'S SCALAR (0.79): RATIO 3.759 (stroke rgb(98,125,7) @59,16 moved 196)
  ✓  2 [webkit] › e2e/peer-tin.spec.ts:270:1 › the ring is sampled out of the surface at dpr 2, and the ring-off shot is the control (5.0s)
AA light: worst over bg/card/popover 7.151 · REPORTED tape worst 6.511 (HEAD's own blue 4.514) · REPORTED laminate worst 5.789 (blue 4.014)
AA dark: worst over bg/card/popover 5.178 · REPORTED tape worst 2.977 (HEAD's own blue 4.231) · REPORTED laminate worst 4.397 (blue 6.249)
  ✓  3 [webkit] › e2e/peer-tin.spec.ts:368:1 › every stick clears 4.5 on every ground it is read on (753ms)
GLYPH-TICK count 0 on 7 pages
  ✓  4 [webkit] › e2e/peer-tin.spec.ts:436:1 › TRIPWIRE: no tally is drawn inside a cell, on a board seven people are writing on (5.1s)
ROSTER ticks: [{"gapEm":0.34922293487062217,"h":14.046875,"w":31.59375,"em":14.048,"svgLeft":992.546875,"textRight":987.6409912109375,"nameLeft":871.421875,"slug":"unacceptable-pheasant"},{"gapEm":0.34842349945276907,"h":14.046875,"w":31.59375,"em":14.048,"svgLeft":974.0625,"textRight":969.1678466796875,"nameLeft":871.421875,"slug":"continuing-narwhal"}]
you pill x: five 1104.921875 · seven 1104.921875
ROW CHILDREN at five: player-swatch:853.84,11.19 | player-name:871.42,227.11 | player-self:1104.92,17.23 | player-swatch:853.84,11.19 | player-name:871.42,250.73 | player-swatch:853.84,11.19 | player-name:871.42,250.73 | player-swatch:853.84,11.19 | player-name:871.42,250.73 | player-swatch:853.84,11.19 | player-name:871.42,250.73
ROW CHILDREN at seven (first five rows): player-swatch:853.84,11.19 | player-name:871.42,227.11 | player-self:1104.92,17.23 | player-swatch:853.84,11.19 | player-name:871.42,250.73 | player-swatch:853.84,11.19 | player-name:871.42,250.73 | player-swatch:853.84,11.19 | player-name:871.42,250.73 | player-swatch:853.84,11.19 | player-name:871.42,250.73
  ✓  5 [webkit] › e2e/peer-tin.spec.ts:459:1 › the tally appears at the sixth player, inside the name, and the pill stays put (8.0s)
TAPE shared "corresponding-alligator" tick 1 · TAPE unshared "casual-seahorse" tick 0
  ✓  6 [webkit] › e2e/peer-tin.spec.ts:525:1 › the tape carries the tick over a shared stick and nothing over an unshared one (4.9s)
TICK STROKE desk: {"painted":1.5,"ifScaled":1.31689453125,"h":14.046875,"sw":1.5,"nonScaling":true}
TICK STROKE phone: {"painted":1.5,"ifScaled":1.14111328125,"h":12.171875,"sw":1.5,"nonScaling":true}
  ✓  7 [webkit] › e2e/peer-tin.spec.ts:565:1 › the roster tick is drawn at 1.5px, desk and phone (5.6s)
PRINT tick rgb(0, 0, 0) · un-widened paths <no class>=rgb(26, 26, 26) , <no class>=rgb(143, 58, 80) , <no class>=rgb(255, 255, 255) , <no class>=rgb(240, 176, 48) , <no class>=rgb(229, 199, 77) , grid-line frame-line=rgb(0, 0, 0) , <no class>=rgb(10, 10, 10) , <no class>=rgb(115, 115, 115) , =url("#sparkle-rainbow")
FORCED tick rgb(0, 0, 0) (CanvasText resolves rgb(0, 0, 0)) · un-widened paths <no class>=rgb(26, 26, 26) , <no class>=rgb(143, 58, 80) , <no class>=rgb(255, 255, 255) , <no class>=rgb(240, 176, 48) , <no class>=rgb(229, 199, 77) , grid-line frame-line=rgb(38, 38, 38) , <no class>=rgb(10, 10, 10) , <no class>=rgb(115, 115, 115) , =url("#sparkle-rainbow")
  ✓  8 [webkit] › e2e/peer-tin.spec.ts:602:1 › the roster tick prints black and yields CanvasText (4.9s)

  8 passed (35.6s)
