=== ARMS ===
base : AUDIT: build-identity — dist entry index-DOFGihfY7ZtC.js · index.html md5 7241f47bba33881658ad9e63061fa9e3 · 43 files / 807.4 KB · newest mtime 2026-09-18T02:10:44.092Z
cured: AUDIT: build-identity — dist entry index-JTBBcqICsyPr.js · index.html md5 af0d5ba680da72c8dacff24bfe7bdbd2 · 43 files / 811.3 KB · newest mtime 2026-09-18T19:37:02.648Z
loadavg open: { 6.31 7.84 8.00 }
=== SET 2 · THE MARK — A5, chromium 4x · Fast-3G · cold · desk 1280x800 dpr2 · 5+5, interleaved
  base  w1: win 1: boardReady 1369.7ms · toggles 1:1244.3ms/8bakes 2:266.5ms/0bakes 3:102.1ms/0bakes 4:94.5ms/0bakes
  cured w1: win 1: boardReady 1383.7ms · toggles 1:127.6ms/0bakes 2:393.2ms/0bakes 3:93ms/0bakes 4:98.2ms/0bakes
  pair 1 loadavg { 5.33 7.46 7.85 }
  base  w2: win 1: boardReady 1379.5ms · toggles 1:1322ms/8bakes 2:101.7ms/0bakes 3:257.5ms/0bakes 4:108.4ms/0bakes
  cured w2: win 1: boardReady 1383.9ms · toggles 1:479.1ms/0bakes 2:92.8ms/0bakes 3:100.4ms/0bakes 4:108ms/0bakes
  pair 2 loadavg { 5.00 7.22 7.76 }
  base  w3: win 1: boardReady 1388.6ms · toggles 1:1235ms/8bakes 2:251.2ms/0bakes 3:117ms/0bakes 4:120.1ms/0bakes
  cured w3: win 1: boardReady 1383.3ms · toggles 1:130.3ms/0bakes 2:99.5ms/0bakes 3:99.9ms/0bakes 4:101ms/0bakes
  pair 3 loadavg { 7.82 7.69 7.91 }
  base  w4: win 1: boardReady 1366.3ms · toggles 1:1259.5ms/8bakes 2:217.3ms/0bakes 3:106.9ms/0bakes 4:98.5ms/0bakes
  cured w4: win 1: boardReady 1376.2ms · toggles 1:129.5ms/0bakes 2:108.4ms/0bakes 3:101.1ms/0bakes 4:101ms/0bakes
  pair 4 loadavg { 6.16 7.33 7.77 }
  base  w5: win 1: boardReady 1365.5ms · toggles 1:1233.2ms/8bakes 2:235.5ms/0bakes 3:102.7ms/0bakes 4:433.7ms/0bakes
  cured w5: win 1: boardReady 1383.1ms · toggles 1:122.7ms/0bakes 2:90.7ms/0bakes 3:107.3ms/0bakes 4:116.5ms/0bakes
  pair 5 loadavg { 5.27 6.99 7.63 }
  -> stats-desk.txt
=== SET 3 · THE MOBILE RE-TAKE — A5, chromium 4x · Fast-3G · cold · 390x844 dpr3 · 3+3
  base  w1: win 1: boardReady 1345.8ms · toggles 1:941.9ms/8bakes 2:87.1ms/0bakes 3:100.7ms/0bakes 4:88.7ms/0bakes
  cured w1: win 1: boardReady 1364.3ms · toggles 1:471ms/0bakes 2:100.2ms/0bakes 3:101ms/0bakes 4:85.4ms/0bakes
  pair 1 loadavg { 7.71 7.35 7.74 }
  base  w2: win 1: boardReady 1343.8ms · toggles 1:937.4ms/8bakes 2:75.7ms/0bakes 3:341.9ms/0bakes 4:83.3ms/0bakes
  cured w2: win 1: boardReady 1356.9ms · toggles 1:105.7ms/0bakes 2:90.4ms/0bakes 3:90.9ms/0bakes 4:85.7ms/0bakes
  pair 2 loadavg { 8.29 7.48 7.77 }
  base  w3: win 1: boardReady 1364.3ms · toggles 1:1004.3ms/8bakes 2:101.2ms/0bakes 3:82.7ms/0bakes 4:92.4ms/0bakes
  cured w3: win 1: boardReady 1340.8ms · toggles 1:113ms/0bakes 2:104.7ms/0bakes 3:92.1ms/0bakes 4:81.9ms/0bakes
  pair 3 loadavg { 6.21 7.06 7.61 }
  -> stats-mob.txt
=== SET 4 · THE NO-REGRESSION CLAUSE — A6 readiness-timeline, cell mob-cr-4x-f3g-cold · 3+3
  pair 1 loadavg { 5.56 6.89 7.54 }
  pair 2 loadavg { 6.56 7.07 7.60 }
  pair 3 loadavg { 6.59 7.07 7.60 }
  -> stats-readiness-{base,cured}.txt
=== SET 5 · PI — per-pose bitmap digests, chromium 4x · Fast-3G · cold · desk dpr2 · 3+3
  pair 1 loadavg { 4.74 6.57 7.39 }
  pair 2 loadavg { 5.25 6.48 7.33 }
  pair 3 loadavg { 8.19 7.27 7.60 }
=== ARMS, CLOSE ===
base : AUDIT: build-identity — dist entry index-DOFGihfY7ZtC.js · index.html md5 7241f47bba33881658ad9e63061fa9e3 · 43 files / 807.4 KB · newest mtime 2026-09-18T02:10:44.092Z
cured: AUDIT: build-identity — dist entry index-JTBBcqICsyPr.js · index.html md5 af0d5ba680da72c8dacff24bfe7bdbd2 · 43 files / 811.3 KB · newest mtime 2026-09-18T19:37:02.648Z
loadavg close: { 7.61 7.16 7.56 }
BATTERY-B COMPLETE
