kinship — every interactive accent is one of the five crayons at a different pressure (KIN_DEG 5°, OKLCH):
  light --color-progress-ink   h 83.9°  L 0.618 C 0.122   Δ0.26° off --color-crayon-gold (h 83.7°)
  light --color-user-ink       h 251.2°  L 0.537 C 0.156   Δ0.18° off --color-crayon-blue (h 251.4°)
  dark  --color-progress-ink   h 94.5°  L 0.512 C 0.100   Δ0.75° off --color-crayon-gold (h 95.2°)
  dark  --color-user-ink       h 249.4°  L 0.711 C 0.157   Δ0.04° off --color-crayon-blue (h 249.3°)

corridor — the fill trace clears 3:1 against BOTH its grounds at once, with 0.25 of margin (TOKEN ARITHMETIC: it over-reports a 12-unit hand-drawn line by ~0.5 against the painted bytes — the governing row is the painted one in e2e/progress-corridor.spec.ts):
  light 4.065 vs --grid-line-color  /  3.637 vs --color-card
  dark  3.659 vs --grid-line-color  /  3.288 vs --color-card

ink-pressure ladder — every rung clears its floor, strictly increasing, in all 3 scopes (light, dark, print), each resolved out of index.css:
  --ink-press-rule    55%  3.53 light / 4.36 dark / 4.76 print  ≥3 (non-text)
  --ink-press-quiet   68%  5.23 light / 6.06 dark / 7.86 print  ≥4.5 (text)
  --color-red-ink          4.98 light / 6.32 dark  ≥4.5 (.icon-sublabel.is-armed)
  washi tape               17.36 light / 9.06 dark  ≥4.5 (--color-foreground on --sheet-washi-neutral)

ship-4 census — the six re-pitched surfaces, each pinned to the rung above (so the rung's floor is the surface's floor):
  1  .keyboard-legend         color: var(--ink-press-quiet)
  2  .legend-row kbd          border: var(--ink-press-rule)
  3  .legend-sep              no `opacity` declaration
  4  .margin-note-meta        color: var(--ink-press-quiet)
  5  .icon-sublabel.is-armed  color: var(--color-red-ink)
  6  .vignette-meta           color: var(--ink-press-quiet)

ungoverned register — --color-muted-foreground 4.65 light / 7.69 dark:
  light  rule < muted-foreground < quiet
  dark   rule < quiet < muted-foreground
  the ramp and the register cross between themes, and the crossing is GATED: exactly one ruling is admitted (src/assets/index.css §INK PRESSURE, 'WHAT THE LADDER DOES NOT GOVERN'), pinned to both rank strings above, and it reds on a second crossing, on a re-pitch that moves either rank, and on its own cure.
