chromium 393x699-coarse index-DGB-edb6nfWg.js,index-CubiZsMVSwTc.js,index-CubiZsMVSwTc.js givens-same true coarse true meta "2 of 51 on the board"
  fill0 pv: els 743 moved 8 paint 1 +0/-0 | floor: els 743 moved 0 paint 0 +0/-0
    moved: {"SPAN.washi-label":{"n":8,"d":["dy0.08 dx0.02 dh-0.16","dy-0.21 dx-0.09 dh0.43","dy0 dx0.23 dh-1.13"]}}
    paint: {"svg.sparkle-icon":1}
    only proto: [] only control: []
  fill2 pv: els 756 moved 16 paint 7 +1/-0 | floor: els 755 moved 0 paint 0 +0/-0
    moved: {"g.progress-pose":{"n":4,"d":["dy0.06 dx2.23 dh-366.18","dy0 dx2.28 dh-365.54","dy0.07 dx2.95 dh-365.03"]},"path.progress-trace":{"n":4,"d":["dy0.06 dx2.23 dh-366.18","dy0 dx2.28 dh-365.54","dy0.07 dx2.95 dh-365.03"]},"SPAN.washi-label":{"n":8,"d":["dy0.08 dx0.02 dh-0.16","dy-0.21 dx-0.09 dh0.43","dy0 dx0.23 dh-1.13"]}}
    paint: {"path.progress-trace":4,"path.":2,"svg.sparkle-icon":1}
    only proto: [["P.margin-note-meta",1]] only control: []
chromium 812x375-coarse index-DGB-edb6nfWg.js,index-CubiZsMVSwTc.js,index-CubiZsMVSwTc.js givens-same true coarse true meta "2 of 51 on the board"
  fill0 pv: els 741 moved 9 paint 1 +0/-0 | floor: els 741 moved 0 paint 0 +0/-0
    moved: {"SPAN.washi-label":{"n":9,"d":["dy0.08 dx0.02 dh-0.16","dy-0.41 dx-0.14 dh0.83","dy-0.21 dx-0.09 dh0.43"]}}
    paint: {"svg.sparkle-icon":1}
    only proto: [] only control: []
  fill2 pv: els 754 moved 17 paint 7 +1/-0 | floor: els 753 moved 0 paint 0 +0/-0
    moved: {"g.progress-pose":{"n":4,"d":["dy0.07 dx2.12 dh-348.12","dy0 dx2.16 dh-347.51","dy0.07 dx2.8 dh-347.03"]},"path.progress-trace":{"n":4,"d":["dy0.07 dx2.12 dh-348.12","dy0 dx2.16 dh-347.51","dy0.07 dx2.8 dh-347.03"]},"SPAN.washi-label":{"n":9,"d":["dy0.08 dx0.02 dh-0.16","dy-0.41 dx-0.14 dh0.83","dy-0.21 dx-0.09 dh0.43"]}}
    paint: {"path.progress-trace":4,"path.":2,"svg.sparkle-icon":1}
    only proto: [["P.margin-note-meta",1]] only control: []
chromium 844x390-coarse index-DGB-edb6nfWg.js,index-CubiZsMVSwTc.js,index-CubiZsMVSwTc.js givens-same true coarse true meta "2 of 51 on the board"
  fill0 pv: els 741 moved 9 paint 1 +0/-0 | floor: els 741 moved 0 paint 0 +0/-0
    moved: {"SPAN.washi-label":{"n":9,"d":["dy0.08 dx0.02 dh-0.16","dy-0.41 dx-0.14 dh0.83","dy-0.21 dx-0.09 dh0.43"]}}
    paint: {"svg.sparkle-icon":1}
    only proto: [] only control: []
  fill2 pv: els 754 moved 17 paint 7 +1/-0 | floor: els 753 moved 0 paint 0 +0/-0
    moved: {"g.progress-pose":{"n":4,"d":["dy0.06 dx2.21 dh-363.17","dy0 dx2.26 dh-362.54","dy0.07 dx2.92 dh-362.04"]},"path.progress-trace":{"n":4,"d":["dy0.06 dx2.21 dh-363.17","dy0 dx2.26 dh-362.54","dy0.07 dx2.92 dh-362.04"]},"SPAN.washi-label":{"n":9,"d":["dy0.08 dx0.02 dh-0.16","dy-0.41 dx-0.14 dh0.83","dy-0.21 dx-0.09 dh0.43"]}}
    paint: {"path.progress-trace":4,"path.":2,"svg.sparkle-icon":1}
    only proto: [["P.margin-note-meta",1]] only control: []
chromium 1280x800-fine index-DGB-edb6nfWg.js,index-CubiZsMVSwTc.js,index-CubiZsMVSwTc.js givens-same true coarse false meta "2 of 51 on the board"
  fill0 pv: els 768 moved 14 paint 1 +0/-0 | floor: els 768 moved 0 paint 0 +0/-0
    moved: {"SPAN.washi-label":{"n":14,"d":["dy0.08 dx0.02 dh-0.16","dy-0.41 dx-0.14 dh0.83","dy-0.21 dx-0.09 dh0.42"]}}
    paint: {"svg.sparkle-icon":1}
    only proto: [] only control: []
  fill2 pv: els 781 moved 22 paint 7 +1/-0 | floor: els 780 moved 0 paint 0 +0/-0
    moved: {"g.progress-pose":{"n":4,"d":["dy0.12 dx3.89 dh-638.06","dy0 dx3.97 dh-636.94","dy0.12 dx5.14 dh-636.06"]},"path.progress-trace":{"n":4,"d":["dy0.12 dx3.89 dh-638.06","dy0 dx3.97 dh-636.94","dy0.12 dx5.14 dh-636.06"]},"SPAN.washi-label":{"n":14,"d":["dy0.08 dx0.02 dh-0.16","dy-0.41 dx-0.14 dh0.83","dy-0.21 dx-0.09 dh0.42"]}}
    paint: {"path.progress-trace":4,"path.":2,"svg.sparkle-icon":1}
    only proto: [["P.margin-note-meta",1]] only control: []
webkit 393x699-coarse index-DGB-edb6nfWg.js,index-CubiZsMVSwTc.js,index-CubiZsMVSwTc.js givens-same true coarse true meta "2 of 51 on the board"
  fill0 pv: els 827 moved 8 paint 1 +0/-0 | floor: els 827 moved 0 paint 0 +0/-0
    moved: {"SPAN.washi-label":{"n":8,"d":["dy0.08 dx0.02 dh-0.16","dy-0.21 dx-0.09 dh0.43","dy0 dx0.23 dh-1.13"]}}
    paint: {"svg.sparkle-icon":1}
    only proto: [] only control: []
  fill2 pv: els 840 moved 16 paint 7 +1/-0 | floor: els 839 moved 0 paint 0 +0/-0
    moved: {"g.progress-pose":{"n":4,"d":["dy0.07 dx2.23 dh-366.18","dy0 dx2.28 dh-365.54","dy0.07 dx2.95 dh-365.03"]},"path.progress-trace":{"n":4,"d":["dy0.07 dx2.23 dh-366.18","dy0 dx2.28 dh-365.54","dy0.07 dx2.95 dh-365.03"]},"SPAN.washi-label":{"n":8,"d":["dy0.08 dx0.02 dh-0.16","dy-0.21 dx-0.09 dh0.43","dy0 dx0.23 dh-1.13"]}}
    paint: {"path.progress-trace":4,"path.":2,"svg.sparkle-icon":1}
    only proto: [["P.margin-note-meta",1]] only control: []
webkit 812x375-coarse index-DGB-edb6nfWg.js,index-CubiZsMVSwTc.js,index-CubiZsMVSwTc.js givens-same true coarse true meta "2 of 51 on the board"
  fill0 pv: els 825 moved 9 paint 1 +0/-0 | floor: els 825 moved 0 paint 0 +0/-0
    moved: {"SPAN.washi-label":{"n":9,"d":["dy0.08 dx0.02 dh-0.16","dy-0.43 dx-0.14 dh0.88","dy-0.21 dx-0.09 dh0.43"]}}
    paint: {"svg.sparkle-icon":1}
    only proto: [] only control: []
  fill2 pv: els 838 moved 17 paint 7 +1/-0 | floor: els 837 moved 0 paint 0 +0/-0
    moved: {"g.progress-pose":{"n":4,"d":["dy0.07 dx2.12 dh-348.12","dy0 dx2.16 dh-347.51","dy0.07 dx2.8 dh-347.03"]},"path.progress-trace":{"n":4,"d":["dy0.07 dx2.12 dh-348.12","dy0 dx2.16 dh-347.51","dy0.07 dx2.8 dh-347.03"]},"SPAN.washi-label":{"n":9,"d":["dy0.08 dx0.02 dh-0.16","dy-0.43 dx-0.14 dh0.88","dy-0.21 dx-0.09 dh0.43"]}}
    paint: {"path.progress-trace":4,"path.":2,"svg.sparkle-icon":1}
    only proto: [["P.margin-note-meta",1]] only control: []
webkit 844x390-coarse index-DGB-edb6nfWg.js,index-CubiZsMVSwTc.js,index-CubiZsMVSwTc.js givens-same true coarse true meta "2 of 51 on the board"
  fill0 pv: els 825 moved 9 paint 1 +0/-0 | floor: els 825 moved 0 paint 0 +0/-0
    moved: {"SPAN.washi-label":{"n":9,"d":["dy0.08 dx0.02 dh-0.16","dy-0.43 dx-0.14 dh0.88","dy-0.21 dx-0.09 dh0.43"]}}
    paint: {"svg.sparkle-icon":1}
    only proto: [] only control: []
  fill2 pv: els 838 moved 17 paint 7 +1/-0 | floor: els 837 moved 0 paint 0 +0/-0
    moved: {"g.progress-pose":{"n":4,"d":["dy0.06 dx2.21 dh-363.17","dy0 dx2.26 dh-362.54","dy0.07 dx2.92 dh-362.04"]},"path.progress-trace":{"n":4,"d":["dy0.06 dx2.21 dh-363.17","dy0 dx2.26 dh-362.54","dy0.07 dx2.92 dh-362.04"]},"SPAN.washi-label":{"n":9,"d":["dy0.08 dx0.02 dh-0.16","dy-0.43 dx-0.14 dh0.88","dy-0.21 dx-0.09 dh0.43"]}}
    paint: {"path.progress-trace":4,"path.":2,"svg.sparkle-icon":1}
    only proto: [["P.margin-note-meta",1]] only control: []
webkit 1280x800-fine index-DGB-edb6nfWg.js,index-CubiZsMVSwTc.js,index-CubiZsMVSwTc.js givens-same true coarse false meta "2 of 51 on the board"
  fill0 pv: els 852 moved 14 paint 1 +0/-0 | floor: els 852 moved 0 paint 0 +0/-0
    moved: {"SPAN.washi-label":{"n":14,"d":["dy0.08 dx0.03 dh-0.16","dy-0.44 dx-0.14 dh0.88","dy-0.22 dx-0.1 dh0.42"]}}
    paint: {"svg.sparkle-icon":1}
    only proto: [] only control: []
  fill2 pv: els 865 moved 22 paint 7 +1/-0 | floor: els 864 moved 0 paint 0 +0/-0
    moved: {"g.progress-pose":{"n":4,"d":["dy0.11 dx3.89 dh-638.06","dy0 dx3.96 dh-636.94","dy0.11 dx5.13 dh-636.06"]},"path.progress-trace":{"n":4,"d":["dy0.11 dx3.89 dh-638.06","dy0 dx3.96 dh-636.94","dy0.11 dx5.13 dh-636.06"]},"SPAN.washi-label":{"n":14,"d":["dy0.08 dx0.03 dh-0.16","dy-0.44 dx-0.14 dh0.88","dy-0.22 dx-0.1 dh0.42"]}}
    paint: {"path.progress-trace":4,"path.":2,"svg.sparkle-icon":1}
    only proto: [["P.margin-note-meta",1]] only control: []
wrote
EXIT 0
