      → RED (as it must)
  [5 COUNT FLOORS] the chromium project sheds half its tests
      → RED (as it must)
  [8 FLOOR BAND] the estate grows 25% and nothing restamps it (silent slack, the disease)
      → RED (as it must)
  [6 SPEC MANIFEST] a whole spec FILE is deleted (green on all 5 checks before T7-W6)
      → RED (as it must)
  [6 SPEC MANIFEST] a spec lands on disk that the manifest never sanctioned
      → RED (as it must)
  [4 HOLDOUTS CLOSED · row grain] UNDECLARED — a manifest spec grows a per-row engine skip nobody declared (CH-56 at row grain)
      → RED (as it must)
  [4 HOLDOUTS CLOSED · row grain] UNDECLARED · ENV — a manifest spec grows an env-gated skip nobody declared (dark in BOTH engines)
      → RED (as it must)
  [4 HOLDOUTS CLOSED · row grain] GUARDED · ENV — the record names a variable the spec does not gate on (two floors lowered for nothing)
      → RED (as it must)
  [4 HOLDOUTS CLOSED · row grain] AGNOSTIC · ENV — an env-gated row also claims an engine it runs in (one row, two facts)
      → RED (as it must)
  [4 HOLDOUTS CLOSED · row grain] DECLARED — the row is retitled on disk and the subtraction outlives it
      → RED (as it must)
  [4 HOLDOUTS CLOSED · row grain] GUARDED — the record holds a row out of an engine the tree still runs it in (a floor lowered for nothing)
      → RED (as it must)
  [4 HOLDOUTS CLOSED · row grain] COHERENT — per-row grain declared inside a per-file holdout (one fact, two records)
      → RED (as it must)
  [4 HOLDOUTS CLOSED · row grain · PROOF] the declared T62 env row is clean at row grain AND subtracts 1 from BOTH engines
      → GREEN (as it must) · 0 complaint(s); env-gated rows subtracted: chromium 1, webkit 1
  [7 QUARANTINES CLOSED] the quarantine module is deleted while the floors still subtract its rows
      → RED (as it must)
  [8 FLOOR BAND] a census stamped 20% above live (the stamp as a wish)
      → RED (as it must)
  [8 FLOOR BAND] a floor hand-lowered one step under the band
      → RED (as it must)
  [8 FLOOR BAND] a floor smuggled back into CONFIGS (two homes for one number)
      → RED (as it must)
  [8 FLOOR BAND] a stamped floor for a project no config declares (the orphan row)
      → RED (as it must)

1 failure(s):

  • [6 SPEC MANIFEST] peer-tin.spec.ts: on disk, NOT in SPEC_MANIFEST. A new spec is a deliberate act — add it here in the same commit, and check its engine coverage while you are at it.

