
Running 2 tests using 1 worker

DIST webkit light TIN peer-1 #4b1d00 · core px 1712 · ratio@maxmoved 3.455 · p10 3.455 · p30 3.420 · median 3.283 · p90 1.982 · frac<3.0 22.1% · bestRatio 3.455
DIST webkit light TIN peer-2 #243200 · core px 1712 · ratio@maxmoved 3.306 · p10 3.306 · p30 3.262 · median 3.133 · p90 1.945 · frac<3.0 23.4% · bestRatio 3.306
DIST webkit light TIN peer-3 #003436 · core px 1711 · ratio@maxmoved 3.344 · p10 3.344 · p30 3.307 · median 3.171 · p90 1.954 · frac<3.0 23.0% · bestRatio 3.344
DIST webkit light TIN peer-4 #220084 · core px 1712 · ratio@maxmoved 3.915 · p10 3.915 · p30 3.895 · median 3.712 · p90 2.133 · frac<3.0 19.9% · bestRatio 3.915
DIST webkit light TIN peer-5 #4f0049 · core px 1712 · ratio@maxmoved 3.778 · p10 3.778 · p30 3.773 · median 3.591 · p90 2.100 · frac<3.0 20.3% · bestRatio 3.778
DIST webkit light WALK peer-1 #552200 · core px 1712 · ratio@maxmoved 3.292 · p10 3.292 · p30 3.260 · median 3.131 · p90 1.931 · frac<3.0 23.5% · bestRatio 3.292
DIST webkit light WALK peer-2 #2a3900 · core px 1708 · ratio@maxmoved 3.189 · p10 3.189 · p30 3.148 · median 3.024 · p90 1.908 · frac<3.0 24.8% · bestRatio 3.189
DIST webkit light WALK peer-3 #003b3e · core px 1712 · ratio@maxmoved 3.231 · p10 3.231 · p30 3.196 · median 3.066 · p90 1.933 · frac<3.0 24.3% · bestRatio 3.231
DIST webkit light WALK peer-4 #270094 · core px 1711 · ratio@maxmoved 3.838 · p10 3.838 · p30 3.826 · median 3.647 · p90 2.121 · frac<3.0 20.0% · bestRatio 3.838
DIST webkit light WALK peer-5 #590052 · core px 1708 · ratio@maxmoved 3.673 · p10 3.673 · p30 3.654 · median 3.494 · p90 2.068 · frac<3.0 20.7% · bestRatio 3.673
BOUND light #243200 (first read )
DIST webkit dark TIN peer-1 #ff975e · core px 1715 · ratio@maxmoved 3.373 · p10 3.373 · p30 3.357 · median 3.248 · p90 2.016 · frac<3.0 22.4% · bestRatio 3.373
DIST webkit dark TIN peer-2 #9ac900 · core px 1715 · ratio@maxmoved 3.614 · p10 3.614 · p30 3.564 · median 3.474 · p90 2.119 · frac<3.0 20.7% · bestRatio 3.614
DIST webkit dark TIN peer-3 #00ced7 · core px 1713 · ratio@maxmoved 3.572 · p10 3.572 · p30 3.567 · median 3.434 · p90 2.083 · frac<3.0 20.9% · bestRatio 3.572
DIST webkit dark TIN peer-4 #a2afff · core px 1712 · ratio@maxmoved 3.460 · p10 3.460 · p30 3.410 · median 3.316 · p90 2.053 · frac<3.0 21.6% · bestRatio 3.460
DIST webkit dark TIN peer-5 #ff7cef · core px 1712 · ratio@maxmoved 3.258 · p10 3.258 · p30 3.220 · median 3.125 · p90 1.974 · frac<3.0 23.9% · bestRatio 3.258
DIST webkit dark WALK peer-1 #ff9f6b · core px 1715 · ratio@maxmoved 3.509 · p10 3.509 · p30 3.493 · median 3.380 · p90 2.071 · frac<3.0 21.5% · bestRatio 3.509
DIST webkit dark WALK peer-2 #9ecf00 · core px 1718 · ratio@maxmoved 3.759 · p10 3.759 · p30 3.707 · median 3.615 · p90 2.178 · frac<3.0 20.0% · bestRatio 3.759
DIST webkit dark WALK peer-3 #00d4dd · core px 1716 · ratio@maxmoved 3.764 · p10 3.764 · p30 3.759 · median 3.620 · p90 2.171 · frac<3.0 19.9% · bestRatio 3.764
DIST webkit dark WALK peer-4 #a8b5ff · core px 1715 · ratio@maxmoved 3.626 · p10 3.626 · p30 3.574 · median 3.476 · p90 2.131 · frac<3.0 20.6% · bestRatio 3.626
DIST webkit dark WALK peer-5 #ff87f0 · core px 1709 · ratio@maxmoved 3.414 · p10 3.414 · p30 3.376 · median 3.277 · p90 2.042 · frac<3.0 21.8% · bestRatio 3.414
BOUND dark #9ac900 (first read )
  ✓  1 [webkit] › .tincrit4/ring.tincrit4.spec.ts:22:1 › ring distribution, five arms, two scalars (14.9s)
TAPE webkit light stick peer-1 #853900 · paper~rgb(253,253,252) · ink px 2137 · ratio@max-moved 7.131 · p30 7.131 · median-core 7.131 · frac<4.5 9.0% · frac<3.0 2.9%
TAPE webkit light stick peer-2 #455c00 · paper~rgb(253,253,252) · ink px 2139 · ratio@max-moved 6.615 · p30 6.615 · median-core 6.615 · frac<4.5 11.6% · frac<3.0 4.3%
TAPE webkit light stick peer-3 #005f63 · paper~rgb(253,253,252) · ink px 2136 · ratio@max-moved 6.537 · p30 6.537 · median-core 6.537 · frac<4.5 10.9% · frac<3.0 3.7%
TAPE webkit light stick peer-4 #3e32c5 · paper~rgb(253,253,252) · ink px 2136 · ratio@max-moved 7.464 · p30 7.464 · median-core 7.464 · frac<4.5 8.2% · frac<3.0 2.2%
TAPE webkit light stick peer-5 #8b0081 · paper~rgb(253,253,252) · ink px 2137 · ratio@max-moved 7.626 · p30 7.626 · median-core 7.626 · frac<4.5 6.3% · frac<3.0 0.4%
TAPE webkit dark stick peer-1 #e06600 · paper~rgb(19,18,17) · ink px 2248 · ratio@max-moved 3.115 · p30 3.115 · median-core 3.115 · frac<4.5 100.0% · frac<3.0 21.5%
TAPE webkit dark stick peer-2 #799f00 · paper~rgb(19,18,17) · ink px 2246 · ratio@max-moved 3.475 · p30 3.475 · median-core 3.475 · frac<4.5 100.0% · frac<3.0 13.2%
TAPE webkit dark stick peer-3 #00a3aa · paper~rgb(19,18,17) · ink px 2246 · ratio@max-moved 3.500 · p30 3.500 · median-core 3.500 · frac<4.5 100.0% · frac<3.0 13.1%
TAPE webkit dark stick peer-4 #747eff · paper~rgb(19,18,17) · ink px 2245 · ratio@max-moved 3.167 · p30 3.167 · median-core 3.167 · frac<4.5 100.0% · frac<3.0 19.1%
TAPE webkit dark stick peer-5 #d64fc8 · paper~rgb(19,18,17) · ink px 2245 · ratio@max-moved 2.982 · p30 2.982 · median-core 2.982 · frac<4.5 100.0% · frac<3.0 100.0%
  ✓  2 [webkit] › .tincrit4/ring.tincrit4.spec.ts:62:1 › tape ink per stick, painted, both themes (14.0s)

  2 passed (29.9s)
EXIT 0
