
Running 2 tests using 1 worker

DIST chromium light TIN peer-1 #4b1d00 · core px 1710 · ratio@maxmoved 3.464 · p10 3.452 · p30 3.418 · median 3.283 · p90 2.365 · frac<3.0 21.8% · bestRatio 3.464
DIST chromium light TIN peer-2 #243200 · core px 1713 · ratio@maxmoved 3.336 · p10 3.336 · p30 3.292 · median 3.163 · p90 2.298 · frac<3.0 23.4% · bestRatio 3.336
DIST chromium light TIN peer-3 #003436 · core px 1712 · ratio@maxmoved 3.344 · p10 3.344 · p30 3.300 · median 3.171 · p90 2.314 · frac<3.0 23.0% · bestRatio 3.344
DIST chromium light TIN peer-4 #220084 · core px 1713 · ratio@maxmoved 3.922 · p10 3.915 · p30 3.868 · median 3.718 · p90 2.583 · frac<3.0 18.0% · bestRatio 3.922
DIST chromium light TIN peer-5 #4f0049 · core px 1710 · ratio@maxmoved 3.792 · p10 3.773 · p30 3.741 · median 3.591 · p90 2.520 · frac<3.0 18.9% · bestRatio 3.792
DIST chromium light WALK peer-1 #552200 · core px 1713 · ratio@maxmoved 3.301 · p10 3.289 · p30 3.257 · median 3.131 · p90 2.299 · frac<3.0 23.4% · bestRatio 3.301
DIST chromium light WALK peer-2 #2a3900 · core px 1716 · ratio@maxmoved 3.187 · p10 3.187 · p30 3.145 · median 3.024 · p90 2.225 · frac<3.0 23.8% · bestRatio 3.187
DIST chromium light WALK peer-3 #003b3e · core px 1713 · ratio@maxmoved 3.231 · p10 3.231 · p30 3.189 · median 3.066 · p90 2.247 · frac<3.0 23.5% · bestRatio 3.231
DIST chromium light WALK peer-4 #270094 · core px 1716 · ratio@maxmoved 3.838 · p10 3.838 · p30 3.793 · median 3.647 · p90 2.525 · frac<3.0 18.7% · bestRatio 3.838
DIST chromium light WALK peer-5 #590052 · core px 1712 · ratio@maxmoved 3.681 · p10 3.661 · p30 3.631 · median 3.487 · p90 2.470 · frac<3.0 19.9% · bestRatio 3.681
BOUND light #243200 (first read )
DIST chromium dark TIN peer-1 #ff975e · core px 1711 · ratio@maxmoved 3.355 · p10 3.355 · p30 3.339 · median 3.248 · p90 2.389 · frac<3.0 21.8% · bestRatio 3.355
DIST chromium dark TIN peer-2 #9ac900 · core px 1711 · ratio@maxmoved 3.564 · p10 3.564 · p30 3.564 · median 3.434 · p90 2.525 · frac<3.0 19.8% · bestRatio 3.564
DIST chromium dark TIN peer-3 #00ced7 · core px 1711 · ratio@maxmoved 3.570 · p10 3.570 · p30 3.570 · median 3.436 · p90 2.507 · frac<3.0 19.5% · bestRatio 3.570
DIST chromium dark TIN peer-4 #a2afff · core px 1712 · ratio@maxmoved 3.445 · p10 3.445 · p30 3.405 · median 3.316 · p90 2.454 · frac<3.0 21.0% · bestRatio 3.445
DIST chromium dark TIN peer-5 #ff7cef · core px 1714 · ratio@maxmoved 3.238 · p10 3.238 · p30 3.193 · median 3.127 · p90 2.294 · frac<3.0 23.5% · bestRatio 3.238
DIST chromium dark WALK peer-1 #ff9f6b · core px 1714 · ratio@maxmoved 3.491 · p10 3.491 · p30 3.474 · median 3.380 · p90 2.454 · frac<3.0 20.5% · bestRatio 3.491
DIST chromium dark WALK peer-2 #9ecf00 · core px 1711 · ratio@maxmoved 3.750 · p10 3.750 · p30 3.750 · median 3.615 · p90 2.626 · frac<3.0 18.0% · bestRatio 3.750
DIST chromium dark WALK peer-3 #00d4dd · core px 1710 · ratio@maxmoved 3.715 · p10 3.715 · p30 3.710 · median 3.573 · p90 2.580 · frac<3.0 18.4% · bestRatio 3.715
DIST chromium dark WALK peer-4 #a8b5ff · core px 1717 · ratio@maxmoved 3.584 · p10 3.584 · p30 3.533 · median 3.441 · p90 2.487 · frac<3.0 19.7% · bestRatio 3.584
DIST chromium dark WALK peer-5 #ff87f0 · core px 1714 · ratio@maxmoved 3.395 · p10 3.395 · p30 3.347 · median 3.279 · p90 2.395 · frac<3.0 21.7% · bestRatio 3.395
BOUND dark #9ac900 (first read )
  ✓  1 [chromium] › .tincrit4/ring.tincrit4.spec.ts:22:1 › ring distribution, five arms, two scalars (11.1s)
TAPE chromium light stick peer-1 #853900 · paper~rgb(247,247,246) · ink px 1519 · ratio@max-moved 7.131 · p30 7.131 · median-core 7.072 · frac<4.5 21.4% · frac<3.0 7.7%
TAPE chromium light stick peer-2 #455c00 · paper~rgb(247,247,246) · ink px 1611 · ratio@max-moved 6.615 · p30 6.615 · median-core 6.560 · frac<4.5 22.4% · frac<3.0 9.6%
TAPE chromium light stick peer-3 #005f63 · paper~rgb(247,247,246) · ink px 1519 · ratio@max-moved 6.537 · p30 6.537 · median-core 6.483 · frac<4.5 23.9% · frac<3.0 9.9%
TAPE chromium light stick peer-4 #3e32c5 · paper~rgb(247,247,246) · ink px 1512 · ratio@max-moved 7.464 · p30 7.464 · median-core 7.402 · frac<4.5 18.8% · frac<3.0 5.3%
TAPE chromium light stick peer-5 #8b0081 · paper~rgb(247,247,246) · ink px 1512 · ratio@max-moved 7.626 · p30 7.626 · median-core 7.563 · frac<4.5 15.6% · frac<3.0 1.7%
TAPE chromium dark stick peer-1 #e06600 · paper~rgb(41,38,36) · ink px 1632 · ratio@max-moved 3.115 · p30 3.115 · median-core 3.115 · frac<4.5 100.0% · frac<3.0 35.2%
TAPE chromium dark stick peer-2 #799f00 · paper~rgb(41,38,36) · ink px 1628 · ratio@max-moved 3.475 · p30 3.475 · median-core 3.475 · frac<4.5 100.0% · frac<3.0 26.0%
TAPE chromium dark stick peer-3 #00a3aa · paper~rgb(41,38,36) · ink px 1630 · ratio@max-moved 3.500 · p30 3.500 · median-core 3.500 · frac<4.5 100.0% · frac<3.0 26.1%
TAPE chromium dark stick peer-4 #747eff · paper~rgb(41,38,36) · ink px 1630 · ratio@max-moved 3.167 · p30 3.167 · median-core 3.167 · frac<4.5 100.0% · frac<3.0 32.1%
TAPE chromium dark stick peer-5 #d64fc8 · paper~rgb(41,38,36) · ink px 1629 · ratio@max-moved 2.982 · p30 2.982 · median-core 2.982 · frac<4.5 100.0% · frac<3.0 100.0%
  ✓  2 [chromium] › .tincrit4/ring.tincrit4.spec.ts:62:1 › tape ink per stick, painted, both themes (9.6s)

  2 passed (21.9s)
EXIT 0
