
Running 24 tests using 2 workers

  ✓   1 [chromium] › e2e/affordances.spec.ts:175:1 › stale-note: teacher-red and gold-star notes clear on the next edit (1.1s)
  ✓   2 [chromium] › e2e/affordances.spec.ts:122:1 › print: chrome hidden, black strokes, washes stripped (CSS-only) (2.1s)
  ✓   3 [chromium] › e2e/affordances.spec.ts:244:1 › conflict note: a pure column duplicate names the COLUMN, never a row (1.2s)
  ✓   4 [chromium] › e2e/affordances.spec.ts:287:1 › tally: solve writes "N backtracks · Xms" in the note meta; the next edit clears it (1.1s)
  ✓   5 [chromium] › e2e/affordances.spec.ts:326:1 › tally: with debug off a solved board prints no tally at all (948ms)
  ✓   6 [chromium] › e2e/affordances.spec.ts:339:1 › undo: Ctrl+Z reverts, Ctrl+Shift+Z redoes, Meta+Z works, plain z is not swallowed (1.0s)
  ✓   7 [chromium] › e2e/affordances.spec.ts:373:1 › fill batch: one Fill sweep undoes as ONE gesture, redo re-fills (1.3s)
  ✓   8 [chromium] › e2e/affordances.spec.ts:410:1 › permalink: share writes ?board= and a reload reproduces the exact board (1.2s)
  ✓   9 [chromium] › e2e/affordances.spec.ts:449:1 › hint: first H gives the reasoning + highlights, second H inks the digit (948ms)
  ✓  10 [chromium] › e2e/affordances.spec.ts:480:1 › marks-gesture: no marks pre-peek, K shows them, Esc clears them (1.1s)
  ✓  11 [chromium] › e2e/affordances.spec.ts:499:1 › composed keyboard: K-peek from cell focus + roving tabindex (Ctrl+Home/End) + undo in one session (1.4s)
  ✓  12 [chromium] › e2e/affordances.spec.ts:581:1 › composed keyboard (futoshiki twin): K-peek from cell focus + roving + undo in one session (1.4s)
  ✓  14 [webkit] › e2e/affordances.spec.ts:175:1 › stale-note: teacher-red and gold-star notes clear on the next edit (1.9s)
  ✓  13 [webkit] › e2e/affordances.spec.ts:122:1 › print: chrome hidden, black strokes, washes stripped (CSS-only) (2.5s)
  ✓  15 [webkit] › e2e/affordances.spec.ts:244:1 › conflict note: a pure column duplicate names the COLUMN, never a row (1.8s)
  ✓  16 [webkit] › e2e/affordances.spec.ts:287:1 › tally: solve writes "N backtracks · Xms" in the note meta; the next edit clears it (2.7s)
  ✓  17 [webkit] › e2e/affordances.spec.ts:326:1 › tally: with debug off a solved board prints no tally at all (1.2s)
  ✓  18 [webkit] › e2e/affordances.spec.ts:339:1 › undo: Ctrl+Z reverts, Ctrl+Shift+Z redoes, Meta+Z works, plain z is not swallowed (1.3s)
  ✓  19 [webkit] › e2e/affordances.spec.ts:373:1 › fill batch: one Fill sweep undoes as ONE gesture, redo re-fills (1.5s)
  ✓  20 [webkit] › e2e/affordances.spec.ts:410:1 › permalink: share writes ?board= and a reload reproduces the exact board (1.7s)
  ✓  21 [webkit] › e2e/affordances.spec.ts:449:1 › hint: first H gives the reasoning + highlights, second H inks the digit (1.2s)
  ✓  22 [webkit] › e2e/affordances.spec.ts:480:1 › marks-gesture: no marks pre-peek, K shows them, Esc clears them (1.4s)
  ✓  23 [webkit] › e2e/affordances.spec.ts:499:1 › composed keyboard: K-peek from cell focus + roving tabindex (Ctrl+Home/End) + undo in one session (1.6s)
  ✓  24 [webkit] › e2e/affordances.spec.ts:581:1 › composed keyboard (futoshiki twin): K-peek from cell focus + roving + undo in one session (1.3s)

  24 passed (21.6s)
