=== proto (:4248)
  ✓   2 [chromium] › e2e/affordances.spec.ts:175:1 › stale-note: teacher-red and gold-star notes clear on the next edit (1.6s)
  ✓   1 [chromium] › e2e/affordances.spec.ts:122:1 › print: chrome hidden, black strokes, washes stripped (CSS-only) (2.0s)
  ✓   3 [chromium] › e2e/affordances.spec.ts:255:1 › drop clock: a note leaves on the rub-out, whatever transition the ink carries (1.5s)
  ✓   4 [chromium] › e2e/affordances.spec.ts:330:1 › conflict note: a pure column duplicate names the COLUMN, never a row (1.2s)
  ✓   5 [chromium] › e2e/affordances.spec.ts:373:1 › tally: solve writes "N backtracks · Xms" in the note meta; the next edit clears it (1.2s)
  ✓   6 [chromium] › e2e/affordances.spec.ts:412:1 › tally: with debug off a solved board prints no tally at all (1.2s)
  ✓   7 [chromium] › e2e/affordances.spec.ts:425:1 › undo: Ctrl+Z reverts, Ctrl+Shift+Z redoes, Meta+Z works, plain z is not swallowed (1.2s)
  ✓   8 [chromium] › e2e/affordances.spec.ts:459:1 › fill batch: one Fill sweep undoes as ONE gesture, redo re-fills (2.0s)
  ✓   9 [chromium] › e2e/affordances.spec.ts:496:1 › permalink: share writes ?board= and a reload reproduces the exact board (1.3s)
  ✓  10 [chromium] › e2e/affordances.spec.ts:535:1 › hint: first H gives the reasoning + highlights, second H inks the digit (1.2s)
  ✓  11 [chromium] › e2e/affordances.spec.ts:566:1 › marks-gesture: no marks pre-peek, K shows them, Esc clears them (1.3s)
  ✓  12 [chromium] › e2e/affordances.spec.ts:585:1 › composed keyboard: K-peek from cell focus + roving tabindex (Ctrl+Home/End) + undo in one session (1.4s)
  ✓  13 [chromium] › e2e/affordances.spec.ts:667:1 › composed keyboard (futoshiki twin): K-peek from cell focus + roving + undo in one session (1.4s)
  ✓  14 [chromium] › e2e/mobile-affordances.spec.ts:129:1 › native bounded entry (sudoku 9×9): coarse cell raises the numeric keypad, iOS-congruent, 16px floor (904ms)
  ✓  15 [chromium] › e2e/mobile-affordances.spec.ts:145:1 › native bounded entry (sudoku 16×16): two-digit values 10–16 enter whole (1.1s)
  ✓  17 [chromium] › e2e/mobile-affordances.spec.ts:184:1 › touch play tools (T4-WM §2): undo / redo / hint tappable at ≥44px, wired, and no sticky hover (1.0s)
  ✓  16 [chromium] › e2e/mobile-affordances.spec.ts:161:1 › native bounded entry (futoshiki twin): coarse cell raises the numeric keypad, iOS-congruent (2.0s)
  ✓  18 [chromium] › e2e/mobile-affordances.spec.ts:233:1 › hint two-press by touch (T4-W7): first tap gives the reasoning, second inks the digit (944ms)
  ✓  20 [chromium] › e2e/mobile-affordances.spec.ts:316:1 › long-press peek (T4-WM §3, sudoku): a hold on a cell opens the candidate glimpse; release clears it (1.7s)
  ✓  21 [chromium] › e2e/mobile-affordances.spec.ts:323:1 › long-press peek (T4-WM §3, futoshiki twin): a hold on a cell opens the candidate glimpse; release clears it (2.8s)
  ✓  19 [chromium] › e2e/mobile-affordances.spec.ts:265:1 › attribution opens on a single tap (T4-WM §2): the coarse focusin+click double-fire no longer nets closed (6.1s)
  ✓  22 [chromium] › e2e/mobile-affordances.spec.ts:339:1 › coarse affordances: persistent peek washi on a ≥44px target, icon sublabels, Clear confirm beat (3.2s)
  ✓  23 [chromium] › e2e/mobile-affordances.spec.ts:435:1 › Deal is dirty-gated (T4-WU/U3): a pristine board carries no arm; a dirty board arms first (3.0s)
  ✓  24 [webkit] › e2e/affordances.spec.ts:122:1 › print: chrome hidden, black strokes, washes stripped (CSS-only) (2.2s)
  ✓  25 [webkit] › e2e/affordances.spec.ts:175:1 › stale-note: teacher-red and gold-star notes clear on the next edit (1.8s)
  ✓  27 [webkit] › e2e/affordances.spec.ts:330:1 › conflict note: a pure column duplicate names the COLUMN, never a row (1.2s)
  ✓  26 [webkit] › e2e/affordances.spec.ts:255:1 › drop clock: a note leaves on the rub-out, whatever transition the ink carries (1.6s)
  ✓  28 [webkit] › e2e/affordances.spec.ts:373:1 › tally: solve writes "N backtracks · Xms" in the note meta; the next edit clears it (1.2s)
  ✓  29 [webkit] › e2e/affordances.spec.ts:412:1 › tally: with debug off a solved board prints no tally at all (1.2s)
  ✓  30 [webkit] › e2e/affordances.spec.ts:425:1 › undo: Ctrl+Z reverts, Ctrl+Shift+Z redoes, Meta+Z works, plain z is not swallowed (1.2s)
  ✓  31 [webkit] › e2e/affordances.spec.ts:459:1 › fill batch: one Fill sweep undoes as ONE gesture, redo re-fills (1.4s)
  ✓  32 [webkit] › e2e/affordances.spec.ts:496:1 › permalink: share writes ?board= and a reload reproduces the exact board (1.4s)
  ✓  33 [webkit] › e2e/affordances.spec.ts:535:1 › hint: first H gives the reasoning + highlights, second H inks the digit (1.5s)
  ✓  34 [webkit] › e2e/affordances.spec.ts:566:1 › marks-gesture: no marks pre-peek, K shows them, Esc clears them (1.2s)
  ✓  35 [webkit] › e2e/affordances.spec.ts:585:1 › composed keyboard: K-peek from cell focus + roving tabindex (Ctrl+Home/End) + undo in one session (1.4s)
  ✓  36 [webkit] › e2e/affordances.spec.ts:667:1 › composed keyboard (futoshiki twin): K-peek from cell focus + roving + undo in one session (1.5s)
  ✓  37 [webkit] › e2e/mobile-affordances.spec.ts:129:1 › native bounded entry (sudoku 9×9): coarse cell raises the numeric keypad, iOS-congruent, 16px floor (1.6s)
  ✓  38 [webkit] › e2e/mobile-affordances.spec.ts:145:1 › native bounded entry (sudoku 16×16): two-digit values 10–16 enter whole (2.0s)
  ✓  39 [webkit] › e2e/mobile-affordances.spec.ts:161:1 › native bounded entry (futoshiki twin): coarse cell raises the numeric keypad, iOS-congruent (1.4s)
  ✓  41 [webkit] › e2e/mobile-affordances.spec.ts:233:1 › hint two-press by touch (T4-W7): first tap gives the reasoning, second inks the digit (2.3s)
  ✓  40 [webkit] › e2e/mobile-affordances.spec.ts:184:1 › touch play tools (T4-WM §2): undo / redo / hint tappable at ≥44px, wired, and no sticky hover (2.5s)
  ✓  43 [webkit] › e2e/mobile-affordances.spec.ts:316:1 › long-press peek (T4-WM §3, sudoku): a hold on a cell opens the candidate glimpse; release clears it (2.2s)
  ✓  44 [webkit] › e2e/mobile-affordances.spec.ts:323:1 › long-press peek (T4-WM §3, futoshiki twin): a hold on a cell opens the candidate glimpse; release clears it (3.9s)
  ✓  42 [webkit] › e2e/mobile-affordances.spec.ts:265:1 › attribution opens on a single tap (T4-WM §2): the coarse focusin+click double-fire no longer nets closed (8.2s)
  ✓  45 [webkit] › e2e/mobile-affordances.spec.ts:339:1 › coarse affordances: persistent peek washi on a ≥44px target, icon sublabels, Clear confirm beat (4.0s)
  ✓  46 [webkit] › e2e/mobile-affordances.spec.ts:435:1 › Deal is dirty-gated (T4-WU/U3): a pristine board carries no arm; a dirty board arms first (3.9s)
  46 passed (49.5s)
exit=0
=== control (:4249)
  ✓   2 [chromium] › e2e/affordances.spec.ts:175:1 › stale-note: teacher-red and gold-star notes clear on the next edit (1.3s)
  ✓   1 [chromium] › e2e/affordances.spec.ts:122:1 › print: chrome hidden, black strokes, washes stripped (CSS-only) (2.0s)
  ✓   4 [chromium] › e2e/affordances.spec.ts:330:1 › conflict note: a pure column duplicate names the COLUMN, never a row (985ms)
  ✓   5 [chromium] › e2e/affordances.spec.ts:373:1 › tally: solve writes "N backtracks · Xms" in the note meta; the next edit clears it (902ms)
  ✓   6 [chromium] › e2e/affordances.spec.ts:412:1 › tally: with debug off a solved board prints no tally at all (1.0s)
  ✓   7 [chromium] › e2e/affordances.spec.ts:425:1 › undo: Ctrl+Z reverts, Ctrl+Shift+Z redoes, Meta+Z works, plain z is not swallowed (956ms)
  ✓   8 [chromium] › e2e/affordances.spec.ts:459:1 › fill batch: one Fill sweep undoes as ONE gesture, redo re-fills (1.3s)
  ✓   9 [chromium] › e2e/affordances.spec.ts:496:1 › permalink: share writes ?board= and a reload reproduces the exact board (1.2s)
  ✘   3 [chromium] › e2e/affordances.spec.ts:255:1 › drop clock: a note leaves on the rub-out, whatever transition the ink carries (5.9s)
  ✓  10 [chromium] › e2e/affordances.spec.ts:535:1 › hint: first H gives the reasoning + highlights, second H inks the digit (955ms)
  ✓  12 [chromium] › e2e/affordances.spec.ts:585:1 › composed keyboard: K-peek from cell focus + roving tabindex (Ctrl+Home/End) + undo in one session (1.1s)
  ✓  11 [chromium] › e2e/affordances.spec.ts:566:1 › marks-gesture: no marks pre-peek, K shows them, Esc clears them (989ms)
  ✓  13 [chromium] › e2e/affordances.spec.ts:667:1 › composed keyboard (futoshiki twin): K-peek from cell focus + roving + undo in one session (1.5s)
  ✓  14 [chromium] › e2e/mobile-affordances.spec.ts:129:1 › native bounded entry (sudoku 9×9): coarse cell raises the numeric keypad, iOS-congruent, 16px floor (1.0s)
  ✓  16 [chromium] › e2e/mobile-affordances.spec.ts:145:1 › native bounded entry (sudoku 16×16): two-digit values 10–16 enter whole (1.2s)
  ✓  15 [chromium] › e2e/mobile-affordances.spec.ts:161:1 › native bounded entry (futoshiki twin): coarse cell raises the numeric keypad, iOS-congruent (2.2s)
  ✓  17 [chromium] › e2e/mobile-affordances.spec.ts:184:1 › touch play tools (T4-WM §2): undo / redo / hint tappable at ≥44px, wired, and no sticky hover (1.2s)
  ✓  18 [chromium] › e2e/mobile-affordances.spec.ts:233:1 › hint two-press by touch (T4-W7): first tap gives the reasoning, second inks the digit (1.1s)
  ✓  20 [chromium] › e2e/mobile-affordances.spec.ts:316:1 › long-press peek (T4-WM §3, sudoku): a hold on a cell opens the candidate glimpse; release clears it (2.6s)
  ✓  21 [chromium] › e2e/mobile-affordances.spec.ts:323:1 › long-press peek (T4-WM §3, futoshiki twin): a hold on a cell opens the candidate glimpse; release clears it (3.0s)
  ✓  19 [chromium] › e2e/mobile-affordances.spec.ts:265:1 › attribution opens on a single tap (T4-WM §2): the coarse focusin+click double-fire no longer nets closed (7.0s)
  ✓  22 [chromium] › e2e/mobile-affordances.spec.ts:339:1 › coarse affordances: persistent peek washi on a ≥44px target, icon sublabels, Clear confirm beat (4.3s)
  ✓  23 [chromium] › e2e/mobile-affordances.spec.ts:435:1 › Deal is dirty-gated (T4-WU/U3): a pristine board carries no arm; a dirty board arms first (4.1s)
  ✓  24 [webkit] › e2e/affordances.spec.ts:122:1 › print: chrome hidden, black strokes, washes stripped (CSS-only) (2.3s)
  ✓  25 [webkit] › e2e/affordances.spec.ts:175:1 › stale-note: teacher-red and gold-star notes clear on the next edit (1.9s)
  ✓  27 [webkit] › e2e/affordances.spec.ts:330:1 › conflict note: a pure column duplicate names the COLUMN, never a row (1.3s)
  ✓  28 [webkit] › e2e/affordances.spec.ts:373:1 › tally: solve writes "N backtracks · Xms" in the note meta; the next edit clears it (1.3s)
  ✓  29 [webkit] › e2e/affordances.spec.ts:412:1 › tally: with debug off a solved board prints no tally at all (2.6s)
  ✘  26 [webkit] › e2e/affordances.spec.ts:255:1 › drop clock: a note leaves on the rub-out, whatever transition the ink carries (6.4s)
  ✓  30 [webkit] › e2e/affordances.spec.ts:425:1 › undo: Ctrl+Z reverts, Ctrl+Shift+Z redoes, Meta+Z works, plain z is not swallowed (2.1s)
  ✓  31 [webkit] › e2e/affordances.spec.ts:496:1 › permalink: share writes ?board= and a reload reproduces the exact board (3.0s)
  ✓  32 [webkit] › e2e/affordances.spec.ts:459:1 › fill batch: one Fill sweep undoes as ONE gesture, redo re-fills (2.9s)
  ✓  33 [webkit] › e2e/affordances.spec.ts:535:1 › hint: first H gives the reasoning + highlights, second H inks the digit (1.7s)
  ✓  34 [webkit] › e2e/affordances.spec.ts:566:1 › marks-gesture: no marks pre-peek, K shows them, Esc clears them (1.6s)
  ✓  35 [webkit] › e2e/affordances.spec.ts:585:1 › composed keyboard: K-peek from cell focus + roving tabindex (Ctrl+Home/End) + undo in one session (2.5s)
  ✓  36 [webkit] › e2e/affordances.spec.ts:667:1 › composed keyboard (futoshiki twin): K-peek from cell focus + roving + undo in one session (2.0s)
  ✓  37 [webkit] › e2e/mobile-affordances.spec.ts:129:1 › native bounded entry (sudoku 9×9): coarse cell raises the numeric keypad, iOS-congruent, 16px floor (2.5s)
  ✓  38 [webkit] › e2e/mobile-affordances.spec.ts:145:1 › native bounded entry (sudoku 16×16): two-digit values 10–16 enter whole (3.9s)
  ✓  39 [webkit] › e2e/mobile-affordances.spec.ts:161:1 › native bounded entry (futoshiki twin): coarse cell raises the numeric keypad, iOS-congruent (2.0s)
  ✓  40 [webkit] › e2e/mobile-affordances.spec.ts:184:1 › touch play tools (T4-WM §2): undo / redo / hint tappable at ≥44px, wired, and no sticky hover (3.0s)
  ✓  41 [webkit] › e2e/mobile-affordances.spec.ts:233:1 › hint two-press by touch (T4-W7): first tap gives the reasoning, second inks the digit (2.9s)
  ✓  43 [webkit] › e2e/mobile-affordances.spec.ts:316:1 › long-press peek (T4-WM §3, sudoku): a hold on a cell opens the candidate glimpse; release clears it (3.5s)
  ✓  44 [webkit] › e2e/mobile-affordances.spec.ts:323:1 › long-press peek (T4-WM §3, futoshiki twin): a hold on a cell opens the candidate glimpse; release clears it (2.2s)
  ✓  42 [webkit] › e2e/mobile-affordances.spec.ts:265:1 › attribution opens on a single tap (T4-WM §2): the coarse focusin+click double-fire no longer nets closed (8.2s)
  ✓  45 [webkit] › e2e/mobile-affordances.spec.ts:339:1 › coarse affordances: persistent peek washi on a ≥44px target, icon sublabels, Clear confirm beat (3.3s)
  ✓  46 [webkit] › e2e/mobile-affordances.spec.ts:435:1 › Deal is dirty-gated (T4-WU/U3): a pristine board carries no arm; a dirty board arms first (3.3s)
    Error: expect(received).not.toBeNull()
      313 |   expect(leave.transitionDuration).toBe('0s');
    Error: expect(received).not.toBeNull()
      313 |   expect(leave.transitionDuration).toBe('0s');
  2 failed
  44 passed (1.1m)
exit=1
DONE
