orig sha1 12ff38ce8d8f4f61d5d611a58cdb28ec3cc84b83
== A: MINT erase: 125 (the act G5 forbids) — must RED
1
     × G5: THE FOLD CARRIES NO LADDER ROW — the rung SET is §13's, exactly 4ms
⎯⎯⎯⎯⎯⎯⎯ Failed Tests 1 ⎯⎯⎯⎯⎯⎯⎯
 FAIL  src/pencil/chrome/marginNote.motion.test.ts > the margin note's motion (T9-W7 §7) > G5: THE FOLD CARRIES NO LADDER ROW — the rung SET is §13's, exactly
AssertionError: expected [ 'dusk', 'erase', 'leave', …(5) ] to deeply equal [ 'dusk', 'leave', 'note', …(4) ]
      Tests  1 failed | 10 skipped (11)
exit=1
== B: re-word the graft banner to §13's own phrasing — must stay GREEN
1
      Tests  1 passed | 10 skipped (11)
exit=0
== C: DROP a rung (§7's fold losing rise) — must RED
0
     × G5: THE FOLD CARRIES NO LADDER ROW — the rung SET is §13's, exactly 4ms
⎯⎯⎯⎯⎯⎯⎯ Failed Tests 1 ⎯⎯⎯⎯⎯⎯⎯
 FAIL  src/pencil/chrome/marginNote.motion.test.ts > the margin note's motion (T9-W7 §7) > G5: THE FOLD CARRIES NO LADDER ROW — the rung SET is §13's, exactly
AssertionError: expected [ 'dusk', 'leave', 'note', …(3) ] to deeply equal [ 'dusk', 'leave', 'note', …(4) ]
      Tests  1 failed | 10 skipped (11)
exit=1
restored sha1 12ff38ce8d8f4f61d5d611a58cdb28ec3cc84b83 (want 12ff38ce8d8f4f61d5d611a58cdb28ec3cc84b83)
== D: control, as built — GREEN
      Tests  1 passed | 10 skipped (11)
exit=0
DONE
