orig 6334cc888ee8b653a6a842d8b90a8933ec42b8aa
hook refs left: 0
build exit 0 identity index-DIihPJDjHql-.js
served: index-DIihPJDjHql-.js listener=22305
  ✘  2 [chromium] › e2e/affordances.spec.ts:255:1 › drop clock: a note leaves on the rub-out, whatever transition the ink carries (3.1s)
  ✘  1 [webkit] › e2e/affordances.spec.ts:255:1 › drop clock: a note leaves on the rub-out, whatever transition the ink carries (3.1s)
    Error: expect(received).toBe(expected) // Object.is equality
    Expected: "0s"
    Received: "1s"
    > 313 |   expect(leave.transitionDuration).toBe('0s');
      314 |   expect(leave.animationName).toContain('ink-rub-out');
      316 |   for (const d of leave.animationDuration!.split(',')) expect(parseFloat(d)).toBeGreaterThan(0);
    Error: expect(received).toBe(expected) // Object.is equality
    Expected: "0s"
    Received: "1s"
    > 313 |   expect(leave.transitionDuration).toBe('0s');
      314 |   expect(leave.animationName).toContain('ink-rub-out');
      316 |   for (const d of leave.animationDuration!.split(',')) expect(parseFloat(d)).toBeGreaterThan(0);
  2 failed
exit=1
restored 6334cc888ee8b653a6a842d8b90a8933ec42b8aa want 6334cc888ee8b653a6a842d8b90a8933ec42b8aa
build exit 0 identity index-aW5mmGzDOl_l.js (want index-aW5mmGzDOl_l.js)
served: index-aW5mmGzDOl_l.js listener=22692
DONE
