== node scripts/check-copy-register.mjs
copy register scanned across 137 files
allowlisted: src/pencil/dev/FilterTuner.vue (DEV-only tool, gated import.meta.env.DEV — never shipped), src/pencil/config/filterBudget.ts (census reasons read by check-prod-shake, never by a reader)
em/en dashes in product copy: 0
jargon over RENDERED strings: 0 hit(s), 0 admitted, 0 unadmitted (lexicon: 25 entries)
check-copy-register: 0 em/en dashes and 0 unadmitted jargon in product copy (0 admitted, each with its cure's seam)
EXIT[node scripts/check-copy-register.mjs] 0
== npm run -s lint:copy
copy register scanned across 137 files
allowlisted: src/pencil/dev/FilterTuner.vue (DEV-only tool, gated import.meta.env.DEV — never shipped), src/pencil/config/filterBudget.ts (census reasons read by check-prod-shake, never by a reader)
em/en dashes in product copy: 0
jargon over RENDERED strings: 0 hit(s), 0 admitted, 0 unadmitted (lexicon: 25 entries)
self-test (both colours):
  dash · template text dash  →  1 offence(s), RED as required
  dash · string literal dash  →  1 offence(s), RED as required
  dash · dash inside a comment  →  0 offence(s), GREEN as required
  dash · dash inside a template comment  →  0 offence(s), GREEN as required
  dash · a header that mentions `<style>`, then a template dash  →  1 offence(s), RED as required
  jargon · a technique name in an aria-label  →  1 offence(s), RED as required
  jargon · the machine naming itself on a washi tape  →  1 offence(s), RED as required
  jargon · solver vocabulary in a script-side copy constant  →  2 offence(s), RED as required
  jargon · positive control — an ENGINE identifier is not display copy  →  0 offence(s), GREEN as required
  jargon · positive control — a BOUND attribute is an expression, not a string  →  0 offence(s), GREEN as required
  jargon · positive control — the player's own verb survives  →  0 offence(s), GREEN as required
  jargon · positive control — jargon inside a comment is prose about the law  →  0 offence(s), GREEN as required
  jargon · a narration source speaks the machine's name  →  1 offence(s), RED as required
  jargon · a narration source in a template literal  →  2 offence(s), RED as required
  jargon · a narration source whose string carries a close paren  →  1 offence(s), RED as required
  jargon · a copy table whose name carries the word COPY  →  1 offence(s), RED as required
  jargon · a copy table whose type says copy and whose NAME does not — the arm is blind  →  0 offence(s), GREEN as required
  jargon · a spoken core built as a template literal in an accessible-name source  →  1 offence(s), RED as required
  jargon · a copy table keyed by its domain, its sentence a template literal  →  1 offence(s), RED as required
  jargon · a copy table keyed by its domain, its sentence a plain string  →  1 offence(s), RED as required
  jargon · a spoken name written as an object property, not a declaration  →  1 offence(s), RED as required
  jargon · a copy table named in SCREAMING_SNAKE for its office  →  1 offence(s), RED as required
  jargon · twin — the same SCREAMING_SNAKE table in the player's words  →  0 offence(s), GREEN as required
  jargon · a function that RETURNS the sentence, its name and its type both saying copy  →  1 offence(s), RED as required
  jargon · positive control — a void handler named for messages is not a copy source  →  0 offence(s), GREEN as required
  jargon · a spoken ref written by ASSIGNMENT, long after it was declared empty  →  1 offence(s), RED as required
  jargon · positive control — a comparison is not an assignment  →  0 offence(s), GREEN as required
  jargon · a BOUND accessible name built as a template literal  →  1 offence(s), RED as required
  jargon · a BOUND accessible name built as a ternary over two quoted strings  →  1 offence(s), RED as required
  jargon · twin — the same bound accessible name in the player's words  →  0 offence(s), GREEN as required
  jargon · positive control — a TYPE whose name says copy holds identifiers, not copy  →  0 offence(s), GREEN as required
  jargon · positive control — a component tag with a bind is not a spoken declaration  →  0 offence(s), GREEN as required
  jargon · two byte-identical sentences on one line are TWO offences  →  2 offence(s), RED as required
  jargon · twin — the same spoken core in the player's words  →  0 offence(s), GREEN as required
  jargon · twin — the same copy table in the player's words  →  0 offence(s), GREEN as required
  jargon · positive control — an INTERPOLATION is code, not copy  →  0 offence(s), GREEN as required
  jargon · positive control — a template literal in a declaration that says nothing about copy  →  0 offence(s), GREEN as required
  jargon · positive control — an utterance region declares no copy at its call  →  0 offence(s), GREEN as required
  jargon · positive control — a narration source in plain English survives  →  0 offence(s), GREEN as required
  jargon · an utterance handed to the voice a live region returned  →  1 offence(s), RED as required
  jargon · twin — the same utterance in the player's words  →  0 offence(s), GREEN as required
  jargon · an utterance through a local WRAPPER over that voice  →  1 offence(s), RED as required
  jargon · an utterance through a voice PASSED to a function as a parameter  →  1 offence(s), RED as required
  jargon · positive control — an IDENTIFIER handed to a voice is code, not copy  →  0 offence(s), GREEN as required
  jargon · positive control — a wrapper over NO voice is not a voice (the name is not the rule)  →  0 offence(s), GREEN as required
  jargon · a COPY_KEY whose value is a CALL, not a quote  →  1 offence(s), RED as required
  jargon · twin — the same key and call in the player's words  →  0 offence(s), GREEN as required
  jargon · positive control — a COPY_KEY whose value is a bare identifier reads nothing  →  0 offence(s), GREEN as required
  jargon · a PLURAL copy table named in SCREAMING_SNAKE for its office  →  1 offence(s), RED as required
  jargon · a PLURAL TitleCase copy table  →  1 offence(s), RED as required
  jargon · twin — the same plural table in the player's words  →  0 offence(s), GREEN as required
  admissions · a ghost admission is detected stale  →  1/1, RED as required
check-copy-register: 0 em/en dashes and 0 unadmitted jargon in product copy (0 admitted, each with its cure's seam)
EXIT[npm run -s lint:copy] 0
== npm run -s lint:theme-tokens
@theme declared: 52
unreferenced (corpus only):     0
unreferenced (transitive rule): 0
negative control (re-add --color-input): RED as required
check-theme-tokens: 0 unreferenced @theme tokens
EXIT[npm run -s lint:theme-tokens] 0
== node .crit-mrkabs/verb-census.mjs
@theme declared: 52
unreferenced (corpus only):     0
unreferenced (transitive rule): 0
custom properties declared in src: 140
bare var() naming no declaration — TIMING slots: 0
bare var() naming no declaration — any other slot: 0
check-theme-tokens: 0 unreferenced @theme tokens, 0 undefined references
EXIT[node .crit-mrkabs/verb-census.mjs] 0
== npm run -s lint:theme-selectors
THEME-SELECTOR CENSUS — 56 style files, 3 data-attribute selector sites over 3 attribute(s), 0 prefers-color-scheme site(s), 0 allowlisted
  writers for `data-fold-above`: src/games/shared/GameControlPanel.vue:666 (toggleAttribute)
  writers for `data-fold-below`: src/games/shared/GameControlPanel.vue:667 (toggleAttribute)
  writers for `data-under-bar`: src/games/shared/GameControlPanel.vue:677 (toggleAttribute)
  ✓ 1 UNWRITTEN ATTRIBUTES
  ✓ 2 UNHONORED MEDIA
  ✓ 3 ALLOWLIST CLOSED
  ✓ 0 POPULATION CANARY — a planted `[data-canary-theme]` rule over the live 141-file corpus reds check 1
SELF-TEST — each check against fixture trees:
  [1 UNWRITTEN ATTRIBUTES] the wave's exact shape — a [data-theme] rule with a class-only writer
      → RED (want RED)
  [1 UNWRITTEN ATTRIBUTES] the only mention of the writer is inside a comment
      → RED (want RED)
  [1 UNWRITTEN ATTRIBUTES] positive control — a real setAttribute writer lands
      → GREEN (want GREEN)
  [1 UNWRITTEN ATTRIBUTES] a doc comment that SPELLS a style open tag must not blank the writer under it (T9-W2)
      → GREEN (want GREEN)
  [1 UNWRITTEN ATTRIBUTES] positive control — vueuse writes through `attribute:`, no setAttribute in sight
      → GREEN (want GREEN)
  [1 UNWRITTEN ATTRIBUTES] positive control — Vue's own scope id is not an app attribute
      → GREEN (want GREEN)
  [1 UNWRITTEN ATTRIBUTES] positive control — the cured, class-keyed block
      → GREEN (want GREEN)
  [2 UNHONORED MEDIA] a prefers-color-scheme block with nothing said about it
      → RED (want RED)
  [2 UNHONORED MEDIA] positive control — allowlisted with a reason
      → GREEN (want GREEN)
  [3 ALLOWLIST CLOSED] a stale entry — the selector it excuses is gone
      → RED (want RED)
  [3 ALLOWLIST CLOSED] the excused attribute gained a writer — the excuse outlived its reason
      → RED (want RED)
  [3 ALLOWLIST CLOSED] an entry whose reason is a shrug
      → RED (want RED)
OK — every data-attribute selector has a runtime writer, every prefers-color-scheme block is allowlisted with a reason, and the table is closed.
EXIT[npm run -s lint:theme-selectors] 0
== npm run -s lint:ink
ink-pressure ladder — every rung clears its floor, strictly increasing, in all 3 scopes (light, dark, print), each resolved out of index.css:
  --ink-press-rule    55%  3.53 light / 4.36 dark / 4.76 print  ≥3 (non-text)
  --ink-press-quiet   68%  5.23 light / 6.06 dark / 7.86 print  ≥4.5 (text)
  --color-red-ink          4.98 light / 6.32 dark  ≥4.5 (.icon-sublabel.is-armed)
  washi tape               17.36 light / 9.06 dark  ≥4.5 (--color-foreground on --sheet-washi-neutral)
ship-4 census — the six re-pitched surfaces, each pinned to the rung above (so the rung's floor is the surface's floor):
  1  .keyboard-legend         color: var(--ink-press-quiet)
  2  .legend-row kbd          border: var(--ink-press-rule)
  3  .legend-sep              no `opacity` declaration
  4  .margin-note-meta        color: var(--ink-press-quiet)
  5  .icon-sublabel.is-armed  color: var(--color-red-ink)
  6  .vignette-meta           color: var(--ink-press-quiet)
ungoverned register — --color-muted-foreground 4.65 light / 7.69 dark:
  light  rule < muted-foreground < quiet
  dark   rule < quiet < muted-foreground
  the ramp and the register cross between themes, and the crossing is GATED: exactly one ruling is admitted (src/assets/index.css §INK PRESSURE, 'WHAT THE LADDER DOES NOT GOVERN'), pinned to both rank strings above, and it reds on a second crossing, on a re-pitch that moves either rank, and on its own cure.
EXIT[npm run -s lint:ink] 0
== npm run -s lint:motion
MOTION CONTRACT — 34 specs, 34 declaring, 0 silent (head = first 20 lines)
  ✓ 1 DECLARED
  ✓ 2 GRAMMAR
  ✓ 3 ROUTE
SELF-TEST — each check against a known-bad model:
  [1 DECLARED] the declaration is deleted in a refactor (the silent-by-default state)
      → RED (as it must)
  [1 DECLARED] the declaration slides below the head window during a doc-block edit
      → RED (as it must)
  [2 GRAMMAR] a third mode is invented (`PRM: reduced`)
      → RED (as it must)
  [2 GRAMMAR] `PRM: live` lands with no reason — a declaration that says nothing
      → RED (as it must)
  [2 GRAMMAR] `PRM: frozen` lands with an empty cite
      → RED (as it must)
  [2 GRAMMAR] two declarations disagree (a merge keeps both sides)
      → RED (as it must)
  [3 ROUTE] CH-65 regresses — the freeze is 'restored' as `test.use({ reducedMotion })`
      → RED (as it must)
  [3 ROUTE] a frozen file loses its emulateMedia call entirely
      → RED (as it must)
OK — 34 specs, every one declaring its motion state, every `frozen` backed by the route that lands.
EXIT[npm run -s lint:motion] 0
== npm run -s lint
Checking formatting...
All matched files use Prettier code style!
EXIT[npm run -s lint] 0
== npx eslint src
EXIT[npx eslint src] 0
== npx vue-tsc -b --noEmit
EXIT[npx vue-tsc -b --noEmit] 0
BATTERY-DONE
