Running 2 tests using 1 worker
[1/2] [chromium] › .crit-mrkabs/p4-board.spec.ts:15:1 › board search · 16x16 · frame + paper · both themes
[chromium] › .crit-mrkabs/p4-board.spec.ts:15:1 › board search · 16x16 · frame + paper · both themes
ROW {"engine":"chromium","theme":"light","cell":0,"on":"FRAME","arm":"#3a7bc4","painted":60,"strokeOpacity":"0.95","stroke":"rgb(58, 123, 196)","ground":[49,49,49],"worst":2.812,"median":2.812}
ROW {"engine":"chromium","theme":"light","cell":0,"on":"FRAME","arm":"#4589d2","painted":60,"strokeOpacity":"0.95","stroke":"rgb(69, 137, 210)","ground":[49,49,49],"worst":3.334,"median":3.334}
ROW {"engine":"chromium","theme":"light","cell":0,"on":"FRAME","arm":"#4285ce","painted":60,"strokeOpacity":"0.95","stroke":"rgb(66, 133, 206)","ground":[49,49,49],"worst":3.171,"median":3.171}
ROW {"engine":"chromium","theme":"light","cell":0,"on":"FRAME","arm":"#3a7bc4@0.90","painted":60,"strokeOpacity":"0.9","stroke":"rgb(58, 123, 196)","ground":[49,49,49],"worst":2.693,"median":2.698}
ROW {"engine":"chromium","theme":"light","cell":1,"on":"paper","arm":"#3a7bc4","painted":60,"strokeOpacity":"0.95","stroke":"rgb(58, 123, 196)","ground":[253,253,252],"worst":3.972,"median":3.972}
ROW {"engine":"chromium","theme":"light","cell":1,"on":"paper","arm":"#4589d2","painted":60,"strokeOpacity":"0.95","stroke":"rgb(69, 137, 210)","ground":[253,253,252],"worst":3.368,"median":3.368}
ROW {"engine":"chromium","theme":"light","cell":1,"on":"paper","arm":"#4285ce","painted":60,"strokeOpacity":"0.95","stroke":"rgb(66, 133, 206)","ground":[253,253,252],"worst":3.536,"median":3.536}
ROW {"engine":"chromium","theme":"light","cell":1,"on":"paper","arm":"#3a7bc4@0.90","painted":60,"strokeOpacity":"0.9","stroke":"rgb(58, 123, 196)","ground":[253,253,252],"worst":3.679,"median":3.679}
ROW {"engine":"chromium","theme":"dark","cell":0,"on":"FRAME","arm":"#3a7bc4","painted":60,"strokeOpacity":"0.95","stroke":"rgb(58, 123, 196)","ground":[199,197,190],"worst":2.404,"median":2.436}
ROW {"engine":"chromium","theme":"dark","cell":0,"on":"FRAME","arm":"#2f68aa","painted":60,"strokeOpacity":"0.95","stroke":"rgb(47, 104, 170)","ground":[199,197,190],"worst":3.088,"median":3.132}
ROW {"engine":"chromium","theme":"dark","cell":0,"on":"FRAME","arm":"#2f66a8","painted":60,"strokeOpacity":"0.95","stroke":"rgb(47, 102, 168)","ground":[199,197,190],"worst":3.168,"median":3.213}
ROW {"engine":"chromium","theme":"dark","cell":0,"on":"FRAME","arm":"#3a7bc4@0.90","painted":60,"strokeOpacity":"0.9","stroke":"rgb(58, 123, 196)","ground":[199,197,190],"worst":2.312,"median":2.312}
ROW {"engine":"chromium","theme":"dark","cell":1,"on":"paper","arm":"#3a7bc4","painted":60,"strokeOpacity":"0.95","stroke":"rgb(58, 123, 196)","ground":[19,18,17],"worst":3.989,"median":3.989}
ROW {"engine":"chromium","theme":"dark","cell":1,"on":"paper","arm":"#2f68aa","painted":60,"strokeOpacity":"0.95","stroke":"rgb(47, 104, 170)","ground":[19,18,17],"worst":3.084,"median":3.084}
ROW {"engine":"chromium","theme":"dark","cell":1,"on":"paper","arm":"#2f66a8","painted":60,"strokeOpacity":"0.95","stroke":"rgb(47, 102, 168)","ground":[19,18,17],"worst":3.004,"median":3.004}
ROW {"engine":"chromium","theme":"dark","cell":1,"on":"paper","arm":"#3a7bc4@0.90","painted":60,"strokeOpacity":"0.9","stroke":"rgb(58, 123, 196)","ground":[19,18,17],"worst":3.763,"median":3.763}
[2/2] [webkit] › .crit-mrkabs/p4-board.spec.ts:15:1 › board search · 16x16 · frame + paper · both themes
[webkit] › .crit-mrkabs/p4-board.spec.ts:15:1 › board search · 16x16 · frame + paper · both themes
ROW {"engine":"webkit","theme":"light","cell":0,"on":"FRAME","arm":"#3a7bc4","painted":60,"strokeOpacity":"0.95","stroke":"rgb(58, 123, 196)","ground":[49,49,49],"worst":2.85,"median":2.85}
ROW {"engine":"webkit","theme":"light","cell":0,"on":"FRAME","arm":"#4589d2","painted":60,"strokeOpacity":"0.95","stroke":"rgb(69, 137, 210)","ground":[49,49,49],"worst":3.389,"median":3.389}
ROW {"engine":"webkit","theme":"light","cell":0,"on":"FRAME","arm":"#4285ce","painted":60,"strokeOpacity":"0.95","stroke":"rgb(66, 133, 206)","ground":[49,49,49],"worst":3.219,"median":3.219}
ROW {"engine":"webkit","theme":"light","cell":0,"on":"FRAME","arm":"#3a7bc4@0.90","painted":60,"strokeOpacity":"0.9","stroke":"rgb(58, 123, 196)","ground":[49,49,49],"worst":2.693,"median":2.693}
ROW {"engine":"webkit","theme":"light","cell":1,"on":"paper","arm":"#3a7bc4","painted":60,"strokeOpacity":"0.95","stroke":"rgb(58, 123, 196)","ground":[253,253,252],"worst":3.965,"median":3.965}
ROW {"engine":"webkit","theme":"light","cell":1,"on":"paper","arm":"#4589d2","painted":60,"strokeOpacity":"0.95","stroke":"rgb(69, 137, 210)","ground":[253,253,252],"worst":3.353,"median":3.353}
ROW {"engine":"webkit","theme":"light","cell":1,"on":"paper","arm":"#4285ce","painted":60,"strokeOpacity":"0.95","stroke":"rgb(66, 133, 206)","ground":[253,253,252],"worst":3.524,"median":3.524}
ROW {"engine":"webkit","theme":"light","cell":1,"on":"paper","arm":"#3a7bc4@0.90","painted":60,"strokeOpacity":"0.9","stroke":"rgb(58, 123, 196)","ground":[253,253,252],"worst":3.685,"median":3.685}
ROW {"engine":"webkit","theme":"dark","cell":0,"on":"FRAME","arm":"#3a7bc4","painted":60,"strokeOpacity":"0.95","stroke":"rgb(58, 123, 196)","ground":[199,197,190],"worst":2.404,"median":2.404}
ROW {"engine":"webkit","theme":"dark","cell":0,"on":"FRAME","arm":"#2f68aa","painted":60,"strokeOpacity":"0.95","stroke":"rgb(47, 104, 170)","ground":[199,197,190],"worst":3.082,"median":3.082}
ROW {"engine":"webkit","theme":"dark","cell":0,"on":"FRAME","arm":"#2f66a8","painted":60,"strokeOpacity":"0.95","stroke":"rgb(47, 102, 168)","ground":[199,197,190],"worst":3.161,"median":3.161}
ROW {"engine":"webkit","theme":"dark","cell":0,"on":"FRAME","arm":"#3a7bc4@0.90","painted":60,"strokeOpacity":"0.9","stroke":"rgb(58, 123, 196)","ground":[199,197,190],"worst":2.316,"median":2.32}
ROW {"engine":"webkit","theme":"dark","cell":1,"on":"paper","arm":"#3a7bc4","painted":60,"strokeOpacity":"0.95","stroke":"rgb(58, 123, 196)","ground":[19,18,17],"worst":3.997,"median":3.997}
ROW {"engine":"webkit","theme":"dark","cell":1,"on":"paper","arm":"#2f68aa","painted":60,"strokeOpacity":"0.95","stroke":"rgb(47, 104, 170)","ground":[19,18,17],"worst":3.096,"median":3.096}
ROW {"engine":"webkit","theme":"dark","cell":1,"on":"paper","arm":"#2f66a8","painted":60,"strokeOpacity":"0.95","stroke":"rgb(47, 102, 168)","ground":[19,18,17],"worst":3.01,"median":3.01}
ROW {"engine":"webkit","theme":"dark","cell":1,"on":"paper","arm":"#3a7bc4@0.90","painted":60,"strokeOpacity":"0.9","stroke":"rgb(58, 123, 196)","ground":[19,18,17],"worst":3.755,"median":3.755}
  2 passed (40.0s)
EXIT 0
