vite v8.1.4 building client environment for production...
 WARN  advancedChunks option is deprecated, please use codeSplitting instead.
[2Ktransforming...✓ 237 modules transformed.
rendering chunks...
computing gzip size...
.crit-mrkabs/dist/index.html                                      3.16 kB │ gzip:  1.33 kB
.crit-mrkabs/dist/assets/firacode-subset-CbuNTc2aGjcY.woff2       3.62 kB
.crit-mrkabs/dist/assets/patrickhand-subset-BqV1besB36ib.woff2    4.31 kB
.crit-mrkabs/dist/assets/avatar-biqsjs3dzERf.png                  6.09 kB
.crit-mrkabs/dist/assets/fraunces-subset-qp6ShjBRhfYB.woff2      14.63 kB
.crit-mrkabs/dist/assets/solver.worker-DyhLjsTj.js               22.68 kB
.crit-mrkabs/dist/assets/csp_solver_wasm_bg-BJYevEYE.wasm       123.33 kB │ gzip: 50.33 kB
.crit-mrkabs/dist/assets/FutoshikiPoster-DZUvzwTKUpND.css         0.28 kB │ gzip:  0.16 kB
.crit-mrkabs/dist/assets/PosterBoard-C25fZcEKH9UF.css             0.39 kB │ gzip:  0.21 kB
.crit-mrkabs/dist/assets/spec-CAxGeu14Qq5g.css                    0.44 kB │ gzip:  0.25 kB
.crit-mrkabs/dist/assets/CageOverlay-CxJWuhZARm9B.css             0.54 kB │ gzip:  0.30 kB
.crit-mrkabs/dist/assets/ThermoTube-D-JcHJtczqX1.css              0.60 kB │ gzip:  0.29 kB
.crit-mrkabs/dist/assets/AnswerKeyLaminate-DQ8Zd4NTTWD3.css       0.89 kB │ gzip:  0.40 kB
.crit-mrkabs/dist/assets/index-5T47Jq8X9Ke3.css                  93.15 kB │ gzip: 18.85 kB
.crit-mrkabs/dist/assets/wire-BuDRICPW8zpg.js                     0.17 kB │ gzip:  0.15 kB
.crit-mrkabs/dist/assets/SudokuPoster-Btz0EB2nP-w_.js             0.86 kB │ gzip:  0.50 kB
.crit-mrkabs/dist/assets/clue-CNo7259tIuQm.js                     0.90 kB │ gzip:  0.50 kB
.crit-mrkabs/dist/assets/clue-B77KEGrfT5xu.js                     0.97 kB │ gzip:  0.55 kB
.crit-mrkabs/dist/assets/ThermoTube-B7AqpRhDh6Gb.js               1.17 kB │ gzip:  0.72 kB
.crit-mrkabs/dist/assets/ThermoPoster-o7ygKkn9PcwE.js             1.17 kB │ gzip:  0.66 kB
.crit-mrkabs/dist/assets/clue-D3bqB3E33Ls2.js                     1.21 kB │ gzip:  0.64 kB
.crit-mrkabs/dist/assets/KillerPoster-Bn7Pd2uq_QIZ.js             1.39 kB │ gzip:  0.75 kB
.crit-mrkabs/dist/assets/CageOverlay-ClZjfM7N4mxJ.js              1.73 kB │ gzip:  0.98 kB
.crit-mrkabs/dist/assets/KenKenPoster-BZ1nFQV_3WYu.js             1.76 kB │ gzip:  0.84 kB
.crit-mrkabs/dist/assets/relayWire-5r_0oKENP1Dl.js                1.87 kB │ gzip:  1.06 kB
.crit-mrkabs/dist/assets/FutoshikiPoster-BenLF3BKQFvr.js          1.93 kB │ gzip:  1.06 kB
.crit-mrkabs/dist/assets/spec-Ch5idcrZkesB.js                     2.07 kB │ gzip:  1.02 kB
.crit-mrkabs/dist/assets/spec-BwZdW4seXanC.js                     2.16 kB │ gzip:  1.04 kB
.crit-mrkabs/dist/assets/AnswerKeyLaminate-CJNXPhAajBod.js        2.30 kB │ gzip:  1.31 kB
.crit-mrkabs/dist/assets/PosterBoard-Bj_78WwYm8LH.js              2.58 kB │ gzip:  1.17 kB
.crit-mrkabs/dist/assets/spec-Cpwvchs7xkg7.js                     3.03 kB │ gzip:  1.45 kB
.crit-mrkabs/dist/assets/spec-C7K8mlaxIp9f.js                     3.25 kB │ gzip:  1.51 kB
.crit-mrkabs/dist/assets/animation-vendor-CrUpJv3U-YcU.js        11.64 kB │ gzip:  4.74 kB
.crit-mrkabs/dist/assets/templates-LkXzF59FZu96.js               18.16 kB │ gzip:  4.97 kB
.crit-mrkabs/dist/assets/playerIdentity-DR-B0oIzoLRi.js          19.31 kB │ gzip:  8.12 kB
.crit-mrkabs/dist/assets/templates-CsCa30cxJEsI.js               24.59 kB │ gzip:  7.06 kB
.crit-mrkabs/dist/assets/vue-vendor-DO-CUsNNxq8N.js              85.19 kB │ gzip: 34.03 kB
.crit-mrkabs/dist/assets/index-C6PLCXVet2Ip.js                  215.72 kB │ gzip: 74.53 kB
✓ built in 805ms
EXIT 0
