Running 4 tests using 1 worker
[chromium] › .crit-mrkabs/p4-census.spec.ts:162:1 › census · home + gallery + armed guard
[chromium one light home] button.attribution-trigger host=self 2px solid rgb(58, 123, 196) fv=true worst=4.188 side=top owner=(document)
[chromium one light home] button.sun-moon-toggle host=self 2px solid rgb(58, 123, 196) fv=true worst=4.188 side=top owner=(document)
[chromium one light home] button.logo-trigger host=self 2px solid rgb(58, 123, 196) fv=true worst=4.188 side=top owner=(document)
[chromium one light home] input.cell-native-input host=self 3px none rgb(10, 10, 10) fv=true worst=- side=- owner=-
[chromium one light home] button.drawer-tab host=self 2px dashed rgb(10, 10, 10) fv=true worst=1.043 side=top owner=(document)
[chromium one light home] button.drawer-tab[PROPOSED token] 2px solid rgb(58, 123, 196) worst=3.229 side=right owner=(document)
[chromium one light home] button.ctrl-btn host=self 2px solid rgb(58, 123, 196) fv=true worst=4.289 side=top owner=(document)
[chromium one light home] button.icon-btn host=self 2px solid rgb(58, 123, 196) fv=true worst=3.574 side=left owner=(document)
[chromium one light home] button.info-btn host=self 2px solid rgb(58, 123, 196) fv=true worst=2.608 side=right owner=(document)
[chromium one light deck] button.attribution-trigger host=self 2px solid rgb(58, 123, 196) fv=true worst=4.188 side=top owner=(document)
[chromium one light deck] button.sun-moon-toggle host=self 2px solid rgb(58, 123, 196) fv=true worst=4.188 side=top owner=(document)
[chromium one light deck] div.gallery-viewport host=.game-card.is-center 2px solid rgb(58, 123, 196) fv=true worst=4.188 side=top owner=(document)
[chromium one light deck] input.cell-native-input host=self 3px none rgb(10, 10, 10) fv=true worst=- side=- owner=-
[chromium one light deck] button.ctrl-btn host=self 2px solid rgb(58, 123, 196) fv=true worst=4.289 side=top owner=(document)
[chromium one light deck] button.staging-btn host=.staging-face 2px solid rgb(58, 123, 196) fv=true worst=4.289 side=top owner=(document)
[chromium one light guard] button.guard-btn host=.guard-face 2px solid rgb(58, 123, 196) fv=true worst=4.227 side=top owner=div.gallery-viewport bg=rgba(0, 0, 0, 0)
[chromium one dark home] button.attribution-trigger host=self 2px solid rgb(58, 123, 196) fv=true worst=4.379 side=top owner=(document)
[chromium one dark home] button.sun-moon-toggle host=self 2px solid rgb(58, 123, 196) fv=true worst=4.379 side=top owner=(document)
[chromium one dark home] button.logo-trigger host=self 2px solid rgb(58, 123, 196) fv=true worst=4.379 side=top owner=(document)
[chromium one dark home] input.cell-native-input host=self 3px none rgb(237, 236, 233) fv=true worst=- side=- owner=-
[chromium one dark home] button.drawer-tab host=self 2px dashed rgb(237, 236, 233) fv=true worst=1.131 side=top owner=(document)
[chromium one dark home] button.drawer-tab[PROPOSED token] 2px solid rgb(58, 123, 196) worst=1.04 side=top owner=(document)
[chromium one dark home] button.ctrl-btn host=self 2px solid rgb(58, 123, 196) fv=true worst=4.286 side=top owner=(document)
[chromium one dark home] button.icon-btn host=self 2px solid rgb(58, 123, 196) fv=true worst=3.614 side=left owner=(document)
[chromium one dark home] button.info-btn host=self 2px solid rgb(58, 123, 196) fv=true worst=2.418 side=right owner=(document)
[chromium one dark deck] button.attribution-trigger host=self 2px solid rgb(58, 123, 196) fv=true worst=4.379 side=top owner=(document)
[chromium one dark deck] button.sun-moon-toggle host=self 2px solid rgb(58, 123, 196) fv=true worst=4.379 side=top owner=(document)
[chromium one dark deck] div.gallery-viewport host=.game-card.is-center 2px solid rgb(58, 123, 196) fv=true worst=3.782 side=right owner=(document)
[chromium one dark deck] input.cell-native-input host=self 3px none rgb(237, 236, 233) fv=true worst=- side=- owner=-
[chromium one dark deck] button.ctrl-btn host=self 2px solid rgb(58, 123, 196) fv=true worst=4.286 side=top owner=(document)
[chromium one dark deck] button.staging-btn host=.staging-face 2px solid rgb(58, 123, 196) fv=true worst=4.286 side=top owner=(document)
[chromium one dark guard] button.guard-btn host=.guard-face 2px solid rgb(58, 123, 196) fv=true worst=4.346 side=top owner=div.gallery-viewport bg=rgba(0, 0, 0, 0)
[chromium] › .crit-mrkabs/p4-census.spec.ts:185:1 › G-ABS-4 · one colour on every game route · 1280x800
[route chromium sudoku light] stops 8 · solid rgb(58, 123, 196) | dashed rgb(10, 10, 10) · auto 0
[route chromium sudoku dark] stops 8 · solid rgb(58, 123, 196) | dashed rgb(237, 236, 233) · auto 0
[route chromium futoshiki light] stops 8 · solid rgb(58, 123, 196) | dashed rgb(10, 10, 10) · auto 0
[route chromium futoshiki dark] stops 8 · solid rgb(58, 123, 196) | dashed rgb(237, 236, 233) · auto 0
[route chromium thermo light] stops 8 · solid rgb(58, 123, 196) | dashed rgb(10, 10, 10) · auto 0
[route chromium thermo dark] stops 8 · solid rgb(58, 123, 196) | dashed rgb(237, 236, 233) · auto 0
[route chromium killer light] stops 8 · solid rgb(58, 123, 196) | dashed rgb(10, 10, 10) · auto 0
[route chromium killer dark] stops 8 · solid rgb(58, 123, 196) | dashed rgb(237, 236, 233) · auto 0
[route chromium kenken light] stops 8 · solid rgb(58, 123, 196) | dashed rgb(10, 10, 10) · auto 0
[route chromium kenken dark] stops 8 · solid rgb(58, 123, 196) | dashed rgb(237, 236, 233) · auto 0
[webkit] › .crit-mrkabs/p4-census.spec.ts:162:1 › census · home + gallery + armed guard
[webkit one light home] button.attribution-trigger host=self 2px solid rgb(58, 123, 196) fv=true worst=4.188 side=top owner=(document)
[webkit one light home] button.sun-moon-toggle host=self 2px solid rgb(58, 123, 196) fv=true worst=4.188 side=top owner=(document)
[webkit one light home] button.logo-trigger host=self 2px solid rgb(58, 123, 196) fv=true worst=4.188 side=top owner=(document)
[webkit one light home] input.cell-native-input host=self 3px none rgb(10, 10, 10) fv=true worst=- side=- owner=-
[webkit one light home] button.drawer-tab host=self 2px dashed rgb(10, 10, 10) fv=true worst=3.606 side=bottom owner=(document)
[webkit one light home] button.drawer-tab[PROPOSED token] 2px solid rgb(58, 123, 196) worst=3.81 side=bottom owner=(document)
[webkit one light home] button.ctrl-btn host=self 2px solid rgb(58, 123, 196) fv=true worst=4.289 side=top owner=(document)
[webkit one light home] button.icon-btn host=self 2px solid rgb(58, 123, 196) fv=true worst=3.494 side=left owner=(document)
[webkit one light home] button.info-btn host=self 2px solid rgb(58, 123, 196) fv=true worst=3.6 side=right owner=(document)
[webkit one light deck] button.attribution-trigger host=self 2px solid rgb(58, 123, 196) fv=true worst=4.188 side=top owner=(document)
[webkit one light deck] button.sun-moon-toggle host=self 2px solid rgb(58, 123, 196) fv=true worst=4.188 side=top owner=(document)
[webkit one light deck] div.gallery-viewport host=.game-card.is-center 2px solid rgb(58, 123, 196) fv=true worst=2.344 side=top owner=(document)
[webkit one light deck] input.cell-native-input host=self 3px none rgb(10, 10, 10) fv=true worst=- side=- owner=-
[webkit one light deck] button.ctrl-btn host=self 2px solid rgb(58, 123, 196) fv=true worst=4.289 side=top owner=(document)
[webkit one light deck] button.staging-btn host=.staging-face 2px solid rgb(58, 123, 196) fv=true worst=4.289 side=top owner=(document)
[webkit one light guard] button.guard-btn host=.guard-face 2px solid rgb(58, 123, 196) fv=true worst=4.153 side=bottom owner=(document)
[webkit one dark home] button.attribution-trigger host=self 2px solid rgb(58, 123, 196) fv=true worst=4.379 side=top owner=(document)
[webkit one dark home] button.sun-moon-toggle host=self 2px solid rgb(58, 123, 196) fv=true worst=4.379 side=top owner=(document)
[webkit one dark home] button.logo-trigger host=self 2px solid rgb(58, 123, 196) fv=true worst=4.379 side=top owner=(document)
[webkit one dark home] input.cell-native-input host=self 3px none rgb(237, 236, 233) fv=true worst=- side=- owner=-
[webkit one dark home] button.drawer-tab host=self 2px dashed rgb(237, 236, 233) fv=true worst=1.475 side=bottom owner=(document)
[webkit one dark home] button.drawer-tab[PROPOSED token] 2px solid rgb(58, 123, 196) worst=3.703 side=top owner=(document)
[webkit one dark home] button.ctrl-btn host=self 2px solid rgb(58, 123, 196) fv=true worst=4.286 side=top owner=(document)
[webkit one dark home] button.icon-btn host=self 2px solid rgb(58, 123, 196) fv=true worst=3.603 side=left owner=(document)
[webkit one dark home] button.info-btn host=self 2px solid rgb(58, 123, 196) fv=true worst=3.004 side=right owner=(document)
[webkit one dark deck] button.attribution-trigger host=self 2px solid rgb(58, 123, 196) fv=true worst=4.379 side=top owner=(document)
[webkit one dark deck] button.sun-moon-toggle host=self 2px solid rgb(58, 123, 196) fv=true worst=4.379 side=top owner=(document)
[webkit one dark deck] div.gallery-viewport host=.game-card.is-center 2px solid rgb(58, 123, 196) fv=true worst=3.788 side=right owner=(document)
[webkit one dark deck] input.cell-native-input host=self 3px none rgb(237, 236, 233) fv=true worst=- side=- owner=-
[webkit one dark deck] button.ctrl-btn host=self 2px solid rgb(58, 123, 196) fv=true worst=4.286 side=top owner=(document)
[webkit one dark deck] button.staging-btn host=.staging-face 2px solid rgb(58, 123, 196) fv=true worst=4.286 side=top owner=(document)
[webkit one dark guard] button.guard-btn host=.guard-face 2px solid rgb(58, 123, 196) fv=true worst=3.922 side=bottom owner=(document)
[webkit] › .crit-mrkabs/p4-census.spec.ts:185:1 › G-ABS-4 · one colour on every game route · 1280x800
[route webkit sudoku light] stops 8 · solid rgb(58, 123, 196) | dashed rgb(10, 10, 10) · auto 0
[route webkit sudoku dark] stops 8 · solid rgb(58, 123, 196) | dashed rgb(237, 236, 233) · auto 0
[route webkit futoshiki light] stops 8 · solid rgb(58, 123, 196) | dashed rgb(10, 10, 10) · auto 0
[route webkit futoshiki dark] stops 8 · solid rgb(58, 123, 196) | dashed rgb(237, 236, 233) · auto 0
[route webkit thermo light] stops 8 · solid rgb(58, 123, 196) | dashed rgb(10, 10, 10) · auto 0
[route webkit thermo dark] stops 8 · solid rgb(58, 123, 196) | dashed rgb(237, 236, 233) · auto 0
[route webkit killer light] stops 8 · solid rgb(58, 123, 196) | dashed rgb(10, 10, 10) · auto 0
[route webkit killer dark] stops 8 · solid rgb(58, 123, 196) | dashed rgb(237, 236, 233) · auto 0
[route webkit kenken light] stops 8 · solid rgb(58, 123, 196) | dashed rgb(10, 10, 10) · auto 0
[route webkit kenken dark] stops 8 · solid rgb(58, 123, 196) | dashed rgb(237, 236, 233) · auto 0
  4 passed (3.7m)
EXIT 0
CHAIN-DONE
