Running 2 tests using 1 worker
[1/2] [chromium] › .crit-mrkabs/p4-gabs5.spec.ts:26:1 › G-ABS-5 · the ledger is true at the opacity it names, and reds when that opacity moves
[chromium] › .crit-mrkabs/p4-gabs5.spec.ts:26:1 › G-ABS-5 · the ledger is true at the opacity it names, and reds when that opacity moves
[G-ABS-5 chromium shipped] opacity GREEN (ledger 0.95, source 0.95, computed 0.95) · paint GREEN
   16×16 paper light: painted 3.972 ledger 3.97 delta 0.002 ok
   16×16 frame light: painted 2.812 ledger 2.81 delta 0.002 ok
   16×16 paper dark: painted 3.989 ledger 3.99 delta -0.001 ok
   16×16 frame dark: painted 2.404 ledger 2.4 delta 0.004 ok
   9×9 paper light: painted 3.92 ledger 3.92 delta 0 ok
   9×9 paper dark: painted 3.989 ledger 3.99 delta -0.001 ok
[G-ABS-5 chromium ablated-0.9] opacity RED (ledger 0.95, source 0.95, computed 0.9) · paint RED
   16×16 paper light: painted 3.679 ledger 3.97 delta -0.291 RED
   16×16 frame light: painted 2.693 ledger 2.81 delta -0.117 RED
   16×16 paper dark: painted 3.763 ledger 3.99 delta -0.227 RED
   16×16 frame dark: painted 2.312 ledger 2.4 delta -0.088 ok
   9×9 paper light: painted 3.667 ledger 3.92 delta -0.253 RED
   9×9 paper dark: painted 3.723 ledger 3.99 delta -0.267 RED
[G-ABS-5 chromium] source-text negative control (tier 2 -> 0.9): RED as required
[2/2] [webkit] › .crit-mrkabs/p4-gabs5.spec.ts:26:1 › G-ABS-5 · the ledger is true at the opacity it names, and reds when that opacity moves
[webkit] › .crit-mrkabs/p4-gabs5.spec.ts:26:1 › G-ABS-5 · the ledger is true at the opacity it names, and reds when that opacity moves
[G-ABS-5 webkit shipped] opacity GREEN (ledger 0.95, source 0.95, computed 0.95) · paint GREEN
   16×16 paper light: painted 3.965 ledger 3.97 delta -0.005 ok
   16×16 frame light: painted 2.85 ledger 2.85 delta 0 ok
   16×16 paper dark: painted 3.997 ledger 4 delta -0.003 ok
   16×16 frame dark: painted 2.404 ledger 2.4 delta 0.004 ok
   9×9 paper light: painted 3.965 ledger 3.97 delta -0.005 ok
   9×9 paper dark: painted 3.989 ledger 3.99 delta -0.001 ok
[G-ABS-5 webkit ablated-0.9] opacity RED (ledger 0.95, source 0.95, computed 0.9) · paint RED
   16×16 paper light: painted 3.685 ledger 3.97 delta -0.285 RED
   16×16 frame light: painted 2.693 ledger 2.85 delta -0.157 RED
   16×16 paper dark: painted 3.755 ledger 4 delta -0.245 RED
   16×16 frame dark: painted 2.316 ledger 2.4 delta -0.084 ok
   9×9 paper light: painted 3.68 ledger 3.97 delta -0.29 RED
   9×9 paper dark: painted 3.715 ledger 3.99 delta -0.275 RED
[G-ABS-5 webkit] source-text negative control (tier 2 -> 0.9): RED as required
  2 passed (57.0s)
EXIT 0
