Running 2 tests using 1 worker
[1/2] [chromium] › .crit-mrkabs/p4-crit-opq.spec.ts:6:1 › critic · dark ceiling at opacity 1.0 vs 0.95
[chromium] › .crit-mrkabs/p4-crit-opq.spec.ts:6:1 › critic · dark ceiling at opacity 1.0 vs 0.95
ROW {"engine":"chromium","theme":"dark","op":"0.95","hex":"#3a7bc4","on":"FRAME","worst":2.404,"median":2.436,"painted":60,"so":"0.95","ground":[199,197,190]}
ROW {"engine":"chromium","theme":"dark","op":"0.95","hex":"#3a7bc4","on":"paper","worst":3.989,"median":3.989,"painted":60,"so":"0.95","ground":[19,18,17]}
ROW {"engine":"chromium","theme":"dark","op":"0.95","hex":"#2f68aa","on":"FRAME","worst":3.088,"median":3.132,"painted":60,"so":"0.95","ground":[199,197,190]}
ROW {"engine":"chromium","theme":"dark","op":"0.95","hex":"#2f68aa","on":"paper","worst":3.084,"median":3.084,"painted":60,"so":"0.95","ground":[19,18,17]}
ROW {"engine":"chromium","theme":"dark","op":"0.95","hex":"#2e64a4","on":"FRAME","worst":3.261,"median":3.309,"painted":60,"so":"0.95","ground":[199,197,190]}
ROW {"engine":"chromium","theme":"dark","op":"0.95","hex":"#2e64a4","on":"paper","worst":2.915,"median":2.915,"painted":60,"so":"0.95","ground":[19,18,17]}
ROW {"engine":"chromium","theme":"dark","op":"0.95","hex":"#2c619f","on":"FRAME","worst":3.414,"median":3.464,"painted":60,"so":"0.95","ground":[199,197,190]}
ROW {"engine":"chromium","theme":"dark","op":"0.95","hex":"#2c619f","on":"paper","worst":2.782,"median":2.782,"painted":60,"so":"0.95","ground":[19,18,17]}
ROW {"engine":"chromium","theme":"dark","op":"0.95","hex":"#306cb0","on":"FRAME","worst":2.951,"median":2.992,"painted":60,"so":"0.95","ground":[199,197,190]}
ROW {"engine":"chromium","theme":"dark","op":"0.95","hex":"#306cb0","on":"paper","worst":3.231,"median":3.231,"painted":60,"so":"0.95","ground":[19,18,17]}
ROW {"engine":"chromium","theme":"dark","op":"1","hex":"#3a7bc4","on":"FRAME","worst":2.528,"median":2.528,"painted":60,"so":"1","ground":[199,197,190]}
ROW {"engine":"chromium","theme":"dark","op":"1","hex":"#3a7bc4","on":"paper","worst":4.286,"median":4.286,"painted":60,"so":"1","ground":[19,18,17]}
ROW {"engine":"chromium","theme":"dark","op":"1","hex":"#2f68aa","on":"FRAME","worst":3.303,"median":3.303,"painted":60,"so":"1","ground":[199,197,190]}
ROW {"engine":"chromium","theme":"dark","op":"1","hex":"#2f68aa","on":"paper","worst":3.28,"median":3.28,"painted":60,"so":"1","ground":[19,18,17]}
ROW {"engine":"chromium","theme":"dark","op":"1","hex":"#2e64a4","on":"FRAME","worst":3.499,"median":3.499,"painted":60,"so":"1","ground":[199,197,190]}
ROW {"engine":"chromium","theme":"dark","op":"1","hex":"#2e64a4","on":"paper","worst":3.096,"median":3.096,"painted":60,"so":"1","ground":[19,18,17]}
ROW {"engine":"chromium","theme":"dark","op":"1","hex":"#2c619f","on":"FRAME","worst":3.665,"median":3.665,"painted":60,"so":"1","ground":[199,197,190]}
ROW {"engine":"chromium","theme":"dark","op":"1","hex":"#2c619f","on":"paper","worst":2.956,"median":2.956,"painted":60,"so":"1","ground":[19,18,17]}
ROW {"engine":"chromium","theme":"dark","op":"1","hex":"#306cb0","on":"FRAME","worst":3.119,"median":3.119,"painted":60,"so":"1","ground":[199,197,190]}
ROW {"engine":"chromium","theme":"dark","op":"1","hex":"#306cb0","on":"paper","worst":3.473,"median":3.473,"painted":60,"so":"1","ground":[19,18,17]}
ROW {"engine":"chromium","theme":"light","op":"0.95","hex":"#3a7bc4","on":"FRAME","worst":2.812,"median":2.812,"painted":60,"so":"0.95","ground":[49,49,49]}
ROW {"engine":"chromium","theme":"light","op":"0.95","hex":"#3a7bc4","on":"paper","worst":3.972,"median":3.972,"painted":60,"so":"0.95","ground":[253,253,252]}
ROW {"engine":"chromium","theme":"light","op":"0.95","hex":"#4589d2","on":"FRAME","worst":3.334,"median":3.334,"painted":60,"so":"0.95","ground":[49,49,49]}
ROW {"engine":"chromium","theme":"light","op":"0.95","hex":"#4589d2","on":"paper","worst":3.368,"median":3.368,"painted":60,"so":"0.95","ground":[253,253,252]}
ROW {"engine":"chromium","theme":"light","op":"1","hex":"#3a7bc4","on":"FRAME","worst":2.98,"median":2.98,"painted":60,"so":"1","ground":[49,49,49]}
ROW {"engine":"chromium","theme":"light","op":"1","hex":"#3a7bc4","on":"paper","worst":4.289,"median":4.289,"painted":60,"so":"1","ground":[253,253,252]}
ROW {"engine":"chromium","theme":"light","op":"1","hex":"#4589d2","on":"FRAME","worst":3.569,"median":3.569,"painted":60,"so":"1","ground":[49,49,49]}
ROW {"engine":"chromium","theme":"light","op":"1","hex":"#4589d2","on":"paper","worst":3.581,"median":3.581,"painted":60,"so":"1","ground":[253,253,252]}
[2/2] [webkit] › .crit-mrkabs/p4-crit-opq.spec.ts:6:1 › critic · dark ceiling at opacity 1.0 vs 0.95
[webkit] › .crit-mrkabs/p4-crit-opq.spec.ts:6:1 › critic · dark ceiling at opacity 1.0 vs 0.95
ROW {"engine":"webkit","theme":"dark","op":"0.95","hex":"#3a7bc4","on":"FRAME","worst":2.404,"median":2.404,"painted":60,"so":"0.95","ground":[199,197,190]}
ROW {"engine":"webkit","theme":"dark","op":"0.95","hex":"#3a7bc4","on":"paper","worst":3.997,"median":3.997,"painted":60,"so":"0.95","ground":[19,18,17]}
ROW {"engine":"webkit","theme":"dark","op":"0.95","hex":"#2f68aa","on":"FRAME","worst":3.082,"median":3.082,"painted":60,"so":"0.95","ground":[199,197,190]}
ROW {"engine":"webkit","theme":"dark","op":"0.95","hex":"#2f68aa","on":"paper","worst":3.096,"median":3.096,"painted":60,"so":"0.95","ground":[19,18,17]}
ROW {"engine":"webkit","theme":"dark","op":"0.95","hex":"#2e64a4","on":"FRAME","worst":3.261,"median":3.261,"painted":60,"so":"0.95","ground":[199,197,190]}
ROW {"engine":"webkit","theme":"dark","op":"0.95","hex":"#2e64a4","on":"paper","worst":2.915,"median":2.915,"painted":60,"so":"0.95","ground":[19,18,17]}
ROW {"engine":"webkit","theme":"dark","op":"0.95","hex":"#2c619f","on":"FRAME","worst":3.414,"median":3.414,"painted":60,"so":"0.95","ground":[199,197,190]}
ROW {"engine":"webkit","theme":"dark","op":"0.95","hex":"#2c619f","on":"paper","worst":2.782,"median":2.782,"painted":60,"so":"0.95","ground":[19,18,17]}
ROW {"engine":"webkit","theme":"dark","op":"0.95","hex":"#306cb0","on":"FRAME","worst":2.919,"median":2.919,"painted":60,"so":"0.95","ground":[199,197,190]}
ROW {"engine":"webkit","theme":"dark","op":"0.95","hex":"#306cb0","on":"paper","worst":3.274,"median":3.274,"painted":60,"so":"0.95","ground":[19,18,17]}
ROW {"engine":"webkit","theme":"dark","op":"1","hex":"#3a7bc4","on":"FRAME","worst":2.528,"median":2.528,"painted":60,"so":"1","ground":[199,197,190]}
ROW {"engine":"webkit","theme":"dark","op":"1","hex":"#3a7bc4","on":"paper","worst":4.286,"median":4.286,"painted":60,"so":"1","ground":[19,18,17]}
ROW {"engine":"webkit","theme":"dark","op":"1","hex":"#2f68aa","on":"FRAME","worst":3.303,"median":3.303,"painted":60,"so":"1","ground":[199,197,190]}
ROW {"engine":"webkit","theme":"dark","op":"1","hex":"#2f68aa","on":"paper","worst":3.28,"median":3.28,"painted":60,"so":"1","ground":[19,18,17]}
ROW {"engine":"webkit","theme":"dark","op":"1","hex":"#2e64a4","on":"FRAME","worst":3.499,"median":3.499,"painted":60,"so":"1","ground":[199,197,190]}
ROW {"engine":"webkit","theme":"dark","op":"1","hex":"#2e64a4","on":"paper","worst":3.096,"median":3.096,"painted":60,"so":"1","ground":[19,18,17]}
ROW {"engine":"webkit","theme":"dark","op":"1","hex":"#2c619f","on":"FRAME","worst":3.665,"median":3.665,"painted":60,"so":"1","ground":[199,197,190]}
ROW {"engine":"webkit","theme":"dark","op":"1","hex":"#2c619f","on":"paper","worst":2.956,"median":2.956,"painted":60,"so":"1","ground":[19,18,17]}
ROW {"engine":"webkit","theme":"dark","op":"1","hex":"#306cb0","on":"FRAME","worst":3.119,"median":3.119,"painted":60,"so":"1","ground":[199,197,190]}
ROW {"engine":"webkit","theme":"dark","op":"1","hex":"#306cb0","on":"paper","worst":3.473,"median":3.473,"painted":60,"so":"1","ground":[19,18,17]}
ROW {"engine":"webkit","theme":"light","op":"0.95","hex":"#3a7bc4","on":"FRAME","worst":2.85,"median":2.85,"painted":60,"so":"0.95","ground":[49,49,49]}
ROW {"engine":"webkit","theme":"light","op":"0.95","hex":"#3a7bc4","on":"paper","worst":3.965,"median":3.965,"painted":60,"so":"0.95","ground":[253,253,252]}
ROW {"engine":"webkit","theme":"light","op":"0.95","hex":"#4589d2","on":"FRAME","worst":3.389,"median":3.389,"painted":60,"so":"0.95","ground":[49,49,49]}
ROW {"engine":"webkit","theme":"light","op":"0.95","hex":"#4589d2","on":"paper","worst":3.353,"median":3.353,"painted":60,"so":"0.95","ground":[253,253,252]}
ROW {"engine":"webkit","theme":"light","op":"1","hex":"#3a7bc4","on":"FRAME","worst":2.98,"median":2.98,"painted":60,"so":"1","ground":[49,49,49]}
ROW {"engine":"webkit","theme":"light","op":"1","hex":"#3a7bc4","on":"paper","worst":4.289,"median":4.289,"painted":60,"so":"1","ground":[253,253,252]}
ROW {"engine":"webkit","theme":"light","op":"1","hex":"#4589d2","on":"FRAME","worst":3.569,"median":3.569,"painted":60,"so":"1","ground":[49,49,49]}
ROW {"engine":"webkit","theme":"light","op":"1","hex":"#4589d2","on":"paper","worst":3.581,"median":3.581,"painted":60,"so":"1","ground":[253,253,252]}
  2 passed (1.1m)
