Running 2 tests using 1 worker
[1/2] [chromium] › .crit-mrkabs/p4-pi.spec.ts:16:1 › π at rest · home · both themes
[chromium] › .crit-mrkabs/p4-pi.spec.ts:16:1 › π at rest · home · both themes
[π chromium light] nodes 1097/1097 tags same paint-delta keys 0 maxRect 0
[π chromium dark] nodes 1097/1097 tags same paint-delta keys 8 maxRect 37.319999999999936
   img.rest-pose.is-pose-active opacity ×2
   img.rest-pose opacity ×2
   image.boil-frame-bitmap.is-active opacity ×1
   image.boil-frame-bitmap opacity ×1
   g.boil-frame-layer.is-active opacity ×1
   g.boil-frame-layer.baked-hidden opacity ×1
   g.boil-pose.is-active opacity ×3
   g.boil-pose opacity ×3
   RECT g.warp max 4.75 ×2
   RECT g.sun-rays max 0.95 ×1
   RECT polygon. max 37.32 ×5
   RECT g.twinkle-star max 37.32 ×1
   RECT g.twinkle-star.twinkle-star-2 max 8.44 ×1
   RECT g.twinkle-star.twinkle-star-3 max 22.82 ×1
[2/2] [webkit] › .crit-mrkabs/p4-pi.spec.ts:16:1 › π at rest · home · both themes
[webkit] › .crit-mrkabs/p4-pi.spec.ts:16:1 › π at rest · home · both themes
[π webkit light] nodes 1097/1097 tags same paint-delta keys 0 maxRect 0
[π webkit dark] nodes 1097/1097 tags same paint-delta keys 6 maxRect 0
   image.boil-frame-bitmap opacity ×1
   image.boil-frame-bitmap.is-active opacity ×1
   g.boil-frame-layer.baked-hidden opacity ×1
   g.boil-frame-layer.is-active opacity ×1
   g.boil-pose opacity ×2
   g.boil-pose.is-active opacity ×2
  2 passed (21.7s)
EXIT 0
