Running 2 tests using 1 worker
[1/2] [chromium] › .crit-mrkabs/p4-pi.spec.ts:16:1 › π at rest · home · both themes
[chromium] › .crit-mrkabs/p4-pi.spec.ts:16:1 › π at rest · home · both themes
[π chromium light] nodes 1097/1097 tags same paint-delta keys 10 maxRect 0
   img.rest-pose opacity ×1
   img.rest-pose.is-pose-active opacity ×1
   image.logo-pose-bmp opacity ×1
   image.logo-pose-bmp.is-active opacity ×1
   image.boil-frame-bitmap opacity ×1
   image.boil-frame-bitmap.is-active opacity ×1
   g.boil-frame-layer.baked-hidden opacity ×1
   g.boil-frame-layer.is-active opacity ×1
   g.boil-pose opacity ×3
   g.boil-pose.is-active opacity ×3
[π chromium dark] nodes 1097/1097 tags same paint-delta keys 0 maxRect 0
[2/2] [webkit] › .crit-mrkabs/p4-pi.spec.ts:16:1 › π at rest · home · both themes
[webkit] › .crit-mrkabs/p4-pi.spec.ts:16:1 › π at rest · home · both themes
[π webkit light] nodes 1097/1097 tags same paint-delta keys 6 maxRect 0
   image.boil-frame-bitmap.is-active opacity ×1
   image.boil-frame-bitmap opacity ×1
   g.boil-frame-layer.is-active opacity ×1
   g.boil-frame-layer.baked-hidden opacity ×1
   g.boil-pose.is-active opacity ×2
   g.boil-pose opacity ×2
[π webkit dark] nodes 1097/1097 tags same paint-delta keys 10 maxRect 0
   img.rest-pose opacity ×1
   img.rest-pose.is-pose-active opacity ×1
   image.logo-pose-bmp opacity ×1
   image.logo-pose-bmp.is-active opacity ×1
   image.boil-frame-bitmap.is-active opacity ×1
   image.boil-frame-bitmap opacity ×1
   g.boil-frame-layer.is-active opacity ×1
   g.boil-frame-layer.baked-hidden opacity ×1
   g.boil-pose.is-active opacity ×2
   g.boil-pose opacity ×2
  2 passed (23.4s)
EXIT 0
