Running 2 tests using 1 worker
[1/2] [chromium] › .crit-mrkabs/p4-pi.spec.ts:16:1 › π at rest · home · both themes
[chromium] › .crit-mrkabs/p4-pi.spec.ts:16:1 › π at rest · home · both themes
[π chromium light] nodes 1097/1097 tags same paint-delta keys 10 maxRect 6.93
   img.rest-pose.is-pose-active opacity ×1
   img.rest-pose opacity ×1
   image.logo-pose-bmp.is-active opacity ×1
   image.logo-pose-bmp opacity ×1
   image.boil-frame-bitmap.is-active opacity ×1
   image.boil-frame-bitmap opacity ×1
   g.boil-frame-layer.is-active opacity ×1
   g.boil-frame-layer.baked-hidden opacity ×1
   g.boil-pose.is-active opacity ×3
   g.boil-pose opacity ×3
   RECT path.cell-ghost-path max 6.93 ×81
[π chromium dark] nodes 1097/1097 tags same paint-delta keys 10 maxRect 31.319999999999936
   img.rest-pose.is-pose-active opacity ×2
   img.rest-pose opacity ×2
   image.logo-pose-bmp.is-active opacity ×1
   image.logo-pose-bmp opacity ×1
   image.boil-frame-bitmap opacity ×1
   image.boil-frame-bitmap.is-active opacity ×1
   g.boil-frame-layer.baked-hidden opacity ×1
   g.boil-frame-layer.is-active opacity ×1
   g.boil-pose opacity ×3
   g.boil-pose.is-active opacity ×3
   RECT g.warp max 15.88 ×2
   RECT g.sun-rays max 1.05 ×1
   RECT polygon. max 31.32 ×5
   RECT g.twinkle-star max 31.32 ×1
   RECT g.twinkle-star.twinkle-star-2 max 7.85 ×1
   RECT g.twinkle-star.twinkle-star-3 max 5.37 ×1
   RECT path.cell-ghost-path max 6.93 ×81
[2/2] [webkit] › .crit-mrkabs/p4-pi.spec.ts:16:1 › π at rest · home · both themes
[webkit] › .crit-mrkabs/p4-pi.spec.ts:16:1 › π at rest · home · both themes
[π webkit light] nodes 1097/1097 tags same paint-delta keys 0 maxRect 6.920000000000002
   RECT path.cell-ghost-path max 6.92 ×81
[π webkit dark] nodes 1097/1097 tags same paint-delta keys 0 maxRect 31.319999999999936
   RECT g.warp max 15.88 ×1
   RECT g.twinkle-star max 31.32 ×1
   RECT polygon. max 31.32 ×3
   RECT g.twinkle-star.twinkle-star-2 max 7.85 ×1
   RECT g.twinkle-star.twinkle-star-3 max 5.37 ×1
   RECT path.cell-ghost-path max 6.92 ×81
  2 passed (24.7s)
EXIT 0
