5:12:54 AM [vite] (client) Re-optimizing dependencies because lockfile has changed

  VITE v8.1.4  ready in 276 ms

  ➜  Local:   http://localhost:5288/
  ➜  Network: http://192.168.1.166:5288/
  ➜  Network: http://192.168.64.1:5288/
5:15:43 AM [vite] (client) hmr update /src/games/shared/GameControlPanel.vue?vue&type=style&index=0&scoped=fa75191a&lang.css, /src/assets/index.css
5:15:51 AM [vite] (client) hmr update /src/games/shared/GameControlPanel.vue?vue&type=style&index=0&scoped=fa75191a&lang.css, /src/assets/index.css
5:16:42 AM [vite] (client) hmr update /src/assets/index.css
5:16:42 AM [vite] (client) hmr update /src/games/sudoku/SudokuGame.vue, /src/assets/index.css
5:16:52 AM [vite] (client) hmr update /src/assets/index.css
5:16:52 AM [vite] (client) hmr update /src/games/sudoku/SudokuGame.vue, /src/assets/index.css
5:16:59 AM [vite] (client) hmr update /src/games/sudoku/SudokuGame.vue, /src/assets/index.css
5:17:05 AM [vite] (client) hmr update /src/assets/index.css
5:17:08 AM [vite] (client) hmr update /src/assets/index.css, /src/games/sudoku/ControlPanel/ControlPanel.vue
5:17:55 AM [vite] (client) [Unhandled error] ReferenceError: Cannot access 'sudokuGame' before initialization
 > src/games/registry.ts:126:10
    124 |   */
    125 |  export const gameRegistry = {
    126 |    sudoku: sudokuGame,
        |            ^
    127 |    futoshiki: futoshikiGame,
    128 |  } as const;

5:18:21 AM [vite] (client) [Unhandled error] ReferenceError: Cannot access 'sudokuGame' before initialization
 > src/games/registry.ts:126:10
    124 |   */
    125 |  export const gameRegistry = {
    126 |    sudoku: sudokuGame,
        |            ^
    127 |    futoshiki: futoshikiGame,
    128 |  } as const;

5:19:00 AM [vite] (client) hmr update /src/assets/index.css
5:19:00 AM [vite] (client) hmr update /src/games/sudoku/SudokuGame.vue, /src/assets/index.css
5:20:55 AM [vite] (client) hmr update /src/assets/index.css
5:21:11 AM [vite] (client) hmr update /src/pencil/chrome/KeyboardLegend.vue?vue&type=style&index=0&scoped=e246a9e8&lang.css, /src/assets/index.css
5:21:11 AM [vite] (client) hmr update /src/pencil/chrome/MarginNote.vue?vue&type=style&index=0&scoped=c6e01808&lang.css, /src/assets/index.css
5:21:11 AM [vite] (client) hmr update /src/pencil/chrome/CompletionVignette.vue?vue&type=style&index=0&scoped=ba20c844&lang.css, /src/assets/index.css
5:21:11 AM [vite] (client) hmr update /src/games/shared/GameControlPanel.vue?vue&type=style&index=0&scoped=fa75191a&lang.css, /src/assets/index.css
5:21:11 AM [vite] (client) hmr update /src/games/shared/DifficultyTally.vue?vue&type=style&index=0&scoped=d35b30f0&lang.css, /src/assets/index.css
5:21:19 AM [vite] (client) hmr update /src/games/shared/GameControlPanel.vue?vue&type=style&index=0&scoped=fa75191a&lang.css, /src/assets/index.css
5:22:05 AM [vite] (client) hmr update /src/assets/index.css
5:22:05 AM [vite] (client) hmr update /src/assets/index.css
5:22:05 AM [vite] (client) hmr update /src/pencil/chrome/KeyboardLegend.vue?vue&type=style&index=0&scoped=e246a9e8&lang.css, /src/assets/index.css
5:22:06 AM [vite] (client) hmr update /src/pencil/chrome/KeyboardLegend.vue?vue&type=style&index=0&scoped=e246a9e8&lang.css, /src/assets/index.css
5:22:37 AM [vite] (client) hmr update /src/pencil/chrome/KeyboardLegend.vue?vue&type=style&index=0&scoped=e246a9e8&lang.css, /src/assets/index.css
5:22:38 AM [vite] (client) hmr update /src/pencil/chrome/KeyboardLegend.vue?vue&type=style&index=0&scoped=e246a9e8&lang.css, /src/assets/index.css
5:33:49 AM [vite] (client) hmr update /src/assets/index.css
5:33:49 AM [vite] (client) page reload src/games/sudoku/ControlPanel/ControlPanel.vue
5:33:49 AM [vite] (client) page reload src/games/sudoku/ControlPanel/ControlPanel.test.ts
5:33:49 AM [vite] (client) page reload src/games/futoshiki/ControlPanel/ControlPanel.vue
5:33:49 AM [vite] (client) page reload src/games/futoshiki/ControlPanel/ControlPanel.test.ts
5:33:49 AM [vite] (client) hmr update /src/pencil/chrome/MarginNote.vue?vue&type=style&index=0&scoped=c6e01808&lang.css, /src/assets/index.css
5:33:49 AM [vite] (client) hmr update /src/pencil/chrome/KeyboardLegend.vue?vue&type=style&index=0&scoped=e246a9e8&lang.css, /src/assets/index.css
5:33:49 AM [vite] (client) hmr update /src/pencil/chrome/CompletionVignette.vue?vue&type=style&index=0&scoped=ba20c844&lang.css, /src/assets/index.css
5:33:49 AM [vite] (client) hmr update /src/games/shared/GameControlPanel.vue?vue&type=style&index=0&scoped=fa75191a&lang.css, /src/assets/index.css
5:33:49 AM [vite] (client) hmr update /src/games/sudoku/SudokuGame.vue, /src/assets/index.css
5:33:49 AM [vite] (client) hmr update /src/games/futoshiki/FutoshikiGame.vue, /src/assets/index.css
5:33:49 AM [vite] (client) hmr update /src/games/shared/DifficultyTally.vue?vue&type=style&index=0&scoped=d35b30f0&lang.css, /src/assets/index.css
5:33:59 AM [vite] (client) hmr update /src/assets/index.css, /src/games/sudoku/ControlPanel/ControlPanel.vue
5:33:59 AM [vite] (client) hmr update /src/assets/index.css
5:33:59 AM [vite] (client) hmr update /src/games/futoshiki/FutoshikiGame.vue, /src/assets/index.css
5:33:59 AM [vite] (client) hmr update /src/games/shared/DifficultyTally.vue?vue&type=style&index=0&scoped=d35b30f0&lang.css, /src/assets/index.css
5:33:59 AM [vite] (client) hmr update /src/games/shared/GameControlPanel.vue?vue&type=style&index=0&scoped=fa75191a&lang.css, /src/assets/index.css
5:33:59 AM [vite] (client) hmr update /src/games/sudoku/SudokuGame.vue, /src/assets/index.css
5:33:59 AM [vite] (client) hmr update /src/assets/index.css
5:33:59 AM [vite] (client) hmr update /src/pencil/chrome/CompletionVignette.vue?vue&type=style&index=0&scoped=ba20c844&lang.css, /src/assets/index.css
5:33:59 AM [vite] (client) hmr update /src/pencil/chrome/KeyboardLegend.vue?vue&type=style&index=0&scoped=e246a9e8&lang.css, /src/assets/index.css
5:33:59 AM [vite] (client) hmr update /src/pencil/chrome/MarginNote.vue?vue&type=style&index=0&scoped=c6e01808&lang.css, /src/assets/index.css
5:34:52 AM [vite] (client) page reload /Users/mkbabb/Programming/csc411/CSC411_HW2_ProgrammingQuestion/csp-solver/wasm/pkg/csp_solver_wasm.js
5:34:52 AM [vite] (client) page reload /Users/mkbabb/Programming/csc411/CSC411_HW2_ProgrammingQuestion/csp-solver/wasm/pkg/csp_solver_wasm_bg.wasm
5:38:22 AM [vite] (client) hmr update /src/assets/index.css
5:38:22 AM [vite] (client) hmr update /src/pencil/chrome/MarginNote.vue?vue&type=style&index=0&scoped=c6e01808&lang.css, /src/assets/index.css
5:38:22 AM [vite] (client) hmr update /src/pencil/chrome/MarginNote.vue?vue&type=style&index=0&scoped=c6e01808&lang.css, /src/assets/index.css
5:38:54 AM [vite] (client) page reload /Users/mkbabb/Programming/csc411/CSC411_HW2_ProgrammingQuestion/csp-solver/wasm/pkg/csp_solver_wasm_bg.wasm
5:38:54 AM [vite] (client) page reload /Users/mkbabb/Programming/csc411/CSC411_HW2_ProgrammingQuestion/csp-solver/wasm/pkg/csp_solver_wasm.js
5:38:54 AM [vite] (client) page reload /Users/mkbabb/Programming/csc411/CSC411_HW2_ProgrammingQuestion/csp-solver/wasm/pkg/csp_solver_wasm_bg.wasm
5:43:46 AM [vite] (client) page reload /Users/mkbabb/Programming/csc411/CSC411_HW2_ProgrammingQuestion/csp-solver/wasm/pkg/csp_solver_wasm_bg.wasm
5:43:46 AM [vite] (client) page reload /Users/mkbabb/Programming/csc411/CSC411_HW2_ProgrammingQuestion/csp-solver/wasm/pkg/csp_solver_wasm.js
5:43:47 AM [vite] (client) page reload /Users/mkbabb/Programming/csc411/CSC411_HW2_ProgrammingQuestion/csp-solver/wasm/pkg/csp_solver_wasm_bg.wasm
