TOGGLES
  {"i":0,"dir":"to-dark","frames":134,"spanMs":1558.2,"fps":85.4,"medianMs":8.3,"maxMs":133,"over33":6,"over100":2,"long":[116.7,133,41.5,35.2,40.1,34.6]}
  {"i":1,"dir":"to-light","frames":148,"spanMs":1524.8,"fps":96.4,"medianMs":8.4,"maxMs":43.3,"over33":4,"over100":0,"long":[43.3,35.2,34.6,33.7]}
  {"i":2,"dir":"to-dark","frames":142,"spanMs":1525,"fps":92.5,"medianMs":8.4,"maxMs":66,"over33":8,"over100":0,"long":[66,33.5,48.4,34.9,41.9,33.8,41.6,34.3]}
  {"i":3,"dir":"to-light","frames":145,"spanMs":1525,"fps":94.4,"medianMs":8.4,"maxMs":65.2,"over33":4,"over100":0,"long":[65.2,34.5,33.5,33.9]}
  {"i":4,"dir":"to-dark","frames":146,"spanMs":1501.4,"fps":96.6,"medianMs":8.4,"maxMs":49.9,"over33":4,"over100":0,"long":[49.9,33.6,33.6,33.4]}
  {"i":5,"dir":"to-light","frames":156,"spanMs":1533.3,"fps":101.1,"medianMs":8.3,"maxMs":43.1,"over33":3,"over100":0,"long":[43.1,41.8,33.5]}
EXIT DOM {"preEnter":{"peekHosts":1},"inDeck":{"peekHosts":1,"centerCards":1,"centerRect":{"w":285,"h":357.8}},"afterExit":{"peekHosts":1}}
ENTER ROSTER
  t+4.9 CSSTransition opacity 200ms cubic-bezier(0.32, 0, 0.67, 0) d0 [opacity] scene-controls lg:flex lg:flex-col lg:items-start
  t+269.5 Animation null 520ms cubic-bezier(0.32, 0.72, 0, 1) d0 [transform] board-peek-host in-live-face
  t+269.5 Animation null 520ms cubic-bezier(0.32, 0.72, 0, 1) d0 [transform] logo-menu
EXIT(cancel) ROSTER
  t+3.7 CSSTransition opacity 150ms cubic-bezier(0.32, 0.72, 0, 1) d0 [opacity] washi-label washi-tag
  t+4.2 CSSTransition opacity 150ms cubic-bezier(0.32, 0.72, 0, 1) d0 [opacity] action-bar
  t+4.2 CSSTransition opacity 200ms cubic-bezier(0.32, 0, 0.67, 0) d0 [opacity] game-gallery is-coarse gallery-fade-leave-active gallery-fad
  t+4.2 CSSAnimation controls-fade-in-95909331 250ms linear d150 [opacity] scene-controls lg:flex lg:flex-col lg:items-start
  t+4.2 Animation null 520ms cubic-bezier(0.32, 0.72, 0, 1) d0 [transform] board-peek-host
  t+4.2 Animation null 520ms cubic-bezier(0.32, 0.72, 0, 1) d0 [transform] logo-menu
exit=0
