=== ARMS, OPEN ===
base : AUDIT: build-identity — dist entry index-DOFGihfY7ZtC.js · index.html md5 7241f47bba33881658ad9e63061fa9e3 · 43 files / 807.4 KB · newest mtime 2026-09-18T02:10:44.092Z
cured: AUDIT: build-identity — dist entry index-JTBBcqICsyPr.js · index.html md5 af0d5ba680da72c8dacff24bfe7bdbd2 · 43 files / 811.3 KB · newest mtime 2026-09-18T20:10:56.682Z
served base : index-DOFGihfY7ZtC.js
served cured: index-JTBBcqICsyPr.js
loadavg open: { 8.10 7.45 9.27 }
=== SET 1 · THE REPAIRED FINDING — A4 drawer-trace, chromium 6x · mobile 390x844 dpr1 · 6 windows x 3 cycles
  pair 1 loadavg { 7.74 7.40 9.21 }
  pair 2 loadavg { 7.64 7.39 9.17 }
  pair 3 loadavg { 7.03 7.27 9.08 }
  pair 4 loadavg { 6.95 7.25 9.03 }
  pair 5 loadavg { 6.74 7.18 8.96 }
  pair 6 loadavg { 6.97 7.21 8.93 }
  -> stats-drawer.txt
=== SET 2 · THE MARK — A5 toggle-probe, chromium 4x · Fast-3G · cold · desk 1280x800 dpr2 · 5+5
  base  w1: win 1: boardReady 1394.2ms · toggles 1:1203ms/8bakes 2:90.8ms/0bakes 3:105ms/0bakes 4:91.9ms/0bakes
  cured w1: win 1: boardReady 1376.5ms · toggles 1:130.8ms/0bakes 2:107.9ms/0bakes 3:103.3ms/0bakes 4:115.6ms/0bakes
  pair 1 loadavg { 8.16 7.41 8.94 }
  base  w2: win 1: boardReady 1391.5ms · toggles 1:1231.5ms/8bakes 2:219ms/0bakes 3:98.7ms/0bakes 4:97ms/0bakes
  cured w2: win 1: boardReady 1392.6ms · toggles 1:127.7ms/0bakes 2:101.5ms/0bakes 3:109.7ms/0bakes 4:97.2ms/0bakes
  pair 2 loadavg { 7.14 7.22 8.83 }
  base  w3: win 1: boardReady 1368.8ms · toggles 1:1279.9ms/8bakes 2:274.8ms/0bakes 3:97.6ms/0bakes 4:302.2ms/0bakes
  cured w3: win 1: boardReady 1393.1ms · toggles 1:126.2ms/0bakes 2:99.2ms/0bakes 3:106.7ms/0bakes 4:229.9ms/0bakes
  pair 3 loadavg { 6.93 7.15 8.75 }
  base  w4: win 1: boardReady 1391.4ms · toggles 1:1284.6ms/8bakes 2:270.5ms/0bakes 3:107.9ms/0bakes 4:99.4ms/0bakes
  cured w4: win 1: boardReady 1407.3ms · toggles 1:335.2ms/0bakes 2:106.2ms/0bakes 3:96.8ms/0bakes 4:101.5ms/0bakes
  pair 4 loadavg { 6.60 7.05 8.66 }
  base  w5: win 1: boardReady 1418.5ms · toggles 1:1258.9ms/8bakes 2:370.6ms/0bakes 3:99.6ms/0bakes 4:106.8ms/0bakes
  cured w5: win 1: boardReady 1393.5ms · toggles 1:123.4ms/0bakes 2:96.6ms/0bakes 3:98.7ms/0bakes 4:277.9ms/0bakes
  pair 5 loadavg { 7.24 7.14 8.64 }
  -> stats-desk.txt
=== SET 3 · PI — per-pose bitmap digests, chromium 4x · Fast-3G · cold · desk dpr2 · 3+3
  pair 1 loadavg { 8.92 7.52 8.72 }
  pair 2 loadavg { 15.13 9.18 9.27 }
  pair 3 loadavg { 11.30 8.85 9.15 }
  cured w1: 4 encodes · r1@416px t0 1593.6→2909.3 [e33f39a8 410e0d7f f9c59d63 0cb30b53]
  cured w1: 4 encodes · r1@416px t0 1494.7→2635.4 [e33f39a8 410e0d7f f9c59d63 0cb30b53]
  VERDICT: base last-round stable true · cured stable true · cured == base LAST round true

π: HOLDS — every surface's shown stack is byte-identical, pose for pose, to the round the estate keeps today
PI-COMPARE EXIT=0
=== ARMS, CLOSE ===
base : AUDIT: build-identity — dist entry index-DOFGihfY7ZtC.js · index.html md5 7241f47bba33881658ad9e63061fa9e3 · 43 files / 807.4 KB · newest mtime 2026-09-18T02:10:44.092Z
cured: AUDIT: build-identity — dist entry index-JTBBcqICsyPr.js · index.html md5 af0d5ba680da72c8dacff24bfe7bdbd2 · 43 files / 811.3 KB · newest mtime 2026-09-18T20:10:56.682Z
loadavg close: { 11.30 8.85 9.15 }
VERIFY BATTERY COMPLETE
