== check-font-coverage ==
  departures (declared, no longer rendered — the cut stays a superset on purpose):
    Fraunces · .section-heading: "Board Size"
    Patrick Hand · the tapes no consumer prints (the notes, and the DECK's own name): "teacher's"
exit=0
== check-support-floor ==
GREEN  1 FLOOR DECLARED
GREEN  2 FLOOR SUFFICIENT
GREEN  3 TARGET COHERENT
GREEN  4 SHIMS DEAD
GREEN  5 README CITES
GREEN  6 UNITS REACHABLE

PASS — 0 violation(s)
exit=0
== lint:copy ==
  jargon · a PLURAL TitleCase copy table  →  1 offence(s), RED as required
  jargon · twin — the same plural table in the player's words  →  0 offence(s), GREEN as required
  admissions · a ghost admission is detected stale  →  1/1, RED as required

check-copy-register: 0 em/en dashes and 0 unadmitted jargon in product copy (0 admitted, each with its cure's seam)
exit=0
== lint:ink ==
  light  rule < muted-foreground < quiet
  dark   rule < quiet < muted-foreground
  the ramp and the register cross between themes, and the crossing is GATED: exactly one ruling is admitted (src/assets/index.css §INK PRESSURE, 'WHAT THE LADDER DOES NOT GOVERN'), pinned to both rank strings above, and it reds on a second crossing, on a re-pitch that moves either rank, and on its own cure.
exit=0
== lint:motion ==
      → RED (as it must)

OK — 35 specs, every one declaring its motion state, every `frozen` backed by the route that lands.
exit=0
== lint:theme-tokens ==
negative control (re-add --color-input): RED as required

check-theme-tokens: 0 unreferenced @theme tokens
exit=0
GATESDONE
