vite v8.1.4 building client environment for production...

 WARN  advancedChunks option is deprecated, please use codeSplitting instead.

[2Ktransforming...✓ 237 modules transformed.
rendering chunks...
computing gzip size...
dist/index.html                                      3.16 kB │ gzip:  1.33 kB
dist/assets/firacode-subset-CbuNTc2aGjcY.woff2       3.62 kB
dist/assets/patrickhand-subset-BqV1besB36ib.woff2    4.31 kB
dist/assets/avatar-biqsjs3dzERf.png                  6.09 kB
dist/assets/fraunces-subset-qp6ShjBRhfYB.woff2      14.63 kB
dist/assets/solver.worker-DyhLjsTj.js               22.68 kB
dist/assets/csp_solver_wasm_bg-BJYevEYE.wasm       123.33 kB │ gzip: 50.33 kB
dist/assets/FutoshikiPoster-DZUvzwTKUpND.css         0.28 kB │ gzip:  0.16 kB
dist/assets/PosterBoard-C25fZcEKH9UF.css             0.39 kB │ gzip:  0.21 kB
dist/assets/spec-CAxGeu14Qq5g.css                    0.44 kB │ gzip:  0.25 kB
dist/assets/CageOverlay-CxJWuhZARm9B.css             0.54 kB │ gzip:  0.30 kB
dist/assets/ThermoTube-D-JcHJtczqX1.css              0.60 kB │ gzip:  0.29 kB
dist/assets/AnswerKeyLaminate-DQ8Zd4NTTWD3.css       0.89 kB │ gzip:  0.40 kB
dist/assets/index-BvimycOwDfk0.css                  94.39 kB │ gzip: 19.06 kB
dist/assets/wire-BuDRICPW8zpg.js                     0.17 kB │ gzip:  0.15 kB
dist/assets/SudokuPoster-C0T1VQpMmSxP.js             0.86 kB │ gzip:  0.50 kB
dist/assets/clue-CNo7259tIuQm.js                     0.90 kB │ gzip:  0.50 kB
dist/assets/clue-B77KEGrfT5xu.js                     0.97 kB │ gzip:  0.55 kB
dist/assets/ThermoTube-DPwxUhIbrapv.js               1.17 kB │ gzip:  0.72 kB
dist/assets/ThermoPoster-DWK0BkOKX8Kw.js             1.17 kB │ gzip:  0.66 kB
dist/assets/clue-D3bqB3E33Ls2.js                     1.21 kB │ gzip:  0.64 kB
dist/assets/KillerPoster-CAJritSugS_a.js             1.39 kB │ gzip:  0.75 kB
dist/assets/CageOverlay-DpHbQAP_EOXS.js              1.73 kB │ gzip:  0.98 kB
dist/assets/KenKenPoster-GejPB-wHWbA3.js             1.76 kB │ gzip:  0.84 kB
dist/assets/relayWire-5r_0oKENP1Dl.js                1.87 kB │ gzip:  1.06 kB
dist/assets/FutoshikiPoster-Dw_Qlb0cVo2X.js          1.93 kB │ gzip:  1.06 kB
dist/assets/spec-ssEYop7VdJVx.js                     2.07 kB │ gzip:  1.02 kB
dist/assets/spec-T2ABGND0YjwU.js                     2.16 kB │ gzip:  1.04 kB
dist/assets/AnswerKeyLaminate-Cruc9LnzykFW.js        2.30 kB │ gzip:  1.31 kB
dist/assets/PosterBoard-BSJnOYDyZltl.js              2.58 kB │ gzip:  1.17 kB
dist/assets/spec-DQ4y03x3SCzr.js                     3.03 kB │ gzip:  1.45 kB
dist/assets/spec-BBHz_SK-BBDq.js                     3.25 kB │ gzip:  1.51 kB
dist/assets/animation-vendor-CrUpJv3U-YcU.js        11.64 kB │ gzip:  4.74 kB
dist/assets/templates-LkXzF59FZu96.js               18.16 kB │ gzip:  4.97 kB
dist/assets/playerIdentity-pdm7sLlb_qIR.js          19.31 kB │ gzip:  8.12 kB
dist/assets/templates-CsCa30cxJEsI.js               24.59 kB │ gzip:  7.06 kB
dist/assets/vue-vendor-DO-CUsNNxq8N.js              85.19 kB │ gzip: 34.03 kB
dist/assets/index-Pl-7qG7fX5b2.js                  216.79 kB │ gzip: 74.95 kB

✓ built in 417ms
BUILD2 EXIT=0
