  done chromium/light/default
  done chromium/light/more
  done chromium/light/more-ablated
  done chromium/dark/default
  done chromium/dark/more
  done chromium/dark/more-ablated
  done webkit/light/default
  done webkit/light/more
  done webkit/light/more-ablated
  done webkit/dark/default
  done webkit/dark/more
  done webkit/dark/more-ablated
chromium/light/default more=false pre=25 post=25 | BEFORE rgb(168, 126, 19) @8px solved=false cols 24 line 3.505 paper 3.646 | AFTER rgb(201, 154, 46) @8px solved=true cols 24 line 5.046 paper 2.533
chromium/light/more more=true pre=25 post=25 | BEFORE rgb(140, 105, 29) @12px solved=false cols 24 line 2.573 paper 4.967 | AFTER rgb(140, 105, 29) @12px solved=true cols 24 line 2.573 paper 4.967
chromium/light/more-ablated more=true pre=25 post=25 | BEFORE rgb(140, 105, 29) @12px solved=false cols 24 line 2.573 paper 4.967 | AFTER rgb(201, 154, 46) @12px solved=true cols 24 line 5.046 paper 2.533
chromium/dark/default more=false pre=25 post=25 | BEFORE rgb(121, 101, 15) @8px solved=false cols 24 line 3.303 paper 3.28 | AFTER rgb(229, 199, 77) @8px solved=true cols 24 line 1.037 paper 11.234
chromium/dark/more more=true pre=25 post=25 | BEFORE rgb(229, 199, 77) @12px solved=false cols 24 line 1.037 paper 11.234 | AFTER rgb(229, 199, 77) @12px solved=true cols 24 line 1.037 paper 11.234
chromium/dark/more-ablated more=true pre=25 post=25 | BEFORE rgb(229, 199, 77) @12px solved=false cols 24 line 1.037 paper 11.234 | AFTER rgb(229, 199, 77) @12px solved=true cols 24 line 1.037 paper 11.234
webkit/light/default more=false pre=25 post=25 | BEFORE rgb(168, 126, 19) @8px solved=false cols 24 line 3.505 paper 3.646 | AFTER rgb(201, 154, 46) @8px solved=true cols 24 line 5.046 paper 2.533
webkit/light/more more=true pre=25 post=25 | BEFORE rgb(140, 105, 29) @12px solved=false cols 24 line 2.573 paper 4.967 | AFTER rgb(140, 105, 29) @12px solved=true cols 24 line 2.573 paper 4.967
webkit/light/more-ablated more=true pre=25 post=25 | BEFORE rgb(140, 105, 29) @12px solved=false cols 24 line 2.573 paper 4.967 | AFTER rgb(201, 154, 46) @12px solved=true cols 24 line 5.046 paper 2.533
webkit/dark/default more=false pre=25 post=25 | BEFORE rgb(121, 101, 15) @8px solved=false cols 24 line 3.303 paper 3.28 | AFTER rgb(229, 199, 77) @8px solved=true cols 24 line 1.037 paper 11.234
webkit/dark/more more=true pre=25 post=25 | BEFORE rgb(229, 199, 77) @12px solved=false cols 24 line 1.037 paper 11.234 | AFTER rgb(229, 199, 77) @12px solved=true cols 24 line 1.037 paper 11.234
webkit/dark/more-ablated more=true pre=25 post=25 | BEFORE rgb(229, 199, 77) @12px solved=false cols 24 line 1.037 paper 11.234 | AFTER rgb(229, 199, 77) @12px solved=true cols 24 line 1.037 paper 11.234
EXIT=0
