MOTION BANDS — 75 declarations carry a time (71 shipped); 84 DURATION positions, 50 on a rung, 33 literal (19 distinct); ladder 7 rungs (whisper 150, leave 200, note 250, dusk 350, step 440, throw 520, rise 520)
  top literals: 150ms×4, 320ms×3, 280ms×3, 250ms×3, 200ms×3, 180ms×2
  code roster: 22 clocks in .ts/<script> — 13 TRAVEL, 1 WINDOW, 8 POLICY, 0 unkinded
  ✓ B1 NAMED
  ✓ B2 CLOSED
  ✓ B3 ONE HOME, NO FALLBACK
  ✓ B4 NO-ALL
  ✓ B5 PRM
  ✓ B6 RATCHET
  ✓ B7 TAILWIND
  ✗ B8 CURVE (MOT-VERB's cure) — 5
  ✓ B9 DELAY FENCE
  ✓ B10 PINNED-CITE
  ✓ B11 KIND FENCE
  ✓ B12 ABSENCE (static half)
  ✓ G-DOCK-BAND
  ✓ G-GUARD
  ✓ G-REFUSE-ONE-HOME

SELF-TEST — each check against a known-bad model:
  [B1 NAMED] a cured site regresses to a literal
      → RED (as it must)
  [B1 NAMED] an admitted row's anchor leaves the tree (closed the other way)
      → RED (as it must)
  [B2 CLOSED] the ladder grows past a short closed set
      → RED (as it must)
  [B2 CLOSED] a bare `dockGlideMs: 600` joins MOTION
      → RED (as it must)
  [B3 ONE HOME, NO FALLBACK] ONE fallback returns (the thing that made a deleted publisher invisible)
      → RED (as it must)
  [B3 ONE HOME, NO FALLBACK] a SINGLE-QUOTED :style shadow publishes a second home (research F6)
      → RED (as it must)
  [B3 ONE HOME, NO FALLBACK] the publisher writes inline properties again
      → RED (as it must)
  [B3 ONE HOME, NO FALLBACK] the registration ships the rung's own value as its initial (probe row D)
      → RED (as it must)
  [B4 NO-ALL] `transition: all` returns
      → RED (as it must)
  [B5 PRM] a live rule spends a literal the reduce arm can never reach
      → RED (as it must)
  [B5 PRM] the publisher loses its reduce arm
      → RED (as it must)
  [B6 RATCHET] THE CRITIC'S EXACT SABOTAGE — `throw` 520 → 500 in the ladder itself, with ZERO CSS consumers to give it away
      → RED (as it must)
  [B6 RATCHET] a banked SITE is shortened, keyed file :: selector :: term
      → RED (as it must)
  [B6 RATCHET] the bank is unreachable (a gate with no evidence does not green)
      → RED (as it must)
  [B6 RATCHET] THE CRITIC'S TWO-STEP ATTACK, step 1 — a shipped length falls 340ms → 200ms AND the comment that used to form its key is reworded (pass-3 critique §2.1, where the ratchet went silent)
      → RED (as it must)
  [B6 RATCHET] THE TWO-STEP ATTACK, step 2 — the same shortening with the RULE HEAD rewritten so the key itself moves (the only door masking leaves open; the ORPHAN clause shuts it)
      → RED (as it must)
  [B6 RATCHET] THE FOUR-EDIT COMMIT, door 1 — 300 → 150 + a renamed rule head + a MOVED row naming NO newKey
      → RED (as it must)
  [B6 RATCHET] THE FOUR-EDIT COMMIT, door 2 — the MOVED row names its newKey, and the new key is live at 150 < the banked 300
      → RED (as it must)
  [B6 RATCHET] NEGATIVE-NEGATIVE — the lawful rename: MOVED with newKey, the new key live at the banked 300
      → HELD (as it must) — 0 findings on a lawful model
  [B6 RATCHET] THE FOUR-EDIT COMMIT, door 3 — the shortening admitted by a RETUNE keyed on the FILE (pass 4's exemption), no site, no value
      → RED (as it must)
  [B6 RATCHET] THE CRITIC'S SECOND ATTACK — `rise` 520 → 100 behind the cited `rise` RETUNE row, which now carries `to: 520`
      → RED (as it must)
  [B6 RATCHET] a RETUNE row with a cite and NO value (pass 4's `rise` row, verbatim in shape)
      → RED (as it must)
  [B6 RATCHET] NEGATIVE-NEGATIVE — the valued RETUNE row holding the shipped rung (rise 600 → 520, to: 520)
      → HELD (as it must) — 0 findings on a lawful model
  [B3 ONE HOME, NO FALLBACK] the pass-4 shape returns — `rise`'s registration nested inside `:root {}`
      → RED (as it must)
  [B3 ONE HOME, NO FALLBACK] a published rung loses its registration — `--motion-note`'s block deleted
      → RED (as it must)
  [B3 ONE HOME, NO FALLBACK] GC1 — `--live-fit` registered at `initial-value: 1` (a board painted where no fit was measured)
      → RED (as it must)
  [B3 ONE HOME, NO FALLBACK] GC1 — the `var(--live-fit, 1)` fallback returns at a consumer
      → RED (as it must)
  [B3 ONE HOME, NO FALLBACK] GC1 — the script twin: `Number(el.style.getPropertyValue("--live-fit")) || 1` (INTAKE row 33)
      → RED (as it must)
  [B3 ONE HOME, NO FALLBACK] a publisher EMITS the registration from script (the LEDGER stub's shape, NOTE-ERASE rows I/E)
      → RED (as it must)
  [B3 ONE HOME, NO FALLBACK] NEGATIVE-NEGATIVE — the shipped sheet, unedited
      → HELD (as it must) — 0 findings on a lawful model
  [B5 PRM] ONE PRM-FALLBACK row consumes TWO reduce-block sites — the ledger still holds 2 rows, the tree tweens 3 (the count pass 4 could not see)
      → RED (as it must)
  [B5 PRM] a PRM-FALLBACK row whose site left the reduce block — STALE
      → RED (as it must)
  [B7 TAILWIND] a planted duration-300 class
      → RED (as it must)
  [B8 CURVE (MOT-VERB's cure)] a transition ships on the UA's taste
      → RED (as it must)
  [B9 DELAY FENCE] a rung lands in a delay position (MOT-VERB's pass-1 branch)
      → RED (as it must)
  [G-DOCK-BAND] the rise rung declares no band
      → RED (as it must)
  [G-DOCK-BAND] THE CRITIC'S EXACT FALSIFICATION — a declared travel end moved to 9999px (pass-3 critique §2.2, where the gate stayed green)
      → RED (as it must)
  [G-DOCK-BAND] the declared pick is not the one the measured series makes at the declared ceiling
      → RED (as it must)
  [G-DOCK-BAND] the dock ships a clock that is neither the pick nor ruling 1's 520
      → RED (as it must)
  [G-DOCK-BAND] THE PASS-4 BALLOT SENTENCE returns — chromium's 5411/4739 from the one unmatched cell, beside webkit frames (pass-4 critique §2.2)
      → RED (as it must)
  [G-DOCK-BAND] the ballot sentence names the right numbers and the WRONG cell
      → RED (as it must)
  [G-DOCK-BAND] a ballot-table row falsified (5314 → 5411 at 520ms)
      → RED (as it must)
  [G-GUARD] one FLIP engine goes back to its own `+ 200` backstop literal
      → RED (as it must)
  [B10 PINNED-CITE] a PINNED site drops its cite (useControlsDrawer's 480/520/560 audition)
      → RED (as it must)
  [B11 KIND FENCE] THE THREE PLANTS — `const GLIDE_MS = 600`, `.animate({duration: 777})`, `setTimeout(…, SABOTAGE_MS)`
      → RED (as it must)
  [B11 KIND FENCE] THE NEGATIVE-NEGATIVE — the nine instrument artefacts (a comment, a type position) must NOT red
      → HELD (as it must) — 0 findings on a lawful model
  [B12 ABSENCE (static half)] the scratch ships `initial-value: 520ms` — absence would read 0.52s and PASS
      → RED (as it must)
  [B12 ABSENCE (static half)] the registration is dropped — absence takes the shorthand to `all`
      → RED (as it must)
  [G-REFUSE-ONE-HOME] `0.6s` is typed back into index.css beside the character's home
      → RED (as it must)

5 failure(s). Re-run with --list for each.
  • [B8 CURVE (MOT-VERB's cure)] src/pencil/celestial/DarkModeToggle.vue:892  a bare UA keyword on a transition.  scale 150ms ease-in
  • [B8 CURVE (MOT-VERB's cure)] src/pencil/celestial/DarkModeToggle.vue:892  a bare UA keyword on a transition.  opacity 100ms ease-in !important
  • [B8 CURVE (MOT-VERB's cure)] src/pencil/celestial/DarkModeToggle.vue:901  a bare UA keyword on a transition.  opacity 120ms ease-out 560ms !important
  • [B8 CURVE (MOT-VERB's cure)] src/pencil/celestial/DarkModeToggle.vue:997  a bare UA keyword on a transition.  opacity 200ms ease
  • [B8 CURVE (MOT-VERB's cure)] src/pencil/sheet/AnswerKeyLaminate.vue:285  a bare UA keyword on a transition.  opacity 150ms linear
