
Running 24 tests using 1 worker

  ✓   1 [chromium] › e2e/player-place.spec.ts:102:1 › r0 I3 — the head mounts two signs and shows exactly one (1.0s)
  ✓   2 [chromium] › e2e/player-place.spec.ts:116:1 › G2 · G3 — a press draws your ring and takes nothing from the board (1.7s)
  ✓   3 [chromium] › e2e/player-place.spec.ts:140:1 › G2 keyboard — a ring from a keyboard open too (866ms)
G23 route Tab {"style":"dashed","width":"2px","offset":"3px","focusVisible":true}
  ✓   4 [chromium] › e2e/player-place.spec.ts:152:1 › G23 — the sign's keyboard ring is the estate's dashed rule (833ms)
  ✓   5 [chromium] › e2e/player-place.spec.ts:178:1 › G14 — the pitch is held: 10.667 px a cell at every size (976ms)
  ✓   6 [chromium] › e2e/player-place.spec.ts:199:1 › G5 — Hidden is one null and then silence; opening says nothing (1.7s)
  ✓   7 [chromium] › e2e/player-place.spec.ts:221:1 › G16 — hovering a row queries its dot and quiets the rest (1.8s)
  ✓   8 [chromium] › e2e/player-place.spec.ts:238:1 › G19 — `your cell` exists only in a room (1.3s)
  ✓   9 [chromium] › e2e/player-place.spec.ts:249:1 › G21 — press twice closes, and the board is read both times (1.1s)
  ✓  10 [chromium] › e2e/player-place.spec.ts:266:1 › G22 — under reduce the OPEN sheet has no duration left (934ms)
  ✓  11 [chromium] › e2e/player-place.spec.ts:276:1 › G24 — the count, the drawn rows and the log reconcile (902ms)
  ✓  12 [chromium] › e2e/player-place.spec.ts:294:1 › G4 — the head is still while the room moves (6.8s)
  ✓  13 [webkit] › e2e/player-place.spec.ts:102:1 › r0 I3 — the head mounts two signs and shows exactly one (1.7s)
  ✓  14 [webkit] › e2e/player-place.spec.ts:116:1 › G2 · G3 — a press draws your ring and takes nothing from the board (1.4s)
  ✓  15 [webkit] › e2e/player-place.spec.ts:140:1 › G2 keyboard — a ring from a keyboard open too (1.3s)
G23 route focus() {"style":"dashed","width":"2px","offset":"3px","focusVisible":true}
  ✓  16 [webkit] › e2e/player-place.spec.ts:152:1 › G23 — the sign's keyboard ring is the estate's dashed rule (1.7s)
  ✓  17 [webkit] › e2e/player-place.spec.ts:178:1 › G14 — the pitch is held: 10.667 px a cell at every size (1.7s)
  ✓  18 [webkit] › e2e/player-place.spec.ts:199:1 › G5 — Hidden is one null and then silence; opening says nothing (3.1s)
  ✓  19 [webkit] › e2e/player-place.spec.ts:221:1 › G16 — hovering a row queries its dot and quiets the rest (2.4s)
  ✓  20 [webkit] › e2e/player-place.spec.ts:238:1 › G19 — `your cell` exists only in a room (2.1s)
  ✓  21 [webkit] › e2e/player-place.spec.ts:249:1 › G21 — press twice closes, and the board is read both times (1.6s)
  ✓  22 [webkit] › e2e/player-place.spec.ts:266:1 › G22 — under reduce the OPEN sheet has no duration left (1.6s)
  ✓  23 [webkit] › e2e/player-place.spec.ts:276:1 › G24 — the count, the drawn rows and the log reconcile (1.6s)
  ✓  24 [webkit] › e2e/player-place.spec.ts:294:1 › G4 — the head is still while the room moves (7.5s)

  24 passed (48.7s)
RC=0
