
========== A · C10/C07b freight — chromium 4x Fast-3G cold desk dpr1, 5+5 interleaved · load { 9.65 11.00 10.75 } ==========
exit 0

========== B · C10/C07b freight — chromium 4x unthrottled link cold desk dpr1, 3+3 · load { 9.95 10.97 10.74 } ==========
exit 0

========== C · C10/C07b freight — webkit cold desk dpr1 (PROXY, no CDP), 3+3 · load { 9.87 10.94 10.73 } ==========
exit 0

========== D · C06 fold-geometry — chromium 1x warm desk dpr2 · load { 9.80 10.90 10.72 } ==========
exit 0

========== E · C06 fold-geometry — chromium 1x warm mobile 390x844 dpr3 · load { 7.89 10.34 10.54 } ==========
exit 0

========== F · C06 fold-geometry — webkit warm desk dpr2 (PROXY) · load { 5.12 9.12 10.06 } ==========
exit 0

========== G · 8.3 readiness-ab — mob-cr-4x-unthr-cold, 3 windows, no flag · load { 3.90 7.94 9.54 } ==========
exit 0

========== H · 8.3 readiness-ab — mob-cr-4x-unthr-cold, 3 windows, ?__probe=1 · load { 3.69 7.24 9.19 } ==========
exit 0

========== I · C01 bake-census — webkit cold desk dpr2, 3+3 · load { 13.72 8.76 9.57 } ==========
exit 0

========== J · C01 bake-census — chromium 4x Fast-3G cold MOBILE dpr3, 3+3 · load { 6.39 7.59 9.02 } ==========
exit 0

========== BATTERY DONE · load { 6.50 7.27 8.71 } ==========
BATTERY EXIT=0
