=== E2E · the rows the cures touch, both engines, against the CURED dist (4256) ===
[50/88] [webkit] › e2e/gallery.spec.ts:183:1 › gallery: Enter on futoshiki selects it — board swaps, ?game set, ?view cleared
[51/88] [webkit] › e2e/gallery.spec.ts:199:1 › gallery: Escape cancels back to the board, no swap, ?view cleared
[52/88] [webkit] › e2e/gallery.spec.ts:235:3 › gallery: Escape still exits with focus moved off the listbox by a staged chip
[53/88] [webkit] › e2e/gallery.spec.ts:235:3 › gallery: Escape still exits with focus moved off the listbox by a page pip
[54/88] [webkit] › e2e/gallery.spec.ts:235:3 › gallery: Escape still exits with focus moved off the listbox by bare page
[55/88] [webkit] › e2e/gallery.spec.ts:253:1 › gallery: `g` opens the gallery from playing; a `g` typed into a cell does not
[56/88] [webkit] › e2e/gallery.spec.ts:279:1 › gallery: only the centered card boils — a flank frame is inert + frozen
[57/88] [webkit] › e2e/gallery.spec.ts:308:3 › gallery under prefers-reduced-motion › PRM: open is an instant cut — gallery present, no tweening
[58/88] [webkit] › e2e/gallery.spec.ts:480:1 › drag: pushing the deck left advances the snap and announces it
[59/88] [webkit] › e2e/gallery.spec.ts:521:1 › drag: a flick moves exactly one card; a release over the centered card selects nothing
[60/88] [webkit] › e2e/gallery.spec.ts:556:1 › drag: a flick whose every move lands inside the sample floor is still a flick
[61/88] [webkit] › e2e/gallery.spec.ts:606:1 › drag: a slow first sample does not swallow the flick that follows it
[62/88] [webkit] › e2e/gallery.spec.ts:653:1 › drag: a release that lands a frame after the last move is still a flick
[63/88] [webkit] › e2e/gallery.spec.ts:704:1 › drag: a grab during a keyboard glide freezes the deck where it is drawn
[64/88] [webkit] › e2e/gallery.spec.ts:765:1 › click: a flank warps the deck to it, aria + the live region following the same seam
[65/88] [webkit] › e2e/gallery.spec.ts:801:1 › click: the card the warp delivered then SELECTS on the next click
[66/88] [webkit] › e2e/gallery.spec.ts:824:1 › drag: a release that lands over a FLANK is swallowed, not taken as a warp
[67/88] [webkit] › e2e/gallery.spec.ts:860:1 › drag: kenken — the LAST card — is reachable by dragging
[68/88] [webkit] › e2e/gallery.spec.ts:903:1 › header: the masthead persists in the gallery, names the snapped card, and is inert there
[69/88] [webkit] › e2e/gallery.spec.ts:995:1 › CH-67: every settled wordmark bake is minted at the size it is shown at
[70/88] [webkit] › e2e/gallery.spec.ts:1032:3 › gallery on a 375 phone › 375: one card near-fills the width, a neighbor peeks, pips present
[71/88] [webkit] › e2e/masthead-alignment.spec.ts:112:5 › M17 — the head line › the badge and the celestial hang from one rule (light)
[72/88] [webkit] › e2e/masthead-alignment.spec.ts:112:5 › M17 — the head line › the badge and the celestial hang from one rule (dark)
[73/88] [webkit] › e2e/masthead-alignment.spec.ts:158:5 › M18 — the board rule › the board hangs from the title at 1280, in all five games
[74/88] [webkit] › e2e/masthead-alignment.spec.ts:158:5 › M18 — the board rule › the board hangs from the title at 1440, in all five games
[75/88] [webkit] › e2e/masthead-alignment.spec.ts:231:3 › M20 — the dock stays a phone regime › a tall landscape window keeps the masthead above the board
[76/88] [webkit] › e2e/masthead-alignment.spec.ts:278:3 › M20 — the dock stays a phone regime › the dock itself stands at landscape phones
[77/88] [webkit] › e2e/visual-regression.spec.ts:124:1 › light mode: layout, styles, filters, DOM contract
[78/88] [webkit] › e2e/visual-regression.spec.ts:231:1 › dark mode: celestial swap, control panel carries no filter, DOM contract
[79/88] [webkit] › e2e/visual-regression.spec.ts:263:1 › grid draw-in completes and path-based boil activates
[80/88] [webkit] › e2e/visual-regression.spec.ts:322:1 › randomize populates board and blank cells accept input
[81/88] [webkit] › e2e/visual-regression.spec.ts:388:1 › graceful degradation: UI renders without backend API
[82/88] [webkit] › e2e/visual-regression.spec.ts:404:1 › size switching: 4x4, 9x9, 16x16 all render grid lines
[83/88] [webkit] › e2e/visual-regression.spec.ts:466:1 › the Deal die is not crushed: the commit verb's box fits its own content
[84/88] [webkit] › e2e/visual-regression.spec.ts:544:1 › the glass curve is the same curve in both layers
[85/88] [webkit] › e2e/visual-regression.spec.ts:569:1 › the deal receipt keeps off the commit verb, hover included
[86/88] [webkit] › e2e/visual-regression.spec.ts:707:1 › option chips keep their separation: ≥6px between neighbours, both axes
[87/88] [webkit] › e2e/visual-regression.spec.ts:790:1 › the iPad coarse card stays under the P1 seal: the chip seam is PAID for
[88/88] [webkit] › e2e/visual-regression.spec.ts:875:1 › toggle warp rest pose: wrung into the page, no carousel travel
  88 passed (1.3m)
E2E-CURED EXIT=

=== the same rows against the BASE dist (4257), for the arm comparison ===
[30/58] [webkit] › e2e/gallery.spec.ts:107:1 › gallery: ?view=gallery lands in the carousel — listbox roles, labels, focus, pips
[31/58] [webkit] › e2e/gallery.spec.ts:145:1 › gallery: keyboard step moves the snap, announces it, and updates aria + pips
[32/58] [webkit] › e2e/gallery.spec.ts:183:1 › gallery: Enter on futoshiki selects it — board swaps, ?game set, ?view cleared
[33/58] [webkit] › e2e/gallery.spec.ts:199:1 › gallery: Escape cancels back to the board, no swap, ?view cleared
[34/58] [webkit] › e2e/gallery.spec.ts:235:3 › gallery: Escape still exits with focus moved off the listbox by a staged chip
[35/58] [webkit] › e2e/gallery.spec.ts:235:3 › gallery: Escape still exits with focus moved off the listbox by a page pip
[36/58] [webkit] › e2e/gallery.spec.ts:235:3 › gallery: Escape still exits with focus moved off the listbox by bare page
[37/58] [webkit] › e2e/gallery.spec.ts:253:1 › gallery: `g` opens the gallery from playing; a `g` typed into a cell does not
[38/58] [webkit] › e2e/gallery.spec.ts:279:1 › gallery: only the centered card boils — a flank frame is inert + frozen
[39/58] [webkit] › e2e/gallery.spec.ts:308:3 › gallery under prefers-reduced-motion › PRM: open is an instant cut — gallery present, no tweening
[40/58] [webkit] › e2e/gallery.spec.ts:480:1 › drag: pushing the deck left advances the snap and announces it
[41/58] [webkit] › e2e/gallery.spec.ts:521:1 › drag: a flick moves exactly one card; a release over the centered card selects nothing
[42/58] [webkit] › e2e/gallery.spec.ts:556:1 › drag: a flick whose every move lands inside the sample floor is still a flick
[43/58] [webkit] › e2e/gallery.spec.ts:606:1 › drag: a slow first sample does not swallow the flick that follows it
[44/58] [webkit] › e2e/gallery.spec.ts:653:1 › drag: a release that lands a frame after the last move is still a flick
[45/58] [webkit] › e2e/gallery.spec.ts:704:1 › drag: a grab during a keyboard glide freezes the deck where it is drawn
[46/58] [webkit] › e2e/gallery.spec.ts:765:1 › click: a flank warps the deck to it, aria + the live region following the same seam
[47/58] [webkit] › e2e/gallery.spec.ts:801:1 › click: the card the warp delivered then SELECTS on the next click
[48/58] [webkit] › e2e/gallery.spec.ts:824:1 › drag: a release that lands over a FLANK is swallowed, not taken as a warp
[49/58] [webkit] › e2e/gallery.spec.ts:860:1 › drag: kenken — the LAST card — is reachable by dragging
[50/58] [webkit] › e2e/gallery.spec.ts:903:1 › header: the masthead persists in the gallery, names the snapped card, and is inert there
[51/58] [webkit] › e2e/gallery.spec.ts:995:1 › CH-67: every settled wordmark bake is minted at the size it is shown at
[52/58] [webkit] › e2e/gallery.spec.ts:1032:3 › gallery on a 375 phone › 375: one card near-fills the width, a neighbor peeks, pips present
[53/58] [webkit] › e2e/masthead-alignment.spec.ts:112:5 › M17 — the head line › the badge and the celestial hang from one rule (light)
[54/58] [webkit] › e2e/masthead-alignment.spec.ts:112:5 › M17 — the head line › the badge and the celestial hang from one rule (dark)
[55/58] [webkit] › e2e/masthead-alignment.spec.ts:158:5 › M18 — the board rule › the board hangs from the title at 1280, in all five games
[56/58] [webkit] › e2e/masthead-alignment.spec.ts:158:5 › M18 — the board rule › the board hangs from the title at 1440, in all five games
[57/58] [webkit] › e2e/masthead-alignment.spec.ts:231:3 › M20 — the dock stays a phone regime › a tall landscape window keeps the masthead above the board
[58/58] [webkit] › e2e/masthead-alignment.spec.ts:278:3 › M20 — the dock stays a phone regime › the dock itself stands at landscape phones
  58 passed (43.7s)
E2E-BASE EXIT=

=== git status e2e/ after (must be empty) ===
(end)
