=== PI 1 · goldens off the cured dist (4256), never --update-snapshots ===

Running 4 tests using 4 workers

  ✓  4 e2e/visual-golden.spec.ts:388:1 › golden · grid top-left corner (light) — W13 soul: grain-static steady layer (713ms)
  ✓  2 e2e/visual-golden.spec.ts:377:1 › golden · single cell with given glyph (light) (716ms)
  ✓  3 e2e/visual-golden.spec.ts:322:1 › golden · logo wordmark (light) — W13 soul: baked logo pose stack (728ms)
  ✓  1 e2e/visual-golden.spec.ts:353:1 › golden · toggle crest (dark, moon) — W13 soul: celestial rest pose (816ms)

  4 passed (1.4s)
GOLDENS EXIT=

=== PI 2 · git status e2e/ after the goldens (must be empty) ===
(end)

=== PI 3 · throttle config (filter census 9, pose count 4) ===
  ✓  42 [theme-quadrants-chromium] › e2e/theme-quadrants.spec.ts:336:5 › G1.2 identity · killer · app=light reads the same ink under either OS scheme (1.1s)
  ✓  43 [theme-quadrants-chromium] › e2e/theme-quadrants.spec.ts:336:5 › G1.2 identity · kenken · app=light reads the same ink under either OS scheme (1.3s)
  ✓  48 [theme-quadrants-chromium] › e2e/theme-quadrants.spec.ts:351:5 › G1.2 moves · kenken · one toggle click under OS=light re-inks the furniture (646ms)
  ✓  47 [theme-quadrants-chromium] › e2e/theme-quadrants.spec.ts:351:5 › G1.2 moves · killer · one toggle click under OS=dark re-inks the furniture (735ms)
  ✓  49 [theme-quadrants-chromium] › e2e/theme-quadrants.spec.ts:351:5 › G1.2 moves · kenken · one toggle click under OS=dark re-inks the furniture (663ms)
  ✓  45 [theme-quadrants-chromium] › e2e/theme-quadrants.spec.ts:336:5 › G1.2 identity · thermo · app=light reads the same ink under either OS scheme (1.4s)
  ✓  44 [theme-quadrants-chromium] › e2e/theme-quadrants.spec.ts:336:5 › G1.2 identity · thermo · app=dark reads the same ink under either OS scheme (1.4s)
  ✓  46 [theme-quadrants-chromium] › e2e/theme-quadrants.spec.ts:351:5 › G1.2 moves · killer · one toggle click under OS=light re-inks the furniture (846ms)
  ✓  50 [theme-quadrants-chromium] › e2e/theme-quadrants.spec.ts:351:5 › G1.2 moves · thermo · one toggle click under OS=light re-inks the furniture (789ms)
  ✓  38 [theme-bake-webkit] › e2e/theme-bake-freshness.spec.ts:313:7 › G4.5 · baked ink survives one theme toggle (from dark) › kenken dark → light: both baked surfaces re-ink (4.0s)
  ✓  51 [theme-quadrants-chromium] › e2e/theme-quadrants.spec.ts:351:5 › G1.2 moves · thermo · one toggle click under OS=dark re-inks the furniture (846ms)
  ✓  52 [theme-quadrants-chromium] › e2e/theme-quadrants.spec.ts:403:3 › G1.2 identity · gallery posters · app=dark reads the same ink under either OS scheme (839ms)
  ✓  53 [theme-quadrants-chromium] › e2e/theme-quadrants.spec.ts:403:3 › G1.2 identity · gallery posters · app=light reads the same ink under either OS scheme (890ms)
  ✓  39 [theme-bake-webkit] › e2e/theme-bake-freshness.spec.ts:313:7 › G4.5 · baked ink survives one theme toggle (from dark) › killer dark → light: both baked surfaces re-ink (4.2s)
  ✓  57 [theme-quadrants-webkit] › e2e/theme-quadrants.spec.ts:336:5 › G1.2 identity · kenken · app=light reads the same ink under either OS scheme (2.5s)
  ✓  56 [theme-quadrants-webkit] › e2e/theme-quadrants.spec.ts:336:5 › G1.2 identity · kenken · app=dark reads the same ink under either OS scheme (3.1s)
  ✓  54 [theme-quadrants-webkit] › e2e/theme-quadrants.spec.ts:336:5 › G1.2 identity · killer · app=light reads the same ink under either OS scheme (3.1s)
  ✓  55 [theme-quadrants-webkit] › e2e/theme-quadrants.spec.ts:336:5 › G1.2 identity · killer · app=dark reads the same ink under either OS scheme (3.2s)
  ✓  58 [theme-quadrants-webkit] › e2e/theme-quadrants.spec.ts:336:5 › G1.2 identity · thermo · app=dark reads the same ink under either OS scheme (3.1s)
  ✓  59 [theme-quadrants-webkit] › e2e/theme-quadrants.spec.ts:351:5 › G1.2 moves · kenken · one toggle click under OS=dark re-inks the furniture (1.3s)
  ✓  60 [theme-quadrants-webkit] › e2e/theme-quadrants.spec.ts:351:5 › G1.2 moves · thermo · one toggle click under OS=light re-inks the furniture (1.5s)
  ✓  61 [theme-quadrants-webkit] › e2e/theme-quadrants.spec.ts:351:5 › G1.2 moves · thermo · one toggle click under OS=dark re-inks the furniture (1.5s)
  ✓  62 [theme-quadrants-webkit] › e2e/theme-quadrants.spec.ts:403:3 › G1.2 identity · gallery posters · app=dark reads the same ink under either OS scheme (2.3s)
  ✓  63 [theme-quadrants-webkit] › e2e/theme-quadrants.spec.ts:403:3 › G1.2 identity · gallery posters · app=light reads the same ink under either OS scheme (2.2s)
  ✓  64 [theme-quadrants-webkit] › e2e/theme-quadrants.spec.ts:351:5 › G1.2 moves · kenken · one toggle click under OS=light re-inks the furniture (1.2s)
  ✓  67 [theme-quadrants-webkit] › e2e/theme-quadrants.spec.ts:351:5 › G1.2 moves · killer · one toggle click under OS=dark re-inks the furniture (1.6s)
  ✓  66 [theme-quadrants-webkit] › e2e/theme-quadrants.spec.ts:351:5 › G1.2 moves · killer · one toggle click under OS=light re-inks the furniture (1.7s)
  ✓  65 [theme-quadrants-webkit] › e2e/theme-quadrants.spec.ts:336:5 › G1.2 identity · thermo · app=light reads the same ink under either OS scheme (2.6s)

  67 passed (28.5s)
THROTTLE EXIT=
