=== RECT CENSUS · chromium · base (4257) ===
board 1280x800: 1089 rects
gallery 1280x800: 1807 rects
board 390x844: 1049 rects
gallery 390x844: 1767 rects
board 820x1180: 1049 rects
gallery 820x1180: 1767 rects
=== RECT CENSUS · chromium · cured (4256) ===
board 1280x800: 1092 rects
gallery 1280x800: 1806 rects
board 390x844: 1052 rects
gallery 390x844: 1766 rects
board 820x1180: 1052 rects
gallery 820x1180: 1766 rects
=== RECT DIFF ===
board-1280x800.json: rects 1089/1092  max|d| 0.00px  ONLY-A 0 ONLY-B 3
   only in B: html/head:1/link:38
   only in B: html/head:1/link:39
   only in B: html/head:1/link:40
board-390x844.json: rects 1049/1052  max|d| 0.00px  ONLY-A 0 ONLY-B 3
   only in B: html/head:1/link:38
   only in B: html/head:1/link:39
   only in B: html/head:1/link:40
board-820x1180.json: rects 1049/1052  max|d| 0.00px  ONLY-A 0 ONLY-B 3
   only in B: html/head:1/link:38
   only in B: html/head:1/link:39
   only in B: html/head:1/link:40
gallery-1280x800.json: rects 1807/1806  max|d| 0.00px  ONLY-A 76 ONLY-B 75
   only in A: html/body:2/div:1/div:1/main:5/div:1/div:2/div:1/div:1/div:1/svg:2/image:1
   only in A: html/body:2/div:1/div:1/main:5/div:1/div:2/div:1/div:1/div:1/svg:2/image:2
   only in A: html/body:2/div:1/div:1/main:5/div:1/div:2/div:1/div:1/div:1/svg:2/image:3
   only in A: html/body:2/div:1/div:1/main:5/div:1/div:2/div:1/div:1/div:1/svg:2/image:4
   only in A: html/body:2/div:1/div:1/main:5/div:1/div:2/div:1/div:1/div:1/svg:2/g:5
   only in B: html/head:1/link:38
   only in B: html/head:1/link:39
   only in B: html/head:1/link:40
   only in B: html/body:2/div:1/div:1/main:5/div:1/div:2/div:1/div:1/div:1/svg:2/g:1
   only in B: html/body:2/div:1/div:1/main:5/div:1/div:2/div:1/div:1/div:1/svg:2/g:1/path:1
gallery-390x844.json: rects 1767/1766  max|d| 0.00px  ONLY-A 76 ONLY-B 75
   only in A: html/body:2/div:1/div:1/main:5/div:1/div:2/div:1/div:1/div:1/svg:2/image:1
   only in A: html/body:2/div:1/div:1/main:5/div:1/div:2/div:1/div:1/div:1/svg:2/image:2
   only in A: html/body:2/div:1/div:1/main:5/div:1/div:2/div:1/div:1/div:1/svg:2/image:3
   only in A: html/body:2/div:1/div:1/main:5/div:1/div:2/div:1/div:1/div:1/svg:2/image:4
   only in A: html/body:2/div:1/div:1/main:5/div:1/div:2/div:1/div:1/div:1/svg:2/g:5
   only in B: html/head:1/link:38
   only in B: html/head:1/link:39
   only in B: html/head:1/link:40
   only in B: html/body:2/div:1/div:1/main:5/div:1/div:2/div:1/div:1/div:1/svg:2/g:1
   only in B: html/body:2/div:1/div:1/main:5/div:1/div:2/div:1/div:1/div:1/svg:2/g:1/path:1
gallery-820x1180.json: rects 1767/1766  max|d| 0.00px  ONLY-A 76 ONLY-B 75
   only in A: html/body:2/div:1/div:1/main:5/div:1/div:2/div:1/div:1/div:1/svg:2/image:1
   only in A: html/body:2/div:1/div:1/main:5/div:1/div:2/div:1/div:1/div:1/svg:2/image:2
   only in A: html/body:2/div:1/div:1/main:5/div:1/div:2/div:1/div:1/div:1/svg:2/image:3
   only in A: html/body:2/div:1/div:1/main:5/div:1/div:2/div:1/div:1/div:1/svg:2/image:4
   only in A: html/body:2/div:1/div:1/main:5/div:1/div:2/div:1/div:1/div:1/svg:2/g:5
   only in B: html/head:1/link:38
   only in B: html/head:1/link:39
   only in B: html/head:1/link:40
   only in B: html/body:2/div:1/div:1/main:5/div:1/div:2/div:1/div:1/div:1/svg:2/g:1
   only in B: html/body:2/div:1/div:1/main:5/div:1/div:2/div:1/div:1/div:1/svg:2/g:1/path:1
WORST max|d| across all surfaces: 0.00px
=== RECT CENSUS · webkit · base ===
board 1280x800: 1089 rects
gallery 1280x800: 1807 rects
board 390x844: 1049 rects
gallery 390x844: 1767 rects
board 820x1180: 1049 rects
gallery 820x1180: 1767 rects
=== RECT CENSUS · webkit · cured ===
board 1280x800: 1092 rects
gallery 1280x800: 1806 rects
board 390x844: 1052 rects
gallery 390x844: 1766 rects
board 820x1180: 1052 rects
gallery 820x1180: 1766 rects
=== RECT DIFF webkit ===
board-1280x800.json: rects 1089/1092  max|d| 0.00px  ONLY-A 0 ONLY-B 3
   only in B: html/head:1/link:38
   only in B: html/head:1/link:39
   only in B: html/head:1/link:40
board-390x844.json: rects 1049/1052  max|d| 0.00px  ONLY-A 0 ONLY-B 3
   only in B: html/head:1/link:38
   only in B: html/head:1/link:39
   only in B: html/head:1/link:40
board-820x1180.json: rects 1049/1052  max|d| 0.00px  ONLY-A 0 ONLY-B 3
   only in B: html/head:1/link:38
   only in B: html/head:1/link:39
   only in B: html/head:1/link:40
gallery-1280x800.json: rects 1807/1806  max|d| 0.00px  ONLY-A 76 ONLY-B 75
   only in A: html/body:2/div:1/div:1/main:5/div:1/div:2/div:1/div:1/div:1/svg:2/image:1
   only in A: html/body:2/div:1/div:1/main:5/div:1/div:2/div:1/div:1/div:1/svg:2/image:2
   only in A: html/body:2/div:1/div:1/main:5/div:1/div:2/div:1/div:1/div:1/svg:2/image:3
   only in A: html/body:2/div:1/div:1/main:5/div:1/div:2/div:1/div:1/div:1/svg:2/image:4
   only in A: html/body:2/div:1/div:1/main:5/div:1/div:2/div:1/div:1/div:1/svg:2/g:5
   only in B: html/head:1/link:38
   only in B: html/head:1/link:39
   only in B: html/head:1/link:40
   only in B: html/body:2/div:1/div:1/main:5/div:1/div:2/div:1/div:1/div:1/svg:2/g:1
   only in B: html/body:2/div:1/div:1/main:5/div:1/div:2/div:1/div:1/div:1/svg:2/g:1/path:1
gallery-390x844.json: rects 1767/1766  max|d| 0.00px  ONLY-A 76 ONLY-B 75
   only in A: html/body:2/div:1/div:1/main:5/div:1/div:2/div:1/div:1/div:1/svg:2/image:1
   only in A: html/body:2/div:1/div:1/main:5/div:1/div:2/div:1/div:1/div:1/svg:2/image:2
   only in A: html/body:2/div:1/div:1/main:5/div:1/div:2/div:1/div:1/div:1/svg:2/image:3
   only in A: html/body:2/div:1/div:1/main:5/div:1/div:2/div:1/div:1/div:1/svg:2/image:4
   only in A: html/body:2/div:1/div:1/main:5/div:1/div:2/div:1/div:1/div:1/svg:2/g:5
   only in B: html/head:1/link:38
   only in B: html/head:1/link:39
   only in B: html/head:1/link:40
   only in B: html/body:2/div:1/div:1/main:5/div:1/div:2/div:1/div:1/div:1/svg:2/g:1
   only in B: html/body:2/div:1/div:1/main:5/div:1/div:2/div:1/div:1/div:1/svg:2/g:1/path:1
gallery-820x1180.json: rects 1767/1766  max|d| 0.00px  ONLY-A 76 ONLY-B 75
   only in A: html/body:2/div:1/div:1/main:5/div:1/div:2/div:1/div:1/div:1/svg:2/image:1
   only in A: html/body:2/div:1/div:1/main:5/div:1/div:2/div:1/div:1/div:1/svg:2/image:2
   only in A: html/body:2/div:1/div:1/main:5/div:1/div:2/div:1/div:1/div:1/svg:2/image:3
   only in A: html/body:2/div:1/div:1/main:5/div:1/div:2/div:1/div:1/div:1/svg:2/image:4
   only in A: html/body:2/div:1/div:1/main:5/div:1/div:2/div:1/div:1/div:1/svg:2/g:5
   only in B: html/head:1/link:38
   only in B: html/head:1/link:39
   only in B: html/head:1/link:40
   only in B: html/body:2/div:1/div:1/main:5/div:1/div:2/div:1/div:1/div:1/svg:2/g:1
   only in B: html/body:2/div:1/div:1/main:5/div:1/div:2/div:1/div:1/div:1/svg:2/g:1/path:1
WORST max|d| across all surfaces: 0.00px
