═════ BUILD
vite v8.1.4 building client environment for production...

 WARN  advancedChunks option is deprecated, please use codeSplitting instead.

[2Ktransforming...✓ 237 modules transformed.
rendering chunks...
computing gzip size...
dist/index.html                                      3.16 kB │ gzip:  1.33 kB
dist/assets/firacode-subset-CbuNTc2aGjcY.woff2       3.62 kB
dist/assets/patrickhand-subset-BqV1besB36ib.woff2    4.31 kB
dist/assets/avatar-biqsjs3dzERf.png                  6.09 kB
dist/assets/fraunces-subset-BnabbaMXVbua.woff2      14.94 kB
dist/assets/solver.worker-DyhLjsTj.js               22.68 kB
dist/assets/csp_solver_wasm_bg-BJYevEYE.wasm       123.33 kB │ gzip: 50.33 kB
dist/assets/FutoshikiPoster-DZUvzwTKUpND.css         0.28 kB │ gzip:  0.16 kB
dist/assets/PosterBoard-C25fZcEKH9UF.css             0.39 kB │ gzip:  0.21 kB
dist/assets/spec-CAxGeu14Qq5g.css                    0.44 kB │ gzip:  0.25 kB
dist/assets/CageOverlay-CxJWuhZARm9B.css             0.54 kB │ gzip:  0.30 kB
dist/assets/ThermoTube-D-JcHJtczqX1.css              0.60 kB │ gzip:  0.29 kB
dist/assets/AnswerKeyLaminate-DQ8Zd4NTTWD3.css       0.89 kB │ gzip:  0.40 kB
dist/assets/index-DAhjeyZzzAIn.css                  94.61 kB │ gzip: 19.05 kB
dist/assets/wire-BuDRICPW8zpg.js                     0.17 kB │ gzip:  0.15 kB
dist/assets/SudokuPoster-CvhjnvYD2Sfl.js             0.86 kB │ gzip:  0.50 kB
dist/assets/clue-CNo7259tIuQm.js                     0.90 kB │ gzip:  0.50 kB
dist/assets/clue-B77KEGrfT5xu.js                     0.97 kB │ gzip:  0.55 kB
dist/assets/ThermoTube-BgQHrCxH_qa5.js               1.17 kB │ gzip:  0.72 kB
dist/assets/ThermoPoster-CoeaIbhlv6oO.js             1.17 kB │ gzip:  0.66 kB
dist/assets/clue-D3bqB3E33Ls2.js                     1.21 kB │ gzip:  0.64 kB
dist/assets/KillerPoster-DlM3fIk-L9Yf.js             1.39 kB │ gzip:  0.75 kB
dist/assets/CageOverlay-EmWTjwMUHwTv.js              1.73 kB │ gzip:  0.98 kB
dist/assets/KenKenPoster-CXzrtABqnp-w.js             1.76 kB │ gzip:  0.84 kB
dist/assets/relayWire-5r_0oKENP1Dl.js                1.87 kB │ gzip:  1.06 kB
dist/assets/FutoshikiPoster-DpdhESLt2p2l.js          1.93 kB │ gzip:  1.06 kB
dist/assets/spec-B2TUiwbFWLPN.js                     2.07 kB │ gzip:  1.02 kB
dist/assets/spec-xuKGyU_9E1cL.js                     2.16 kB │ gzip:  1.04 kB
dist/assets/AnswerKeyLaminate-T4ICYjyWVIeM.js        2.30 kB │ gzip:  1.31 kB
dist/assets/PosterBoard-B3EXd9QXhDjK.js              2.58 kB │ gzip:  1.17 kB
dist/assets/spec-ZuQCYHOReKq_.js                     3.03 kB │ gzip:  1.45 kB
dist/assets/spec-DqVF2UOT1JQQ.js                     3.25 kB │ gzip:  1.51 kB
dist/assets/animation-vendor-CrUpJv3U-YcU.js        11.64 kB │ gzip:  4.74 kB
dist/assets/templates-LkXzF59FZu96.js               18.16 kB │ gzip:  4.97 kB
dist/assets/playerIdentity-C-v0ZLTMRale.js          19.31 kB │ gzip:  8.12 kB
dist/assets/templates-CsCa30cxJEsI.js               24.59 kB │ gzip:  7.06 kB
dist/assets/vue-vendor-DO-CUsNNxq8N.js              85.19 kB │ gzip: 34.03 kB
dist/assets/index-qyPU_hbFyCD7.js                  217.77 kB │ gzip: 75.11 kB

✓ built in 599ms
build-rc=0
═════ GOLDENS (off the built dist)

Running 4 tests using 4 workers

[1/4] e2e/visual-golden.spec.ts:322:1 › golden · logo wordmark (light) — W13 soul: baked logo pose stack
[2/4] e2e/visual-golden.spec.ts:388:1 › golden · grid top-left corner (light) — W13 soul: grain-static steady layer
[3/4] e2e/visual-golden.spec.ts:377:1 › golden · single cell with given glyph (light)
[4/4] e2e/visual-golden.spec.ts:353:1 › golden · toggle crest (dark, moon) — W13 soul: celestial rest pose
  4 passed (3.9s)
golden-rc=0
═════ FILTER CENSUS

[WebServer] 
[WebServer]  WARN  advancedChunks option is deprecated, please use codeSplitting instead.
[WebServer] 

Running 12 tests using 9 workers

[1/12] [filter-census-chromium] › e2e/filter-census.spec.ts:300:1 › G3.1 · live-filter census equals filterBudget.ts exactly, area and all (built dist)
[2/12] [filter-census-chromium] › e2e/filter-census.spec.ts:441:1 › G3.5 · no :hover state mints a live filter — board regime (built dist)
[3/12] [filter-census-webkit] › e2e/filter-census.spec.ts:441:1 › G3.5 · no :hover state mints a live filter — board regime (built dist)
[4/12] [filter-census-chromium] › e2e/filter-census.spec.ts:448:1 › G3.5 · no :hover state mints a live filter — PICKER regime (built dist)
[5/12] [filter-census-webkit] › e2e/filter-census.spec.ts:320:3 › G3.3 · the coarse regime › G3.3 · live-filter census holds below 1024 (built dist)
[6/12] [filter-census-webkit] › e2e/filter-census.spec.ts:300:1 › G3.1 · live-filter census equals filterBudget.ts exactly, area and all (built dist)
[7/12] [filter-census-chromium] › e2e/filter-census.spec.ts:320:3 › G3.3 · the coarse regime › G3.3 · live-filter census holds below 1024 (built dist)
[8/12] [filter-census-chromium] › e2e/filter-census.spec.ts:462:1 › G3.2 · no retained fill supplies a computed transform (built dist)
[9/12] [filter-census-chromium] › e2e/filter-census.spec.ts:507:1 › G3.2 · source `forwards|both` fill sites equal FILL_ALLOWLIST exactly
[10/12] [filter-census-webkit] › e2e/filter-census.spec.ts:448:1 › G3.5 · no :hover state mints a live filter — PICKER regime (built dist)
[11/12] [filter-census-webkit] › e2e/filter-census.spec.ts:462:1 › G3.2 · no retained fill supplies a computed transform (built dist)
[12/12] [filter-census-webkit] › e2e/filter-census.spec.ts:507:1 › G3.2 · source `forwards|both` fill sites equal FILL_ALLOWLIST exactly
  12 passed (8.6s)
census-rc=0
DIST-BATTERY-DONE
