───── lint:cost-face
COST-FACE WITNESS — src/games/shared/GameControlPanel.vue, src/games/shared/scene.css; 7 declarations
  ✓ 1 TAP FLOOR — `.act-answer` takes min-height: var(--tap-floor…)
  ✓ 2 PIN BAND — the card spends it and the head pulls back into it
  ✓ 3 DERIVED HEAD — `--cost-head-h` is a calc, with no JS publisher
  ✓ 4 THE BERTH'S INK — the berthed tape carries vertical padding
  ✓ 5 THE FENCE — the armed face drops its hover ground
  ✓ 6 NO SILENT ZERO — `--card-pad-b` is read bare and registered
  ✓ 7 THE FENCE REACHES THE VERB — the armed verb button takes no hover ground

SELF-TEST — each check against its own planted defect:
  ✓ plant 1 → TAP FLOOR — `.act-answer` takes min-height: var(--tap-floor…) RED (1)
  ✓ plant 2 → PIN BAND — the card spends it and the head pulls back into it RED (1)
  ✓ plant 3 → DERIVED HEAD — `--cost-head-h` is a calc, with no JS publisher RED (1)
  ✓ plant 4 → THE BERTH'S INK — the berthed tape carries vertical padding RED (1)
  ✓ plant 5 → THE FENCE — the armed face drops its hover ground RED (1)
  ✓ plant 6 → NO SILENT ZERO — `--card-pad-b` is read bare and registered RED (1)
  ✓ plant 7 → THE FENCE REACHES THE VERB — the armed verb button takes no hover ground RED (1)

OK — the answer keeps its floor, the band is reserved and derived, the berth's ink is on its own paper, the armed face is unhoverable ground, and no measured token fails quietly.
EXIT[0]
───── lint:copy
  jargon · two byte-identical sentences on one line are TWO offences  →  2 offence(s), RED as required
  jargon · twin — the same spoken core in the player's words  →  0 offence(s), GREEN as required
  jargon · twin — the same copy table in the player's words  →  0 offence(s), GREEN as required
  jargon · positive control — an INTERPOLATION is code, not copy  →  0 offence(s), GREEN as required
  jargon · positive control — a template literal in a declaration that says nothing about copy  →  0 offence(s), GREEN as required
  jargon · positive control — an utterance region declares no copy at its call  →  0 offence(s), GREEN as required
  jargon · positive control — a narration source in plain English survives  →  0 offence(s), GREEN as required
  jargon · an utterance handed to the voice a live region returned  →  1 offence(s), RED as required
  jargon · twin — the same utterance in the player's words  →  0 offence(s), GREEN as required
  jargon · an utterance through a local WRAPPER over that voice  →  1 offence(s), RED as required
  jargon · an utterance through a voice PASSED to a function as a parameter  →  1 offence(s), RED as required
  jargon · positive control — an IDENTIFIER handed to a voice is code, not copy  →  0 offence(s), GREEN as required
  jargon · positive control — a wrapper over NO voice is not a voice (the name is not the rule)  →  0 offence(s), GREEN as required
  jargon · a COPY_KEY whose value is a CALL, not a quote  →  1 offence(s), RED as required
  jargon · twin — the same key and call in the player's words  →  0 offence(s), GREEN as required
  jargon · positive control — a COPY_KEY whose value is a bare identifier reads nothing  →  0 offence(s), GREEN as required
  jargon · a PLURAL copy table named in SCREAMING_SNAKE for its office  →  1 offence(s), RED as required
  jargon · a PLURAL TitleCase copy table  →  1 offence(s), RED as required
  jargon · twin — the same plural table in the player's words  →  0 offence(s), GREEN as required
  admissions · a ghost admission is detected stale  →  1/1, RED as required

check-copy-register: 0 em/en dashes and 0 unadmitted jargon in product copy (0 admitted, each with its cure's seam)
EXIT[0]
───── lint:live-regions
live-region police scanned 52 SFCs under src
regions declared: 10 — src/games/shared/GameBoard.vue:1182, src/games/shared/GameControlPanel.vue:1426, src/games/shared/GameControlPanel.vue:1433, src/games/shared/GameControlPanel.vue:1470, src/games/shared/GameControlPanel.vue:1481, src/games/shared/SolverErrorNote.vue:43, src/pencil/chrome/GameGallery/GameGallery.vue:1068, src/pencil/chrome/GameGallery/GameGallery.vue:1074, src/pencil/chrome/MarginNote.vue:54, src/pencil/sheet/AnswerKeyLaminate.vue:204

self-test — the rule against a planted defect and its cure
  violation · a region born under v-if with its sentence already inside  →  1 finding(s), RED as required
  control   · the cured idiom: unconditional region, conditional content  →  0 finding(s), GREEN as required

check-live-regions: 0 regions born speaking — every declared region takes its content as a mutation
EXIT[0]
───── lint:theme-selectors
  [1 UNWRITTEN ATTRIBUTES] positive control — a real setAttribute writer lands
      → GREEN (want GREEN)
  [1 UNWRITTEN ATTRIBUTES] a doc comment that SPELLS a style open tag must not blank the writer under it (T9-W2)
      → GREEN (want GREEN)
  [1 UNWRITTEN ATTRIBUTES] positive control — vueuse writes through `attribute:`, no setAttribute in sight
      → GREEN (want GREEN)
  [1 UNWRITTEN ATTRIBUTES] positive control — Vue's own scope id is not an app attribute
      → GREEN (want GREEN)
  [1 UNWRITTEN ATTRIBUTES] positive control — the cured, class-keyed block
      → GREEN (want GREEN)
  [2 UNHONORED MEDIA] a prefers-color-scheme block with nothing said about it
      → RED (want RED)
  [2 UNHONORED MEDIA] positive control — allowlisted with a reason
      → GREEN (want GREEN)
  [3 ALLOWLIST CLOSED] a stale entry — the selector it excuses is gone
      → RED (want RED)
  [3 ALLOWLIST CLOSED] the excused attribute gained a writer — the excuse outlived its reason
      → RED (want RED)
  [3 ALLOWLIST CLOSED] an entry whose reason is a shrug
      → RED (want RED)

OK — every data-attribute selector has a runtime writer, every prefers-color-scheme block is allowlisted with a reason, and the table is closed.
EXIT[0]
───── lint:motion
  ✓ 2 GRAMMAR
  ✓ 3 ROUTE

SELF-TEST — each check against a known-bad model:
  [1 DECLARED] the declaration is deleted in a refactor (the silent-by-default state)
      → RED (as it must)
  [1 DECLARED] the declaration slides below the head window during a doc-block edit
      → RED (as it must)
  [2 GRAMMAR] a third mode is invented (`PRM: reduced`)
      → RED (as it must)
  [2 GRAMMAR] `PRM: live` lands with no reason — a declaration that says nothing
      → RED (as it must)
  [2 GRAMMAR] `PRM: frozen` lands with an empty cite
      → RED (as it must)
  [2 GRAMMAR] two declarations disagree (a merge keeps both sides)
      → RED (as it must)
  [3 ROUTE] CH-65 regresses — the freeze is 'restored' as `test.use({ reducedMotion })`
      → RED (as it must)
  [3 ROUTE] a frozen file loses its emulateMedia call entirely
      → RED (as it must)

OK — 34 specs, every one declaring its motion state, every `frozen` backed by the route that lands.
EXIT[0]
───── test:font-coverage
font coverage OK — 2 subset faces, each covered as authored AND as transformed, each corpus a superset of what 150 src files actually render:
  Fraunces: 31 codepoints, 14948 B, 9 declared strings over 2 group(s), each derived
  Patrick Hand: 46 codepoints, 4312 B, 31 declared strings over 5 group(s), each derived
  bound tapes: 5 pinned · WRITEABLE == the hand cut, both directions
  departures (declared, no longer rendered — the cut stays a superset on purpose):
    Patrick Hand · .washi-tag (compartment names) + the tapes + the band-head berths: "pencils"
    Patrick Hand · .washi-tag (compartment names) + the tapes + the band-head berths: "teacher's"
    Patrick Hand · .washi-tag (compartment names) + the tapes + the band-head berths: "normal writes a digit. corner and center write small pencil marks"
    Patrick Hand · .washi-tag (compartment names) + the tapes + the band-head berths: "checking"
    Patrick Hand · .washi-tag (compartment names) + the tapes + the band-head berths: "players"
    Patrick Hand · .washi-tag (compartment names) + the tapes + the band-head berths: "share this board and everyone writes on the same grid"
    Patrick Hand · .washi-tag (compartment names) + the tapes + the band-head berths: "wipe every digit you've written"
EXIT[0]
───── prettier
Checking formatting...
All matched files use Prettier code style!
EXIT[0]
BATTERY-DONE
