
Running 10 tests using 1 worker

[boardPx chromium] 4x4 = 412  d0 435 B
[boardPx chromium] 9x9 = 556  d0 646 B
[boardPx chromium] 16x16 = 556  d0 454 B
  ✓   1 [chromium] › .p3-mrkabs/p3-census.spec.ts:178:1 › A · boardPx at this base + pose 0 is the shipped artifact (G-ABS-8) (2.8s)
[census chromium light] 8 stops · colours rgb(58, 123, 196) · auto 0 · same-frame 8/8 · banded 5 worst 3.47
[census chromium dark] 8 stops · colours rgb(58, 123, 196) · auto 0 · same-frame 8/8 · banded 5 worst 2.92
   UNDER 3:1 -> button.info-btn 2.92
  ✓   2 [chromium] › .p3-mrkabs/p3-census.spec.ts:198:1 › B · the DOM-WALK census: one colour per theme, same-frame, from the band (G-ABS-3/4) (27.4s)
[surfaces chromium] {"viewportOutlineStyle":"none","owners":1,"cardRadius":"0px","reach":5,"airLeft":9.594,"airRight":713.594,"headroom":4.594,"whole":true,"slotRadiusBlurred":"0px","focused":{"outline":"2px solid rgb(58, 123, 196)","offset":"3px","cardRadius":"0px","slotRadiusFocused":"0px"}}
[surfaces chromium] toggle ring "2px solid rgb(58, 123, 196)" worst null
[surfaces chromium] hover->focus {"changedSamples":857,"hoveredMedian":[240,240,239],"focusedMedian":[238,243,247],"ratio":1.02}
  ✓   3 [chromium] › .p3-mrkabs/p3-census.spec.ts:304:1 › C · the deck, the live face, the toggle, and the hovered-then-focused reading (5.6s)
[crop1] /Users/mkbabb/Programming/csc411/CSC411_HW2_ProgrammingQuestion/docs/tranches/2026-08-tranche-9/evidence/w7/loop/pass3/prototype/MRK-ABS/frames/crop1-cell0-frame-dark-16x16-proto.png 6369 B
  ✓   4 [chromium] › .p3-mrkabs/p3-crops.spec.ts:14:1 › crop 1 · cell 0 at 16x16, DARK — the frame crossing this pass decided on (3.1s)
  -   5 [chromium] › .p3-mrkabs/p3-crops.spec.ts:46:1 › crop 3 · the deck's centre card, focused, LIGHT, webkit — square corners, the token
[boardPx webkit] 4x4 = 412  d0 435 B
[boardPx webkit] 9x9 = 556  d0 646 B
[boardPx webkit] 16x16 = 556  d0 454 B
  ✓   6 [webkit] › .p3-mrkabs/p3-census.spec.ts:178:1 › A · boardPx at this base + pose 0 is the shipped artifact (G-ABS-8) (4.2s)
[census webkit light] 8 stops · colours rgb(58, 123, 196) · auto 0 · same-frame 8/8 · banded 5 worst 4.11
[census webkit dark] 8 stops · colours rgb(58, 123, 196) · auto 0 · same-frame 8/8 · banded 5 worst 3.34
  ✓   7 [webkit] › .p3-mrkabs/p3-census.spec.ts:198:1 › B · the DOM-WALK census: one colour per theme, same-frame, from the band (G-ABS-3/4) (29.4s)
[surfaces webkit] {"viewportOutlineStyle":"none","owners":1,"cardRadius":"0px","reach":5,"airLeft":9.594,"airRight":713.594,"headroom":4.594,"whole":true,"slotRadiusBlurred":"0px","focused":{"outline":"2px solid rgb(58, 123, 196)","offset":"3px","cardRadius":"0px","slotRadiusFocused":"0px"}}
[surfaces webkit] toggle ring "2px solid rgb(58, 123, 196)" worst null
[surfaces webkit] hover->focus {"changedSamples":871,"hoveredMedian":[240,240,239],"focusedMedian":[238,243,248],"ratio":1.02}
  ✓   8 [webkit] › .p3-mrkabs/p3-census.spec.ts:304:1 › C · the deck, the live face, the toggle, and the hovered-then-focused reading (6.3s)
  -   9 [webkit] › .p3-mrkabs/p3-crops.spec.ts:14:1 › crop 1 · cell 0 at 16x16, DARK — the frame crossing this pass decided on
[crop3] /Users/mkbabb/Programming/csc411/CSC411_HW2_ProgrammingQuestion/docs/tranches/2026-08-tranche-9/evidence/w7/loop/pass3/prototype/MRK-ABS/frames/crop3-deck-centre-focused-light-webkit.png 60169 B
  ✓  10 [webkit] › .p3-mrkabs/p3-crops.spec.ts:46:1 › crop 3 · the deck's centre card, focused, LIGHT, webkit — square corners, the token (2.1s)

  2 skipped
  8 passed (1.4m)
EXIT=0
