
Running 8 tests using 1 worker

{"engine":"chromium","board":"9x9","theme":"light","cell":0,"facing":"frame","strokePx":2.993,"samples":60,"painted":60,"ringInkMedian":[67,129,198],"cellPaper":[253,253,252],"worstAnyGround":3.5,"vsRule":{"n":0,"worst":null,"median":null,"groundMedian":null},"vsPaper":{"n":60,"worst":3.5,"median":3.972,"groundMedian":[253,253,252]}}
{"engine":"chromium","board":"9x9","theme":"light","cell":3,"facing":"subgrid","strokePx":2.993,"samples":60,"painted":60,"ringInkMedian":[67,129,198],"cellPaper":[253,253,252],"worstAnyGround":3.92,"vsRule":{"n":0,"worst":null,"median":null,"groundMedian":null},"vsPaper":{"n":60,"worst":3.92,"median":3.972,"groundMedian":[253,253,252]}}
{"engine":"chromium","board":"9x9","theme":"light","cell":1,"facing":"cell","strokePx":2.993,"samples":60,"painted":60,"ringInkMedian":[67,129,198],"cellPaper":[253,253,252],"worstAnyGround":3.92,"vsRule":{"n":0,"worst":null,"median":null,"groundMedian":null},"vsPaper":{"n":60,"worst":3.92,"median":3.972,"groundMedian":[253,253,252]}}
  ✓  1 [chromium] › .p3-mrkabs/p3-mal.spec.ts:103:5 › MA-L painted · 9x9 · light (3.4s)
{"engine":"chromium","board":"9x9","theme":"dark","cell":0,"facing":"frame","strokePx":2.993,"samples":60,"painted":60,"ringInkMedian":[56,118,187],"cellPaper":[237,236,233],"worstAnyGround":3.546,"vsRule":{"n":60,"worst":3.546,"median":3.989,"groundMedian":[19,18,17]},"vsPaper":{"n":0,"worst":null,"median":null,"groundMedian":null}}
{"engine":"chromium","board":"9x9","theme":"dark","cell":3,"facing":"subgrid","strokePx":2.993,"samples":60,"painted":60,"ringInkMedian":[56,118,187],"cellPaper":[19,18,17],"worstAnyGround":3.989,"vsRule":{"n":0,"worst":null,"median":null,"groundMedian":null},"vsPaper":{"n":60,"worst":3.989,"median":3.989,"groundMedian":[19,18,17]}}
{"engine":"chromium","board":"9x9","theme":"dark","cell":1,"facing":"cell","strokePx":2.993,"samples":60,"painted":60,"ringInkMedian":[56,118,187],"cellPaper":[19,18,17],"worstAnyGround":3.989,"vsRule":{"n":0,"worst":null,"median":null,"groundMedian":null},"vsPaper":{"n":60,"worst":3.989,"median":3.989,"groundMedian":[19,18,17]}}
  ✓  2 [chromium] › .p3-mrkabs/p3-mal.spec.ts:103:5 › MA-L painted · 9x9 · dark (4.0s)
{"engine":"chromium","board":"16x16","theme":"light","cell":0,"facing":"frame","strokePx":2.994,"samples":60,"painted":60,"ringInkMedian":[57,119,188],"cellPaper":[253,253,252],"worstAnyGround":2.812,"vsRule":{"n":60,"worst":2.812,"median":2.812,"groundMedian":[49,49,49]},"vsPaper":{"n":0,"worst":null,"median":null,"groundMedian":null}}
{"engine":"chromium","board":"16x16","theme":"light","cell":4,"facing":"subgrid","strokePx":2.994,"samples":60,"painted":60,"ringInkMedian":[67,129,198],"cellPaper":[253,253,252],"worstAnyGround":3.92,"vsRule":{"n":0,"worst":null,"median":null,"groundMedian":null},"vsPaper":{"n":60,"worst":3.92,"median":3.972,"groundMedian":[253,253,252]}}
{"engine":"chromium","board":"16x16","theme":"light","cell":1,"facing":"cell","strokePx":2.994,"samples":60,"painted":60,"ringInkMedian":[67,129,198],"cellPaper":[253,253,252],"worstAnyGround":3.927,"vsRule":{"n":0,"worst":null,"median":null,"groundMedian":null},"vsPaper":{"n":60,"worst":3.927,"median":3.972,"groundMedian":[253,253,252]}}
  ✓  3 [chromium] › .p3-mrkabs/p3-mal.spec.ts:103:5 › MA-L painted · 16x16 · light (3.4s)
{"engine":"chromium","board":"16x16","theme":"dark","cell":0,"facing":"frame","strokePx":2.994,"samples":60,"painted":60,"ringInkMedian":[64,126,195],"cellPaper":[19,18,17],"worstAnyGround":2.404,"vsRule":{"n":60,"worst":2.404,"median":2.436,"groundMedian":[199,197,190]},"vsPaper":{"n":0,"worst":null,"median":null,"groundMedian":null}}
{"engine":"chromium","board":"16x16","theme":"dark","cell":4,"facing":"subgrid","strokePx":2.994,"samples":60,"painted":60,"ringInkMedian":[56,118,187],"cellPaper":[19,18,17],"worstAnyGround":3.989,"vsRule":{"n":0,"worst":null,"median":null,"groundMedian":null},"vsPaper":{"n":60,"worst":3.989,"median":3.989,"groundMedian":[19,18,17]}}
{"engine":"chromium","board":"16x16","theme":"dark","cell":1,"facing":"cell","strokePx":2.994,"samples":60,"painted":60,"ringInkMedian":[56,118,187],"cellPaper":[71,70,68],"worstAnyGround":3.989,"vsRule":{"n":60,"worst":3.989,"median":3.989,"groundMedian":[19,18,17]},"vsPaper":{"n":0,"worst":null,"median":null,"groundMedian":null}}
  ✓  4 [chromium] › .p3-mrkabs/p3-mal.spec.ts:103:5 › MA-L painted · 16x16 · dark (4.0s)
{"engine":"webkit","board":"9x9","theme":"light","cell":0,"facing":"frame","strokePx":2.993,"samples":60,"painted":60,"ringInkMedian":[67,129,199],"cellPaper":[253,253,252],"worstAnyGround":3.534,"vsRule":{"n":0,"worst":null,"median":null,"groundMedian":null},"vsPaper":{"n":60,"worst":3.534,"median":3.965,"groundMedian":[253,253,252]}}
{"engine":"webkit","board":"9x9","theme":"light","cell":3,"facing":"subgrid","strokePx":2.993,"samples":60,"painted":60,"ringInkMedian":[67,129,199],"cellPaper":[253,253,252],"worstAnyGround":3.925,"vsRule":{"n":0,"worst":null,"median":null,"groundMedian":null},"vsPaper":{"n":60,"worst":3.925,"median":3.965,"groundMedian":[253,253,252]}}
{"engine":"webkit","board":"9x9","theme":"light","cell":1,"facing":"cell","strokePx":2.993,"samples":60,"painted":60,"ringInkMedian":[67,129,199],"cellPaper":[253,253,252],"worstAnyGround":3.925,"vsRule":{"n":0,"worst":null,"median":null,"groundMedian":null},"vsPaper":{"n":60,"worst":3.925,"median":3.965,"groundMedian":[253,253,252]}}
  ✓  5 [webkit] › .p3-mrkabs/p3-mal.spec.ts:103:5 › MA-L painted · 9x9 · light (4.0s)
{"engine":"webkit","board":"9x9","theme":"dark","cell":0,"facing":"frame","strokePx":2.993,"samples":60,"painted":60,"ringInkMedian":[56,118,188],"cellPaper":[19,18,17],"worstAnyGround":3.608,"vsRule":{"n":0,"worst":null,"median":null,"groundMedian":null},"vsPaper":{"n":60,"worst":3.608,"median":3.997,"groundMedian":[19,18,17]}}
{"engine":"webkit","board":"9x9","theme":"dark","cell":3,"facing":"subgrid","strokePx":2.993,"samples":60,"painted":60,"ringInkMedian":[56,118,188],"cellPaper":[19,18,17],"worstAnyGround":3.989,"vsRule":{"n":0,"worst":null,"median":null,"groundMedian":null},"vsPaper":{"n":60,"worst":3.989,"median":3.997,"groundMedian":[19,18,17]}}
{"engine":"webkit","board":"9x9","theme":"dark","cell":1,"facing":"cell","strokePx":2.993,"samples":60,"painted":60,"ringInkMedian":[56,118,188],"cellPaper":[19,18,17],"worstAnyGround":3.989,"vsRule":{"n":0,"worst":null,"median":null,"groundMedian":null},"vsPaper":{"n":60,"worst":3.989,"median":3.997,"groundMedian":[19,18,17]}}
  ✓  6 [webkit] › .p3-mrkabs/p3-mal.spec.ts:103:5 › MA-L painted · 9x9 · dark (4.5s)
{"engine":"webkit","board":"16x16","theme":"light","cell":0,"facing":"frame","strokePx":2.994,"samples":60,"painted":60,"ringInkMedian":[58,120,189],"cellPaper":[253,253,252],"worstAnyGround":2.85,"vsRule":{"n":60,"worst":2.85,"median":2.85,"groundMedian":[49,49,49]},"vsPaper":{"n":0,"worst":null,"median":null,"groundMedian":null}}
{"engine":"webkit","board":"16x16","theme":"light","cell":4,"facing":"subgrid","strokePx":2.994,"samples":60,"painted":60,"ringInkMedian":[67,129,199],"cellPaper":[253,253,252],"worstAnyGround":3.925,"vsRule":{"n":0,"worst":null,"median":null,"groundMedian":null},"vsPaper":{"n":60,"worst":3.925,"median":3.965,"groundMedian":[253,253,252]}}
{"engine":"webkit","board":"16x16","theme":"light","cell":1,"facing":"cell","strokePx":2.994,"samples":60,"painted":60,"ringInkMedian":[67,129,199],"cellPaper":[253,253,252],"worstAnyGround":3.965,"vsRule":{"n":0,"worst":null,"median":null,"groundMedian":null},"vsPaper":{"n":60,"worst":3.965,"median":3.965,"groundMedian":[253,253,252]}}
  ✓  7 [webkit] › .p3-mrkabs/p3-mal.spec.ts:103:5 › MA-L painted · 16x16 · light (4.2s)
{"engine":"webkit","board":"16x16","theme":"dark","cell":0,"facing":"frame","strokePx":2.994,"samples":60,"painted":60,"ringInkMedian":[65,127,196],"cellPaper":[237,236,233],"worstAnyGround":2.404,"vsRule":{"n":60,"worst":2.404,"median":2.404,"groundMedian":[199,197,190]},"vsPaper":{"n":0,"worst":null,"median":null,"groundMedian":null}}
{"engine":"webkit","board":"16x16","theme":"dark","cell":4,"facing":"subgrid","strokePx":2.994,"samples":60,"painted":60,"ringInkMedian":[56,118,188],"cellPaper":[19,18,17],"worstAnyGround":3.989,"vsRule":{"n":0,"worst":null,"median":null,"groundMedian":null},"vsPaper":{"n":60,"worst":3.989,"median":3.997,"groundMedian":[19,18,17]}}
{"engine":"webkit","board":"16x16","theme":"dark","cell":1,"facing":"cell","strokePx":2.994,"samples":60,"painted":60,"ringInkMedian":[56,118,188],"cellPaper":[237,236,233],"worstAnyGround":3.989,"vsRule":{"n":60,"worst":3.989,"median":3.997,"groundMedian":[19,18,17]},"vsPaper":{"n":0,"worst":null,"median":null,"groundMedian":null}}
  ✓  8 [webkit] › .p3-mrkabs/p3-mal.spec.ts:103:5 › MA-L painted · 16x16 · dark (4.8s)

  8 passed (33.2s)
EXIT=0
