
Running 32 tests using 2 workers

  ✓   1 [chromium] › e2e/access.spec.ts:235:3 › 2.1 focus-occlusion census — the desktop card › no control in the controls card focuses into a full burial (671ms)
  ✓   2 [chromium] › e2e/a11y.spec.ts:268:5 › 3.1 rowsPerGrid › sudoku: the AX tree reads grid → row → gridcell, N rows of N cells (1.1s)
  ✓   3 [chromium] › e2e/access.spec.ts:255:3 › 2.1 focus-occlusion census — the desktop card › the marks-mode "Normal" button is reachable, found by identity (658ms)
  ✓   4 [chromium] › e2e/a11y.spec.ts:268:5 › 3.1 rowsPerGrid › futoshiki: the AX tree reads grid → row → gridcell, N rows of N cells (1.0s)
  ✓   5 [chromium] › e2e/access.spec.ts:328:3 › 2.2 drawer-open inert census — the phone › no covered control in the drawer subtree stays tabbable (884ms)
  ✓   6 [chromium] › e2e/a11y.spec.ts:268:5 › 3.1 rowsPerGrid › thermo: the AX tree reads grid → row → gridcell, N rows of N cells (1.1s)
  ✓   8 [chromium] › e2e/a11y.spec.ts:268:5 › 3.1 rowsPerGrid › killer: the AX tree reads grid → row → gridcell, N rows of N cells (1.1s)
  ✓   9 [chromium] › e2e/a11y.spec.ts:268:5 › 3.1 rowsPerGrid › kenken: the AX tree reads grid → row → gridcell, N rows of N cells (1.0s)
  ✓   7 [chromium] › e2e/access.spec.ts:375:3 › 2.3 the roster announces › a join and a leave each move a live region (3.9s)
  ✓  11 [chromium] › e2e/access.spec.ts:515:5 › 2.3 contrast floor — light › .icon-sublabel and .ctrl-btn clear 4.5:1 (light) (288ms)
  ✓  12 [chromium] › e2e/access.spec.ts:515:5 › 2.3 contrast floor — dark › .icon-sublabel and .ctrl-btn clear 4.5:1 (dark) (285ms)
  ✓  10 [chromium] › e2e/a11y.spec.ts:327:3 › 3.2 guardAnnounced › arming the destructive-work guard announces its armed state (1.5s)
  ✓  14 [chromium] › e2e/a11y.spec.ts:347:3 › 3.2 guardAnnounced › the armed guard contains focus (aria-modal + focus inside the dialog) (1.5s)
  ✓  13 [chromium] › e2e/join-language-prm.spec.ts:60:1 › a join renders no ring at all, and the row lands open and written (2.5s)
  ✓  15 [chromium] › e2e/a11y.spec.ts:370:3 › 3.2 guardAnnounced › an Enter into the armed guard cannot discard the board unheard (1.5s)
  ✓  17 [chromium] › e2e/a11y.spec.ts:427:3 › 3.3 optionsInPicker › the picker publishes five named, AX-visible options (1.1s)
  ✓  16 [chromium] › e2e/join-language-prm.spec.ts:106:1 › a departure is gone the same frame: no held row, no retreating ring (2.5s)
  ✓  19 [chromium] › e2e/join-language-prm.spec.ts:129:1 › a peer’s ghost lands drawn — tier 4 sketches on nowhere (261ms)
  ✓  20 [chromium] › e2e/spoken-gallery.spec.ts:93:1 › deck exit by Escape hands focus back to the wordmark that opened it (792ms)
  ✓  18 [chromium] › e2e/a11y.spec.ts:476:3 › 3.4 ctrlKDoesNotPeek › Ctrl+K and Cmd+K never trigger the single-key peek (2.7s)
  ✓  21 [chromium] › e2e/spoken-gallery.spec.ts:105:1 › deck exit by Enter on the SAME game hands focus back (873ms)
  ✓  23 [chromium] › e2e/spoken-gallery.spec.ts:120:1 › deck exit by Enter on ANOTHER game hands focus back (815ms)
  ✓  22 [chromium] › e2e/a11y.spec.ts:506:3 › 3.4 ctrlKDoesNotPeek › a keyboard-shortcuts help names k, g, h, p and d (1.1s)
  ✓  24 [chromium] › e2e/spoken-gallery.spec.ts:136:1 › deck exit by `d` to deal hands focus back (870ms)
  ✓  25 [chromium] › e2e/a11y.spec.ts:537:3 › 3.5 unnamedImages › a dealt board publishes zero unnamed image nodes (1.0s)
  ✓  26 [chromium] › e2e/spoken-gallery.spec.ts:150:1 › deck entered by `g` hands focus back to the control that held it, not to the wordmark (789ms)
  ✓  27 [chromium] › e2e/a11y.spec.ts:573:3 › 3.5 unnamedImages › a filled cell announces its value exactly once (1.0s)
  ✓  28 [chromium] › e2e/spoken-gallery.spec.ts:178:1 › an Escape taken with focus OUTSIDE the deck does not steal focus back (874ms)
  ✓  30 [chromium] › e2e/spoken-gallery.spec.ts:236:1 › the deck focus ring rides the ACTIVE option, not the clipping scrollport (877ms)
  ✓  31 [chromium] › e2e/spoken-gallery.spec.ts:308:1 › the head is read in the order it is painted, at every width (292ms)
  ✓  29 [chromium] › e2e/a11y.spec.ts:619:3 › 3.6 stability › the grid invariants track N (4×4 and 9×9), never a magic total (2.0s)
  ✓  32 [chromium] › e2e/a11y.spec.ts:635:3 › 3.6 stability › the invariants survive a re-deal (deal-variant figures never asserted) (1.1s)

  32 passed (20.2s)
EXIT=0
