=== RETAKE chromium-4x-desk-cold-fast3g  loadavg { 3.21 4.55 5.30 }
   "medLayoutMs": 3,
   "medScriptMs": 23.8,
   "anyTainted": false
  },
  {
   "n": 3,
   "toTheme": "dark",
   "medClickToSettleMs": 100.3,
   "medBakeCount": 0,
   "medBakeMs": 0,
   "medLongTaskMs": 0,
   "medWhirlLong33": 1,
   "medWhirlWorstMs": 66.2,
   "medWhirlFrames": 102,
   "medWhirlFps": 93.3,
   "medRecalcStyleMs": 274.9,
   "medRecalcStyleCount": 111,
   "medLayoutMs": 2.2,
   "medScriptMs": 3.7,
   "anyTainted": false
  },
  {
   "n": 4,
   "toTheme": "light",
   "medClickToSettleMs": 326.7,
   "medBakeCount": 0,
   "medBakeMs": 0,
   "medLongTaskMs": 0,
   "medWhirlLong33": 2,
   "medWhirlWorstMs": 57.3,
   "medWhirlFrames": 101,
   "medWhirlFps": 92.5,
   "medRecalcStyleMs": 260.6,
   "medRecalcStyleCount": 110,
   "medLayoutMs": 3.4,
   "medScriptMs": 6.1,
   "anyTainted": false
  }
 ]
}
=== done loadavg { 3.87 4.54 5.25 }
=== RETAKE chromium-6x-desk-cold-fast3g loadavg { 3.59 4.39 5.17 }
win 1: boardReady 1667.5ms · toggles 1:1909.8ms/8bakes 2:467.3ms/0bakes 3:457.8ms/0bakes 4:156ms/0bakes
win 2: boardReady 1517.9ms · toggles 1:1970.8ms/8bakes 2:434.7ms/0bakes 3:473.8ms/0bakes 4:263.8ms/0bakes
win 3: boardReady 1516.2ms · toggles 1:1880.7ms/8bakes 2:157.8ms/0bakes 3:379.9ms/0bakes 4:430.4ms/0bakes
=== done loadavg { 4.08 4.39 5.12 }
=== RETAKE chromium-4x-mobile-cold-fast3g loadavg { 4.41 4.43 5.12 }
win 1: boardReady 1436.6ms · toggles 1:950.3ms/8bakes 2:92.3ms/0bakes 3:92ms/0bakes 4:92.7ms/0bakes
win 2: boardReady 1367.1ms · toggles 1:1318.5ms/8bakes 2:98.6ms/0bakes 3:131ms/0bakes 4:865ms/0bakes
win 3: boardReady 1552.8ms · toggles 1:3772.3ms/8bakes 2:493.7ms/0bakes 3:508.8ms/0bakes 4:241.5ms/0bakes
=== done loadavg { 4.76 4.56 5.13 }
