dist/assets/PosterBoard-DDdWOzWzVgXD.css             0.39 kB │ gzip:  0.21 kB
dist/assets/ThermoTube-GhMCOUSkuH3s.css              0.82 kB │ gzip:  0.27 kB
dist/assets/AnswerKeyLaminate-Cih0GgPxHZT4.css       0.89 kB │ gzip:  0.40 kB
dist/assets/KillerCage-CvKvElx6SB9c.css              0.98 kB │ gzip:  0.35 kB
dist/assets/KenKenCage-C60rX2x-hE07.css              0.99 kB │ gzip:  0.35 kB
dist/assets/index-qCApmS258BdF.css                  79.92 kB │ gzip: 15.90 kB
dist/assets/ThermoPoster-DSTHKmthL73c.js             0.47 kB │ gzip:  0.35 kB
dist/assets/SudokuPoster-BpjYmh0TnHAG.js             0.51 kB │ gzip:  0.34 kB
dist/assets/KillerPoster-PUI9sWxfRYyZ.js             0.58 kB │ gzip:  0.37 kB
dist/assets/KenKenPoster-CXSu3OW0Phck.js             0.93 kB │ gzip:  0.46 kB
dist/assets/ThermoTube-JJcD-8suCoC5.js               1.17 kB │ gzip:  0.72 kB
dist/assets/FutoshikiPoster-D-QwYgHNaAe-.js          1.34 kB │ gzip:  0.83 kB
dist/assets/KillerCage-CtaApKct0E4R.js               1.56 kB │ gzip:  0.93 kB
dist/assets/KenKenCage-DkQ_GElYEbU5.js               1.62 kB │ gzip:  0.96 kB
dist/assets/PosterBoard-Dnluld9emUvZ.js              2.34 kB │ gzip:  1.08 kB
dist/assets/AnswerKeyLaminate-M_Z20OzB8iSP.js        2.49 kB │ gzip:  1.43 kB
dist/assets/FutoshikiGame-BR8c6IjeRjCp.js            9.03 kB │ gzip:  3.36 kB
dist/assets/animation-vendor-COmzXiBXjAdM.js        10.21 kB │ gzip:  4.24 kB
dist/assets/KenKenGame-B4ouYy6LZ88Y.js              12.03 kB │ gzip:  4.52 kB
dist/assets/ThermoGame-BsHw6ndpIMdi.js              12.25 kB │ gzip:  4.60 kB
dist/assets/KillerGame-BPFxld3yHepw.js              12.26 kB │ gzip:  4.65 kB
dist/assets/vue-vendor-BEr3SFHdbMXO.js              83.82 kB │ gzip: 33.46 kB
dist/assets/index-6v9S84SRo2al.js                  239.43 kB │ gzip: 88.02 kB

✓ built in 396ms
