
=== M4head · chromium (:4910) ===
coarse-1280x800        ok=true  minGap=7.19   n=5 font=20    card=608/1108 panelH=1067.86 deal=-107.94 ✗ poses 15p/12wc
coarse-390x844         ok=true  minGap=7.19   n=4 font=16    card=582/586 panelH=558.39 deal=110.05 ✓ poses 11p/8wc
coarse-375x812         ok=true  minGap=7.19   n=4 font=16    card=604/608 panelH=579.61 deal=131.08 ✓ poses 11p/8wc
fine-1440x900          ok=true  minGap=7.19   n=5 font=20    card=640/1015 panelH=974.94 deal=-16.28 ✗ poses 15p/12wc
fine-390x844-NEGCTRL   ok=true  minGap=7.19   n=4 font=16    card=448/452 panelH=423.88 deal=-10.09 ✗ poses 11p/8wc

=== M4head · webkit (:4910) ===
coarse-1280x800        ok=true  minGap=7.19   n=5 font=20    card=608/1108 panelH=1067.83 deal=-108.61 ✗ poses 15p/12wc
coarse-390x844         ok=true  minGap=7.19   n=4 font=16    card=582/586 panelH=558.39 deal=109.64 ✓ poses 11p/8wc
coarse-375x812         ok=true  minGap=7.19   n=4 font=16    card=604/608 panelH=579.61 deal=130.67 ✓ poses 11p/8wc
fine-1440x900          ok=true  minGap=7.19   n=5 font=20    card=640/1015 panelH=974.8 deal=-15.94 ✗ poses 15p/12wc
fine-390x844-NEGCTRL   ok=true  minGap=7.19   n=4 font=16    card=448/452 panelH=423.86 deal=-10.48 ✗ poses 11p/8wc

=== M4base · chromium (:4911) ===
coarse-1280x800        ok=true  minGap=0      n=5 font=20    card=608/1138 panelH=1098.25 deal=-90.86 ✗ poses 12p/12wc
coarse-390x844         ok=true  minGap=4      n=4 font=16    card=615/619 panelH=590.94 deal=117.44 ✓ poses 8p/8wc
coarse-375x812         ok=true  minGap=4      n=4 font=16    card=615/619 panelH=590.84 deal=117.47 ✓ poses 8p/8wc
fine-1440x900          ok=true  minGap=0      n=5 font=20    card=640/1028 panelH=987.77 deal=-12.83 ✗ poses 12p/12wc
fine-390x844-NEGCTRL   ok=true  minGap=4      n=4 font=16    card=472/476 panelH=448.27 deal=-2.55 ✗ poses 8p/8wc

=== M4base · webkit (:4911) ===
coarse-1280x800        ok=true  minGap=0      n=5 font=20    card=608/1138 panelH=1098.16 deal=-90.52 ✗ poses 12p/12wc
coarse-390x844         ok=true  minGap=4      n=4 font=16    card=615/619 panelH=590.88 deal=117.05 ✓ poses 8p/8wc
coarse-375x812         ok=true  minGap=4      n=4 font=16    card=615/619 panelH=590.78 deal=117.08 ✓ poses 8p/8wc
fine-1440x900          ok=true  minGap=0      n=5 font=20    card=640/1028 panelH=987.63 deal=-12.48 ✗ poses 12p/12wc
fine-390x844-NEGCTRL   ok=true  minGap=4      n=4 font=16    card=472/476 panelH=448.19 deal=-2.92 ✗ poses 8p/8wc
