
=== M4head · chromium (:4910) ===
coarse-390x664-THE-CASE  ok=true  pageVh=1.705  doc=1132   band=21   flow tally=control-panel  panelH=558    sq=366   fits=true   cell=40.22x40.22 ctrl=44    need any/chip/deal=413.19/531.98/593.73 covisNeed=229.73  COVIS=YES
coarse-390x844           ok=true  pageVh=1.341  doc=1132   band=21   flow tally=control-panel  panelH=558    sq=366   fits=true   cell=40.22x40.22 ctrl=44    need any/chip/deal=413.19/531.98/593.73 covisNeed=229.73  COVIS=YES
coarse-375x812           ok=true  pageVh=1.401  doc=1138   band=21   flow tally=control-panel  panelH=580    sq=351   fits=true   cell=38.55x38.55 ctrl=44    need any/chip/deal=398.19/516.98/578.7 covisNeed=229.7   COVIS=YES
coarse-430x932           ok=true  pageVh=1.258  doc=1172   band=21   flow tally=control-panel  panelH=559    sq=406   fits=true   cell=44.66x44.66 ctrl=44    need any/chip/deal=453.19/571.98/633.83 covisNeed=229.83  COVIS=YES
coarse-820x1180-iPadP    ok=true  pageVh=1.212  doc=1430   band=22   flow tally=control-panel  panelH=567    sq=672   fits=true   cell=74.22x74.22 ctrl=45    need any/chip/deal=720.41/841.14/903.8 covisNeed=233.8   COVIS=YES
coarse-844x390-land      ok=true  pageVh=2.882  doc=1124   band=22   flow tally=control-panel  panelH=567    sq=366   fits=true   cell=40.22x40.22 ctrl=45    need any/chip/deal=414.48/535.27/597.97 covisNeed=233.97  COVIS=no
coarse-926x428-land      ok=true  pageVh=2.72   doc=1164   band=22   flow tally=control-panel  panelH=568    sq=404   fits=true   cell=44.44x44.44 ctrl=45    need any/chip/deal=452.77/573.72/636.59 covisNeed=234.59  COVIS=no
coarse-1280x800-rail     ok=true  pageVh=1.012  doc=810    band=24   ovl  tally=control-panel  panelH=1068   sq=640   fits=true   cell=70.66x70.66 ctrl=44    need any/chip/deal=16/129.45/482.48 covisNeed=-155.52 COVIS=YES
fine-1440x900-rail       ok=true  pageVh=1      doc=900    band=24   ovl  tally=control-panel  panelH=975    sq=672   fits=true   cell=74.22x74.22 ctrl=38    need any/chip/deal=16/123.45/446.83 covisNeed=-223.17 COVIS=YES
fine-390x844-NEGCTRL     ok=true  pageVh=1.177  doc=993    band=21   flow tally=control-panel  panelH=424    sq=366   fits=true   cell=40.22x40.22 ctrl=36    need any/chip/deal=413.19/517.38/579.13 covisNeed=215.13  COVIS=YES

=== M4head · webkit (:4910) ===
coarse-390x664-THE-CASE  ok=true  pageVh=1.703  doc=1131   band=21   flow tally=control-panel  panelH=558    sq=366   fits=true   cell=40.22x40.22 ctrl=44    need any/chip/deal=413.19/531.98/593.73 covisNeed=229.73  COVIS=YES
coarse-390x844           ok=true  pageVh=1.34   doc=1131   band=21   flow tally=control-panel  panelH=558    sq=366   fits=true   cell=40.22x40.22 ctrl=44    need any/chip/deal=413.19/531.98/593.73 covisNeed=229.73  COVIS=YES
coarse-375x812           ok=true  pageVh=1.4    doc=1137   band=21   flow tally=control-panel  panelH=580    sq=351   fits=true   cell=38.55x38.55 ctrl=44    need any/chip/deal=398.19/516.98/578.7 covisNeed=229.7   COVIS=YES
coarse-430x932           ok=true  pageVh=1.258  doc=1172   band=21   flow tally=control-panel  panelH=559    sq=406   fits=true   cell=44.66x44.66 ctrl=44    need any/chip/deal=453.19/571.98/633.81 covisNeed=229.81  COVIS=YES
coarse-820x1180-iPadP    ok=true  pageVh=1.211  doc=1429   band=22   flow tally=control-panel  panelH=567    sq=672   fits=true   cell=74.22x74.22 ctrl=45    need any/chip/deal=720.38/841.09/903.75 covisNeed=233.75  COVIS=YES
coarse-844x390-land      ok=true  pageVh=2.882  doc=1124   band=22   flow tally=control-panel  panelH=567    sq=366   fits=true   cell=40.22x40.22 ctrl=45    need any/chip/deal=414.45/535.22/597.92 covisNeed=233.92  COVIS=no
coarse-926x428-land      ok=true  pageVh=2.717  doc=1163   band=22   flow tally=control-panel  panelH=568    sq=404   fits=true   cell=44.44x44.44 ctrl=45    need any/chip/deal=452.77/573.7/636.58 covisNeed=234.58  COVIS=no
coarse-1280x800-rail     ok=true  pageVh=1.011  doc=809    band=24   ovl  tally=control-panel  panelH=1068   sq=640   fits=true   cell=70.66x70.66 ctrl=44    need any/chip/deal=16/129.44/482.45 covisNeed=-155.55 COVIS=YES
fine-1440x900-rail       ok=true  pageVh=1      doc=900    band=24   ovl  tally=control-panel  panelH=975    sq=672   fits=true   cell=74.22x74.22 ctrl=38    need any/chip/deal=16/123.44/446.78 covisNeed=-223.22 COVIS=YES
fine-390x844-NEGCTRL     ok=true  pageVh=1.175  doc=992    band=21   flow tally=control-panel  panelH=424    sq=366   fits=true   cell=40.22x40.22 ctrl=36    need any/chip/deal=413.19/517.36/579.11 covisNeed=215.11  COVIS=YES

=== M4p3close · chromium (:4912) ===
coarse-390x664-THE-CASE  ok=true  pageVh=1.705  doc=1132   band=21   flow tally=control-panel  panelH=558    sq=366   fits=true   cell=40.22x40.22 ctrl=44    need any/chip/deal=413.19/531.98/593.73 covisNeed=229.73  COVIS=YES
coarse-390x844           ok=true  pageVh=1.341  doc=1132   band=21   flow tally=control-panel  panelH=558    sq=366   fits=true   cell=40.22x40.22 ctrl=44    need any/chip/deal=413.19/531.98/593.73 covisNeed=229.73  COVIS=YES
coarse-375x812           ok=true  pageVh=1.401  doc=1138   band=21   flow tally=control-panel  panelH=580    sq=351   fits=true   cell=38.55x38.55 ctrl=44    need any/chip/deal=398.19/516.98/578.7 covisNeed=229.7   COVIS=YES
coarse-430x932           ok=true  pageVh=1.258  doc=1172   band=21   flow tally=control-panel  panelH=559    sq=406   fits=true   cell=44.66x44.66 ctrl=44    need any/chip/deal=453.19/571.98/633.83 covisNeed=229.83  COVIS=YES
coarse-820x1180-iPadP    ok=true  pageVh=1.212  doc=1430   band=22   flow tally=control-panel  panelH=567    sq=672   fits=true   cell=74.22x74.22 ctrl=45    need any/chip/deal=720.41/841.14/903.8 covisNeed=233.8   COVIS=YES
coarse-844x390-land      ok=true  pageVh=2.533  doc=988    band=22   flow tally=control-panel  panelH=567    sq=230   fits=true   cell=25.11x25.11 ctrl=45    need any/chip/deal=278.48/399.27/461.97 covisNeed=233.97  COVIS=no
coarse-926x428-land      ok=true  pageVh=2.402  doc=1028   band=22   flow tally=control-panel  panelH=568    sq=268   fits=true   cell=29.33x29.33 ctrl=45    need any/chip/deal=316.77/437.72/500.59 covisNeed=234.59  COVIS=no
coarse-1280x800-rail     ok=true  pageVh=1.012  doc=810    band=24   ovl  tally=control-panel  panelH=1068   sq=640   fits=true   cell=70.66x70.66 ctrl=44    need any/chip/deal=16/129.45/482.48 covisNeed=-155.52 COVIS=YES
fine-1440x900-rail       ok=true  pageVh=1      doc=900    band=24   ovl  tally=control-panel  panelH=975    sq=672   fits=true   cell=74.22x74.22 ctrl=38    need any/chip/deal=16/123.45/446.83 covisNeed=-223.17 COVIS=YES
fine-390x844-NEGCTRL     ok=true  pageVh=1.177  doc=993    band=21   flow tally=control-panel  panelH=424    sq=366   fits=true   cell=40.22x40.22 ctrl=36    need any/chip/deal=413.19/517.38/579.13 covisNeed=215.13  COVIS=YES

=== M4p3close · webkit (:4912) ===
coarse-390x664-THE-CASE  ok=true  pageVh=1.703  doc=1131   band=21   flow tally=control-panel  panelH=558    sq=366   fits=true   cell=40.22x40.22 ctrl=44    need any/chip/deal=413.19/531.98/593.73 covisNeed=229.73  COVIS=YES
coarse-390x844           ok=true  pageVh=1.34   doc=1131   band=21   flow tally=control-panel  panelH=558    sq=366   fits=true   cell=40.22x40.22 ctrl=44    need any/chip/deal=413.19/531.98/593.73 covisNeed=229.73  COVIS=YES
coarse-375x812           ok=true  pageVh=1.4    doc=1137   band=21   flow tally=control-panel  panelH=580    sq=351   fits=true   cell=38.55x38.55 ctrl=44    need any/chip/deal=398.19/516.98/578.7 covisNeed=229.7   COVIS=YES
coarse-430x932           ok=true  pageVh=1.258  doc=1172   band=21   flow tally=control-panel  panelH=559    sq=406   fits=true   cell=44.66x44.66 ctrl=44    need any/chip/deal=453.19/571.98/633.81 covisNeed=229.81  COVIS=YES
coarse-820x1180-iPadP    ok=true  pageVh=1.211  doc=1429   band=22   flow tally=control-panel  panelH=567    sq=672   fits=true   cell=74.22x74.22 ctrl=45    need any/chip/deal=720.39/841.11/903.77 covisNeed=233.77  COVIS=YES
coarse-844x390-land      ok=true  pageVh=2.533  doc=988    band=22   flow tally=control-panel  panelH=567    sq=230   fits=true   cell=25.11x25.11 ctrl=45    need any/chip/deal=278.48/399.25/461.95 covisNeed=233.95  COVIS=no
coarse-926x428-land      ok=true  pageVh=2.4    doc=1027   band=22   flow tally=control-panel  panelH=568    sq=268   fits=true   cell=29.33x29.33 ctrl=45    need any/chip/deal=316.77/437.7/500.58 covisNeed=234.58  COVIS=no
coarse-1280x800-rail     ok=true  pageVh=1.011  doc=809    band=24   ovl  tally=control-panel  panelH=1068   sq=640   fits=true   cell=70.66x70.66 ctrl=44    need any/chip/deal=16/129.44/482.45 covisNeed=-155.55 COVIS=YES
fine-1440x900-rail       ok=true  pageVh=1      doc=900    band=24   ovl  tally=control-panel  panelH=975    sq=672   fits=true   cell=74.22x74.22 ctrl=38    need any/chip/deal=16/123.44/446.78 covisNeed=-223.22 COVIS=YES
fine-390x844-NEGCTRL     ok=true  pageVh=1.175  doc=992    band=21   flow tally=control-panel  panelH=424    sq=366   fits=true   cell=40.22x40.22 ctrl=36    need any/chip/deal=413.19/517.36/579.11 covisNeed=215.11  COVIS=YES

=== M4seal · chromium (:4911) ===
coarse-390x664-THE-CASE  ok=true  pageVh=1.8    doc=1195   band=51   flow tally=board-margin   panelH=591    sq=366   fits=true   cell=40.22x40.22 ctrl=44    need any/chip/deal=443.58/583.59/649.34 covisNeed=285.34  COVIS=YES
coarse-390x844           ok=true  pageVh=1.416  doc=1195   band=51   flow tally=board-margin   panelH=591    sq=366   fits=true   cell=40.22x40.22 ctrl=44    need any/chip/deal=443.58/583.59/649.34 covisNeed=285.34  COVIS=YES
coarse-375x812           ok=true  pageVh=1.453  doc=1180   band=51   flow tally=board-margin   panelH=591    sq=351   fits=true   cell=38.55x38.55 ctrl=44    need any/chip/deal=428.58/568.59/634.31 covisNeed=285.31  COVIS=YES
coarse-430x932           ok=true  pageVh=1.325  doc=1235   band=51   flow tally=board-margin   panelH=591    sq=406   fits=true   cell=44.66x44.66 ctrl=44    need any/chip/deal=483.58/623.59/689.44 covisNeed=285.44  COVIS=YES
coarse-820x1180-iPadP    ok=true  pageVh=1.287  doc=1519   band=52   flow tally=board-margin   panelH=625    sq=672   fits=true   cell=74.22x74.22 ctrl=45    need any/chip/deal=750.8/899.39/966.05 covisNeed=296.05  COVIS=YES
coarse-844x390-land      ok=true  pageVh=3.895  doc=1519   band=52   flow tally=board-margin   panelH=625    sq=672   fits=false  cell=74.22x74.22 ctrl=45    need any/chip/deal=750.88/899.52/966.22 covisNeed=296.22  COVIS=no
coarse-926x428-land      ok=true  pageVh=3.551  doc=1520   band=53   flow tally=board-margin   panelH=626    sq=672   fits=false  cell=74.22x74.22 ctrl=45    need any/chip/deal=751.16/899.97/966.84 covisNeed=296.84  COVIS=no
coarse-1280x800-rail     ok=true  pageVh=1.05   doc=840    band=54   ovl  tally=board-margin   panelH=1098   sq=640   fits=true   cell=70.66x70.66 ctrl=44    need any/chip/deal=16/151.72/495.41 covisNeed=-142.59 COVIS=YES
fine-1440x900-rail       ok=true  pageVh=1.007  doc=906    band=55   ovl  tally=board-margin   panelH=988    sq=672   fits=true   cell=74.22x74.22 ctrl=38    need any/chip/deal=16/145.72/449.38 covisNeed=-220.63 COVIS=YES
fine-390x844-NEGCTRL     ok=true  pageVh=1.242  doc=1048   band=51   flow tally=board-margin   panelH=448    sq=366   fits=true   cell=40.22x40.22 ctrl=36    need any/chip/deal=443.58/568.98/626.58 covisNeed=262.58  COVIS=YES

=== M4seal · webkit (:4911) ===
coarse-390x664-THE-CASE  ok=true  pageVh=1.798  doc=1194   band=51   flow tally=board-margin   panelH=591    sq=366   fits=true   cell=40.22x40.22 ctrl=44    need any/chip/deal=443.58/583.58/649.33 covisNeed=285.33  COVIS=YES
coarse-390x844           ok=true  pageVh=1.415  doc=1194   band=51   flow tally=board-margin   panelH=591    sq=366   fits=true   cell=40.22x40.22 ctrl=44    need any/chip/deal=443.58/583.58/649.33 covisNeed=285.33  COVIS=YES
coarse-375x812           ok=true  pageVh=1.452  doc=1179   band=51   flow tally=board-margin   panelH=591    sq=351   fits=true   cell=38.55x38.55 ctrl=44    need any/chip/deal=428.58/568.58/634.3 covisNeed=285.3   COVIS=YES
coarse-430x932           ok=true  pageVh=1.324  doc=1234   band=51   flow tally=board-margin   panelH=591    sq=406   fits=true   cell=44.66x44.66 ctrl=44    need any/chip/deal=483.58/623.58/689.41 covisNeed=285.41  COVIS=YES
coarse-820x1180-iPadP    ok=true  pageVh=1.286  doc=1518   band=52   flow tally=board-margin   panelH=625    sq=672   fits=true   cell=74.22x74.22 ctrl=45    need any/chip/deal=750.78/899.34/966 covisNeed=296     COVIS=YES
coarse-844x390-land      ok=true  pageVh=3.892  doc=1518   band=52   flow tally=board-margin   panelH=625    sq=672   fits=false  cell=74.22x74.22 ctrl=45    need any/chip/deal=750.88/899.48/966.19 covisNeed=296.19  COVIS=no
coarse-926x428-land      ok=true  pageVh=3.549  doc=1519   band=53   flow tally=board-margin   panelH=626    sq=672   fits=false  cell=74.22x74.22 ctrl=45    need any/chip/deal=751.16/899.94/966.81 covisNeed=296.81  COVIS=no
coarse-1280x800-rail     ok=true  pageVh=1.05   doc=840    band=54   ovl  tally=board-margin   panelH=1098   sq=640   fits=true   cell=70.66x70.66 ctrl=44    need any/chip/deal=16/151.69/495.36 covisNeed=-142.64 COVIS=YES
fine-1440x900-rail       ok=true  pageVh=1.007  doc=906    band=55   ovl  tally=board-margin   panelH=988    sq=672   fits=true   cell=74.22x74.22 ctrl=38    need any/chip/deal=16/145.69/449.33 covisNeed=-220.67 COVIS=YES
fine-390x844-NEGCTRL     ok=true  pageVh=1.241  doc=1047   band=51   flow tally=board-margin   panelH=448    sq=366   fits=true   cell=40.22x40.22 ctrl=36    need any/chip/deal=443.58/568.95/626.55 covisNeed=262.55  COVIS=YES
