HEAD index-6v9S84SRo2al.js spec=11 device=15
P3CLOSE(3969f512) index-DHaSmfrTPFf0.js spec=9 device=13
row                                                        head base
g                                                          2     2 
g.boil-frame-layer.baked-hidden  [display:none]            3     3 
g.boil-frame-layer.is-active.baked-hidden  [display:none]  1     1 
g.boil-pose                                                3     3 
g.boil-pose.is-active                                      1     1 
svg.crayon-heart.idle                                      2     0   <-- DELTA
svg.sparkle-icon                                           1     1 
svg.toggle-icon.toggle-moon                                0     1   <-- DELTA
svg.toggle-icon.toggle-moon.is-active                      1     0   <-- DELTA
svg.toggle-icon.toggle-sun                                 1     0   <-- DELTA
svg.toggle-icon.toggle-sun.is-active                       0     1   <-- DELTA
FRESH ORIGIN head: index-6v9S84SRo2al.js spec 9 device 13
{
 "g": 2,
 "svg.toggle-icon.toggle-sun.is-active": 1,
 "svg.toggle-icon.toggle-moon": 1,
 "g.boil-frame-layer.is-active.baked-hidden  [display:none]": 1,
 "g.boil-frame-layer.baked-hidden  [display:none]": 3,
 "g.boil-pose.is-active": 1,
 "g.boil-pose": 3,
 "svg.sparkle-icon": 1
}
