=== golden run 4 ===
  ✓  3 e2e/visual-golden.spec.ts:218:1 › golden · grid top-left corner (light) — W13 soul: grain-static steady layer (914ms)
  ✓  1 e2e/visual-golden.spec.ts:210:1 › golden · single cell with given glyph (light) (917ms)
  ✓  2 e2e/visual-golden.spec.ts:203:1 › golden · toggle crest (dark, moon) — W13 soul: celestial rest pose (967ms)
  ✓  4 e2e/visual-golden.spec.ts:180:1 › golden · logo wordmark (light) — W13 soul: baked logo pose stack (977ms)
  4 passed (1.8s)
=== golden run 5 ===
  ✓  3 e2e/visual-golden.spec.ts:218:1 › golden · grid top-left corner (light) — W13 soul: grain-static steady layer (937ms)
  ✓  1 e2e/visual-golden.spec.ts:210:1 › golden · single cell with given glyph (light) (937ms)
  ✓  4 e2e/visual-golden.spec.ts:203:1 › golden · toggle crest (dark, moon) — W13 soul: celestial rest pose (948ms)
  ✓  2 e2e/visual-golden.spec.ts:180:1 › golden · logo wordmark (light) — W13 soul: baked logo pose stack (988ms)
  4 passed (1.7s)
=== golden run 6 ===
  ✓  1 e2e/visual-golden.spec.ts:218:1 › golden · grid top-left corner (light) — W13 soul: grain-static steady layer (942ms)
  ✓  4 e2e/visual-golden.spec.ts:210:1 › golden · single cell with given glyph (light) (956ms)
  ✓  2 e2e/visual-golden.spec.ts:203:1 › golden · toggle crest (dark, moon) — W13 soul: celestial rest pose (983ms)
  ✓  3 e2e/visual-golden.spec.ts:180:1 › golden · logo wordmark (light) — W13 soul: baked logo pose stack (1.0s)
  4 passed (1.8s)
=== golden run 7 ===
  ✓  1 e2e/visual-golden.spec.ts:218:1 › golden · grid top-left corner (light) — W13 soul: grain-static steady layer (942ms)
  ✓  4 e2e/visual-golden.spec.ts:210:1 › golden · single cell with given glyph (light) (948ms)
  ✓  3 e2e/visual-golden.spec.ts:203:1 › golden · toggle crest (dark, moon) — W13 soul: celestial rest pose (972ms)
  ✓  2 e2e/visual-golden.spec.ts:180:1 › golden · logo wordmark (light) — W13 soul: baked logo pose stack (1.0s)
  4 passed (1.8s)
=== golden run 8 ===
  ✓  3 e2e/visual-golden.spec.ts:218:1 › golden · grid top-left corner (light) — W13 soul: grain-static steady layer (942ms)
  ✓  2 e2e/visual-golden.spec.ts:210:1 › golden · single cell with given glyph (light) (952ms)
  ✓  1 e2e/visual-golden.spec.ts:203:1 › golden · toggle crest (dark, moon) — W13 soul: celestial rest pose (997ms)
  ✓  4 e2e/visual-golden.spec.ts:180:1 › golden · logo wordmark (light) — W13 soul: baked logo pose stack (998ms)
  4 passed (1.8s)
