=== HEAD 52ef014a · Fri Jul 31 23:58:50 EDT 2026 ===
--- vue-tsc --noEmit ---
exit=0
--- prettier --check src/ ---
Checking formatting...
All matched files use Prettier code style!
exit=0
--- eslint . ---
exit=0
--- knip ---
exit=0
--- test:font-coverage ---
font coverage OK — 2 subset faces, each covered as authored AND as transformed:
  Fraunces: 28 codepoints, 13788 B, 8 strings
  Patrick Hand: 46 codepoints, 4312 B, 10 strings
exit=0
--- lint:ink --self-test ---
ink-pressure ladder — every rung clears its floor, strictly increasing, in all 3 scopes (light, dark, print), each resolved out of index.css:
  --ink-press-rule    55%  3.53 light / 4.36 dark / 4.76 print  ≥3 (non-text)
  --ink-press-quiet   68%  5.23 light / 6.06 dark / 7.86 print  ≥4.5 (text)
  --ink-press-firm    72%  5.95 light / 6.66 dark / 9.23 print  ≥4.5 (text)
  --color-red-ink          4.98 light / 6.32 dark  ≥4.5 (.icon-sublabel.is-armed)
  washi tape               17.36 light / 9.06 dark  ≥4.5 (--color-foreground on --sheet-washi-neutral)

ungoverned register — --color-muted-foreground 4.65 light / 7.69 dark:
  light  rule < muted-foreground < quiet < firm
  dark   rule < quiet < firm < muted-foreground
  the ramp and the register cross between themes. Booked in index.css §INK PRESSURE, not gated.
exit=0
--- test:golden:bytes ---
  ok       23.7 KB  e2e/goldens/logo-light-linux.png
  ok        6.5 KB  e2e/goldens/toggle-crest-dark-darwin.png
  ok        6.8 KB  e2e/goldens/toggle-crest-dark-linux.png
[golden-bytes] PASS — every golden within the per-image ceiling.
exit=0
