  ✓   81 e2e/visual-regression.spec.ts:351:1 › graceful degradation: UI renders without backend API (740ms)
  ✓   83 e2e/visual-regression.spec.ts:429:1 › the Deal die is not crushed: the commit verb's box fits its own content (795ms)
  ✓   84 e2e/visual-regression.spec.ts:497:1 › the glass curve is the same curve in both layers (770ms)
  ✓   71 e2e/sudoku-interaction.spec.ts:65:1 › invalid solution: solve → edit cell → state reverts to idle (2.4s)
  ✓   80 e2e/visual-regression.spec.ts:285:1 › randomize populates board and blank cells accept input (1.1s)
  ✓   79 e2e/visual-regression.spec.ts:235:1 › grid draw-in completes and path-based boil activates (1.6s)
  ✓   87 e2e/visual-regression.spec.ts:696:1 › the iPad coarse card stays under the P1 seal: the chip seam is PAID for (774ms)
  ✓   88 e2e/visual-regression.spec.ts:760:1 › toggle warp rest pose: wrung into the page, no carousel travel (743ms)
  ✓   89 e2e/zone-grammar.spec.ts:51:1 › rendered-name census, rail: two eyebrows, three tapes, two captions — and the counter can see an injected one (765ms)
  ✓   90 e2e/zone-grammar.spec.ts:117:1 › every zone is named by its own VISIBLE tape — the accessible name and the drawn one are one string (821ms)
  ✓   85 e2e/visual-regression.spec.ts:522:1 › the deal receipt keeps off the commit verb, hover included (1.7s)
  ✓   91 e2e/zone-grammar.spec.ts:164:1 › the permanent tape is a LABEL, not a tooltip — and the surface it names has a name (872ms)
  ✓   92 e2e/zone-grammar.spec.ts:201:1 › the staged headings are HEADINGS for assistive tech — decided one way, not both (760ms)
  ✓   86 e2e/visual-regression.spec.ts:621:1 › option chips keep their separation: ≥6px between neighbours, both axes (1.9s)
  ✓   93 e2e/zone-grammar.spec.ts:244:1 › selection is announced: every option chip carries aria-pressed, exactly one per group (714ms)
  ✓   94 e2e/zone-grammar.spec.ts:276:1 › a frozen well mints ONE pose node and promotes nothing (the HandDrawnOutline prune) (735ms)
  ✓   95 e2e/zone-grammar.spec.ts:340:3 › coarse regime › the coarse card: regime witnessed first, then two eyebrows and a 44px floor in BOTH dimensions (1.2s)
  ✓   96 e2e/zone-grammar.spec.ts:382:3 › coarse regime › the teacher's well names the check state the card has never shown (1.2s)
  ✓   97 e2e/mobile-affordances.spec.ts:107:1 › native bounded entry (sudoku 9×9): coarse cell raises the numeric keypad, iOS-congruent, 16px floor (1.4s)
  ✓   99 e2e/mobile-affordances.spec.ts:139:1 › native bounded entry (futoshiki twin): coarse cell raises the numeric keypad, iOS-congruent (1.5s)
  ✓  101 e2e/mobile-affordances.spec.ts:206:1 › hint two-press by touch (T4-W7): first tap names the technique, second inks the digit (1.4s)
  ✓   98 e2e/mobile-affordances.spec.ts:123:1 › native bounded entry (sudoku 16×16): two-digit values 10–16 enter whole (1.6s)
  ✓  100 e2e/mobile-affordances.spec.ts:162:1 › touch play tools (T4-WM §2): undo / redo / hint tappable at ≥44px, wired, and no sticky hover (1.5s)
  ✓  102 e2e/mobile-affordances.spec.ts:232:1 › attribution opens on a single tap (T4-WM §2): the coarse focusin+click double-fire no longer nets closed (1.2s)
  ✓   82 e2e/visual-regression.spec.ts:367:1 › size switching: 4x4, 9x9, 16x16 all render grid lines (4.7s)
  ✓  106 e2e/mobile-affordances.spec.ts:341:1 › Deal is dirty-gated (T4-WU/U3): a pristine board carries no arm; a dirty board arms first (1.2s)
  ✓  105 e2e/mobile-affordances.spec.ts:268:1 › coarse affordances: persistent peek washi on a ≥44px target, icon sublabels, Clear confirm beat (1.4s)
  ✓  107 e2e/mobile-platform.spec.ts:52:3 › ios-discipline (iPhone-geometry coarse) › the board scene contains overscroll (no rubber-band / scroll-chain) (1.3s)
  ✓  108 e2e/mobile-platform.spec.ts:63:3 › ios-discipline (iPhone-geometry coarse) › game surfaces suppress selection + the double-tap-zoom delay (long-press-clean) (1.3s)
  ✓  103 e2e/mobile-affordances.spec.ts:245:1 › long-press peek (T4-WM §3, sudoku): a hold on a cell opens the candidate glimpse; release clears it (2.0s)
  ✓  109 e2e/mobile-platform.spec.ts:105:3 › ios-discipline (iPhone-geometry coarse) › tap-highlight + text-size-adjust are delivered (preflight) app-wide (1.4s)
  ✓  110 e2e/mobile-platform.spec.ts:125:3 › ios-discipline (iPhone-geometry coarse) › viewport opts into the notch + the fixed toggle pads clear of the safe area (1.4s)
  ✓  104 e2e/mobile-affordances.spec.ts:252:1 › long-press peek (T4-WM §3, futoshiki twin): a hold on a cell opens the candidate glimpse; release clears it (2.0s)
  ✓  113 e2e/mobile-platform.spec.ts:364:3 › landscape phone (~844×390, coarse) › no horizontal overflow; entry works (1.3s)
  ✓  112 e2e/mobile-platform.spec.ts:256:3 › the 296px keypad band (measured constant, driven through the composable) › every control can be seated clear of the keypad, verb and deepest chip alike (1.5s)
  ✓  111 e2e/mobile-platform.spec.ts:200:3 › keyboard-avoid (emulated visualViewport) › a focused below-fold cell scrolls clear of the emulated keyboard band (1.6s)
  ✓  115 e2e/mobile-platform.spec.ts:392:3 › large iPad landscape (≥1024, coarse → desktop drawer layout) › the drawer tab is a clean ≥44px tap target and toggles the rail (1.4s)
  ✓  114 e2e/mobile-platform.spec.ts:378:3 › iPad portrait (<1024, coarse, stacked) › no horizontal overflow; entry works (1.6s)

  115 passed (19.2s)
