### fps mean / long>50ms / worst ms

| scenario | m4-bat-head-r1 | m4-bat-head-r2 | m4-bat-head-r3 | m4-bat-base-r1 | m4-bat-base-r2 | m4-bat-base-r3 |
| --- | --- | --- | --- | --- | --- | --- |
| idle3s | 56.55 / 1 / 105 | 59.04 / 0 / 35 | 58.02 / 0 / 39 | 59.92 / 0 / 35 | 59.66 / 0 / 37 | 59.37 / 0 / 36 |
| deal | 54.51 / 0 / 43 | 59.69 / 0 / 29 | 59.69 / 0 / 28 | 60.26 / 0 / 25 | 60.19 / 0 / 24 | 59.63 / 0 / 27 |
| solveCelebration | 58.6 / 0 / 47 | 58.34 / 0 / 44 | 58.08 / 0 / 42 | 59.62 / 0 / 39 | 58.85 / 0 / 44 | 59.09 / 0 / 44 |
| galleryGlide | 49.17 / 3 / 302 | 49.59 / 3 / 259 | 49.59 / 4 / 266 | 49.61 / 3 / 256 | 50.02 / 3 / 261 | 49.61 / 3 / 248 |
| themeToggle | 51.58 / 2 / 137 | 51.44 / 2 / 150 | 51.59 / 2 / 133 | 52.74 / 2 / 129 | 54.43 / 2 / 123 | 52.55 / 2 / 137 |

### detail (frames · wall · p50 · p95 · long>33 · jank ms)

**m4-bat-head-r1**

| scenario | fps | frames | wall ms | p50 | p95 | >33 | >50 | worst | jank ms | note |
| --- | --- | --- | --- | --- | --- | --- | --- | --- | --- | --- |
| idle3s | 56.55 | 170 | 3006 | 17 | 28 | 6 | 1 | 105 | 105 | ~59Hz; anims running 0 |
| deal | 54.51 | 96 | 1761 | 17 | 33 | 3 | 0 | 43 | 0 |  |
| solveCelebration | 58.6 | 235 | 4010 | 17 | 26 | 3 | 0 | 47 | 0 |  |
| galleryGlide | 49.17 | 121 | 2461 | 17 | 26 | 5 | 3 | 302 | 450 |  |
| themeToggle | 51.58 | 129 | 2501 | 17 | 28 | 4 | 2 | 137 | 274 |  |

worst-3 frames per scenario (ms @ offset ms):
- idle3s: 105@928, 43@616, 39@362
- deal: 43@479, 37@436, 35@597
- solveCelebration: 47@2957, 46@60, 35@1079
- galleryGlide: 302@963, 78@310, 70@1431
- themeToggle: 137@173, 137@969, 47@832

engine: Mozilla/5.0 (iPhone; CPU iPhone OS 19_0 like Mac OS X) AppleWebKit/605.1.15 (KHTML, like Gecko) Version/19.0 Mobile/15E148 Safari/604.1
vendor=Apple Computer, Inc. dpr=3 viewport=393x699 screen=393x852 hc=8 touch=5 coarse=true prm=false dark=false themePinned=dark htmlDark=true ablated=false
census: nodes=1090 filtered=17 (html 0) willChange=39 transitionAll+dur=1 poses={"boilPose":20,"restPose":8,"dtPose":4} anims={"supported":true,"total":3,"running":0,"paused":0,"finished":3,"idle":0}

**m4-bat-head-r2**

| scenario | fps | frames | wall ms | p50 | p95 | >33 | >50 | worst | jank ms | note |
| --- | --- | --- | --- | --- | --- | --- | --- | --- | --- | --- |
| idle3s | 59.04 | 178 | 3015 | 17 | 28 | 4 | 0 | 35 | 0 | ~59Hz; anims running 0 |
| deal | 59.69 | 105 | 1759 | 17 | 22 | 0 | 0 | 29 | 0 |  |
| solveCelebration | 58.34 | 234 | 4011 | 17 | 28 | 4 | 0 | 44 | 0 |  |
