
=== TALLY · M4head · chromium (:4910) ===
390x664                  solved=true  rung1280=false paints=1 [strip] ctrl=2 · "0 backtracks — 1ms"
375x812                  solved=true  rung1280=false paints=1 [strip] ctrl=2 · "0 backtracks — 1ms"
430x932                  solved=true  rung1280=false paints=1 [strip] ctrl=2 · "0 backtracks — 1ms"
820x1180-iPadP           solved=true  rung1280=false paints=1 [strip] ctrl=2 · "0 backtracks — 1ms"
1023x800-just-under      solved=true  rung1280=false paints=1 [strip] ctrl=2 · "0 backtracks — 1ms"
1279x800-the-rung-edge   solved=true  rung1280=false paints=1 [strip] ctrl=2 · "0 backtracks — 1ms"
1440x900-fine-ABOVE      solved=true  rung1280=true  paints=1 [vignette] ctrl=2 · "0 backtracks — 1ms"

=== TALLY · M4head · webkit (:4910) ===
390x664                  solved=true  rung1280=false paints=1 [strip] ctrl=2 · "0 backtracks — 1ms"
375x812                  solved=true  rung1280=false paints=1 [strip] ctrl=2 · "0 backtracks — 1ms"
430x932                  solved=true  rung1280=false paints=1 [strip] ctrl=2 · "0 backtracks — 1ms"
820x1180-iPadP           solved=true  rung1280=false paints=1 [strip] ctrl=2 · "0 backtracks — 1ms"
1023x800-just-under      solved=true  rung1280=false paints=1 [strip] ctrl=2 · "0 backtracks — 1ms"
1279x800-the-rung-edge   solved=true  rung1280=false paints=1 [strip] ctrl=2 · "0 backtracks — 1ms"
1440x900-fine-ABOVE      solved=true  rung1280=true  paints=1 [vignette] ctrl=2 · "0 backtracks — 1ms"

=== TALLY · M4p3close · chromium (:4912) ===
390x664                  solved=true  rung1280=false paints=0 [—] ctrl=0 · ""
375x812                  solved=true  rung1280=false paints=0 [—] ctrl=0 · ""
430x932                  solved=true  rung1280=false paints=0 [—] ctrl=0 · ""
820x1180-iPadP           solved=true  rung1280=false paints=0 [—] ctrl=0 · ""
1023x800-just-under      solved=true  rung1280=false paints=0 [—] ctrl=0 · ""
1279x800-the-rung-edge   solved=true  rung1280=false paints=0 [—] ctrl=0 · ""
1440x900-fine-ABOVE      solved=true  rung1280=true  paints=1 [vignette] ctrl=1 · "0 backtracks — 1ms"

=== TALLY · M4p3close · webkit (:4912) ===
390x664                  solved=true  rung1280=false paints=0 [—] ctrl=0 · ""
375x812                  solved=true  rung1280=false paints=0 [—] ctrl=0 · ""
430x932                  solved=true  rung1280=false paints=0 [—] ctrl=0 · ""
820x1180-iPadP           solved=true  rung1280=false paints=0 [—] ctrl=0 · ""
1023x800-just-under      solved=true  rung1280=false paints=0 [—] ctrl=0 · ""
1279x800-the-rung-edge   solved=true  rung1280=false paints=0 [—] ctrl=0 · ""
1440x900-fine-ABOVE      solved=true  rung1280=true  paints=1 [vignette] ctrl=1 · "0 backtracks — 1ms"
