===== lint:ink =====
EXIT=0
ship-4 census — the six re-pitched surfaces, each pinned to the rung above (so the rung's floor is the surface's floor):
  1  .keyboard-legend         color: var(--ink-press-quiet)
  2  .legend-row kbd          border: var(--ink-press-rule)
  3  .legend-sep              no `opacity` declaration
  4  .margin-note-meta        color: var(--ink-press-quiet)
  5  .icon-sublabel.is-armed  color: var(--color-red-ink)
  6  .vignette-meta           color: var(--ink-press-quiet)

ungoverned register — --color-muted-foreground 4.65 light / 7.69 dark:
  light  rule < muted-foreground < quiet
  dark   rule < quiet < muted-foreground
  the ramp and the register cross between themes, and the crossing is GATED: exactly one ruling is admitted (src/assets/index.css §INK PRESSURE, 'WHAT THE LADDER DOES NOT GOVERN'), pinned to both rank strings above, and it reds on a second crossing, on a re-pitch that moves either rank, and on its own cure.
===== lint:copy =====
EXIT=0
  jargon · an utterance through a voice PASSED to a function as a parameter  →  1 offence(s), RED as required
  jargon · positive control — an IDENTIFIER handed to a voice is code, not copy  →  0 offence(s), GREEN as required
  jargon · positive control — a wrapper over NO voice is not a voice (the name is not the rule)  →  0 offence(s), GREEN as required
  jargon · a COPY_KEY whose value is a CALL, not a quote  →  1 offence(s), RED as required
  jargon · twin — the same key and call in the player's words  →  0 offence(s), GREEN as required
  jargon · positive control — a COPY_KEY whose value is a bare identifier reads nothing  →  0 offence(s), GREEN as required
  jargon · a PLURAL copy table named in SCREAMING_SNAKE for its office  →  1 offence(s), RED as required
  jargon · a PLURAL TitleCase copy table  →  1 offence(s), RED as required
  jargon · twin — the same plural table in the player's words  →  0 offence(s), GREEN as required
  admissions · a ghost admission is detected stale  →  1/1, RED as required

check-copy-register: 0 em/en dashes and 0 unadmitted jargon in product copy (0 admitted, each with its cure's seam)
===== lint:motion =====
EXIT=0
  [2 GRAMMAR] `PRM: live` lands with no reason — a declaration that says nothing
      → RED (as it must)
  [2 GRAMMAR] `PRM: frozen` lands with an empty cite
      → RED (as it must)
  [2 GRAMMAR] two declarations disagree (a merge keeps both sides)
      → RED (as it must)
  [3 ROUTE] CH-65 regresses — the freeze is 'restored' as `test.use({ reducedMotion })`
      → RED (as it must)
  [3 ROUTE] a frozen file loses its emulateMedia call entirely
      → RED (as it must)

OK — 34 specs, every one declaring its motion state, every `frozen` backed by the route that lands.
===== lint:live-regions =====
EXIT=0
live-region police scanned 52 SFCs under src
regions declared: 10 — src/games/shared/GameBoard.vue:1310, src/games/shared/GameControlPanel.vue:1094, src/games/shared/GameControlPanel.vue:1130, src/games/shared/GameControlPanel.vue:1195, src/games/shared/GameControlPanel.vue:1380, src/games/shared/SolverErrorNote.vue:43, src/pencil/chrome/GameGallery/GameGallery.vue:1068, src/pencil/chrome/GameGallery/GameGallery.vue:1074, src/pencil/chrome/MarginNote.vue:117, src/pencil/sheet/AnswerKeyLaminate.vue:204

self-test — the rule against a planted defect and its cure
  violation · a region born under v-if with its sentence already inside  →  1 finding(s), RED as required
  control   · the cured idiom: unconditional region, conditional content  →  0 finding(s), GREEN as required

check-live-regions: 0 regions born speaking — every declared region takes its content as a mutation
===== lint:theme-selectors =====
EXIT=0
  [2 UNHONORED MEDIA] a prefers-color-scheme block with nothing said about it
      → RED (want RED)
  [2 UNHONORED MEDIA] positive control — allowlisted with a reason
      → GREEN (want GREEN)
  [3 ALLOWLIST CLOSED] a stale entry — the selector it excuses is gone
      → RED (want RED)
  [3 ALLOWLIST CLOSED] the excused attribute gained a writer — the excuse outlived its reason
      → RED (want RED)
  [3 ALLOWLIST CLOSED] an entry whose reason is a shrug
      → RED (want RED)

OK — every data-attribute selector has a runtime writer, every prefers-color-scheme block is allowlisted with a reason, and the table is closed.
===== lint:theme-tokens =====
EXIT=0
@theme declared: 52
unreferenced (corpus only):     0
unreferenced (transitive rule): 0

negative control (re-add --color-input): RED as required

check-theme-tokens: 0 unreferenced @theme tokens
===== lint:sleep =====
EXIT=0
  ✓ GREEN — the cure: expect.poll over the same surface, no sleep at all
      → 0 flag(s), expected clean
  ✓ GREEN — sleep with a cited sleep-ok: the elapsed time is the subject
      → 0 flag(s), expected clean
  ✓ GREEN — a sleep before a retrying assertion (auto-waiting locator matcher)
      → 0 flag(s), expected clean
  ✓ GREEN — a sleep before a read that feeds NO assertion in the window
      → 0 flag(s), expected clean
  ✓ RED — an EXEMPT entry that no longer resolves to a site
      → 4 stale

OK — no fixed-duration wait precedes a one-shot assertion on a live surface across 34 specs.
===== DONE =====
