MOTION BANDS — 75 declarations carry a time (71 shipped); 83 DURATION positions, 49 on a rung, 33 literal (19 distinct); ladder 7 rungs (whisper 150, leave 200, note 250, dusk 350, step 440, throw 520, rise 520)
  top literals: 150ms×4, 320ms×3, 280ms×3, 250ms×3, 200ms×3, 180ms×2
  code roster: 22 clocks in .ts/<script> — 13 TRAVEL, 1 WINDOW, 8 POLICY, 0 unkinded
  ✓ B1 NAMED
  ✓ B2 CLOSED
  ✓ B3 ONE HOME, NO FALLBACK
  ✓ B4 NO-ALL
  ✓ B5 PRM
  ✗ B6 RATCHET — 1
  ✓ B7 TAILWIND
  ✗ B8 CURVE (MOT-VERB's cure) — 21
  ✓ B9 DELAY FENCE
  ✓ B10 PINNED-CITE
  ✓ B11 KIND FENCE
  ✓ B12 ABSENCE (static half)
  ✓ G-DOCK-BAND
  ✓ G-GUARD
  ✓ G-REFUSE-ONE-HOME

22 failure(s). Re-run with --list for each.
  • [B6 RATCHET] src/assets/index.css :: .cell-reveal-animated :: cell-reveal  300ms → 150ms — SHORTENED (W8 QUALITY LAW). A shortening needs a RETUNE row with a cite.  cell-reveal 0.15s var(--ease-anticipatePop)
  • [B8 CURVE (MOT-VERB's cure)] src/assets/index.css:615  NO curve on a transition — the UA's own `ease` by omission.  stroke var(--motion-throw, —)
  • [B8 CURVE (MOT-VERB's cure)] src/assets/index.css:632  NO curve on a transition — the UA's own `ease` by omission.  box-shadow var(--motion-throw, —)
  • [B8 CURVE (MOT-VERB's cure)] src/assets/index.css:694  a bare UA keyword on a transition.  background-color var(--motion-dusk, —) ease
  • [B8 CURVE (MOT-VERB's cure)] src/assets/index.css:694  a bare UA keyword on a transition.  color var(--motion-dusk, —) ease !important
  • [B8 CURVE (MOT-VERB's cure)] src/games/shared/DrawerTab.vue:144  a bare UA keyword on a transition.  transform var(--motion-whisper, —) ease-out
  • [B8 CURVE (MOT-VERB's cure)] src/games/shared/GameControlPanel.vue:1965  NO curve on a transition — the UA's own `ease` by omission.  background-color var(--motion-whisper, —)
  • [B8 CURVE (MOT-VERB's cure)] src/games/shared/GameControlPanel.vue:1965  NO curve on a transition — the UA's own `ease` by omission.  color var(--motion-whisper, —)
