  chromium/light HEAD violet #8b5cf6 a=0.95: core 134,89,235 line 4.377 paper 4.444
  chromium/light HEAD violet #8b5cf6 a=1: core 138,91,245 line 4.615 paper 4.214
  chromium/light pass2 gold #a47903 a=0.95: core 172,132,22 line 5.719 paper 3.401
  chromium/light pass2 gold #a47903 a=1: core 168,127,13 line 5.38 paper 3.616
  chromium/light r1 corridor C.122 #a87e13 a=0.95: core 172,133,31 line 5.778 paper 3.366
  chromium/light r1 corridor C.122 #a87e13 a=1: core 168,126,19 line 5.335 paper 3.646
  chromium/light r1 corridor C.126 #aa7e06 a=0.95: core 175,135,22 line 5.939 paper 3.275
  chromium/light r1 corridor C.126 #aa7e06 a=1: core 173,130,13 line 5.634 paper 3.453
  chromium/light done (valuenow 10, board 636px)
  chromium/light phone: board 365 trace 2.92px
  chromium/dark HEAD violet #7c3aed a=0.95: core 128,65,235 line 4.589 paper 3.451
  chromium/dark HEAD violet #7c3aed a=1: core 124,58,237 line 4.824 paper 3.284
  chromium/dark pass2 gold #7d6902 a=0.95: core 130,111,12 line 4.204 paper 3.767
  chromium/dark pass2 gold #7d6902 a=1: core 129,110,11 line 4.264 paper 3.714
  chromium/dark r1 corridor C.100 #79650f a=0.95: core 126,107,24 line 4.44 paper 3.567
  chromium/dark r1 corridor C.100 #79650f a=1: core 122,102,15 line 4.759 paper 3.328
  chromium/dark r1 corridor C.080 #75662c a=0.95: core 122,108,52 line 4.419 paper 3.584
  chromium/dark r1 corridor C.080 #75662c a=1: core 118,103,44 line 4.744 paper 3.338
  chromium/dark r1 corridor C.076 #74662f a=0.95: core 121,108,55 line 4.429 paper 3.576
  chromium/dark r1 corridor C.076 #74662f a=1: core 117,103,47 line 4.756 paper 3.33
  chromium/dark done (valuenow 10, board 636px)
  chromium/dark phone: board 365 trace 2.92px
  chromium bench: {"pointsPerPath":[493,493,493,493],"control":{"n":60,"medianMs":8.3,"p95Ms":9.3,"maxMs":9.4,"over20ms":0},"rewriting":{"n":60,"medianMs":8.3,"p95Ms":8.8,"maxMs":9.5,"over20ms":0}}
  webkit/light HEAD violet #8b5cf6 a=0.95: core 134,89,236 line 2.883 paper 4.433
  webkit/light HEAD violet #8b5cf6 a=1: core 139,92,246 line 3.072 paper 4.16
  webkit/light pass2 gold #a47903 a=0.95: core 171,130,20 line 3.676 paper 3.477
  webkit/light pass2 gold #a47903 a=1: core 168,127,14 line 3.535 paper 3.615
  webkit/light r1 corridor C.122 #a87e13 a=0.95: core 173,133,31 line 3.811 paper 3.354
  webkit/light r1 corridor C.122 #a87e13 a=1: core 168,126,19 line 3.505 paper 3.646
  webkit/light r1 corridor C.126 #aa7e06 a=0.95: core 176,135,22 line 3.917 paper 3.263
  webkit/light r1 corridor C.126 #aa7e06 a=1: core 174,132,18 line 3.784 paper 3.377
  webkit/light done (valuenow 10, board 636px)
  webkit/light phone: board 365 trace 2.92px
  webkit/dark HEAD violet #7c3aed a=0.95: core 128,65,235 line 3.139 paper 3.451
  webkit/dark HEAD violet #7c3aed a=1: core 124,58,237 line 3.299 paper 3.284
  webkit/dark pass2 gold #7d6902 a=0.95: core 131,112,15 line 2.834 paper 3.822
  webkit/dark pass2 gold #7d6902 a=1: core 130,112,16 line 2.845 paper 3.809
  webkit/dark r1 corridor C.100 #79650f a=0.95: core 126,107,25 line 3.036 paper 3.568
  webkit/dark r1 corridor C.100 #79650f a=1: core 121,101,15 line 3.303 paper 3.28
  webkit/dark r1 corridor C.080 #75662c a=0.95: core 123,109,54 line 2.978 paper 3.638
  webkit/dark r1 corridor C.080 #75662c a=1: core 117,102,44 line 3.292 paper 3.291
  webkit/dark r1 corridor C.076 #74662f a=0.95: core 120,107,55 line 3.073 paper 3.526
  webkit/dark r1 corridor C.076 #74662f a=1: core 116,102,47 line 3.3 paper 3.283
  webkit/dark done (valuenow 10, board 636px)
  webkit/dark phone: board 365 trace 2.92px
  webkit bench: {"pointsPerPath":[493,493,493,493],"control":{"n":60,"medianMs":17,"p95Ms":18,"maxMs":25,"over20ms":1},"rewriting":{"n":60,"medianMs":17,"p95Ms":22,"maxMs":29,"over20ms":3}}
banked readings/r2-paint.json
EXIT_OK
