  chromium/light pass2 #a47903 a=0.95: core 37,99,235 line 49,49,49 flank 1px/59,55,45 | vsLine 2.517 vsFlank 2.295 vsPaper 5.078
  chromium/light pass2 #a47903 a=1: core 37,99,235 line 49,49,49 flank 1px/59,55,44 | vsLine 2.517 vsFlank 2.297 vsPaper 5.078
  chromium/light corridor #a87e13 a=0.95: core 37,99,235 line 49,49,49 flank 1px/60,56,46 | vsLine 2.517 vsFlank 2.261 vsPaper 5.078
  chromium/light corridor #a87e13 a=1: core 37,99,235 line 49,49,49 flank 1px/59,55,45 | vsLine 2.517 vsFlank 2.295 vsPaper 5.078
  chromium/light deeper #9e7a26 a=0.95: core 37,99,235 line 49,49,49 flank 2px/59,55,48 | vsLine 2.517 vsFlank 2.289 vsPaper 5.078
  chromium/light deeper #9e7a26 a=1: core 37,99,235 line 49,49,49 flank 1px/58,55,47 | vsLine 2.517 vsFlank 2.299 vsPaper 5.078
  chromium/dark pass2 #7d6902 a=0.95: core 129,110,12 line 199,197,190 flank 1px/193,189,174 | vsLine 2.916 vsFlank 2.676 vsPaper 3.715
  chromium/dark pass2 #7d6902 a=1: core 125,105,2 line 199,197,190 flank 1px/191,187,172 | vsLine 3.123 vsFlank 2.804 vsPaper 3.469
  chromium/dark corridor #79650f a=0.95: core 125,106,24 line 199,197,190 flank 1px/192,189,175 | vsLine 3.081 vsFlank 2.822 vsPaper 3.517
  chromium/dark corridor #79650f a=1: core 121,101,15 line 199,197,190 flank 1px/191,187,173 | vsLine 3.303 vsFlank 2.968 vsPaper 3.28
  chromium/dark balanced #75662c a=0.95: core 121,107,52 line 199,197,190 flank 2px/192,189,177 | vsLine 3.066 vsFlank 2.813 vsPaper 3.533
  chromium/dark balanced #75662c a=1: core 117,102,44 line 199,197,190 flank 2px/190,187,176 | vsLine 3.292 vsFlank 2.958 vsPaper 3.291
  webkit/light pass2 #a47903 a=0.95: core 158,117,5 line 49,49,49 flank 2px/10,10,10 | vsLine 3.098 vsFlank 4.714 vsPaper 4.126
  webkit/light pass2 #a47903 a=1: core 164,121,3 line 49,49,49 flank 2px/10,10,10 | vsLine 3.292 vsFlank 5.011 vsPaper 3.882
  webkit/light corridor #a87e13 a=0.95: core 162,122,20 line 49,49,49 flank 2px/10,10,10 | vsLine 3.302 vsFlank 5.025 vsPaper 3.871
  webkit/light corridor #a87e13 a=1: core 168,126,19 line 49,49,49 flank 2px/10,10,10 | vsLine 3.505 vsFlank 5.335 vsPaper 3.646
  webkit/light deeper #9e7a26 a=0.95: core 152,118,38 line 49,49,49 flank 2px/10,10,10 | vsLine 3.069 vsFlank 4.671 vsPaper 4.164
  webkit/light deeper #9e7a26 a=1: core 158,122,38 line 49,49,49 flank 2px/10,10,10 | vsLine 3.262 vsFlank 4.964 vsPaper 3.918
  webkit/dark pass2 #7d6902 a=0.95: core 129,110,12 line 199,197,190 flank 2px/237,236,233 | vsLine 2.916 vsFlank 4.264 vsPaper 3.715
  webkit/dark pass2 #7d6902 a=1: core 125,105,2 line 199,197,190 flank 2px/237,236,233 | vsLine 3.123 vsFlank 4.565 vsPaper 3.469
  webkit/dark corridor #79650f a=0.95: core 125,106,24 line 199,197,190 flank 2px/237,236,233 | vsLine 3.081 vsFlank 4.504 vsPaper 3.517
  webkit/dark corridor #79650f a=1: core 121,101,15 line 199,197,190 flank 2px/237,236,233 | vsLine 3.303 vsFlank 4.829 vsPaper 3.28
  webkit/dark balanced #75662c a=0.95: core 121,107,52 line 199,197,190 flank 2px/237,236,233 | vsLine 3.066 vsFlank 4.482 vsPaper 3.533
  webkit/dark balanced #75662c a=1: core 117,102,44 line 199,197,190 flank 2px/237,236,233 | vsLine 3.292 vsFlank 4.813 vsPaper 3.291
banked readings/r4-adjacency.json
EXIT_OK
