AUDIT: app `npm run build` — BEFORE arm REBUILT after node_modules was restored to published pencil-boil 0.11.0 (md5-verified). The control on the swap: this bundle hash must equal build-BEFORE.log's.

> csp-solver-frontend@0.1.0 prebuild
> npm run wasm


> csp-solver-frontend@0.1.0 wasm
> make -C ../../csp-solver/wasm wasm

wasm-pack build --scope mkbabb --target web --profile wasm-release --no-default-features
[INFO]: 🎯  Checking for the Wasm target...
[INFO]: 🌀  Compiling to Wasm...
    Finished `wasm-release` profile [optimized] target(s) in 0.03s
[INFO]: found wasm-opt at "/opt/homebrew/bin/wasm-opt"
[INFO]: Optimizing wasm binaries with `wasm-opt`...
[INFO]: Optional field missing from Cargo.toml: 'repository'. This is not necessary, but recommended
[INFO]: ✨   Done in 0.31s
[INFO]: 📦   Your wasm pkg is ready to publish at /Users/mkbabb/Programming/csc411/CSC411_HW2_ProgrammingQuestion/csp-solver/wasm/pkg.
rm -f pkg/.gitignore
node scripts/pkg-exports.mjs --write
pkg-exports: stamped 3 rows onto /Users/mkbabb/Programming/csc411/CSC411_HW2_ProgrammingQuestion/csp-solver/wasm/pkg/package.json

> csp-solver-frontend@0.1.0 build
> vue-tsc -b && vite build

vite v8.1.4 building client environment for production...

 WARN  advancedChunks option is deprecated, please use codeSplitting instead.

[2K
transforming...✓ 229 modules transformed.
rendering chunks...
computing gzip size...
dist/index.html                                      3.01 kB │ gzip:  1.22 kB
dist/assets/firacode-subset-CbuNTc2aGjcY.woff2       3.62 kB
dist/assets/patrickhand-subset-BqV1besB36ib.woff2    4.31 kB
dist/assets/avatar-biqsjs3dzERf.png                  6.09 kB
dist/assets/fraunces-subset-nWzWvP1GNv2C.woff2      13.78 kB
dist/assets/solver.worker-CiwFumri.js               22.47 kB
dist/assets/csp_solver_wasm_bg-Cy09b5He.wasm       121.13 kB │ gzip: 49.17 kB
dist/assets/FutoshikiPoster-D9LDNJs_lqtS.css         0.28 kB │ gzip:  0.16 kB
dist/assets/PosterBoard-DDdWOzWzVgXD.css             0.39 kB │ gzip:  0.21 kB
dist/assets/spec-CAxGeu14Qq5g.css                    0.44 kB │ gzip:  0.25 kB
dist/assets/AnswerKeyLaminate-DQ8Zd4NTTWD3.css       0.89 kB │ gzip:  0.40 kB
dist/assets/CageOverlay-C4AEADXWxKx0.css             0.91 kB │ gzip:  0.35 kB
dist/assets/ThermoTube-BuYfyXhY4ACx.css              0.98 kB │ gzip:  0.33 kB
dist/assets/index-BJ36koLSifhi.css                  75.29 kB │ gzip: 15.60 kB
dist/assets/wire-BWlVgVoRtNtz.js                     0.17 kB │ gzip:  0.16 kB
dist/assets/ThermoPoster-Dxwfwp32ArpT.js             0.47 kB │ gzip:  0.35 kB
dist/assets/SudokuPoster-C8AsRxv911gl.js             0.51 kB │ gzip:  0.34 kB
dist/assets/clue-T9LEF4Uz-0WA.js                     0.52 kB │ gzip:  0.33 kB
dist/assets/KillerPoster-Ba1DZwhun6p7.js             0.68 kB │ gzip:  0.43 kB
dist/assets/clue-D2rvpoq_jBXM.js                     0.75 kB │ gzip:  0.46 kB
dist/assets/clue-CjMrWdeIG8MY.js                     0.84 kB │ gzip:  0.50 kB
dist/assets/KenKenPoster-DD1PizKoQfoE.js             1.03 kB │ gzip:  0.51 kB
dist/assets/FutoshikiPoster-COdAjE7vqhbw.js          1.05 kB │ gzip:  0.65 kB
dist/assets/ThermoTube-4CUdVkoFwssR.js               1.18 kB │ gzip:  0.72 kB
dist/assets/CageOverlay-BAgDVpQPStTi.js              1.73 kB │ gzip:  0.98 kB
dist/assets/spec-Cdy_QOWMKHTR.js                     2.07 kB │ gzip:  1.01 kB
dist/assets/spec-BYEME7wVvNQa.js                     2.17 kB │ gzip:  1.03 kB
dist/assets/AnswerKeyLaminate-CochEBYy7mqV.js        2.30 kB │ gzip:  1.31 kB
dist/assets/PosterBoard-i0vjxwWBGCvb.js              2.34 kB │ gzip:  1.08 kB
dist/assets/spec-DdwNFdGmJJ39.js                     2.35 kB │ gzip:  1.14 kB
dist/assets/spec-CE76jYX_KrCe.js                     3.25 kB │ gzip:  1.50 kB
dist/assets/animation-vendor-BISdRVo5DPrM.js        11.05 kB │ gzip:  4.55 kB
dist/assets/vue-vendor-BZlvHBt1ZB_s.js              84.17 kB │ gzip: 33.59 kB
dist/assets/index-BNMQu01IbxTY.js                  222.49 kB │ gzip: 84.88 kB

✓ built in 396ms
