npm:lint:lanes               tree 0 | control 0
npm:lint:theme-tokens        tree 0 | control 0
npm:lint:theme-selectors     tree 0 | control 0
npm:lint:sleep               tree 0 | control 0
npm:lint:motion              tree 0 | control 0
npm:lint:copy                tree 0 | control 0
npm:lint:ink                 tree 0 | control 0
npm:lint:catch               tree 0 | control 0
npm:lint:live-regions        tree 0 | control 0
npm:lint:face-engine         tree 0 | control absent
npm:test:e2e:projects        tree 1 | control 0
npm:test:font-coverage       tree 0 | control 0
npm:test:support-floor       tree 0 | control 0
npm:lint:bands               tree 1 | control absent
npm:lint:verbs               tree 1 | control absent
check-copy-register-bare     tree 0 | control 0
check-pw-projects            tree 1 | control 0
eslint                       tree 1 | control 0
npm:lint                     tree 1 | control 0
BATTERY-DONE
--- FINAL (after .face7/ moved out, 2026-09-24 ~01:30, bare) ---
eslint .                     tree 0
npm run lint                 tree 0
npm run lint:face-engine     tree 0
npm run test:font-coverage   tree 0
filter-census + theme-quadrants (built dist, preview config)  tree 20/20 cr · 20/20 wk | control 20/20 cr · 20/20 wk
pi-paint tree vs control     paintΔ 0 rectΔ 0 every cell both engines; floor 0; plant 1/1 every cell
