== chromium clean  procs 48
SELFTEST chromium photos/s 95 (gap {"n":94,"min":5.3,"median":9.2,"p95":16.4,"max":19.7}) rAF/s 125 (gap {"n":124,"min":4.7,"median":8.2,"p95":10.3,"max":11.6}) clock 95 OK load 43.25 38.35 29.86
RECORD chromium run1 click:.action-bar .info-btn:visible plant=none plantAt+-ms motion 229.9ms from +12.9ms (28 moved) | photos 22 changed 14 window 132.8ms photoGap {"n":21,"min":4.4,"median":8.3,"p95":16.4,"max":27.6} maxHeld(photo) 16.4ms | rAF 29 gap {"n":28,"min":5.5,"median":7.7,"p95":9.1,"max":23.9} maxGap(rAF) 23.9ms | load 43.25 38.35 29.86 | GREEN primary=photo | held≥50ms [+at,dur] photo [] subject [] rAF []
RECORD chromium run2 click:.action-bar .info-btn:visible plant=none plantAt+-ms motion 254.5ms from +34.8ms (27 moved) | photos 26 changed 16 window 192.2ms photoGap {"n":25,"min":4.3,"median":9.3,"p95":15.8,"max":18} maxHeld(photo) 39.3ms | rAF 31 gap {"n":30,"min":4.3,"median":8.3,"p95":10.6,"max":16.9} maxGap(rAF) 16.9ms | load 42.51 38.28 29.89 | GREEN primary=photo | held≥50ms [+at,dur] photo [] subject [] rAF []
RECORD chromium run3 click:.action-bar .info-btn:visible plant=none plantAt+-ms motion 235.9ms from +18.1ms (27 moved) | photos 22 changed 15 window 152.6ms photoGap {"n":21,"min":4,"median":8.9,"p95":19.4,"max":48.9} maxHeld(photo) 19.4ms | rAF 28 gap {"n":27,"min":5,"median":8,"p95":11.9,"max":22.5} maxGap(rAF) 22.5ms | load 40.23 37.88 29.79 | GREEN primary=photo | held≥50ms [+at,dur] photo [] subject [] rAF []
RECORD chromium run4 click:.action-bar .info-btn:visible plant=none plantAt+-ms motion 240ms from +16.8ms (27 moved) | photos 23 changed 15 window 158.3ms photoGap {"n":22,"min":5.9,"median":9.8,"p95":16.8,"max":35.7} maxHeld(photo) 16.5ms | rAF 28 gap {"n":27,"min":4.9,"median":8,"p95":10,"max":27.4} maxGap(rAF) 27.4ms | load 40.23 37.88 29.79 | GREEN primary=photo | held≥50ms [+at,dur] photo [] subject [] rAF []
RECORD chromium run5 click:.action-bar .info-btn:visible plant=none plantAt+-ms motion 247.9ms from +21.3ms (28 moved) | photos 23 changed 14 window 157ms photoGap {"n":22,"min":5.7,"median":10.5,"p95":30.3,"max":52.3} maxHeld(photo) 26.6ms | rAF 30 gap {"n":29,"min":4.5,"median":7.7,"p95":10.6,"max":20} maxGap(rAF) 20ms | load 40.21 37.91 29.85 | GREEN primary=photo | held≥50ms [+at,dur] photo [] subject [] rAF []
EXIT chromium clean 0
== chromium plant busy:150@40
SELFTEST chromium photos/s 95 (gap {"n":94,"min":5.2,"median":9.3,"p95":16.4,"max":17.9}) rAF/s 127 (gap {"n":126,"min":4,"median":7.9,"p95":9.9,"max":15.5}) clock 95 OK load 44.73 39.21 30.56
RECORD chromium run1 click:.action-bar .info-btn:visible plant=busy:150@40 plantAt+46.4ms motion 240.5ms from +12.7ms (8 moved) | photos 27 changed 3 window 173.5ms photoGap {"n":26,"min":4.3,"median":9.3,"p95":16.5,"max":58.5} maxHeld(photo) 119.6ms | rAF 10 gap {"n":9,"min":5.1,"median":8,"p95":156.5,"max":156.5} maxGap(rAF) 156.5ms | load 44.73 39.21 30.56 | RED primary=photo | held≥50ms [+at,dur] photo [[51.3,53.9],[105.2,119.6]] subject [[46.4,152]] rAF [[48.6,156.5]] | PLANT SEEN photo NO subject YES rAF YES
RECORD chromium run2 click:.action-bar .info-btn:visible plant=busy:150@40 plantAt+52.9ms motion 237.4ms from +18.5ms (7 moved) | photos 25 changed 3 window 114.1ms photoGap {"n":24,"min":5.4,"median":9.8,"p95":15.8,"max":18.4} maxHeld(photo) 104.4ms | rAF 9 gap {"n":8,"min":5.1,"median":9.3,"p95":159,"max":159} maxGap(rAF) 159ms | load 43.07 38.96 30.52 | RED primary=photo | held≥50ms [+at,dur] photo [[120.6,104.4]] subject [[52.8,152]] rAF [[52.6,159]] | PLANT SEEN photo NO subject YES rAF YES
EXIT chromium plant 1
== webkit clean  procs 73
SELFTEST webkit photos/s 21 (gap {"n":20,"min":45,"median":45.9,"p95":47.3,"max":47.3}) rAF/s 98 (gap {"n":97,"min":5,"median":10,"p95":14,"max":15}) clock 98 OK load 43.71 39.15 30.64
RECORD webkit run1 click:.action-bar .info-btn:visible plant=none plantAt+-ms motion 213ms from +46ms (21 moved) | photos 6 changed 4 window 148.2ms photoGap {"n":5,"min":48.8,"median":49.2,"p95":50.1,"max":50.1} maxHeld(photo) 50.1ms | rAF 21 gap {"n":20,"min":5,"median":10,"p95":15,"max":15} maxGap(rAF) 15ms | load 43.71 39.15 30.64 | GREEN primary=subject | held≥50ms [+at,dur] photo [[142.7,50.1]] subject [] rAF []
RECORD webkit run2 click:.action-bar .info-btn:visible plant=none plantAt+-ms motion 215ms from +29ms (20 moved) | photos 5 changed 4 window 146.7ms photoGap {"n":4,"min":47.8,"median":50,"p95":50.4,"max":50.4} maxHeld(photo) 50.4ms | rAF 20 gap {"n":19,"min":5,"median":10,"p95":15,"max":15} maxGap(rAF) 15ms | load 41.97 38.87 30.59 | GREEN primary=subject | held≥50ms [+at,dur] photo [[90.4,50.4]] subject [] rAF []
RECORD webkit run3 click:.action-bar .info-btn:visible plant=none plantAt+-ms motion 208ms from +28ms (20 moved) | photos 6 changed 4 window 149.1ms photoGap {"n":5,"min":48.5,"median":49.9,"p95":50.6,"max":50.6} maxHeld(photo) 50.6ms | rAF 20 gap {"n":19,"min":6,"median":10,"p95":20,"max":20} maxGap(rAF) 20ms | load 40.21 38.56 30.52 | GREEN primary=subject | held≥50ms [+at,dur] photo [[95.7,50],[145.7,50.6]] subject [] rAF []
RECORD webkit run4 click:.action-bar .info-btn:visible plant=none plantAt+-ms motion 207ms from +45ms (20 moved) | photos 6 changed 4 window 150.7ms photoGap {"n":5,"min":49.3,"median":50.6,"p95":51.1,"max":51.1} maxHeld(photo) 51.1ms | rAF 20 gap {"n":19,"min":5,"median":10,"p95":17,"max":17} maxGap(rAF) 17ms | load 40.21 38.56 30.52 | GREEN primary=subject | held≥50ms [+at,dur] photo [[94,51.1],[194.4,50.3]] subject [] rAF []
RECORD webkit run5 click:.action-bar .info-btn:visible plant=none plantAt+-ms motion 213ms from +26ms (20 moved) | photos 6 changed 3 window 100ms photoGap {"n":5,"min":49.1,"median":50,"p95":50.9,"max":50.9} maxHeld(photo) 50.5ms | rAF 20 gap {"n":19,"min":4,"median":10,"p95":18,"max":18} maxGap(rAF) 18ms | load 40.51 38.65 30.6 | GREEN primary=subject | held≥50ms [+at,dur] photo [[144.4,50.5]] subject [] rAF []
EXIT webkit clean 0
== webkit plant busy:150@40
SELFTEST webkit photos/s 21 (gap {"n":20,"min":44.7,"median":46.2,"p95":48.1,"max":48.1}) rAF/s 98 (gap {"n":97,"min":6,"median":10,"p95":13,"max":14}) clock 98 OK load 59.51 43.11 32.44
RECORD webkit run1 click:.action-bar .info-btn:visible plant=busy:150@40 plantAt+41ms motion 211ms from +195ms (20 moved) | photos 7 changed 4 window 149.2ms photoGap {"n":6,"min":48.4,"median":50,"p95":50.8,"max":50.8} maxHeld(photo) 50.8ms | rAF 20 gap {"n":19,"min":6,"median":11,"p95":12,"max":12} maxGap(rAF) 12ms | load 59.51 43.11 32.44 | GREEN primary=subject | held≥50ms [+at,dur] photo [[247.2,50.8],[346.4,50]] subject [] rAF [] | PLANT SEEN photo NO subject NO rAF NO
RECORD webkit run2 click:.action-bar .info-btn:visible plant=busy:150@40 plantAt+42ms motion 214ms from +197ms (20 moved) | photos 7 changed 4 window 150.4ms photoGap {"n":6,"min":49,"median":50.3,"p95":54.2,"max":54.2} maxHeld(photo) 51ms | rAF 20 gap {"n":19,"min":5,"median":10,"p95":18,"max":18} maxGap(rAF) 18ms | load 59.55 43.4 32.6 | GREEN primary=subject | held≥50ms [+at,dur] photo [[250.2,51],[301.3,50.3]] subject [] rAF [] | PLANT SEEN photo NO subject NO rAF NO
EXIT webkit plant 0
