== chromium tree vs control
chromium light 1280x800-fine: n=855/855 paintΔ 0 rectΔ 0 missing 0
chromium light 1280x800-coarse: n=855/855 paintΔ 0 rectΔ 0 missing 0
chromium light 390x844-coarse: n=877/877 paintΔ 0 rectΔ 0 missing 0
chromium dark 1280x800-fine: n=855/855 paintΔ 0 rectΔ 0 missing 0
chromium dark 1280x800-coarse: n=855/855 paintΔ 0 rectΔ 0 missing 0
chromium dark 390x844-coarse: n=877/877 paintΔ 0 rectΔ 0 missing 0
== chromium control vs control (floor)
chromium light 1280x800-fine: n=855/855 paintΔ 0 rectΔ 0 missing 0
chromium light 1280x800-coarse: n=855/855 paintΔ 0 rectΔ 0 missing 0
chromium light 390x844-coarse: n=877/877 paintΔ 0 rectΔ 0 missing 0
chromium dark 1280x800-fine: n=855/855 paintΔ 0 rectΔ 0 missing 0
chromium dark 1280x800-coarse: n=855/855 paintΔ 0 rectΔ 0 missing 0
chromium dark 390x844-coarse: n=877/877 paintΔ 0 rectΔ 0 missing 0
== chromium tree vs plant
chromium light 1280x800-fine: n=855/855 paintΔ 1 rectΔ 0 missing 0
   PAINT svg 0/div:0/main:4/div:0/div:1/div:0/div:0/div:0/svg:1 :: 6:1→0.98
chromium light 1280x800-coarse: n=855/855 paintΔ 1 rectΔ 0 missing 0
   PAINT svg 0/div:0/main:4/div:0/div:1/div:0/div:0/div:0/svg:1 :: 6:1→0.98
chromium light 390x844-coarse: n=877/877 paintΔ 1 rectΔ 0 missing 0
   PAINT svg 0/div:0/main:4/div:0/div:1/div:0/div:0/div:0/svg:1 :: 6:1→0.98
chromium dark 1280x800-fine: n=855/855 paintΔ 1 rectΔ 0 missing 0
   PAINT svg 0/div:0/main:4/div:0/div:1/div:0/div:0/div:0/svg:1 :: 6:1→0.98
chromium dark 1280x800-coarse: n=855/855 paintΔ 1 rectΔ 0 missing 0
   PAINT svg 0/div:0/main:4/div:0/div:1/div:0/div:0/div:0/svg:1 :: 6:1→0.98
chromium dark 390x844-coarse: n=877/877 paintΔ 1 rectΔ 0 missing 0
   PAINT svg 0/div:0/main:4/div:0/div:1/div:0/div:0/div:0/svg:1 :: 6:1→0.98
== webkit tree vs control
webkit light 1280x800-fine: n=855/855 paintΔ 0 rectΔ 0 missing 0
webkit light 1280x800-coarse: n=855/855 paintΔ 0 rectΔ 0 missing 0
webkit light 390x844-coarse: n=877/877 paintΔ 0 rectΔ 0 missing 0
webkit dark 1280x800-fine: n=855/855 paintΔ 0 rectΔ 0 missing 0
webkit dark 1280x800-coarse: n=855/855 paintΔ 0 rectΔ 0 missing 0
webkit dark 390x844-coarse: n=877/877 paintΔ 0 rectΔ 0 missing 0
== webkit control vs control (floor)
webkit light 1280x800-fine: n=855/855 paintΔ 0 rectΔ 0 missing 0
webkit light 1280x800-coarse: n=855/855 paintΔ 0 rectΔ 0 missing 0
webkit light 390x844-coarse: n=877/877 paintΔ 0 rectΔ 0 missing 0
webkit dark 1280x800-fine: n=855/855 paintΔ 0 rectΔ 0 missing 0
webkit dark 1280x800-coarse: n=855/855 paintΔ 0 rectΔ 0 missing 0
webkit dark 390x844-coarse: n=877/877 paintΔ 0 rectΔ 0 missing 0
== webkit tree vs plant
webkit light 1280x800-fine: n=855/855 paintΔ 1 rectΔ 0 missing 0
   PAINT svg 0/div:0/main:4/div:0/div:1/div:0/div:0/div:0/svg:1 :: 6:1→0.98
webkit light 1280x800-coarse: n=855/855 paintΔ 1 rectΔ 0 missing 0
   PAINT svg 0/div:0/main:4/div:0/div:1/div:0/div:0/div:0/svg:1 :: 6:1→0.98
webkit light 390x844-coarse: n=877/877 paintΔ 1 rectΔ 0 missing 0
   PAINT svg 0/div:0/main:4/div:0/div:1/div:0/div:0/div:0/svg:1 :: 6:1→0.98
webkit dark 1280x800-fine: n=855/855 paintΔ 1 rectΔ 0 missing 0
   PAINT svg 0/div:0/main:4/div:0/div:1/div:0/div:0/div:0/svg:1 :: 6:1→0.98
webkit dark 1280x800-coarse: n=855/855 paintΔ 1 rectΔ 0 missing 0
   PAINT svg 0/div:0/main:4/div:0/div:1/div:0/div:0/div:0/svg:1 :: 6:1→0.98
webkit dark 390x844-coarse: n=877/877 paintΔ 1 rectΔ 0 missing 0
   PAINT svg 0/div:0/main:4/div:0/div:1/div:0/div:0/div:0/svg:1 :: 6:1→0.98
PI-DONE
ALL
