load 59.33 29.75 20.84 procs 47
tree REST chromium unpark {"mode":"double","before":[{"name":"--action-bar-h","published":"121px","truth":"121px"}],"afterAct":[{"name":"--action-bar-h","published":"121px","truth":"121px"}],"afterPerturb":[{"name":"--action-bar-h","published":"132px","truth":"132px"}],"rest":[{"ms":11,"residual":0},{"ms":238,"residual":0}],"stale":[],"verdict":"GREEN"}
tree LOAD 76.60 33.82 22.33
EXIT tree chromium double 0
tree REST chromium unpark {"mode":"single","before":[{"name":"--action-bar-h","published":"121px","truth":"121px"}],"afterAct":[{"name":"--action-bar-h","published":"223px","truth":"223px"}],"afterPerturb":[{"name":"--action-bar-h","published":"244px","truth":"244px"}],"rest":[{"ms":242,"residual":0},{"ms":248,"residual":0}],"stale":[],"verdict":"GREEN"}
tree LOAD 76.60 33.82 22.33
EXIT tree chromium single 0
control REST chromium unpark {"mode":"double","before":[{"name":"--action-bar-h","published":"121px","truth":"121px"}],"afterAct":[{"name":"--action-bar-h","published":"121px","truth":"121px"}],"afterPerturb":[{"name":"--action-bar-h","published":"132px","truth":"132px"}],"rest":[{"ms":8,"residual":0},{"ms":350,"residual":0}],"stale":[],"verdict":"GREEN"}
control LOAD 84.64 36.20 23.24
EXIT control chromium double 0
control REST chromium unpark {"mode":"single","before":[{"name":"--action-bar-h","published":"121px","truth":"121px"}],"afterAct":[{"name":"--action-bar-h","published":"121px","truth":"121px"}],"afterPerturb":[{"name":"--action-bar-h","published":"132px","truth":"132px"}],"rest":[{"ms":413,"residual":0},{"ms":244,"residual":0}],"stale":[],"verdict":"GREEN"}
control LOAD 84.64 36.20 23.24
EXIT control chromium single 0
tree REST webkit unpark {"mode":"double","before":[{"name":"--action-bar-h","published":"121px","truth":"121px"}],"afterAct":[{"name":"--action-bar-h","published":"121px","truth":"121px"}],"afterPerturb":[{"name":"--action-bar-h","published":"132px","truth":"132px"}],"rest":[{"ms":17,"residual":0},{"ms":232,"residual":0}],"stale":[],"verdict":"GREEN"}
tree LOAD 82.35 36.53 23.43
EXIT tree webkit double 0
tree REST webkit unpark {"mode":"single","before":[{"name":"--action-bar-h","published":"121px","truth":"121px"}],"afterAct":[{"name":"--action-bar-h","published":"223px","truth":"223px"}],"afterPerturb":[{"name":"--action-bar-h","published":"244px","truth":"244px"}],"rest":[{"ms":241,"residual":0},{"ms":233,"residual":0}],"stale":[],"verdict":"GREEN"}
tree LOAD 82.35 36.53 23.43
EXIT tree webkit single 0
control REST webkit unpark {"mode":"double","before":[{"name":"--action-bar-h","published":"121px","truth":"121px"}],"afterAct":[{"name":"--action-bar-h","published":"121px","truth":"121px"}],"afterPerturb":[{"name":"--action-bar-h","published":"132px","truth":"132px"}],"rest":[{"ms":353,"residual":0},{"ms":223,"residual":0}],"stale":[],"verdict":"GREEN"}
control LOAD 78.96 36.58 23.52
EXIT control webkit double 0
control REST webkit unpark {"mode":"single","before":[{"name":"--action-bar-h","published":"121px","truth":"121px"}],"afterAct":[{"name":"--action-bar-h","published":"121px","truth":"121px"}],"afterPerturb":[{"name":"--action-bar-h","published":"132px","truth":"132px"}],"rest":[{"ms":314,"residual":0},{"ms":231,"residual":0}],"stale":[],"verdict":"GREEN"}
control LOAD 74.31 36.33 23.51
EXIT control webkit single 0
