
===== chromium · /?view=gallery&size=3&difficulty=MEDIUM · 1280x800 =====
tapes: head 15  proto 15
  CLAIMED (the card)   tray-well (THE CARD) | "new game"        face Patrick Hand/Fraunces  size 14.048/25.888  wt 500/800  |dBox| 0.0000
  pi                   controls-card | "hold to peek"           face Patrick Hand/Patrick Hand  size 16/16  wt 600/600  |dBox| 0.0000
  CLAIMED (the card)   tray-well (THE CARD) | "pencils"         face Patrick Hand/Fraunces  size 14.048/25.888  wt 500/800  |dBox| 0.0000
  pi                   tray-well (THE CARD) | "normal writes a digit. c" face Patrick Hand/Patrick Hand  size 16/16  wt 600/600  |dBox| 0.0000
  pi                   tray-well (THE CARD) | "show every digit that st" face Patrick Hand/Patrick Hand  size 16/16  wt 600/600  |dBox| 0.0000
  CLAIMED (the card)   tray-well (THE CARD) | "checking"        face Patrick Hand/Fraunces  size 14.048/25.888  wt 500/800  |dBox| 0.0000
  pi                   tray-well (THE CARD) | "when your mistakes get c" face Patrick Hand/Patrick Hand  size 16/16  wt 600/600  |dBox| 0.0000
  CLAIMED (the card)   tray-well (THE CARD) | "players"         face Patrick Hand/Fraunces  size 14.048/25.888  wt 500/800  |dBox| 0.0000
  pi                   tray-well (THE CARD) | "share this board and eve" face Patrick Hand/Patrick Hand  size 16/16  wt 600/600  |dBox| 0.0000
  pi                   controls-card | "wipe every digit you've " face Patrick Hand/Patrick Hand  size 16/16  wt 600/600  |dBox| 0.0000
  pi                   controls-card | "fill the cells that have" face Patrick Hand/Patrick Hand  size 16/16  wt 600/600  |dBox| 0.0000
  pi                   controls-card | "finishes the board for y" face Patrick Hand/Patrick Hand  size 16/16  wt 600/600  |dBox| 0.0000
  pi                   controls-card | "copy a link to this boar" face Patrick Hand/Patrick Hand  size 16/16  wt 600/600  |dBox| 0.0000
  pi                   controls-card | "invite someone to write " face Patrick Hand/Patrick Hand  size 16/16  wt 600/600  |dBox| 0.0000
  pi                   staging-band | "new game"                face Patrick Hand/Patrick Hand  size 14.048/14.048  wt 500/500  |dBox| 0.0000

===== webkit · /?view=gallery&size=3&difficulty=MEDIUM · 1280x800 =====
tapes: head 15  proto 15
  CLAIMED (the card)   tray-well (THE CARD) | "new game"        face Patrick Hand/Fraunces  size 14.048/25.888  wt 500/800  |dBox| 0.0000
  pi                   controls-card | "hold to peek"           face Patrick Hand/Patrick Hand  size 16/16  wt 600/600  |dBox| 0.0000
  CLAIMED (the card)   tray-well (THE CARD) | "pencils"         face Patrick Hand/Fraunces  size 14.048/25.888  wt 500/800  |dBox| 0.0000
  pi                   tray-well (THE CARD) | "normal writes a digit. c" face Patrick Hand/Patrick Hand  size 16/16  wt 600/600  |dBox| 0.0000
  pi                   tray-well (THE CARD) | "show every digit that st" face Patrick Hand/Patrick Hand  size 16/16  wt 600/600  |dBox| 0.0000
  CLAIMED (the card)   tray-well (THE CARD) | "checking"        face Patrick Hand/Fraunces  size 14.048/25.888  wt 500/800  |dBox| 0.0000
  pi                   tray-well (THE CARD) | "when your mistakes get c" face Patrick Hand/Patrick Hand  size 16/16  wt 600/600  |dBox| 0.0000
  CLAIMED (the card)   tray-well (THE CARD) | "players"         face Patrick Hand/Fraunces  size 14.048/25.888  wt 500/800  |dBox| 0.0000
  pi                   tray-well (THE CARD) | "share this board and eve" face Patrick Hand/Patrick Hand  size 16/16  wt 600/600  |dBox| 0.0000
  pi                   controls-card | "wipe every digit you've " face Patrick Hand/Patrick Hand  size 16/16  wt 600/600  |dBox| 0.0000
  pi                   controls-card | "fill the cells that have" face Patrick Hand/Patrick Hand  size 16/16  wt 600/600  |dBox| 0.0000
  pi                   controls-card | "finishes the board for y" face Patrick Hand/Patrick Hand  size 16/16  wt 600/600  |dBox| 0.0000
  pi                   controls-card | "copy a link to this boar" face Patrick Hand/Patrick Hand  size 16/16  wt 600/600  |dBox| 0.0000
  pi                   controls-card | "invite someone to write " face Patrick Hand/Patrick Hand  size 16/16  wt 600/600  |dBox| 0.0000
  pi                   staging-band | "new game"                face Patrick Hand/Patrick Hand  size 14.048/14.048  wt 500/500  |dBox| 0.0000
EXIT=0
