
== chromium · 390x844 coarse ==
  proto: 20 names × 6 surfaces → 1 hits
      "players" 63.04% by div.action-bar::before
  head: 9 names × 6 surfaces → 1 hits
      "players" 100% by div.action-bar::before

== chromium · 1280x800 fine ==
  proto: 12 names × 4 surfaces → 4 hits
      "pencils" 48.38% by div.action-bar
      "pencils" 51.62% by div.action-bar::after
      "marks" 100% by div.action-bar::after
      "Normal" 100% by div.action-bar::after
  head: 5 names × 4 surfaces → 3 hits
      "pencils" 28.86% by div.action-bar
      "pencils" 71.14% by div.action-bar::after
      "marks" 100% by div.action-bar::after

== webkit · 390x844 coarse ==
  proto: 20 names × 0 surfaces → 0 hits
  head: 9 names × 6 surfaces → 1 hits
      "players" 100% by div.action-bar::before

== webkit · 1280x800 fine ==
  proto: 12 names × 4 surfaces → 4 hits
      "pencils" 46.75% by div.action-bar
      "pencils" 53.25% by div.action-bar::after
      "marks" 100% by div.action-bar::after
      "Normal" 100% by div.action-bar::after
  head: 5 names × 4 surfaces → 3 hits
      "pencils" 28.89% by div.action-bar
      "pencils" 71.11% by div.action-bar::after
      "marks" 100% by div.action-bar::after
EXIT=0
