
== chromium · 320×568 coarse ==
  card h  proto 352 / head 352  Δ 0
  cap "marks"  used 87 min-content 87 (Δ 0)  x 16→103  basis auto align start  strip@16 w288 next-line  | HEAD used 60 x 16→76
  cap "what fits"  used 120.69 min-content 120.69 (Δ 0)  x 16→136.69  basis auto align start  strip@144.69 w159.31 same-line  | HEAD used 60 x 16→76
  left-edge spread 0  right-edge spread 33.69
  chip tap box min 44×44 rung 20 tracking normal  widest word 51.56
  printed voices ["Fraunces · 25.89 · 800 · lowercase"]
  tokens {"ringInk":"#3a7bc4","motionWhisper":"0s","cardPadX":"0px","foldToolsH":"0px","headRule":"0px","stripLen":"0px"}
  paint  {"headTransition":"color cubic-bezier(0.4, 0, 0.2, 1)","chipOutline":"oklab(0.144521 0.00000657141 0.00000288337 / 0.5)"}
  HEAD tokens {"ringInk":"","motionWhisper":"","cardPadX":"","foldToolsH":"","headRule":"0px","stripLen":""}
  HEAD paint  {"headTransition":"all","chipOutline":"oklab(0.144787 0.00000661612 0.00000289828 / 0.5)"}

== chromium · 390×844 coarse ==
  card h  proto 628 / head 628  Δ 0
  cap "marks"  used 87 min-content 87 (Δ 0)  x 16→103  basis auto align start  strip@111 w263 same-line  | HEAD used 60 x 16→76
  cap "what fits"  used 120.69 min-content 120.69 (Δ 0)  x 16→136.69  basis auto align start  strip@144.69 w229.31 same-line  | HEAD used 60 x 16→76
  left-edge spread 0  right-edge spread 33.69
  chip tap box min 44×44 rung 20 tracking normal  widest word 51.56
  printed voices ["Fraunces · 25.89 · 800 · lowercase"]
  tokens {"ringInk":"#3a7bc4","motionWhisper":"0s","cardPadX":"0px","foldToolsH":"0px","headRule":"0px","stripLen":"0px"}
  paint  {"headTransition":"color cubic-bezier(0.4, 0, 0.2, 1)","chipOutline":"oklab(0.144521 0.00000657141 0.00000288337 / 0.5)"}
  HEAD tokens {"ringInk":"","motionWhisper":"","cardPadX":"","foldToolsH":"","headRule":"0px","stripLen":""}
  HEAD paint  {"headTransition":"all","chipOutline":"oklab(0.144787 0.00000661612 0.00000289828 / 0.5)"}

== chromium · 768×1024 coarse ==
  card h  proto 685.08 / head 681.02  Δ 4.06
  cap "marks"  used 87 min-content 87 (Δ 0)  x 16→103  basis auto align start  strip@111 w641 same-line  | HEAD used 60 x 16→76
  cap "what fits"  used 120.69 min-content 120.69 (Δ 0)  x 16→136.69  basis auto align start  strip@144.69 w607.31 same-line  | HEAD used 60 x 16→76
  left-edge spread 0  right-edge spread 33.69
  chip tap box min 44×44 rung 20 tracking normal  widest word 51.56
  printed voices ["Fraunces · 25.89 · 800 · lowercase"]
  tokens {"ringInk":"#3a7bc4","motionWhisper":"0s","cardPadX":"0px","foldToolsH":"0px","headRule":"12px","stripLen":"0px"}
  paint  {"headTransition":"color cubic-bezier(0.4, 0, 0.2, 1)","chipOutline":"oklab(0.144521 0.00000657141 0.00000288337 / 0.5)"}
  HEAD tokens {"ringInk":"","motionWhisper":"","cardPadX":"","foldToolsH":"","headRule":"calc(.75rem + 0px)","stripLen":""}
  HEAD paint  {"headTransition":"all","chipOutline":"oklab(0.144787 0.00000661612 0.00000289828 / 0.5)"}

== chromium · 1280×800 fine ==
  card h  proto 608 / head 608  Δ 0
  cap "marks"  used 87 min-content 87 (Δ 0)  x 853.89→940.89  basis auto align start  strip@null wnull next-line  | HEAD used 268.22 x 853.89→1122.11
  cap "what fits"  used 120.69 min-content 120.69 (Δ 0)  x 853.89→974.58  basis auto align start  strip@null wnull next-line  | HEAD used 268.22 x 853.89→1122.11
  left-edge spread 0  right-edge spread 33.69
  chip tap box min 130.52×38 rung 20 tracking normal  widest word 55.45
  printed voices ["Fraunces · 25.89 · 800 · lowercase"]
  tokens {"ringInk":"#3a7bc4","motionWhisper":"0s","cardPadX":"0px","foldToolsH":"0px","headRule":"12px","stripLen":"0px"}
  paint  {"headTransition":"color cubic-bezier(0.4, 0, 0.2, 1)","chipOutline":"oklab(0.144521 0.00000657141 0.00000288337 / 0.5)"}
  HEAD tokens {"ringInk":"","motionWhisper":"","cardPadX":"","foldToolsH":"","headRule":"calc(.75rem + 0px)","stripLen":""}
  HEAD paint  {"headTransition":"all","chipOutline":"oklab(0.144787 0.00000661612 0.00000289828 / 0.5)"}

== chromium · 844×390 landscape (coarse, hasTouch) ==
  proto  coarse=true  tab "controls" 48×92 onscreen=true  →1 gesture: case=true deal REACHED level REACHED  | cardH 723 (READING)  printed n=2 ["Fraunces · 25.89 · 800 · lowercase"]
  head  coarse=true  tab "controls" 48×92 onscreen=true  →1 gesture: case=true deal REACHED level REACHED  | cardH 719 (READING)  printed n=2 ["Fraunces · 25.89 · 800 · lowercase"]

== chromium · 812×375 landscape (coarse, hasTouch) ==
  proto  coarse=true  tab "controls" 48×92 onscreen=true  →1 gesture: case=true deal REACHED level REACHED  | cardH 723 (READING)  printed n=2 ["Fraunces · 25.89 · 800 · lowercase"]
  head  coarse=true  tab "controls" 48×92 onscreen=true  →1 gesture: case=true deal REACHED level REACHED  | cardH 719 (READING)  printed n=2 ["Fraunces · 25.89 · 800 · lowercase"]

== webkit · 320×568 coarse ==
  card h  proto 351.98 / head 351.98  Δ 0
  cap "marks"  used 87.03 min-content 87.03 (Δ 0)  x 16→103.03  basis auto align start  strip@16 w288 next-line  | HEAD used 60 x 16→76
  cap "what fits"  used 120.72 min-content 120.72 (Δ 0)  x 16→136.72  basis auto align start  strip@144.72 w159.28 same-line  | HEAD used 60 x 16→76
  left-edge spread 0  right-edge spread 33.69
  chip tap box min 44×44 rung 20 tracking normal  widest word 51.56
  printed voices ["Fraunces · 25.89 · 800 · lowercase"]
  tokens {"ringInk":"#3a7bc4","motionWhisper":"0s","cardPadX":"0px","foldToolsH":"0px","headRule":"0px","stripLen":"0px"}
  paint  {"headTransition":"color cubic-bezier(0.4, 0, 0.2, 1)","chipOutline":"oklab(0.144522 0 0 / 0.5)"}
  HEAD tokens {"ringInk":"","motionWhisper":"","cardPadX":"","foldToolsH":"","headRule":"0px","stripLen":""}
  HEAD paint  {"headTransition":"all","chipOutline":"oklab(0.144788 0 0 / 0.5)"}

== webkit · 390×844 coarse ==
  card h  proto 627.98 / head 627.98  Δ 0
  cap "marks"  used 87.03 min-content 87.03 (Δ 0)  x 16→103.03  basis auto align start  strip@111.03 w262.97 same-line  | HEAD used 60 x 16→76
  cap "what fits"  used 120.72 min-content 120.72 (Δ 0)  x 16→136.72  basis auto align start  strip@144.72 w229.28 same-line  | HEAD used 60 x 16→76
  left-edge spread 0  right-edge spread 33.69
  chip tap box min 44×44 rung 20 tracking normal  widest word 51.56
  printed voices ["Fraunces · 25.89 · 800 · lowercase"]
  tokens {"ringInk":"#3a7bc4","motionWhisper":"0s","cardPadX":"0px","foldToolsH":"0px","headRule":"0px","stripLen":"0px"}
  paint  {"headTransition":"color cubic-bezier(0.4, 0, 0.2, 1)","chipOutline":"oklab(0.144522 0 0 / 0.5)"}
  HEAD tokens {"ringInk":"","motionWhisper":"","cardPadX":"","foldToolsH":"","headRule":"0px","stripLen":""}
  HEAD paint  {"headTransition":"all","chipOutline":"oklab(0.144788 0 0 / 0.5)"}

== webkit · 768×1024 coarse ==
  card h  proto 685.33 / head 681.33  Δ 4
  cap "marks"  used 87.03 min-content 87.03 (Δ 0)  x 16→103.03  basis auto align start  strip@111.03 w640.97 same-line  | HEAD used 60 x 16→76
  cap "what fits"  used 120.72 min-content 120.72 (Δ 0)  x 16→136.72  basis auto align start  strip@144.72 w607.28 same-line  | HEAD used 60 x 16→76
  left-edge spread 0  right-edge spread 33.69
  chip tap box min 44×44 rung 20 tracking normal  widest word 51.56
  printed voices ["Fraunces · 25.89 · 800 · lowercase"]
  tokens {"ringInk":"#3a7bc4","motionWhisper":"0s","cardPadX":"0px","foldToolsH":"0px","headRule":"12px","stripLen":"0px"}
  paint  {"headTransition":"color cubic-bezier(0.4, 0, 0.2, 1)","chipOutline":"oklab(0.144522 0 0 / 0.5)"}
  HEAD tokens {"ringInk":"","motionWhisper":"","cardPadX":"","foldToolsH":"","headRule":"calc(.75rem + 0px)","stripLen":""}
  HEAD paint  {"headTransition":"all","chipOutline":"oklab(0.144788 0 0 / 0.5)"}

== webkit · 1280×800 fine ==
  card h  proto 608 / head 608  Δ 0
  cap "marks"  used 87.03 min-content 87.03 (Δ 0)  x 853.84→940.88  basis auto align start  strip@null wnull next-line  | HEAD used 268.31 x 853.84→1122.16
  cap "what fits"  used 120.72 min-content 120.72 (Δ 0)  x 853.84→974.56  basis auto align start  strip@null wnull next-line  | HEAD used 268.31 x 853.84→1122.16
  left-edge spread 0  right-edge spread 33.68
  chip tap box min 130.56×38 rung 20 tracking normal  widest word 55.45
  printed voices ["Fraunces · 25.89 · 800 · lowercase"]
  tokens {"ringInk":"#3a7bc4","motionWhisper":"0s","cardPadX":"0px","foldToolsH":"0px","headRule":"12px","stripLen":"0px"}
  paint  {"headTransition":"color cubic-bezier(0.4, 0, 0.2, 1)","chipOutline":"oklab(0.144522 0 0 / 0.5)"}
  HEAD tokens {"ringInk":"","motionWhisper":"","cardPadX":"","foldToolsH":"","headRule":"calc(.75rem + 0px)","stripLen":""}
  HEAD paint  {"headTransition":"all","chipOutline":"oklab(0.144788 0 0 / 0.5)"}

== webkit · 844×390 landscape (coarse, hasTouch) ==
  proto  coarse=true  tab "controls" 48×92 onscreen=true  →1 gesture: case=true deal REACHED level REACHED  | cardH 723 (READING)  printed n=2 ["Fraunces · 25.89 · 800 · lowercase"]
  head  coarse=true  tab "controls" 48×92 onscreen=true  →1 gesture: case=true deal REACHED level REACHED  | cardH 719 (READING)  printed n=2 ["Fraunces · 25.89 · 800 · lowercase"]

== webkit · 812×375 landscape (coarse, hasTouch) ==
  proto  coarse=true  tab "controls" 48×92 onscreen=true  →1 gesture: case=true deal REACHED level REACHED  | cardH 723 (READING)  printed n=2 ["Fraunces · 25.89 · 800 · lowercase"]
  head  coarse=true  tab "controls" 48×92 onscreen=true  →1 gesture: case=true deal REACHED level REACHED  | cardH 719 (READING)  printed n=2 ["Fraunces · 25.89 · 800 · lowercase"]
EXIT=0
