
== chromium · 1280×800 fine ==
  π   cornerRightTop       proto "12px"  head "12px"
  π   cornerLeftTop        proto "12px"  head "12px"
  π   mobileAttribTop      proto "12px"  head "12px"
  Δ !! rootHeadRule         proto "0px"  head ""
  Δ !! pageHeadRule         proto "12px"  head "calc(.75rem + 0px)"
  Δ !! cornerRightHeadRule  proto "12px"  head "calc(.75rem + 0px)"
  π   sheetMaxH            proto "none"  head "none"
  Δ !! sheetChrome          proto "0px"  head ""
  π   cornerRightBox       proto [1072,12,208,208]  head [1072,12,208,208]
  π   cornerLeftBox        proto [0,12,75.53,39.75]  head [0,12,75.53,39.75]

== chromium · 390×844 coarse ==
  π   cornerRightTop       proto "0px"  head "0px"
  π   cornerLeftTop        proto "0px"  head "0px"
  π   mobileAttribTop      proto "0px"  head "0px"
  Δ !! rootHeadRule         proto "0px"  head ""
  π   pageHeadRule         proto "0px"  head "0px"
  π   cornerRightHeadRule  proto "0px"  head "0px"
  π   sheetMaxH            proto "none"  head "none"
  Δ !! sheetChrome          proto "192px"  head "12rem"
  π   cornerRightBox       proto [326,0,64,64]  head [326,0,64,64]
  π   cornerLeftBox        proto [0,0,0,0]  head [0,0,0,0]

== chromium · 844×390 coarse ==
  π   cornerRightTop       proto "12px"  head "12px"
  π   cornerLeftTop        proto "12px"  head "12px"
  π   mobileAttribTop      proto "12px"  head "12px"
  Δ !! rootHeadRule         proto "0px"  head ""
  Δ !! pageHeadRule         proto "12px"  head "calc(.75rem + 0px)"
  Δ !! cornerRightHeadRule  proto "12px"  head "calc(.75rem + 0px)"
  π   sheetMaxH            proto "none"  head "none"
  Δ !! sheetChrome          proto "64px"  head "4rem"
  π   cornerRightBox       proto [764,12,80,80]  head [764,12,80,80]
  π   cornerLeftBox        proto [0,12,75.53,44]  head [0,12,75.53,44]

== webkit · 1280×800 fine ==
  π   cornerRightTop       proto "12px"  head "12px"
  π   cornerLeftTop        proto "12px"  head "12px"
  π   mobileAttribTop      proto "12px"  head "12px"
  Δ !! rootHeadRule         proto "0px"  head ""
  Δ !! pageHeadRule         proto "12px"  head "calc(.75rem + 0px)"
  Δ !! cornerRightHeadRule  proto "12px"  head "calc(.75rem + 0px)"
  π   sheetMaxH            proto "none"  head "none"
  Δ !! sheetChrome          proto "0px"  head ""
  π   cornerRightBox       proto [1072,12,208,208]  head [1072,12,208,208]
  π   cornerLeftBox        proto [0,12,75.53,39.75]  head [0,12,75.53,39.75]

== webkit · 390×844 coarse ==
  π   cornerRightTop       proto "0px"  head "0px"
  π   cornerLeftTop        proto "0px"  head "0px"
  π   mobileAttribTop      proto "0px"  head "0px"
  Δ !! rootHeadRule         proto "0px"  head ""
  π   pageHeadRule         proto "0px"  head "0px"
  π   cornerRightHeadRule  proto "0px"  head "0px"
  π   sheetMaxH            proto "none"  head "none"
  Δ !! sheetChrome          proto "192px"  head "12rem"
  π   cornerRightBox       proto [326,0,64,64]  head [326,0,64,64]
  π   cornerLeftBox        proto [0,0,0,0]  head [0,0,0,0]

== webkit · 844×390 coarse ==
  π   cornerRightTop       proto "12px"  head "12px"
  π   cornerLeftTop        proto "12px"  head "12px"
  π   mobileAttribTop      proto "12px"  head "12px"
  Δ !! rootHeadRule         proto "0px"  head ""
  Δ !! pageHeadRule         proto "12px"  head "calc(.75rem + 0px)"
  Δ !! cornerRightHeadRule  proto "12px"  head "calc(.75rem + 0px)"
  π   sheetMaxH            proto "none"  head "none"
  Δ !! sheetChrome          proto "64px"  head "4rem"
  π   cornerRightBox       proto [764,12,80,80]  head [764,12,80,80]
  π   cornerLeftBox        proto [0,12,75.53,44]  head [0,12,75.53,44]
EXIT=0
