
Running 6 tests using 1 worker

CRIT|A.zoneRows|[{"label":"marks","h":44,"w":358},{"label":"candidates","h":44,"w":358},{"label":"your cell","h":44,"w":358}]
CRIT|A.rosterBox|{"h":1,"w":1}
  ✓  1 [chromium] › crit-probe/crit-scene.spec.ts:45:1 › A · the phone card's 32.83 (1.5s)
CRIT|B.shut|{"cls":"player-lobby","dur":"0s, 0s, 0s","prop":"opacity, transform, visibility"}
CRIT|B.open|{"cls":"player-lobby is-open","dur":"0.15s, 0.15s, 0s","prop":"opacity, transform, visibility","opacity":"1"}
CRIT|B.aa|{"bg":"rgb(252, 251, 251)","fg":"color(srgb 0.15 0.15 0.15 / 0.68)","ratio":20.31}
  ✓  2 [chromium] › crit-probe/crit-scene.spec.ts:83:1 › B · PRM on the sheet (1.3s)
CRIT|C.drove|"drove 6"
CRIT|C.rows|{"sheetH":284.58,"rows":[{"cls":"pl-row","h":22.39,"text":"continental-roosteryou"},{"cls":"pl-row","h":22.39,"text":"classic-leopon"},{"cls":"pl-row","h":22.39,"text":"automatic-nightingale"},{"cls":"pl-row","h":22.39,"text":"working-catfish"},{"cls":"pl-row pl-more","h":22.39,"text":"and 4 more"}]}
CRIT|D.selfRings|0
CRIT|D.dots|6
  ✓  3 [chromium] › crit-probe/crit-scene.spec.ts:141:1 › C+D · the rows' own heights, and the seam (4.8s)
CRIT|A.zoneRows|[{"label":"marks","h":44,"w":358},{"label":"candidates","h":44,"w":358},{"label":"your cell","h":44,"w":358}]
CRIT|A.rosterBox|{"h":1,"w":1}
  ✓  4 [webkit] › crit-probe/crit-scene.spec.ts:45:1 › A · the phone card's 32.83 (1.9s)
CRIT|B.shut|{"cls":"player-lobby","dur":"0s, 0s, 0s","prop":"opacity, transform, visibility"}
CRIT|B.open|{"cls":"player-lobby is-open","dur":"0.15s, 0.15s, 0s","prop":"opacity, transform, visibility","opacity":"1"}
CRIT|B.aa|{"bg":"rgb(252, 251, 251)","fg":"color(srgb 0.15 0.15 0.15 / 0.68)","ratio":20.31}
  ✓  5 [webkit] › crit-probe/crit-scene.spec.ts:83:1 › B · PRM on the sheet (1.6s)
CRIT|C.drove|"drove 6"
CRIT|C.rows|{"sheetH":284.58,"rows":[{"cls":"pl-row","h":22.39,"text":"then-bearyou"},{"cls":"pl-row","h":22.39,"text":"classic-leopon"},{"cls":"pl-row","h":22.39,"text":"automatic-nightingale"},{"cls":"pl-row","h":22.39,"text":"working-catfish"},{"cls":"pl-row pl-more","h":22.39,"text":"and 4 more"}]}
CRIT|D.selfRings|0
CRIT|D.dots|6
  ✓  6 [webkit] › crit-probe/crit-scene.spec.ts:141:1 › C+D · the rows' own heights, and the seam (5.1s)

  6 passed (17.2s)
