
Running 2 tests using 1 worker

CRIT|shut.filters|9
CRIT|focus.before|"INPUT/Row 5, column 5, given clue 8"
CRIT|focus.after|"INPUT/Row 5, column 5, given clue 8"
CRIT|focus.kept|true
CRIT|sheet.visible|1
CRIT|selfRings|1
CRIT|open.filters|9
CRIT|chart.box|{"w":96,"h":96}
CRIT|ring.aa|{"stroke":"rgb(37, 99, 235)","width":"20.8333px","ratio":5}
CRIT|escape.closed|true
  ✓  1 [chromium] › crit-probe/crit-seam.spec.ts:28:1 › the seam and the budget (2.3s)
CRIT|shut.filters|9
CRIT|focus.before|"INPUT/Row 5, column 5, given clue 3"
CRIT|focus.after|"INPUT/Row 5, column 5, given clue 3"
CRIT|focus.kept|true
CRIT|sheet.visible|1
CRIT|selfRings|1
CRIT|open.filters|9
CRIT|chart.box|{"w":96,"h":96}
CRIT|ring.aa|{"stroke":"rgb(37, 99, 235)","width":"20.833334px","ratio":5}
CRIT|escape.closed|true
  ✓  2 [webkit] › crit-probe/crit-seam.spec.ts:28:1 › the seam and the budget (3.7s)

  2 passed (6.7s)
