
Running 30 tests using 1 worker

  ✓   1 [chromium] › e2e/player-place.spec.ts:126:1 › 1 · the chart opens on the room as it is, and a move after the press is still damped (5.2s)
  ✓   2 [chromium] › e2e/player-place.spec.ts:183:1 › 2 · the query at four: a peer row answers, your own row dims nothing (2.6s)
  ✓   3 [chromium] › e2e/player-place.spec.ts:226:1 › 3 · Hidden says one null and draws you nowhere; Shown says your cell once and draws you there (3.7s)
  ✓   4 [chromium] › e2e/player-place.spec.ts:283:1 › 4 · the head is still while a peer walks the board, and the same scope moves once open (10.2s)
  ✓   5 [chromium] › e2e/player-place.spec.ts:339:3 › 5 · the pitch at 4×4: 32/3 px a cell, a dot 8px across (2.3s)
  ✓   6 [chromium] › e2e/player-place.spec.ts:339:3 › 5 · the pitch at 9×9: 32/3 px a cell, a dot 8px across (2.6s)
  ✓   7 [chromium] › e2e/player-place.spec.ts:339:3 › 5 · the pitch at 16×16: 32/3 px a cell, a dot 8px across (2.7s)
  ✓   8 [chromium] › e2e/player-place.spec.ts:373:1 › 6 · each qualifier sits on its own peer (23.5s)
  ✓   9 [chromium] › e2e/player-place.spec.ts:436:1 › 7 · a tapped mark opens on a coarse phone, the lap belongs to the sheet, and one tap there dismisses (5.7s)
  ✓  10 [chromium] › e2e/player-place.spec.ts:550:1 › 8 · under reduce the open sheet has no transition left (836ms)
  ✓  11 [chromium] › e2e/player-place.spec.ts:577:1 › 9 · the hostage: B walks, C moves once, and C steps inside its own settle window (6.0s)
  ✓  12 [chromium] › e2e/player-place.spec.ts:612:1 › 10 · a close is a pose: the chart leaves with the sheet, by Escape and by the mark (3.5s)
  ✓  13 [chromium] › e2e/player-place.spec.ts:687:1 › 11 · your ring and the room agree: a mouse open on your cell, a keyed open on none (2.8s)
  ✓  14 [chromium] › e2e/player-place.spec.ts:718:1 › 11 · your ring and the room agree: a tapped open on a phone draws you on none (2.8s)
  ✓  15 [chromium] › e2e/player-place.spec.ts:744:1 › 12 · a tap at the bottom edge of the sheet dismisses it and reaches no cell (3.5s)
  ✓  16 [webkit] › e2e/player-place.spec.ts:126:1 › 1 · the chart opens on the room as it is, and a move after the press is still damped (7.2s)
  ✓  17 [webkit] › e2e/player-place.spec.ts:183:1 › 2 · the query at four: a peer row answers, your own row dims nothing (4.6s)
  ✓  18 [webkit] › e2e/player-place.spec.ts:226:1 › 3 · Hidden says one null and draws you nowhere; Shown says your cell once and draws you there (4.8s)
  ✓  19 [webkit] › e2e/player-place.spec.ts:283:1 › 4 · the head is still while a peer walks the board, and the same scope moves once open (11.2s)
  ✓  20 [webkit] › e2e/player-place.spec.ts:339:3 › 5 · the pitch at 4×4: 32/3 px a cell, a dot 8px across (3.3s)
  ✓  21 [webkit] › e2e/player-place.spec.ts:339:3 › 5 · the pitch at 9×9: 32/3 px a cell, a dot 8px across (3.6s)
  ✓  22 [webkit] › e2e/player-place.spec.ts:339:3 › 5 · the pitch at 16×16: 32/3 px a cell, a dot 8px across (3.7s)
  ✓  23 [webkit] › e2e/player-place.spec.ts:373:1 › 6 · each qualifier sits on its own peer (24.8s)
  ✓  24 [webkit] › e2e/player-place.spec.ts:436:1 › 7 · a tapped mark opens on a coarse phone, the lap belongs to the sheet, and one tap there dismisses (4.9s)
  ✓  25 [webkit] › e2e/player-place.spec.ts:550:1 › 8 · under reduce the open sheet has no transition left (1.6s)
  ✓  26 [webkit] › e2e/player-place.spec.ts:577:1 › 9 · the hostage: B walks, C moves once, and C steps inside its own settle window (7.9s)
  ✓  27 [webkit] › e2e/player-place.spec.ts:612:1 › 10 · a close is a pose: the chart leaves with the sheet, by Escape and by the mark (4.7s)
  ✓  28 [webkit] › e2e/player-place.spec.ts:687:1 › 11 · your ring and the room agree: a mouse open on your cell, a keyed open on none (4.1s)
  ✓  29 [webkit] › e2e/player-place.spec.ts:718:1 › 11 · your ring and the room agree: a tapped open on a phone draws you on none (3.9s)
  ✓  30 [webkit] › e2e/player-place.spec.ts:744:1 › 12 · a tap at the bottom edge of the sheet dismisses it and reaches no cell (4.4s)

  30 passed (2.9m)
EXIT=0
