
Running 21 tests using 1 worker

  ✓   1 [chromium] › e2e/join-language-prm.spec.ts:60:1 › a join renders no ring at all, and the row lands open and written (2.6s)
  ✓   2 [chromium] › e2e/join-language-prm.spec.ts:105:1 › a departure is gone the same frame: no held row, no retreating ring (2.6s)
  ✓   3 [chromium] › e2e/join-language-prm.spec.ts:128:1 › a peer’s ghost lands drawn — tier 4 sketches on nowhere (326ms)
  ✓   4 [chromium] › e2e/player-mark.spec.ts:111:1 › the mark rests graphite alone and takes the room ink the moment somebody else is here (1.8s)
  ✓   5 [chromium] › e2e/player-mark.spec.ts:173:1 › a mouse press opens the sheet, keeps the cell focused, and tells the room nothing (1.5s)
  ✓   6 [chromium] › e2e/player-mark.spec.ts:218:1 › after a mouse open, Escape keeps the caret in the cell, and a focus move from the cell shuts the sheet (1.5s)
  ✓   7 [chromium] › e2e/player-mark.spec.ts:252:1 › Space and Enter each toggle once, Escape shuts it, and focus never leaves the mark (486ms)
  ✓   8 [chromium] › e2e/player-mark.spec.ts:285:1 › the sheet never scrolls, and it compresses rather than outgrow its budget (990ms)
  ✓   9 [chromium] › e2e/player-mark.spec.ts:328:1 › the head rule is a registered length whose publisher can be struck visibly (370ms)
  ✓  10 [chromium] › e2e/player-mark.spec.ts:416:1 › Escape reaches only the open sheet, and reaches the peek when the sheet is shut (611ms)
  ✓  11 [chromium] › e2e/player-mark.spec.ts:473:1 › the desk draws the same rows at 800 and at 799, and the pass-3 query is why it did not (1.2s)
  ✓  12 [chromium] › e2e/player-mark.spec.ts:497:1 › a short portrait phone compresses and a coarse landscape phone does not (4.8s)
  ✓  13 [chromium] › e2e/player-mark.spec.ts:529:1 › a tap opens the mark on a coarse phone, and the pass-4 seam is why it did not (2.1s)
  ✓  14 [chromium] › e2e/player-mark.spec.ts:568:1 › both head disclosures are framed by a drawn edge and paint no CSS border (736ms)
  ✓  15 [chromium] › e2e/player-mark.spec.ts:627:1 › the deck paints your swatch in the colour the room paints you (1.2s)
  ✓  16 [chromium] › e2e/presence.spec.ts:177:1 › a page that dies without a bye leaves the roster on a clock, and the quiet pages keep theirs (1.0m)
  ✓  17 [chromium] › e2e/session-substrate.spec.ts:99:1 › a size-changing deal re-dimensions the whole table, not just the dealer (967ms)
  ✓  18 [chromium] › e2e/session-substrate.spec.ts:132:1 › one page switches game and the whole table turns the page with it (1.6s)
  ✓  19 [chromium] › e2e/session-substrate.spec.ts:197:1 › leave a table and come back to it: same name, same row, your digits still yours (1.3s)
  ✓  20 [chromium] › e2e/session-substrate.spec.ts:261:1 › a digit is on disk the moment its board stops being the live face (983ms)
  ✓  21 [chromium] › e2e/session-substrate.spec.ts:313:1 › a still draws a peer's digit in the peer's ink, not the reader's (1.6s)

  21 passed (1.5m)
EXIT=0
