
Running 20 tests using 1 worker

PI chromium desk-fine light payload=ATMuNzQwODkxMDUw… givens=61 noise=0/0 delta=11/11 filters A 9/9 B 9/9/9 A2 9/9
  ✓   1 [chromium] › .plr-place/probe-pi.spec.ts:34:3 › pi desk-fine light (4.1s)
PI chromium desk-fine dark payload=ATMuOTQwODEyMDA3… givens=61 noise=0/0 delta=11/11 filters A 11/11 B 11/11/11 A2 11/11
  ✓   2 [chromium] › .plr-place/probe-pi.spec.ts:34:3 › pi desk-fine dark (4.0s)
PI chromium phone-coarse light payload=ATMuMDA0Njg1OTMx… givens=61 noise=0/0 delta=11/11 filters A 9/9 B 9/9/9 A2 9/9
  ✓   3 [chromium] › .plr-place/probe-pi.spec.ts:34:3 › pi phone-coarse light (3.7s)
PI chromium phone-coarse dark payload=ATMuMjA0MDgwMTU3… givens=61 noise=0/0 delta=11/11 filters A 11/11 B 11/11/11 A2 11/11
  ✓   4 [chromium] › .plr-place/probe-pi.spec.ts:34:3 › pi phone-coarse dark (3.9s)
  ✓   5 [chromium] › e2e/filter-census.spec.ts:300:1 › G3.1 · live-filter census equals filterBudget.ts exactly, area and all (built dist) (2.0s)
  ✓   6 [chromium] › e2e/filter-census.spec.ts:320:3 › G3.3 · the coarse regime › G3.3 · live-filter census holds below 1024 (built dist) (2.8s)
  ✓   7 [chromium] › e2e/filter-census.spec.ts:441:1 › G3.5 · no :hover state mints a live filter — board regime (built dist) (2.3s)
  ✓   8 [chromium] › e2e/filter-census.spec.ts:448:1 › G3.5 · no :hover state mints a live filter — PICKER regime (built dist) (1.7s)
  ✓   9 [chromium] › e2e/filter-census.spec.ts:462:1 › G3.2 · no retained fill supplies a computed transform (built dist) (2.0s)
  ✓  10 [chromium] › e2e/filter-census.spec.ts:507:1 › G3.2 · source `forwards|both` fill sites equal FILL_ALLOWLIST exactly (7ms)
PI webkit desk-fine light payload=ATMuNDAyMDA3OTMw… givens=61 noise=0/0 delta=11/11 filters A 9/9 B 9/9/9 A2 9/9
  ✓  11 [webkit] › .plr-place/probe-pi.spec.ts:34:3 › pi desk-fine light (5.1s)
PI webkit desk-fine dark payload=ATMuMDM2MDUwMTIw… givens=61 noise=0/0 delta=11/11 filters A 11/11 B 11/11/11 A2 11/11
  ✓  12 [webkit] › .plr-place/probe-pi.spec.ts:34:3 › pi desk-fine dark (4.9s)
PI webkit phone-coarse light payload=ATMuOTQzNjIxODA3… givens=61 noise=0/0 delta=11/11 filters A 9/9 B 9/9/9 A2 9/9
  ✓  13 [webkit] › .plr-place/probe-pi.spec.ts:34:3 › pi phone-coarse light (4.5s)
PI webkit phone-coarse dark payload=ATMuMTQwNTY4MDI3… givens=61 noise=0/0 delta=11/11 filters A 11/11 B 11/11/11 A2 11/11
  ✓  14 [webkit] › .plr-place/probe-pi.spec.ts:34:3 › pi phone-coarse dark (4.5s)
  ✓  15 [webkit] › e2e/filter-census.spec.ts:300:1 › G3.1 · live-filter census equals filterBudget.ts exactly, area and all (built dist) (2.8s)
  ✓  16 [webkit] › e2e/filter-census.spec.ts:320:3 › G3.3 · the coarse regime › G3.3 · live-filter census holds below 1024 (built dist) (2.7s)
  ✓  17 [webkit] › e2e/filter-census.spec.ts:441:1 › G3.5 · no :hover state mints a live filter — board regime (built dist) (3.2s)
  ✓  18 [webkit] › e2e/filter-census.spec.ts:448:1 › G3.5 · no :hover state mints a live filter — PICKER regime (built dist) (1.9s)
  ✓  19 [webkit] › e2e/filter-census.spec.ts:462:1 › G3.2 · no retained fill supplies a computed transform (built dist) (2.8s)
  ✓  20 [webkit] › e2e/filter-census.spec.ts:507:1 › G3.2 · source `forwards|both` fill sites equal FILL_ALLOWLIST exactly (18ms)

  20 passed (59.7s)
EXIT=0
