PLC|replay.peer|joined
PLC|g1.ordinary|{"frames":74,"steps":27,"cx":17,"cy":17,"dotsAdded":1,"headMutations":0,"records":35,"jumps":26,"spanMin":1.005,"movesPerMin":25.9,"batchesPerMin":26.9,"bankedRaw":74.7,"bankedSettle700":33.3}
PLC|g1.sweep|{"frames":165,"steps":1,"cx":1,"cy":0,"dotsAdded":0,"headMutations":0,"records":1,"jumps":1,"spanMin":0.347,"movesPerMin":2.9,"batchesPerMin":2.9,"bankedRaw":469.8,"bankedSettle700":3}
  ✓  1 [chromium] › .plr-place/probe-rate.spec.ts:54:1 › THE RATE AND THE STILL HEAD — G1 and G4 on the banked traces (1.4m)
PLC|replay.peer|joined
PLC|g1.ordinary|{"frames":74,"steps":27,"cx":17,"cy":17,"dotsAdded":1,"headMutations":0,"records":35,"jumps":26,"spanMin":1.005,"movesPerMin":25.9,"batchesPerMin":26.9,"bankedRaw":74.7,"bankedSettle700":33.3}
PLC|g1.sweep|{"frames":165,"steps":1,"cx":1,"cy":0,"dotsAdded":0,"headMutations":0,"records":1,"jumps":1,"spanMin":0.347,"movesPerMin":2.9,"batchesPerMin":2.9,"bankedRaw":469.8,"bankedSettle700":3}
  ✓  2 [chromium] › .plr-place/probe-rate.spec.ts:54:1 › THE RATE AND THE STILL HEAD — G1 and G4 on the banked traces (1.4m)
PLC|replay.peer|joined
PLC|g1.ordinary|{"frames":74,"steps":27,"cx":17,"cy":17,"dotsAdded":1,"headMutations":0,"records":35,"jumps":26,"spanMin":1.005,"movesPerMin":25.9,"batchesPerMin":26.9,"bankedRaw":74.7,"bankedSettle700":33.3}
PLC|g1.sweep|{"frames":165,"steps":1,"cx":1,"cy":0,"dotsAdded":0,"headMutations":0,"records":1,"jumps":1,"spanMin":0.347,"movesPerMin":2.9,"batchesPerMin":2.9,"bankedRaw":469.8,"bankedSettle700":3}
  ✓  3 [chromium] › .plr-place/probe-rate.spec.ts:54:1 › THE RATE AND THE STILL HEAD — G1 and G4 on the banked traces (1.4m)
PLC|replay.peer|joined
PLC|g1.ordinary|{"frames":71,"steps":34,"cx":19,"cy":21,"dotsAdded":1,"headMutations":0,"records":41,"jumps":33,"spanMin":1.009,"movesPerMin":32.7,"batchesPerMin":33.7,"bankedRaw":71.4,"bankedSettle700":37.2}
PLC|g1.sweep|{"frames":162,"steps":1,"cx":1,"cy":1,"dotsAdded":0,"headMutations":0,"records":2,"jumps":1,"spanMin":0.347,"movesPerMin":2.9,"batchesPerMin":2.9,"bankedRaw":463.6,"bankedSettle700":3}
  ✓  4 [webkit] › .plr-place/probe-rate.spec.ts:54:1 › THE RATE AND THE STILL HEAD — G1 and G4 on the banked traces (1.4m)
PLC|replay.peer|joined
PLC|g1.ordinary|{"frames":71,"steps":34,"cx":19,"cy":21,"dotsAdded":1,"headMutations":0,"records":41,"jumps":33,"spanMin":1.009,"movesPerMin":32.7,"batchesPerMin":33.7,"bankedRaw":71.4,"bankedSettle700":37.2}
PLC|g1.sweep|{"frames":162,"steps":1,"cx":1,"cy":1,"dotsAdded":0,"headMutations":0,"records":2,"jumps":1,"spanMin":0.347,"movesPerMin":2.9,"batchesPerMin":2.9,"bankedRaw":463.6,"bankedSettle700":3}
  ✓  5 [webkit] › .plr-place/probe-rate.spec.ts:54:1 › THE RATE AND THE STILL HEAD — G1 and G4 on the banked traces (1.4m)
PLC|replay.peer|joined
PLC|g1.ordinary|{"frames":71,"steps":34,"cx":19,"cy":21,"dotsAdded":1,"headMutations":0,"records":41,"jumps":33,"spanMin":1.009,"movesPerMin":32.7,"batchesPerMin":33.7,"bankedRaw":71.4,"bankedSettle700":37.2}
PLC|g1.sweep|{"frames":162,"steps":1,"cx":1,"cy":1,"dotsAdded":0,"headMutations":0,"records":2,"jumps":1,"spanMin":0.347,"movesPerMin":2.9,"batchesPerMin":2.9,"bankedRaw":463.6,"bankedSettle700":3}
  ✓  6 [webkit] › .plr-place/probe-rate.spec.ts:54:1 › THE RATE AND THE STILL HEAD — G1 and G4 on the banked traces (1.4m)
  6 passed (8.5m)
EXIT=0
