
Running 8 tests using 1 worker

chromium	R1.corner-left	{"x":0,"y":12,"w":75.53,"h":39.75}
chromium	R1.attribution-trigger	{"x":0,"y":12,"w":75.53,"h":39.75}
chromium	R1.logo	{"x":129.89,"y":5.53,"w":382.39,"h":111.92}
chromium	R1.board-cells	{"x":131.89,"y":124.45,"w":636,"h":636}
chromium	R1.controls-card	{"x":825.89,"y":140.45,"w":324.22,"h":608}
chromium	R1.census-closed	25
  ✘  1 [chromium] › ../../docs/tranches/2026-08-tranche-9/evidence/w7/loop/pass3/research/PLR-SELF/probe/r3-measure.spec.ts:52:5 › R1 · the head at the desk: the corner, its disclosure, and what it laps (458ms)
chromium	R2.live-regions-in-DOM-order	["margin-note:status:polite","board-voice:status:polite","players-status::polite","players-roster:log:polite","players-alone::polite","copy-status:status:polite"]
chromium	R2.roster-present-solo	1
chromium	R2.alone-line	
chromium	R2.roster-tabindex-solo	(none)
chromium	R2.roster-sronly-solo	true
  ✓  2 [chromium] › ../../docs/tranches/2026-08-tranche-9/evidence/w7/loop/pass3/research/PLR-SELF/probe/r3-measure.spec.ts:117:5 › R2 · the live regions and the roster's nodes, solo (394ms)
chromium	R3.tokens.light	{"--peer-ink-l":"0.5","--color-popover":"hsl(48 10% 98.5%)","--color-card":"hsl(48 12% 99%)","--color-background":"hsl(48 15% 98%)","--color-border":"hsl(48 5% 89.8%)","--color-user-ink":"#2563eb","--color-focus-ring":"","--type-tag":"clamp(0.75rem, 0.71rem + 0.21vw, 1rem)","--type-small":"clamp(0.875rem, 0.8rem + 0.25vw, 1.25rem)","--head-rule":"","--font-hand":"\"Patrick Hand\", cursive","paint(popover)":"rgb(252, 251, 251)","paint(card)":"rgb(253, 253, 252)","paint(background)":"rgb(251, 250, 249)"}
chromium	R3.tokens.dark	{"--peer-ink-l":"0.5","--color-popover":"hsl(48 10% 98.5%)","--color-card":"hsl(48 12% 99%)","--color-background":"hsl(48 15% 98%)","--color-border":"hsl(48 5% 89.8%)","--color-user-ink":"#2563eb","--color-focus-ring":"","--type-tag":"clamp(0.75rem, 0.71rem + 0.21vw, 1rem)","--type-small":"clamp(0.875rem, 0.8rem + 0.25vw, 1.25rem)","--head-rule":"","--font-hand":"\"Patrick Hand\", cursive","paint(popover)":"rgb(252, 251, 251)","paint(card)":"rgb(253, 253, 252)","paint(background)":"rgb(251, 250, 249)"}
chromium	R3.walk40.light	{"L":"0.5","grounds":{"popover":[252,251,251],"card":[253,253,252],"background":[251,250,249]},"rows":{"popover":{"worst":5.279,"at":38},"card":{"worst":5.358,"at":38},"background":{"worst":5.231,"at":38}}}
chromium	R3.walk40.dark	{"L":"0.5","grounds":{"popover":[252,251,251],"card":[253,253,252],"background":[251,250,249]},"rows":{"popover":{"worst":5.279,"at":38},"card":{"worst":5.358,"at":38},"background":{"worst":5.231,"at":38}}}
  ✓  3 [chromium] › ../../docs/tranches/2026-08-tranche-9/evidence/w7/loop/pass3/research/PLR-SELF/probe/r3-measure.spec.ts:143:5 › R3 · tokens, and the 40-index walk against the sheet's ground (836ms)
chromium	R4.shut.drawer-tab	{"x":286,"y":610.52,"w":92,"h":48}
chromium	R4.shut.controls-card	{"x":0,"y":844,"w":390,"h":611.27}
chromium	R4.shut.roster	{"x":16,"y":1311.28,"w":358,"h":34.44}
chromium	R4.shut.play-controls-inert	false
chromium	R4.open.controls-card-settled	{"x":0,"y":232.73,"w":390,"h":611.27}
chromium	R4.open.drawer-tab	{"x":342,"y":140.73,"w":44,"h":92}
chromium	R4.open.tab-expanded	true
chromium	R4.open.play-controls-inert	true
chromium	R4.open.well	{"wellIndex":3,"wellCount":4,"well":{"x":8,"y":686.48,"w":374,"h":80.58},"roster":{"x":16,"y":700.02,"w":358,"h":34.44},"rosterMaxH":"120px","rosterOverflow":"auto","rosterTabindex":"0","rosterSrOnly":false,"row":{"x":16,"y":700.02,"w":358,"h":16.42},"swatch":{"x":16,"y":702.63,"w":11.19,"h":11.19},"swatchBg":"rgb(37, 99, 235)","rowColor":"rgb(37, 99, 235)","cardScrollH":611,"cardClientH":611}
chromium	R4.open.roster-focusable	{"rosterIsFocusable":true,"seen":[]}
chromium	R4.open.row-inks	[{"self":true,"color":"rgb(37, 99, 235)","swatch":"rgb(37, 99, 235)","inlineInk":"(none)"},{"self":false,"color":"oklch(0.5 0.11 0)","swatch":"oklch(0.5 0.11 0)","inlineInk":"oklch(var(--peer-ink-l) 0.11 0.0deg)"}]
chromium	R4.open.board-cells	{"x":14,"y":252.52,"w":362,"h":362}
chromium	R4.open.census	9
  ✓  4 [chromium] › ../../docs/tranches/2026-08-tranche-9/evidence/w7/loop/pass3/research/PLR-SELF/probe/r3-measure.spec.ts:293:5 › R4 · the well inside W2's portrait dock, two at the table (1.8s)
webkit	R1.corner-left	{"x":0,"y":12,"w":75.53,"h":39.75}
webkit	R1.attribution-trigger	{"x":0,"y":12,"w":75.53,"h":39.75}
webkit	R1.logo	{"x":129.84,"y":5.83,"w":380.53,"h":111.92}
webkit	R1.board-cells	{"x":131.84,"y":124.16,"w":636,"h":636}
webkit	R1.controls-card	{"x":825.84,"y":140.16,"w":324.31,"h":608}
webkit	R1.census-closed	9
  ✘  5 [webkit] › ../../docs/tranches/2026-08-tranche-9/evidence/w7/loop/pass3/research/PLR-SELF/probe/r3-measure.spec.ts:52:5 › R1 · the head at the desk: the corner, its disclosure, and what it laps (1.1s)
webkit	R2.live-regions-in-DOM-order	["margin-note:status:polite","board-voice:status:polite","players-status::polite","players-roster:log:polite","players-alone::polite","copy-status:status:polite"]
webkit	R2.roster-present-solo	1
webkit	R2.alone-line	
webkit	R2.roster-tabindex-solo	(none)
webkit	R2.roster-sronly-solo	true
  ✓  6 [webkit] › ../../docs/tranches/2026-08-tranche-9/evidence/w7/loop/pass3/research/PLR-SELF/probe/r3-measure.spec.ts:117:5 › R2 · the live regions and the roster's nodes, solo (873ms)
webkit	R3.tokens.light	{"--peer-ink-l":"0.5","--color-popover":"hsl(48 10% 98.5%)","--color-card":"hsl(48 12% 99%)","--color-background":"hsl(48 15% 98%)","--color-border":"hsl(48 5% 89.8%)","--color-user-ink":"#2563eb","--color-focus-ring":"","--type-tag":"clamp(0.75rem, 0.71rem + 0.21vw, 1rem)","--type-small":"clamp(0.875rem, 0.8rem + 0.25vw, 1.25rem)","--head-rule":"","--font-hand":"\"Patrick Hand\", cursive","paint(popover)":"rgb(252, 251, 251)","paint(card)":"rgb(253, 253, 252)","paint(background)":"rgb(251, 250, 249)"}
webkit	R3.tokens.dark	{"--peer-ink-l":"0.5","--color-popover":"hsl(48 10% 98.5%)","--color-card":"hsl(48 12% 99%)","--color-background":"hsl(48 15% 98%)","--color-border":"hsl(48 5% 89.8%)","--color-user-ink":"#2563eb","--color-focus-ring":"","--type-tag":"clamp(0.75rem, 0.71rem + 0.21vw, 1rem)","--type-small":"clamp(0.875rem, 0.8rem + 0.25vw, 1.25rem)","--head-rule":"","--font-hand":"\"Patrick Hand\", cursive","paint(popover)":"rgb(252, 251, 251)","paint(card)":"rgb(253, 253, 252)","paint(background)":"rgb(251, 250, 249)"}
webkit	R3.walk40.light	{"L":"0.5","grounds":{"popover":[252,251,251],"card":[253,253,252],"background":[251,250,249]},"rows":{"popover":{"worst":5.279,"at":38},"card":{"worst":5.358,"at":38},"background":{"worst":5.231,"at":38}}}
webkit	R3.walk40.dark	{"L":"0.5","grounds":{"popover":[252,251,251],"card":[253,253,252],"background":[251,250,249]},"rows":{"popover":{"worst":5.279,"at":38},"card":{"worst":5.358,"at":38},"background":{"worst":5.231,"at":38}}}
  ✓  7 [webkit] › ../../docs/tranches/2026-08-tranche-9/evidence/w7/loop/pass3/research/PLR-SELF/probe/r3-measure.spec.ts:143:5 › R3 · tokens, and the 40-index walk against the sheet's ground (1.2s)
webkit	R4.shut.drawer-tab	{"x":286,"y":610.2,"w":92,"h":48}
webkit	R4.shut.controls-card	{"x":0,"y":844,"w":390,"h":611.25}
webkit	R4.shut.roster	{"x":16,"y":1311.27,"w":358,"h":34.44}
webkit	R4.shut.play-controls-inert	false
webkit	R4.open.controls-card-settled	{"x":0,"y":233,"w":390,"h":611.25}
webkit	R4.open.drawer-tab	{"x":342,"y":141,"w":44,"h":92}
webkit	R4.open.tab-expanded	true
webkit	R4.open.play-controls-inert	true
webkit	R4.open.well	{"wellIndex":3,"wellCount":4,"well":{"x":8,"y":686.73,"w":374,"h":80.58},"roster":{"x":16,"y":700.27,"w":358,"h":34.44},"rosterMaxH":"120px","rosterOverflow":"auto","rosterTabindex":"0","rosterSrOnly":false,"row":{"x":16,"y":700.27,"w":358,"h":16.42},"swatch":{"x":16,"y":702.88,"w":11.19,"h":11.19},"swatchBg":"rgb(37, 99, 235)","rowColor":"rgb(37, 99, 235)","cardScrollH":611,"cardClientH":611}
webkit	R4.open.roster-focusable	{"rosterIsFocusable":true,"seen":[]}
webkit	R4.open.row-inks	[{"self":true,"color":"rgb(37, 99, 235)","swatch":"rgb(37, 99, 235)","inlineInk":"(none)"},{"self":false,"color":"oklch(0.5 0.11 0)","swatch":"oklch(0.5 0.11 0)","inlineInk":"oklch(var(--peer-ink-l) 0.11 0.0deg)"}]
webkit	R4.open.board-cells	{"x":14,"y":252.2,"w":362,"h":362}
webkit	R4.open.census	9
  ✓  8 [webkit] › ../../docs/tranches/2026-08-tranche-9/evidence/w7/loop/pass3/research/PLR-SELF/probe/r3-measure.spec.ts:293:5 › R4 · the well inside W2's portrait dock, two at the table (2.3s)


  1) [chromium] › ../../docs/tranches/2026-08-tranche-9/evidence/w7/loop/pass3/research/PLR-SELF/probe/r3-measure.spec.ts:52:5 › R1 · the head at the desk: the corner, its disclosure, and what it laps 

    Error: locator.click: Error: strict mode violation: locator('.attribution-trigger') resolved to 2 elements:
        1) <button type="button" data-v-9ada693c="" aria-expanded="false" aria-label="Show attribution card" class="attribution-trigger text-muted-foreground hover:text-foreground font-mono text-sm transition-colors duration-200"> @mbabb </button> aka getByRole('button', { name: 'Show attribution card' })
        2) <button type="button" data-v-9ada693c="" aria-expanded="false" aria-label="Show attribution card" class="attribution-trigger text-muted-foreground hover:text-foreground font-mono text-sm transition-colors duration-200"> @mbabb </button> aka getByLabel('Show attribution card').nth(1)

    Call log:
      - waiting for locator('.attribution-trigger')


      64 |
      65 |   // The head's ONE existing disclosure, opened by the pointer path the mark would copy.
    > 66 |   await page.locator(".attribution-trigger").click();
         |                                              ^
      67 |   await page.waitForTimeout(400);
      68 |   const card = await box(page, ".hover-card");
      69 |   say("R1.hover-card-open", card);
        at /Users/mkbabb/Programming/csc411/CSC411_HW2_ProgrammingQuestion/docs/tranches/2026-08-tranche-9/evidence/w7/loop/pass3/research/PLR-SELF/probe/r3-measure.spec.ts:66:46

    Error Context: ../../../../../test-results/r3-measure-R1-·-the-head-a-f9e47-disclosure-and-what-it-laps-chromium/error-context.md

  2) [webkit] › ../../docs/tranches/2026-08-tranche-9/evidence/w7/loop/pass3/research/PLR-SELF/probe/r3-measure.spec.ts:52:5 › R1 · the head at the desk: the corner, its disclosure, and what it laps 

    Error: locator.click: Error: strict mode violation: locator('.attribution-trigger') resolved to 2 elements:
        1) <button type="button" data-v-9ada693c="" aria-expanded="false" aria-label="Show attribution card" class="attribution-trigger text-muted-foreground hover:text-foreground font-mono text-sm transition-colors duration-200"> @mbabb </button> aka getByRole('button', { name: 'Show attribution card' })
        2) <button type="button" data-v-9ada693c="" aria-expanded="false" aria-label="Show attribution card" class="attribution-trigger text-muted-foreground hover:text-foreground font-mono text-sm transition-colors duration-200"> @mbabb </button> aka getByLabel('Show attribution card').nth(1)

    Call log:
      - waiting for locator('.attribution-trigger')


      64 |
      65 |   // The head's ONE existing disclosure, opened by the pointer path the mark would copy.
    > 66 |   await page.locator(".attribution-trigger").click();
         |                                              ^
      67 |   await page.waitForTimeout(400);
      68 |   const card = await box(page, ".hover-card");
      69 |   say("R1.hover-card-open", card);
        at /Users/mkbabb/Programming/csc411/CSC411_HW2_ProgrammingQuestion/docs/tranches/2026-08-tranche-9/evidence/w7/loop/pass3/research/PLR-SELF/probe/r3-measure.spec.ts:66:46

    Error Context: ../../../../../test-results/r3-measure-R1-·-the-head-a-f9e47-disclosure-and-what-it-laps-webkit/error-context.md

  2 failed
    [chromium] › ../../docs/tranches/2026-08-tranche-9/evidence/w7/loop/pass3/research/PLR-SELF/probe/r3-measure.spec.ts:52:5 › R1 · the head at the desk: the corner, its disclosure, and what it laps 
    [webkit] › ../../docs/tranches/2026-08-tranche-9/evidence/w7/loop/pass3/research/PLR-SELF/probe/r3-measure.spec.ts:52:5 › R1 · the head at the desk: the corner, its disclosure, and what it laps 
  6 passed (10.5s)
