
Running 4 tests using 1 worker

chromium	R1.corner-left	{"x":0,"y":12,"w":75.53,"h":39.75}
chromium	R1.attribution-trigger	{"x":0,"y":12,"w":75.53,"h":39.75}
chromium	R1.logo	{"x":129.89,"y":5.53,"w":382.39,"h":111.92}
chromium	R1.board-cells	{"x":131.89,"y":124.45,"w":636,"h":636}
chromium	R1.controls-card	{"x":825.89,"y":140.45,"w":324.22,"h":608}
chromium	R1.census-closed-settled	9
chromium	R1.hover-card-open	{"x":12.8,"y":66.5,"w":230.4,"h":135.9}
chromium	R1.census-open	9
chromium	R1.trigger-expanded	false
chromium	R1.cells-lapped-by-head-disclosure	4
chromium	R1.lap-owners	[{"i":0,"owner":"input.cell-native-input absolute inset-0 h-full w-full curso","inter":4992.3},{"i":1,"owner":"input.cell-native-input absolute inset-0 h-full w-full curso","inter":2872.4},{"i":9,"owner":"input.cell-native-input absolute inset-0 h-full w-full curso","inter":515.1},{"i":10,"owner":"input.cell-native-input absolute inset-0 h-full w-full curso","inter":296.4}]
chromium	R1.escape-closes-attribution	false
chromium	R1.outside-click-closes	false
  ✓  1 [chromium] › ../../docs/tranches/2026-08-tranche-9/evidence/w7/loop/pass3/research/PLR-SELF/probe/r3-measure.spec.ts:52:5 › R1 · the head at the desk: the corner, its disclosure, and what it laps (3.8s)
chromium	R3.tokens.light	{"--peer-ink-l":"0.5","--color-popover":"hsl(48 10% 98.5%)","--color-card":"hsl(48 12% 99%)","--color-background":"hsl(48 15% 98%)","--color-border":"hsl(48 5% 89.8%)","--color-user-ink":"#2563eb","--color-focus-ring":"","--type-tag":"clamp(0.75rem, 0.71rem + 0.21vw, 1rem)","--type-small":"clamp(0.875rem, 0.8rem + 0.25vw, 1.25rem)","--head-rule":"","--font-hand":"\"Patrick Hand\", cursive","paint(popover)":"rgb(252, 251, 251)","paint(card)":"rgb(253, 253, 252)","paint(background)":"rgb(251, 250, 249)"}
chromium	R3.tokens.dark	{"--peer-ink-l":"0.8","--color-popover":"hsl(24 7% 6.5%)","--color-card":"hsl(24 6% 7%)","--color-background":"hsl(24 8% 6%)","--color-border":"hsl(24 4% 16%)","--color-user-ink":"#60a5fa","--color-focus-ring":"","--type-tag":"clamp(0.75rem, 0.71rem + 0.21vw, 1rem)","--type-small":"clamp(0.875rem, 0.8rem + 0.25vw, 1.25rem)","--head-rule":"","--font-hand":"\"Patrick Hand\", cursive","paint(popover)":"rgb(18, 16, 15)","paint(card)":"rgb(19, 18, 17)","paint(background)":"rgb(17, 15, 14)"}
chromium	R3.walk40.light	{"L":"0.5","grounds":{"popover":[252,251,251],"card":[253,253,252],"background":[251,250,249]},"rows":{"popover":{"worst":5.279,"at":38},"card":{"worst":5.358,"at":38},"background":{"worst":5.231,"at":38}}}
chromium	R3.walk40.dark	{"L":"0.8","grounds":{"popover":[18,16,15],"card":[19,18,17],"background":[17,15,14]},"rows":{"popover":{"worst":9.637,"at":13},"card":{"worst":9.504,"at":13},"background":{"worst":9.71,"at":13}}}
  ✓  2 [chromium] › ../../docs/tranches/2026-08-tranche-9/evidence/w7/loop/pass3/research/PLR-SELF/probe/r3-measure.spec.ts:144:5 › R3 · tokens, and the 40-index walk against the sheet's ground (833ms)
webkit	R1.corner-left	{"x":0,"y":12,"w":75.53,"h":39.75}
webkit	R1.attribution-trigger	{"x":0,"y":12,"w":75.53,"h":39.75}
webkit	R1.logo	{"x":129.84,"y":5.83,"w":380.53,"h":111.92}
webkit	R1.board-cells	{"x":131.84,"y":124.16,"w":636,"h":636}
webkit	R1.controls-card	{"x":825.84,"y":140.16,"w":324.31,"h":608}
webkit	R1.census-closed-settled	9
webkit	R1.hover-card-open	{"x":12.8,"y":66.5,"w":230.4,"h":135.86}
webkit	R1.census-open	9
webkit	R1.trigger-expanded	false
webkit	R1.cells-lapped-by-head-disclosure	4
webkit	R1.lap-owners	[{"i":0,"owner":"input.cell-native-input absolute inset-0 h-full w-full curso","inter":4992.3},{"i":1,"owner":"input.cell-native-input absolute inset-0 h-full w-full curso","inter":2875.7},{"i":9,"owner":"input.cell-native-input absolute inset-0 h-full w-full curso","inter":533.1},{"i":10,"owner":"input.cell-native-input absolute inset-0 h-full w-full curso","inter":307.1}]
webkit	R1.escape-closes-attribution	false
webkit	R1.outside-click-closes	false
  ✓  3 [webkit] › ../../docs/tranches/2026-08-tranche-9/evidence/w7/loop/pass3/research/PLR-SELF/probe/r3-measure.spec.ts:52:5 › R1 · the head at the desk: the corner, its disclosure, and what it laps (4.4s)
webkit	R3.tokens.light	{"--peer-ink-l":"0.5","--color-popover":"hsl(48 10% 98.5%)","--color-card":"hsl(48 12% 99%)","--color-background":"hsl(48 15% 98%)","--color-border":"hsl(48 5% 89.8%)","--color-user-ink":"#2563eb","--color-focus-ring":"","--type-tag":"clamp(0.75rem, 0.71rem + 0.21vw, 1rem)","--type-small":"clamp(0.875rem, 0.8rem + 0.25vw, 1.25rem)","--head-rule":"","--font-hand":"\"Patrick Hand\", cursive","paint(popover)":"rgb(252, 251, 251)","paint(card)":"rgb(253, 253, 252)","paint(background)":"rgb(251, 250, 249)"}
webkit	R3.tokens.dark	{"--peer-ink-l":"0.8","--color-popover":"hsl(24 7% 6.5%)","--color-card":"hsl(24 6% 7%)","--color-background":"hsl(24 8% 6%)","--color-border":"hsl(24 4% 16%)","--color-user-ink":"#60a5fa","--color-focus-ring":"","--type-tag":"clamp(0.75rem, 0.71rem + 0.21vw, 1rem)","--type-small":"clamp(0.875rem, 0.8rem + 0.25vw, 1.25rem)","--head-rule":"","--font-hand":"\"Patrick Hand\", cursive","paint(popover)":"rgb(18, 16, 15)","paint(card)":"rgb(19, 18, 17)","paint(background)":"rgb(17, 15, 14)"}
webkit	R3.walk40.light	{"L":"0.5","grounds":{"popover":[252,251,251],"card":[253,253,252],"background":[251,250,249]},"rows":{"popover":{"worst":5.279,"at":38},"card":{"worst":5.358,"at":38},"background":{"worst":5.231,"at":38}}}
webkit	R3.walk40.dark	{"L":"0.8","grounds":{"popover":[18,16,15],"card":[19,18,17],"background":[17,15,14]},"rows":{"popover":{"worst":9.637,"at":13},"card":{"worst":9.504,"at":13},"background":{"worst":9.71,"at":13}}}
  ✓  4 [webkit] › ../../docs/tranches/2026-08-tranche-9/evidence/w7/loop/pass3/research/PLR-SELF/probe/r3-measure.spec.ts:144:5 › R3 · tokens, and the 40-index walk against the sheet's ground (1.3s)

  4 passed (11.1s)
