
Running 4 tests using 1 worker

chromium	R5.activeElement.before	cell-native-input absolute inset-0 h-full w-full cursor-pointer bg-transparent text-center opacity-0 outline-none
chromium	R5.expanded.after-hover	true
chromium	R5.card.open-box	{"x":0,"y":51.75,"w":256,"h":151,"opacity":"1","visibility":"visible","pointerEvents":"auto","background":"color(srgb 0.9865 0.9859 0.9835 / 0.8)","border":"color(srgb 0.9031 0.90106 0.8929 / 0.3)"}
chromium	R5.census.open	9
chromium	R5.cells-lapped.open	4
chromium	R5.lap-owners.open	[{"i":0,"owner":"a.text-foreground","inter":4992.3},{"i":1,"owner":"a.text-foreground","inter":3776.8},{"i":9,"owner":"div.hover-card","inter":539.9},{"i":10,"owner":"div.hover-card","inter":408.4}]
chromium	R5.activeElement.while-open	cell-native-input absolute inset-0 h-full w-full cursor-pointer bg-transparent text-center opacity-0 outline-none
chromium	R5.expanded.after-escape	true
chromium	R5.click-through-target-cell	0
chromium	R5.activeElement.after-click-on-lapped-cell	text-foreground block text-sm hover:underline
chromium	R5.expanded.after-click-on-lapped-cell	true
  ✓  1 [chromium] › ../../docs/tranches/2026-08-tranche-9/evidence/w7/loop/pass3/research/PLR-SELF/probe/r3-lap.spec.ts:48:5 › R5 · the head disclosure OPEN — what it covers, what it costs, how it dismisses (4.3s)
chromium	R6.mobile-attribution	{"host":{"x":0,"y":0,"w":75.53,"h":39.75},"trigger":{"x":0,"y":0,"w":75.53,"h":39.75}}
chromium	R6.logo	{"x":58.14,"y":174.3,"w":243.33,"h":71.22}
chromium	R6.board-cells	{"x":14,"y":252.52,"w":362,"h":362}
chromium	R6.drawer-tab	{"x":286,"y":610.52,"w":92,"h":48}
chromium	R6.head-berth	{"attributionRight":75.53,"logoLeft":58.14,"gap":-17.39}
  ✓  2 [chromium] › ../../docs/tranches/2026-08-tranche-9/evidence/w7/loop/pass3/research/PLR-SELF/probe/r3-lap.spec.ts:141:5 › R6 · the mobile head, portrait phone (2.4s)
webkit	R5.activeElement.before	cell-native-input absolute inset-0 h-full w-full cursor-pointer bg-transparent text-center opacity-0 outline-none
webkit	R5.expanded.after-hover	true
webkit	R5.card.open-box	{"x":0,"y":51.75,"w":256,"h":150.95,"opacity":"1","visibility":"visible","pointerEvents":"auto","background":"color(srgb 0.9865 0.9859 0.9835 / 0.8)","border":"color(srgb 0.9031 0.90106 0.8929 / 0.3)"}
webkit	R5.census.open	9
webkit	R5.cells-lapped.open	4
webkit	R5.lap-owners.open	[{"i":0,"owner":"a.text-foreground","inter":4992.3},{"i":1,"owner":"a.text-foreground","inter":3780.1},{"i":9,"owner":"div.hover-card","inter":557.5},{"i":10,"owner":"div.hover-card","inter":422.1}]
webkit	R5.activeElement.while-open	cell-native-input absolute inset-0 h-full w-full cursor-pointer bg-transparent text-center opacity-0 outline-none
webkit	R5.expanded.after-escape	true
webkit	R5.click-through-target-cell	0
webkit	R5.activeElement.after-click-on-lapped-cell	
webkit	R5.expanded.after-click-on-lapped-cell	true
  ✓  3 [webkit] › ../../docs/tranches/2026-08-tranche-9/evidence/w7/loop/pass3/research/PLR-SELF/probe/r3-lap.spec.ts:48:5 › R5 · the head disclosure OPEN — what it covers, what it costs, how it dismisses (5.1s)
webkit	R6.mobile-attribution	{"host":{"x":0,"y":0,"w":75.53,"h":39.75},"trigger":{"x":0,"y":0,"w":75.53,"h":39.75}}
webkit	R6.logo	{"x":58.73,"y":174.58,"w":242.14,"h":71.22}
webkit	R6.board-cells	{"x":14,"y":252.2,"w":362,"h":362}
webkit	R6.drawer-tab	{"x":286,"y":610.2,"w":92,"h":48}
webkit	R6.head-berth	{"attributionRight":75.53,"logoLeft":58.73,"gap":-16.8}
  ✓  4 [webkit] › ../../docs/tranches/2026-08-tranche-9/evidence/w7/loop/pass3/research/PLR-SELF/probe/r3-lap.spec.ts:141:5 › R6 · the mobile head, portrait phone (2.9s)

  4 passed (15.7s)
