
Running 67 tests using 9 workers

[1/67] [filter-census-chromium] › e2e/filter-census.spec.ts:507:1 › G3.2 · source `forwards|both` fill sites equal FILL_ALLOWLIST exactly
[2/67] [filter-census-chromium] › e2e/filter-census.spec.ts:300:1 › G3.1 · live-filter census equals filterBudget.ts exactly, area and all (built dist)
[3/67] [throttled-void] › e2e/throttled-void.spec.ts:43:1 › throttled first-select void recovers: loader or board-shell within budget
[4/67] [filter-census-webkit] › e2e/filter-census.spec.ts:320:3 › G3.3 · the coarse regime › G3.3 · live-filter census holds below 1024 (built dist)
[5/67] [filter-census-chromium] › e2e/filter-census.spec.ts:462:1 › G3.2 · no retained fill supplies a computed transform (built dist)
[6/67] [filter-census-webkit] › e2e/filter-census.spec.ts:300:1 › G3.1 · live-filter census equals filterBudget.ts exactly, area and all (built dist)
[7/67] [filter-census-chromium] › e2e/filter-census.spec.ts:320:3 › G3.3 · the coarse regime › G3.3 · live-filter census holds below 1024 (built dist)
[8/67] [filter-census-chromium] › e2e/filter-census.spec.ts:441:1 › G3.5 · no :hover state mints a live filter — board regime (built dist)
[9/67] [filter-census-chromium] › e2e/filter-census.spec.ts:448:1 › G3.5 · no :hover state mints a live filter — PICKER regime (built dist)
[10/67] [filter-census-webkit] › e2e/filter-census.spec.ts:441:1 › G3.5 · no :hover state mints a live filter — board regime (built dist)
[11/67] [wordmark-webkit] › e2e/wordmark-integrity.spec.ts:258:5 › G3.4 · wordmark integrity (WebKit, built dist) › thermo: baked ink sits inside its own box on all four edges
[12/67] [wordmark-webkit] › e2e/wordmark-integrity.spec.ts:258:5 › G3.4 · wordmark integrity (WebKit, built dist) › kenken: baked ink sits inside its own box on all four edges
[13/67] [wordmark-webkit] › e2e/wordmark-integrity.spec.ts:304:3 › G3.4 · wordmark integrity (WebKit, built dist) › all five labels render every glyph in Fraunces — zero fallback glyphs
[14/67] [theme-bake-chromium] › e2e/theme-bake-freshness.spec.ts:313:7 › G4.5 · baked ink survives one theme toggle (from light) › sudoku light → dark: both baked surfaces re-ink
[15/67] [theme-bake-chromium] › e2e/theme-bake-freshness.spec.ts:313:7 › G4.5 · baked ink survives one theme toggle (from light) › futoshiki light → dark: both baked surfaces re-ink
[16/67] [theme-bake-chromium] › e2e/theme-bake-freshness.spec.ts:313:7 › G4.5 · baked ink survives one theme toggle (from light) › thermo light → dark: both baked surfaces re-ink
[17/67] [theme-bake-chromium] › e2e/theme-bake-freshness.spec.ts:313:7 › G4.5 · baked ink survives one theme toggle (from light) › killer light → dark: both baked surfaces re-ink
[18/67] [theme-bake-chromium] › e2e/theme-bake-freshness.spec.ts:313:7 › G4.5 · baked ink survives one theme toggle (from light) › kenken light → dark: both baked surfaces re-ink
[19/67] [theme-bake-chromium] › e2e/theme-bake-freshness.spec.ts:313:7 › G4.5 · baked ink survives one theme toggle (from dark) › sudoku dark → light: both baked surfaces re-ink
[20/67] [theme-bake-chromium] › e2e/theme-bake-freshness.spec.ts:313:7 › G4.5 · baked ink survives one theme toggle (from dark) › futoshiki dark → light: both baked surfaces re-ink
[21/67] [theme-bake-chromium] › e2e/theme-bake-freshness.spec.ts:313:7 › G4.5 · baked ink survives one theme toggle (from dark) › thermo dark → light: both baked surfaces re-ink
[22/67] [theme-bake-chromium] › e2e/theme-bake-freshness.spec.ts:313:7 › G4.5 · baked ink survives one theme toggle (from dark) › killer dark → light: both baked surfaces re-ink
[23/67] [theme-bake-chromium] › e2e/theme-bake-freshness.spec.ts:313:7 › G4.5 · baked ink survives one theme toggle (from dark) › kenken dark → light: both baked surfaces re-ink
[24/67] [filter-census-webkit] › e2e/filter-census.spec.ts:448:1 › G3.5 · no :hover state mints a live filter — PICKER regime (built dist)
[25/67] [filter-census-webkit] › e2e/filter-census.spec.ts:462:1 › G3.2 · no retained fill supplies a computed transform (built dist)
[26/67] [filter-census-webkit] › e2e/filter-census.spec.ts:507:1 › G3.2 · source `forwards|both` fill sites equal FILL_ALLOWLIST exactly
[27/67] [wordmark-webkit] › e2e/wordmark-integrity.spec.ts:258:5 › G3.4 · wordmark integrity (WebKit, built dist) › sudoku: baked ink sits inside its own box on all four edges
[28/67] [wordmark-webkit] › e2e/wordmark-integrity.spec.ts:258:5 › G3.4 · wordmark integrity (WebKit, built dist) › futoshiki: baked ink sits inside its own box on all four edges
[29/67] [theme-bake-webkit] › e2e/theme-bake-freshness.spec.ts:313:7 › G4.5 · baked ink survives one theme toggle (from light) › killer light → dark: both baked surfaces re-ink
[30/67] [wordmark-webkit] › e2e/wordmark-integrity.spec.ts:258:5 › G3.4 · wordmark integrity (WebKit, built dist) › killer: baked ink sits inside its own box on all four edges
[31/67] [theme-bake-webkit] › e2e/theme-bake-freshness.spec.ts:313:7 › G4.5 · baked ink survives one theme toggle (from light) › kenken light → dark: both baked surfaces re-ink
[32/67] [theme-bake-webkit] › e2e/theme-bake-freshness.spec.ts:313:7 › G4.5 · baked ink survives one theme toggle (from dark) › sudoku dark → light: both baked surfaces re-ink
[33/67] [theme-bake-webkit] › e2e/theme-bake-freshness.spec.ts:313:7 › G4.5 · baked ink survives one theme toggle (from dark) › kenken dark → light: both baked surfaces re-ink
[34/67] [theme-bake-webkit] › e2e/theme-bake-freshness.spec.ts:313:7 › G4.5 · baked ink survives one theme toggle (from dark) › thermo dark → light: both baked surfaces re-ink
[35/67] [theme-bake-webkit] › e2e/theme-bake-freshness.spec.ts:313:7 › G4.5 · baked ink survives one theme toggle (from dark) › futoshiki dark → light: both baked surfaces re-ink
[36/67] [theme-bake-webkit] › e2e/theme-bake-freshness.spec.ts:313:7 › G4.5 · baked ink survives one theme toggle (from dark) › killer dark → light: both baked surfaces re-ink
[37/67] [theme-quadrants-chromium] › e2e/theme-quadrants.spec.ts:336:5 › G1.2 identity · killer · app=dark reads the same ink under either OS scheme
[38/67] [theme-quadrants-chromium] › e2e/theme-quadrants.spec.ts:336:5 › G1.2 identity · killer · app=light reads the same ink under either OS scheme
[39/67] [theme-quadrants-chromium] › e2e/theme-quadrants.spec.ts:336:5 › G1.2 identity · kenken · app=dark reads the same ink under either OS scheme
[40/67] [theme-quadrants-chromium] › e2e/theme-quadrants.spec.ts:336:5 › G1.2 identity · thermo · app=light reads the same ink under either OS scheme
[41/67] [theme-quadrants-chromium] › e2e/theme-quadrants.spec.ts:351:5 › G1.2 moves · killer · one toggle click under OS=dark re-inks the furniture
[42/67] [theme-quadrants-chromium] › e2e/theme-quadrants.spec.ts:336:5 › G1.2 identity · kenken · app=light reads the same ink under either OS scheme
[43/67] [theme-quadrants-chromium] › e2e/theme-quadrants.spec.ts:336:5 › G1.2 identity · thermo · app=dark reads the same ink under either OS scheme
[44/67] [theme-quadrants-chromium] › e2e/theme-quadrants.spec.ts:351:5 › G1.2 moves · kenken · one toggle click under OS=light re-inks the furniture
[45/67] [theme-quadrants-chromium] › e2e/theme-quadrants.spec.ts:351:5 › G1.2 moves · kenken · one toggle click under OS=dark re-inks the furniture
[46/67] [theme-quadrants-chromium] › e2e/theme-quadrants.spec.ts:351:5 › G1.2 moves · thermo · one toggle click under OS=light re-inks the furniture
[47/67] [theme-quadrants-chromium] › e2e/theme-quadrants.spec.ts:351:5 › G1.2 moves · killer · one toggle click under OS=light re-inks the furniture
[48/67] [theme-quadrants-chromium] › e2e/theme-quadrants.spec.ts:351:5 › G1.2 moves · thermo · one toggle click under OS=dark re-inks the furniture
[49/67] [theme-quadrants-chromium] › e2e/theme-quadrants.spec.ts:403:3 › G1.2 identity · gallery posters · app=dark reads the same ink under either OS scheme
[50/67] [theme-quadrants-chromium] › e2e/theme-quadrants.spec.ts:403:3 › G1.2 identity · gallery posters · app=light reads the same ink under either OS scheme
[51/67] [theme-bake-webkit] › e2e/theme-bake-freshness.spec.ts:313:7 › G4.5 · baked ink survives one theme toggle (from light) › sudoku light → dark: both baked surfaces re-ink
[52/67] [theme-bake-webkit] › e2e/theme-bake-freshness.spec.ts:313:7 › G4.5 · baked ink survives one theme toggle (from light) › futoshiki light → dark: both baked surfaces re-ink
[53/67] [theme-bake-webkit] › e2e/theme-bake-freshness.spec.ts:313:7 › G4.5 · baked ink survives one theme toggle (from light) › thermo light → dark: both baked surfaces re-ink
[54/67] [theme-quadrants-webkit] › e2e/theme-quadrants.spec.ts:351:5 › G1.2 moves · killer · one toggle click under OS=light re-inks the furniture
[55/67] [theme-quadrants-webkit] › e2e/theme-quadrants.spec.ts:351:5 › G1.2 moves · killer · one toggle click under OS=dark re-inks the furniture
[56/67] [theme-quadrants-webkit] › e2e/theme-quadrants.spec.ts:351:5 › G1.2 moves · kenken · one toggle click under OS=dark re-inks the furniture
[57/67] [theme-quadrants-webkit] › e2e/theme-quadrants.spec.ts:351:5 › G1.2 moves · kenken · one toggle click under OS=light re-inks the furniture
[58/67] [theme-quadrants-webkit] › e2e/theme-quadrants.spec.ts:351:5 › G1.2 moves · thermo · one toggle click under OS=light re-inks the furniture
[59/67] [theme-quadrants-webkit] › e2e/theme-quadrants.spec.ts:351:5 › G1.2 moves · thermo · one toggle click under OS=dark re-inks the furniture
[60/67] [theme-quadrants-webkit] › e2e/theme-quadrants.spec.ts:403:3 › G1.2 identity · gallery posters · app=dark reads the same ink under either OS scheme
[61/67] [theme-quadrants-webkit] › e2e/theme-quadrants.spec.ts:403:3 › G1.2 identity · gallery posters · app=light reads the same ink under either OS scheme
[62/67] [theme-quadrants-webkit] › e2e/theme-quadrants.spec.ts:336:5 › G1.2 identity · killer · app=dark reads the same ink under either OS scheme
[63/67] [theme-quadrants-webkit] › e2e/theme-quadrants.spec.ts:336:5 › G1.2 identity · thermo · app=dark reads the same ink under either OS scheme
[64/67] [theme-quadrants-webkit] › e2e/theme-quadrants.spec.ts:336:5 › G1.2 identity · kenken · app=dark reads the same ink under either OS scheme
[65/67] [theme-quadrants-webkit] › e2e/theme-quadrants.spec.ts:336:5 › G1.2 identity · thermo · app=light reads the same ink under either OS scheme
[66/67] [theme-quadrants-webkit] › e2e/theme-quadrants.spec.ts:336:5 › G1.2 identity · killer · app=light reads the same ink under either OS scheme
[67/67] [theme-quadrants-webkit] › e2e/theme-quadrants.spec.ts:336:5 › G1.2 identity · kenken · app=light reads the same ink under either OS scheme
  67 passed (1.9m)
exit 0
