=== P7-visual-cured-w4 :: INTEGRATE_BASE_URL=http://127.0.0.1:4254 npx playwright test -c playwright-integrate.config.ts e2e/visual-regression.spec.ts --workers 4 --reporter=line

Running 24 tests using 4 workers

[1/24] [chromium] › e2e/visual-regression.spec.ts:124:1 › light mode: layout, styles, filters, DOM contract
[2/24] [chromium] › e2e/visual-regression.spec.ts:231:1 › dark mode: celestial swap, control panel carries no filter, DOM contract
[3/24] [chromium] › e2e/visual-regression.spec.ts:322:1 › randomize populates board and blank cells accept input
[4/24] [chromium] › e2e/visual-regression.spec.ts:263:1 › grid draw-in completes and path-based boil activates
[5/24] [chromium] › e2e/visual-regression.spec.ts:388:1 › graceful degradation: UI renders without backend API
[6/24] [chromium] › e2e/visual-regression.spec.ts:404:1 › size switching: 4x4, 9x9, 16x16 all render grid lines
[7/24] [chromium] › e2e/visual-regression.spec.ts:466:1 › the Deal die is not crushed: the commit verb's box fits its own content
[8/24] [chromium] › e2e/visual-regression.spec.ts:544:1 › the glass curve is the same curve in both layers
[9/24] [chromium] › e2e/visual-regression.spec.ts:569:1 › the deal receipt keeps off the commit verb, hover included
[10/24] [chromium] › e2e/visual-regression.spec.ts:707:1 › option chips keep their separation: ≥6px between neighbours, both axes
[11/24] [chromium] › e2e/visual-regression.spec.ts:790:1 › the iPad coarse card stays under the P1 seal: the chip seam is PAID for
[12/24] [chromium] › e2e/visual-regression.spec.ts:875:1 › toggle warp rest pose: wrung into the page, no carousel travel
[13/24] [webkit] › e2e/visual-regression.spec.ts:124:1 › light mode: layout, styles, filters, DOM contract
[14/24] [webkit] › e2e/visual-regression.spec.ts:231:1 › dark mode: celestial swap, control panel carries no filter, DOM contract
[15/24] [webkit] › e2e/visual-regression.spec.ts:388:1 › graceful degradation: UI renders without backend API
[16/24] [webkit] › e2e/visual-regression.spec.ts:404:1 › size switching: 4x4, 9x9, 16x16 all render grid lines
[17/24] [webkit] › e2e/visual-regression.spec.ts:466:1 › the Deal die is not crushed: the commit verb's box fits its own content
[18/24] [webkit] › e2e/visual-regression.spec.ts:322:1 › randomize populates board and blank cells accept input
[19/24] [webkit] › e2e/visual-regression.spec.ts:263:1 › grid draw-in completes and path-based boil activates
[20/24] [webkit] › e2e/visual-regression.spec.ts:544:1 › the glass curve is the same curve in both layers
[21/24] [webkit] › e2e/visual-regression.spec.ts:569:1 › the deal receipt keeps off the commit verb, hover included
[22/24] [webkit] › e2e/visual-regression.spec.ts:707:1 › option chips keep their separation: ≥6px between neighbours, both axes
[23/24] [webkit] › e2e/visual-regression.spec.ts:790:1 › the iPad coarse card stays under the P1 seal: the chip seam is PAID for
[24/24] [webkit] › e2e/visual-regression.spec.ts:875:1 › toggle warp rest pose: wrung into the page, no carousel travel
  24 passed (41.4s)
exit 0
