A 'solver finishes the board' (whole dist):
       0
B "solver's answer" straight apostrophe:
       0
C 'solver’s answer' curly apostrophe:
       0
D coarse media rule, dist/assets/*.css (spaced + unspaced):
       0
E coarse media rule, whole dist:
       0
F positive control — new tape string 'finishes the board for you':
       1
G positive control — 'revealed answer':
       1
H positive control — any hover media query in css:
dist/assets/AnswerKeyLaminate-DQ8Zd4NTTWD3.css:0
dist/assets/ThermoTube-D-JcHJtczqX1.css:0
dist/assets/CageOverlay-CxJWuhZARm9B.css:0
dist/assets/FutoshikiPoster-DZUvzwTKUpND.css:0
dist/assets/PosterBoard-C25fZcEKH9UF.css:0
dist/assets/index-CnZ6MOgqddOE.css:12
dist/assets/spec-CAxGeu14Qq5g.css:0
--- css files ---
-rw-r--r--  1 mkbabb  staff    897 Sep 18 11:01 dist/assets/AnswerKeyLaminate-DQ8Zd4NTTWD3.css
-rw-r--r--  1 mkbabb  staff    544 Sep 18 11:01 dist/assets/CageOverlay-CxJWuhZARm9B.css
-rw-r--r--  1 mkbabb  staff    282 Sep 18 11:01 dist/assets/FutoshikiPoster-DZUvzwTKUpND.css
-rw-r--r--  1 mkbabb  staff    395 Sep 18 11:01 dist/assets/PosterBoard-C25fZcEKH9UF.css
-rw-r--r--  1 mkbabb  staff    602 Sep 18 11:01 dist/assets/ThermoTube-D-JcHJtczqX1.css
-rw-r--r--  1 mkbabb  staff  93634 Sep 18 11:01 dist/assets/index-CnZ6MOgqddOE.css
-rw-r--r--  1 mkbabb  staff    446 Sep 18 11:01 dist/assets/spec-CAxGeu14Qq5g.css
--- wasm ---
-rw-r--r--  1 mkbabb  staff  123336 Sep 18 11:01 dist/assets/csp_solver_wasm_bg-BJYevEYE.wasm
b908e586ad84508829edcbcf49080cf05d3bd63d5110390dd078425a9db2fc50  dist/assets/csp_solver_wasm_bg-BJYevEYE.wasm
--- entry ---
index-Cc6TqSXYnbfW.js
