chromium light proto    unselectedChip  paper L0.982 · max 4.66 · 50%:worst 2.51 p30 4.66 med 4.66 <4.5 0.03 n40 | 70%:worst 2.51 p30 4.66 med 4.66 <4.5 0.03 n40 | 90%:worst 4.66 p30 4.66 med 4.66 <4.5 0.00 n39 | 100%:worst 4.66 p30 4.66 med 4.66 <4.5 0.00 n39
chromium light proto    selectedLevel   paper L0.982 · max 4.90 · 50%:worst 1.70 p30 4.90 med 4.90 <4.5 0.07 n99 | 70%:worst 2.30 p30 4.90 med 4.90 <4.5 0.05 n97 | 90%:worst 4.41 p30 4.90 med 4.90 <4.5 0.02 n94 | 100%:worst 4.90 p30 4.90 med 4.90 <4.5 0.00 n92
chromium light proto    levelH2         paper L0.982 · max 4.90 · 50%:worst 1.94 p30 4.90 med 4.90 <4.5 0.04 n111 | 70%:worst 2.71 p30 4.90 med 4.90 <4.5 0.03 n110 | 90%:worst 3.62 p30 4.90 med 4.90 <4.5 0.01 n108 | 100%:worst 4.90 p30 4.90 med 4.90 <4.5 0.00 n106
chromium light proto    dealt           paper L0.982 · max 5.24 · 50%:worst 2.67 p30 5.24 med 5.24 <4.5 0.06 n53 | 70%:worst 2.67 p30 5.24 med 5.24 <4.5 0.06 n53 | 90%:worst 3.83 p30 5.24 med 5.24 <4.5 0.04 n52 | 100%:worst 5.24 p30 5.24 med 5.24 <4.5 0.00 n50
chromium light proto    dealSublabel    paper L0.982 · max 4.66 · 50%:worst 1.68 p30 4.66 med 4.66 <4.5 0.14 n44 | 70%:worst 2.54 p30 4.66 med 4.66 <4.5 0.10 n42 | 90%:worst 4.04 p30 4.66 med 4.66 <4.5 0.05 n40 | 100%:worst 4.66 p30 4.66 med 4.66 <4.5 0.00 n38
chromium light proto    keysSublabel    paper L0.982 · max 4.66 · 50%:worst 1.85 p30 4.66 med 4.66 <4.5 0.07 n40 | 70%:worst 3.72 p30 4.66 med 4.66 <4.5 0.05 n39 | 90%:worst 3.72 p30 4.66 med 4.66 <4.5 0.05 n39 | 100%:worst 4.66 p30 4.66 med 4.66 <4.5 0.00 n36
chromium light control  unselectedChip  ABSENT
chromium light control  selectedLevel   ABSENT
chromium light control  levelH2         paper L0.982 · max 4.90 · 50%:worst 1.94 p30 4.90 med 4.90 <4.5 0.02 n109 | 70%:worst 2.96 p30 4.90 med 4.90 <4.5 0.01 n108 | 90%:worst 4.51 p30 4.90 med 4.90 <4.5 0.00 n107 | 100%:worst 4.90 p30 4.90 med 4.90 <4.5 0.00 n105
chromium light control  dealt           paper L0.982 · max 5.24 · 50%:worst 1.75 p30 5.24 med 5.24 <4.5 0.11 n55 | 70%:worst 2.31 p30 5.24 med 5.24 <4.5 0.09 n54 | 90%:worst 5.24 p30 5.24 med 5.24 <4.5 0.00 n49 | 100%:worst 5.24 p30 5.24 med 5.24 <4.5 0.00 n49
chromium light control  dealSublabel    paper L0.982 · max 4.66 · 50%:worst 2.63 p30 4.66 med 4.66 <4.5 0.05 n42 | 70%:worst 2.63 p30 4.66 med 4.66 <4.5 0.05 n42 | 90%:worst 4.66 p30 4.66 med 4.66 <4.5 0.00 n40 | 100%:worst 4.66 p30 4.66 med 4.66 <4.5 0.00 n40
chromium light control  keysSublabel    ABSENT
chromium dark proto    unselectedChip  paper L0.006 · max 7.68 · 50%:worst 4.74 p30 7.68 med 7.68 <4.5 0.00 n40 | 70%:worst 7.68 p30 7.68 med 7.68 <4.5 0.00 n39 | 90%:worst 7.68 p30 7.68 med 7.68 <4.5 0.00 n39 | 100%:worst 7.68 p30 7.68 med 7.68 <4.5 0.00 n39
chromium dark proto    selectedLevel   paper L0.006 · max 10.23 · 50%:worst 6.30 p30 10.23 med 10.23 <4.5 0.00 n96 | 70%:worst 9.66 p30 10.23 med 10.23 <4.5 0.00 n94 | 90%:worst 9.66 p30 10.23 med 10.23 <4.5 0.00 n94 | 100%:worst 10.23 p30 10.23 med 10.23 <4.5 0.00 n92
chromium dark proto    levelH2         paper L0.006 · max 10.23 · 50%:worst 6.22 p30 10.23 med 10.23 <4.5 0.00 n110 | 70%:worst 8.38 p30 10.23 med 10.23 <4.5 0.00 n108 | 90%:worst 9.89 p30 10.23 med 10.23 <4.5 0.00 n107 | 100%:worst 10.23 p30 10.23 med 10.23 <4.5 0.00 n106
chromium dark proto    dealt           paper L0.006 · max 6.01 · 50%:worst 4.94 p30 6.01 med 6.01 <4.5 0.00 n53 | 70%:worst 4.94 p30 6.01 med 6.01 <4.5 0.00 n53 | 90%:worst 5.72 p30 6.01 med 6.01 <4.5 0.00 n52 | 100%:worst 6.01 p30 6.01 med 6.01 <4.5 0.00 n50
chromium dark proto    dealSublabel    paper L0.006 · max 7.68 · 50%:worst 4.82 p30 7.68 med 7.68 <4.5 0.00 n42 | 70%:worst 6.33 p30 7.68 med 7.68 <4.5 0.00 n41 | 90%:worst 7.15 p30 7.68 med 7.68 <4.5 0.00 n40 | 100%:worst 7.68 p30 7.68 med 7.68 <4.5 0.00 n38
chromium dark proto    keysSublabel    paper L0.006 · max 7.68 · 50%:worst 6.73 p30 7.68 med 7.68 <4.5 0.00 n39 | 70%:worst 6.73 p30 7.68 med 7.68 <4.5 0.00 n39 | 90%:worst 7.41 p30 7.68 med 7.68 <4.5 0.00 n38 | 100%:worst 7.68 p30 7.68 med 7.68 <4.5 0.00 n36
chromium dark control  unselectedChip  ABSENT
chromium dark control  selectedLevel   ABSENT
chromium dark control  levelH2         paper L0.006 · max 10.23 · 50%:worst 6.94 p30 10.23 med 10.23 <4.5 0.00 n108 | 70%:worst 9.68 p30 10.23 med 10.23 <4.5 0.00 n107 | 90%:worst 9.68 p30 10.23 med 10.23 <4.5 0.00 n107 | 100%:worst 10.23 p30 10.23 med 10.23 <4.5 0.00 n105
chromium dark control  dealt           paper L0.006 · max 6.01 · 50%:worst 4.43 p30 6.01 med 6.01 <4.5 0.04 n54 | 70%:worst 4.74 p30 6.01 med 6.01 <4.5 0.00 n52 | 90%:worst 6.01 p30 6.01 med 6.01 <4.5 0.00 n49 | 100%:worst 6.01 p30 6.01 med 6.01 <4.5 0.00 n49
chromium dark control  dealSublabel    paper L0.006 · max 7.68 · 50%:worst 4.99 p30 7.68 med 7.68 <4.5 0.00 n42 | 70%:worst 7.68 p30 7.68 med 7.68 <4.5 0.00 n40 | 90%:worst 7.68 p30 7.68 med 7.68 <4.5 0.00 n40 | 100%:worst 7.68 p30 7.68 med 7.68 <4.5 0.00 n40
chromium dark control  keysSublabel    ABSENT
webkit light proto    unselectedChip  paper L0.982 · max 4.66 · 50%:worst 3.58 p30 4.66 med 4.66 <4.5 0.12 n41 | 70%:worst 3.58 p30 4.66 med 4.66 <4.5 0.12 n41 | 90%:worst 3.58 p30 4.66 med 4.66 <4.5 0.12 n41 | 100%:worst 4.66 p30 4.66 med 4.66 <4.5 0.00 n36
webkit light proto    selectedLevel   paper L0.982 · max 4.90 · 50%:worst 1.70 p30 4.90 med 4.90 <4.5 0.08 n100 | 70%:worst 2.80 p30 4.90 med 4.90 <4.5 0.04 n96 | 90%:worst 4.41 p30 4.90 med 4.90 <4.5 0.02 n94 | 100%:worst 4.90 p30 4.90 med 4.90 <4.5 0.00 n92
webkit light proto    levelH2         paper L0.982 · max 4.90 · 50%:worst 1.77 p30 4.90 med 4.90 <4.5 0.06 n110 | 70%:worst 3.34 p30 4.90 med 4.90 <4.5 0.05 n108 | 90%:worst 3.59 p30 4.90 med 4.90 <4.5 0.03 n106 | 100%:worst 4.90 p30 4.90 med 4.90 <4.5 0.00 n103
webkit light proto    dealt           paper L0.982 · max 5.24 · 50%:worst 1.73 p30 5.24 med 5.24 <4.5 0.09 n55 | 70%:worst 2.31 p30 5.24 med 5.24 <4.5 0.06 n53 | 90%:worst 3.93 p30 5.24 med 5.24 <4.5 0.02 n51 | 100%:worst 5.24 p30 5.24 med 5.24 <4.5 0.00 n49
webkit light proto    dealSublabel    paper L0.982 · max 4.66 · 50%:worst 2.28 p30 4.66 med 4.66 <4.5 0.14 n44 | 70%:worst 2.28 p30 4.66 med 4.66 <4.5 0.14 n44 | 90%:worst 4.28 p30 4.66 med 4.66 <4.5 0.05 n40 | 100%:worst 4.66 p30 4.66 med 4.66 <4.5 0.00 n38
webkit light proto    keysSublabel    paper L0.982 · max 4.66 · 50%:worst 2.42 p30 4.66 med 4.66 <4.5 0.05 n40 | 70%:worst 2.42 p30 4.66 med 4.66 <4.5 0.05 n40 | 90%:worst 4.66 p30 4.66 med 4.66 <4.5 0.00 n38 | 100%:worst 4.66 p30 4.66 med 4.66 <4.5 0.00 n38
webkit light control  unselectedChip  ABSENT
webkit light control  selectedLevel   ABSENT
webkit light control  levelH2         paper L0.982 · max 4.90 · 50%:worst 1.77 p30 4.90 med 4.90 <4.5 0.06 n110 | 70%:worst 3.34 p30 4.90 med 4.90 <4.5 0.05 n108 | 90%:worst 3.59 p30 4.90 med 4.90 <4.5 0.03 n106 | 100%:worst 4.90 p30 4.90 med 4.90 <4.5 0.00 n103
webkit light control  dealt           paper L0.982 · max 5.24 · 50%:worst 1.97 p30 5.24 med 5.24 <4.5 0.14 n56 | 70%:worst 2.45 p30 5.24 med 5.24 <4.5 0.08 n52 | 90%:worst 3.93 p30 5.24 med 5.24 <4.5 0.06 n51 | 100%:worst 5.24 p30 5.24 med 5.24 <4.5 0.00 n48
webkit light control  dealSublabel    paper L0.982 · max 4.66 · 50%:worst 1.83 p30 4.66 med 4.66 <4.5 0.09 n44 | 70%:worst 2.76 p30 4.66 med 4.66 <4.5 0.05 n42 | 90%:worst 4.66 p30 4.66 med 4.66 <4.5 0.00 n40 | 100%:worst 4.66 p30 4.66 med 4.66 <4.5 0.00 n40
webkit light control  keysSublabel    ABSENT
webkit dark proto    unselectedChip  paper L0.006 · max 7.68 · 50%:worst 5.92 p30 7.68 med 7.68 <4.5 0.00 n41 | 70%:worst 5.92 p30 7.68 med 7.68 <4.5 0.00 n41 | 90%:worst 7.68 p30 7.68 med 7.68 <4.5 0.00 n36 | 100%:worst 7.68 p30 7.68 med 7.68 <4.5 0.00 n36
webkit dark proto    selectedLevel   paper L0.006 · max 10.23 · 50%:worst 9.10 p30 10.23 med 10.23 <4.5 0.00 n94 | 70%:worst 9.10 p30 10.23 med 10.23 <4.5 0.00 n94 | 90%:worst 10.23 p30 10.23 med 10.23 <4.5 0.00 n92 | 100%:worst 10.23 p30 10.23 med 10.23 <4.5 0.00 n92
webkit dark proto    levelH2         paper L0.006 · max 10.23 · 50%:worst 6.65 p30 10.23 med 10.23 <4.5 0.00 n108 | 70%:worst 9.00 p30 10.23 med 10.23 <4.5 0.00 n105 | 90%:worst 10.23 p30 10.23 med 10.23 <4.5 0.00 n103 | 100%:worst 10.23 p30 10.23 med 10.23 <4.5 0.00 n103
webkit dark proto    dealt           paper L0.006 · max 6.07 · 50%:worst 3.61 p30 6.07 med 6.07 <4.5 0.04 n53 | 70%:worst 6.00 p30 6.07 med 6.07 <4.5 0.00 n51 | 90%:worst 6.00 p30 6.07 med 6.07 <4.5 0.00 n51 | 100%:worst 6.07 p30 6.07 med 6.07 <4.5 0.00 n50
webkit dark proto    dealSublabel    paper L0.006 · max 7.68 · 50%:worst 4.36 p30 7.68 med 7.68 <4.5 0.02 n42 | 70%:worst 7.50 p30 7.68 med 7.68 <4.5 0.00 n40 | 90%:worst 7.50 p30 7.68 med 7.68 <4.5 0.00 n40 | 100%:worst 7.68 p30 7.68 med 7.68 <4.5 0.00 n38
webkit dark proto    keysSublabel    paper L0.006 · max 7.68 · 50%:worst 4.41 p30 7.68 med 7.68 <4.5 0.03 n40 | 70%:worst 6.17 p30 7.68 med 7.68 <4.5 0.00 n39 | 90%:worst 7.68 p30 7.68 med 7.68 <4.5 0.00 n38 | 100%:worst 7.68 p30 7.68 med 7.68 <4.5 0.00 n38
webkit dark control  unselectedChip  ABSENT
webkit dark control  selectedLevel   ABSENT
webkit dark control  levelH2         paper L0.006 · max 10.23 · 50%:worst 6.65 p30 10.23 med 10.23 <4.5 0.00 n108 | 70%:worst 9.00 p30 10.23 med 10.23 <4.5 0.00 n105 | 90%:worst 10.23 p30 10.23 med 10.23 <4.5 0.00 n103 | 100%:worst 10.23 p30 10.23 med 10.23 <4.5 0.00 n103
webkit dark control  dealt           paper L0.006 · max 6.07 · 50%:worst 3.94 p30 6.07 med 6.07 <4.5 0.02 n52 | 70%:worst 5.85 p30 6.07 med 6.07 <4.5 0.00 n51 | 90%:worst 5.85 p30 6.07 med 6.07 <4.5 0.00 n51 | 100%:worst 6.07 p30 6.07 med 6.07 <4.5 0.00 n48
webkit dark control  dealSublabel    paper L0.006 · max 7.68 · 50%:worst 4.80 p30 7.68 med 7.68 <4.5 0.00 n42 | 70%:worst 5.92 p30 7.68 med 7.68 <4.5 0.00 n41 | 90%:worst 7.68 p30 7.68 med 7.68 <4.5 0.00 n40 | 100%:worst 7.68 p30 7.68 med 7.68 <4.5 0.00 n40
webkit dark control  keysSublabel    ABSENT
