chromium 320x568-coarse: wrapClientH 667/675/675 (Δ -8) · cardScrollH 691/699/699 (Δ -8) · zone 218.83/241.73/241.73 · dealRow 84.98/117.77 · cardW 320/320 · boardX 12/12 · givens same true kept true/true/true
chromium 390x844-coarse: wrapClientH 628/675/675 (Δ -47) · cardScrollH 652/699/699 (Δ -47) · zone 218.83/241.73/241.73 · dealRow 84.98/117.77 · cardW 390/390 · boardX 12/12 · givens same true kept true/true/true
chromium 768x1024-coarse: wrapClientH 628/657/657 (Δ -29) · cardScrollH 652/681/681 (Δ -29) · zone 218.83/244.59/244.59 · dealRow 84.98/117.77 · cardW 768/768 · boardX 48/48 · givens same true kept true/true/true
chromium 1280x800-fine: wrapClientH 717/1066/1066 (Δ -349) · cardScrollH 793/1142/1142 (Δ -349) · zone 303.28/503.19/503.19 · dealRow 87.39/120.17 · cardW 324.22/324.22 · boardX 129.89/129.89 · givens same true kept true/true/true
chromium 1280x800-coarse: wrapClientH 983/1227/1227 (Δ -244) · cardScrollH 1059/1303/1303 (Δ -244) · zone 411.25/532.78/532.78 · dealRow 80.98/113.77 · cardW 224/224 · boardX 180/180 · givens same true kept true/true/true
webkit 320x568-coarse: wrapClientH 668/675/675 (Δ -7) · cardScrollH 692/699/699 (Δ -7) · zone 219.3/242.23/242.23 · dealRow 85.48/118.27 · cardW 320/320 · boardX 12/12 · givens same true kept true/true/true
webkit 390x844-coarse: wrapClientH 629/675/675 (Δ -46) · cardScrollH 653/699/699 (Δ -46) · zone 219.3/242.23/242.23 · dealRow 85.48/118.27 · cardW 390/390 · boardX 12/12 · givens same true kept true/true/true
webkit 768x1024-coarse: wrapClientH 629/658/658 (Δ -29) · cardScrollH 653/682/682 (Δ -29) · zone 219.3/245.08/245.08 · dealRow 85.48/118.27 · cardW 768/768 · boardX 48/48 · givens same true kept true/true/true
webkit 1280x800-fine: wrapClientH 717/1067/1067 (Δ -350) · cardScrollH 793/1143/1143 (Δ -350) · zone 304.23/504.16/504.16 · dealRow 87.89/120.67 · cardW 332.31/332.31 · boardX 125.84/125.84 · givens same true kept true/true/true
webkit 1280x800-coarse: wrapClientH 984/1228/1228 (Δ -244) · cardScrollH 1060/1304/1304 (Δ -244) · zone 412.2/533.75/533.75 · dealRow 81.48/114.27 · cardW 224/224 · boardX 180/180 · givens same true kept true/true/true
EXIT 0

# RE-READ after the seam cure: proto dist index-CNVNTjZawUmM.js vs control (proto/control; the third arm not served on this read, so 'givens same' compares against undefined — 'kept' is the pin)
chromium 320x568-coarse: wrapClientH 685/675/undefined (Δ 10) · cardScrollH 709/699/undefined (Δ 10) · zone 218.83/241.73/undefined · dealRow 84.98/117.77 · cardW 320/320 · boardX 12/12 · givens same false kept true/true/undefined
chromium 390x844-coarse: wrapClientH 646/675/undefined (Δ -29) · cardScrollH 670/699/undefined (Δ -29) · zone 218.83/241.73/undefined · dealRow 84.98/117.77 · cardW 390/390 · boardX 12/12 · givens same false kept true/true/undefined
chromium 768x1024-coarse: wrapClientH 646/657/undefined (Δ -11) · cardScrollH 670/681/undefined (Δ -11) · zone 218.83/244.59/undefined · dealRow 84.98/117.77 · cardW 768/768 · boardX 48/48 · givens same false kept true/true/undefined
chromium 1280x800-fine: wrapClientH 726/1066/undefined (Δ -340) · cardScrollH 802/1142/undefined (Δ -340) · zone 303.28/503.19/undefined · dealRow 87.39/120.17 · cardW 324.22/324.22 · boardX 129.89/129.89 · givens same false kept true/true/undefined
chromium 1280x800-coarse: wrapClientH 993/1227/undefined (Δ -234) · cardScrollH 1069/1303/undefined (Δ -234) · zone 411.25/532.78/undefined · dealRow 80.98/113.77 · cardW 224/224 · boardX 180/180 · givens same false kept true/true/undefined
webkit 320x568-coarse: wrapClientH 685/675/undefined (Δ 10) · cardScrollH 709/699/undefined (Δ 10) · zone 219.3/242.23/undefined · dealRow 85.48/118.27 · cardW 320/320 · boardX 12/12 · givens same false kept true/true/undefined
webkit 390x844-coarse: wrapClientH 646/675/undefined (Δ -29) · cardScrollH 670/699/undefined (Δ -29) · zone 219.3/242.23/undefined · dealRow 85.48/118.27 · cardW 390/390 · boardX 12/12 · givens same false kept true/true/undefined
webkit 768x1024-coarse: wrapClientH 646/658/undefined (Δ -12) · cardScrollH 670/682/undefined (Δ -12) · zone 219.3/245.08/undefined · dealRow 85.48/118.27 · cardW 768/768 · boardX 48/48 · givens same false kept true/true/undefined
webkit 1280x800-fine: wrapClientH 727/1067/undefined (Δ -340) · cardScrollH 803/1143/undefined (Δ -340) · zone 304.23/504.16/undefined · dealRow 87.89/120.67 · cardW 332.31/332.31 · boardX 125.84/125.84 · givens same false kept true/true/undefined
webkit 1280x800-coarse: wrapClientH 994/1228/undefined (Δ -234) · cardScrollH 1070/1304/undefined (Δ -234) · zone 412.2/533.75/undefined · dealRow 81.48/114.27 · cardW 224/224 · boardX 180/180 · givens same false kept true/true/undefined
