# filter census (throttle config, projects filter-census-{chromium,webkit}, LIGHT as the spec runs), served dists
## proto dist index-BOrSgAqw1-Y5.js :4236
[1/12] [filter-census-webkit] › e2e/filter-census.spec.ts:320:3 › G3.3 · the coarse regime › G3.3 · live-filter census holds below 1024 (built dist)
[2/12] [filter-census-chromium] › e2e/filter-census.spec.ts:300:1 › G3.1 · live-filter census equals filterBudget.ts exactly, area and all (built dist)
[3/12] [filter-census-chromium] › e2e/filter-census.spec.ts:320:3 › G3.3 · the coarse regime › G3.3 · live-filter census holds below 1024 (built dist)
[4/12] [filter-census-chromium] › e2e/filter-census.spec.ts:441:1 › G3.5 · no :hover state mints a live filter — board regime (built dist)
[5/12] [filter-census-webkit] › e2e/filter-census.spec.ts:300:1 › G3.1 · live-filter census equals filterBudget.ts exactly, area and all (built dist)
[6/12] [filter-census-chromium] › e2e/filter-census.spec.ts:448:1 › G3.5 · no :hover state mints a live filter — PICKER regime (built dist)
[7/12] [filter-census-webkit] › e2e/filter-census.spec.ts:441:1 › G3.5 · no :hover state mints a live filter — board regime (built dist)
[8/12] [filter-census-chromium] › e2e/filter-census.spec.ts:462:1 › G3.2 · no retained fill supplies a computed transform (built dist)
[9/12] [filter-census-chromium] › e2e/filter-census.spec.ts:507:1 › G3.2 · source `forwards|both` fill sites equal FILL_ALLOWLIST exactly
[10/12] [filter-census-webkit] › e2e/filter-census.spec.ts:448:1 › G3.5 · no :hover state mints a live filter — PICKER regime (built dist)
[11/12] [filter-census-webkit] › e2e/filter-census.spec.ts:462:1 › G3.2 · no retained fill supplies a computed transform (built dist)
[12/12] [filter-census-webkit] › e2e/filter-census.spec.ts:507:1 › G3.2 · source `forwards|both` fill sites equal FILL_ALLOWLIST exactly
  12 passed (6.8s)
## control dist index-CubiZsMVSwTc.js :4235
  12 passed (7.0s)

# goldens (playwright-golden.config.ts, chromium, dpr2)
## proto
[3/4] e2e/visual-golden.spec.ts:353:1 › golden · toggle crest (dark, moon) — W13 soul: celestial rest pose
[4/4] e2e/visual-golden.spec.ts:388:1 › golden · grid top-left corner (light) — W13 soul: grain-static steady layer
  4 passed (1.9s)
## control
[3/4] e2e/visual-golden.spec.ts:353:1 › golden · toggle crest (dark, moon) — W13 soul: celestial rest pose
[4/4] e2e/visual-golden.spec.ts:388:1 › golden · grid top-left corner (light) — W13 soul: grain-static steady layer
  4 passed (1.9s)
