# the e2e estate, WHOLE spec files, bare, one invocation per spec per project
# FINAL proto = dist index-CNVNTjZawUmM.js on :4236 (seam cure + re-read ceilings); control = 74a2b5d9 dist index-CubiZsMVSwTc.js on :4235, run with THIS tree's spec files
r2-proto-a11y-chromium EXIT 0 {"startTime":"2026-09-23T02:06:52.812Z","duration":8367.373,"expected":15,"skipped":0,"unexpected":0,"flaky":0}
r2-proto-a11y-webkit EXIT 0 {"startTime":"2026-09-23T02:08:41.647Z","duration":8821.673999999999,"expected":15,"skipped":0,"unexpected":0,"flaky":0}
r2-proto-access-chromium EXIT 0 {"startTime":"2026-09-23T02:06:43.218Z","duration":5154.87,"expected":8,"skipped":0,"unexpected":0,"flaky":0}
r2-proto-access-webkit EXIT 0 {"startTime":"2026-09-23T02:08:27.403Z","duration":6476.87,"expected":8,"skipped":0,"unexpected":0,"flaky":0}
r2-proto-font-census-chromium EXIT 0 {"startTime":"2026-09-23T02:06:48.861Z","duration":1823.4220000000003,"expected":2,"skipped":0,"unexpected":0,"flaky":0}
r2-proto-font-census-webkit EXIT 0 {"startTime":"2026-09-23T02:08:34.496Z","duration":3885.761,"expected":2,"skipped":0,"unexpected":0,"flaky":0}
r2-proto-keys-crib-chromium EXIT 0 {"startTime":"2026-09-23T02:06:32.331Z","duration":6606.144,"expected":4,"skipped":0,"unexpected":0,"flaky":0}
r2-proto-keys-crib-webkit EXIT 0 {"startTime":"2026-09-23T02:08:13.534Z","duration":7783.874,"expected":4,"skipped":0,"unexpected":0,"flaky":0}
r2-proto-share-truth-chromium EXIT 0 {"startTime":"2026-09-23T02:06:51.171Z","duration":1120.2089999999998,"expected":5,"skipped":0,"unexpected":0,"flaky":0}
r2-proto-share-truth-webkit EXIT 0 {"startTime":"2026-09-23T02:08:39.012Z","duration":2044.658,"expected":4,"skipped":1,"unexpected":0,"flaky":0}
r2-proto-viewport-law-chromium EXIT 1 {"startTime":"2026-09-23T02:05:32.141Z","duration":46591.976,"expected":13,"skipped":0,"unexpected":1,"flaky":0}
r2-proto-viewport-law-webkit EXIT 1 {"startTime":"2026-09-23T02:07:08.129Z","duration":47171.962,"expected":13,"skipped":0,"unexpected":1,"flaky":0}
r2-proto-visual-regression-chromium EXIT 1 {"startTime":"2026-09-23T02:07:02.009Z","duration":5479.014,"expected":10,"skipped":0,"unexpected":2,"flaky":0}
r2-proto-visual-regression-webkit EXIT 1 {"startTime":"2026-09-23T02:08:50.982Z","duration":7229.465,"expected":10,"skipped":0,"unexpected":2,"flaky":0}
r2-proto-zone-grammar-chromium EXIT 0 {"startTime":"2026-09-23T02:06:39.504Z","duration":3133.232,"expected":11,"skipped":0,"unexpected":0,"flaky":0}
r2-proto-zone-grammar-webkit EXIT 0 {"startTime":"2026-09-23T02:08:21.846Z","duration":5053.392,"expected":11,"skipped":0,"unexpected":0,"flaky":0}
r3-proto-face-law-chromium EXIT 0 {"startTime":"2026-09-23T02:10:51.073Z","duration":12021.944000000001,"expected":34,"skipped":0,"unexpected":0,"flaky":0}
r3-proto-face-law-webkit EXIT 0 {"startTime":"2026-09-23T02:11:03.583Z","duration":16910.376,"expected":34,"skipped":0,"unexpected":0,"flaky":0}
control zone-grammar chromium EXIT 1 {"startTime":"2026-09-23T01:58:42.725Z","duration":61603.166999999994,"expected":10,"skipped":0,"unexpected":1,"flaky":0}
control access chromium EXIT 0 {"startTime":"2026-09-23T01:59:44.924Z","duration":5214.3679999999995,"expected":8,"skipped":0,"unexpected":0,"flaky":0}
control font-census chromium EXIT 1 {"startTime":"2026-09-23T01:59:50.726Z","duration":2132.9709999999995,"expected":0,"skipped":0,"unexpected":2,"flaky":0}
control share-truth chromium EXIT 0 {"startTime":"2026-09-23T01:59:53.446Z","duration":1289.663,"expected":5,"skipped":0,"unexpected":0,"flaky":0}
control a11y chromium EXIT 0 {"startTime":"2026-09-23T01:59:55.349Z","duration":8229.687,"expected":15,"skipped":0,"unexpected":0,"flaky":0}
control viewport-law chromium EXIT 0 {"startTime":"2026-09-23T02:00:04.336Z","duration":20946.286,"expected":14,"skipped":0,"unexpected":0,"flaky":0}
control face-law chromium EXIT 1 {"startTime":"2026-09-23T02:00:26.576Z","duration":70211.015,"expected":11,"skipped":0,"unexpected":23,"flaky":0}
control keys-crib chromium EXIT 1 {"startTime":"2026-09-23T02:01:37.446Z","duration":7023.880999999999,"expected":0,"skipped":0,"unexpected":4,"flaky":0}
control zone-grammar webkit EXIT 1 {"startTime":"2026-09-23T02:01:45.124Z","duration":63656.551999999996,"expected":10,"skipped":0,"unexpected":1,"flaky":0}
control access webkit EXIT 0 {"startTime":"2026-09-23T02:02:49.287Z","duration":6913.691,"expected":8,"skipped":0,"unexpected":0,"flaky":0}
control font-census webkit EXIT 1 {"startTime":"2026-09-23T02:02:56.788Z","duration":3380.648,"expected":0,"skipped":0,"unexpected":2,"flaky":0}
control share-truth webkit EXIT 0 {"startTime":"2026-09-23T02:03:00.660Z","duration":1985.273,"expected":4,"skipped":1,"unexpected":0,"flaky":0}
control a11y webkit EXIT 0 {"startTime":"2026-09-23T02:03:03.132Z","duration":8792.635,"expected":15,"skipped":0,"unexpected":0,"flaky":0}
control viewport-law webkit EXIT 0 {"startTime":"2026-09-23T02:03:12.408Z","duration":21514.727,"expected":14,"skipped":0,"unexpected":0,"flaky":0}
control face-law webkit EXIT 1 {"startTime":"2026-09-23T02:03:34.403Z","duration":72013.369,"expected":11,"skipped":0,"unexpected":23,"flaky":0}
control keys-crib webkit EXIT 1 {"startTime":"2026-09-23T02:04:46.893Z","duration":8258.628,"expected":0,"skipped":0,"unexpected":4,"flaky":0}

# FAILED rows, proto final
FAILED  [chromium] §2.5 the washi tape yields @ 1440×900 › §2.5 no washi tape covers any part of an interactive element
        · slow: undefined
        ! Error: a tape must flip, shift or yield rather than cover a control; measured [{"tape":"new game","own":false,"target":"Medium","frac":0.22,"px":665},{"tape":"new game","own":false,"target":"Easy","frac":0.2,"px":424.4},{"tape":"new game","own":false,"target":"Hard","frac":0.013,"px":27.4}] |  | [2mexpect([22m[31mreceived[39m[2m).[22mtoEqual[2m([22m[32mexpected[39m[2m) // deep equality[22m | 
FAILED  [chromium] the deal receipt keeps off the commit verb, hover included
        ! Error: [2mexpect([22m[31mreceived[39m[2m).[22mtoBeGreaterThanOrEqual[2m([22m[32mexpected[39m[2m)[22m |  | Expected: >= [32m0[39m | Received:    [31m-40.39[39m
PASSED  [chromium] option chips keep their separation: ≥6px between neighbours, both axes
FAILED  [chromium] the iPad coarse card stays under the P1 seal: the chip seam is PAID for
        ! Error: negative control: the unpaid layout must break the seal |  | [2mexpect([22m[31mreceived[39m[2m).[22mtoBeGreaterThan[2m([22m[32mexpected[39m[2m)[22m | 
PASSED  [chromium] toggle warp rest pose: wrung into the page, no carousel travel
FAILED  [webkit] the deal receipt keeps off the commit verb, hover included
        ! Error: [2mexpect([22m[31mreceived[39m[2m).[22mtoBeGreaterThanOrEqual[2m([22m[32mexpected[39m[2m)[22m |  | Expected: >= [32m0[39m | Received:    [31m-40.56[39m
PASSED  [webkit] option chips keep their separation: ≥6px between neighbours, both axes
FAILED  [webkit] the iPad coarse card stays under the P1 seal: the chip seam is PAID for
        ! Error: negative control: the unpaid layout must break the seal |  | [2mexpect([22m[31mreceived[39m[2m).[22mtoBeGreaterThan[2m([22m[32mexpected[39m[2m)[22m | 
PASSED  [webkit] toggle warp rest pose: wrung into the page, no carousel travel
FAILED  [webkit] §2.5 the washi tape yields @ 1440×900 › §2.5 no washi tape covers any part of an interactive element
        · slow: undefined
        ! Error: a tape must flip, shift or yield rather than cover a control; measured [{"tape":"new game","own":false,"target":"Medium","frac":0.221,"px":666.1},{"tape":"new game","own":false,"target":"Easy","frac":0.2,"px":425.1},{"tape":"new game","own":false,"target":"Hard","frac":0.013,"px":27.8}] |  | [2mexpect([22m[31mreceived[39m[2m).[22mtoEqual[2m([22m[32mexpected[39m[2m) // deep equality[22m | 

# FAILED rows, control
FAILED  [webkit] the ledger holds BOTH directions across two games and two regimes
FAILED  [webkit] no string renders in two faces except the ones this estate has ledgered
FAILED  [webkit] the printed voice — desk 1280 fine › one voice over every printed name, and the count derives
FAILED  [webkit] the printed voice — dock 390×844 coarse › one voice over every printed name, and the count derives
FAILED  [webkit] the printed voice — landscape 900×500 coarse › one voice over every printed name, and the count derives
FAILED  [webkit] the caption lane — 320×568 › every row caption's box IS its word, and the two begin on one edge
FAILED  [webkit] the caption lane — 360×740 › every row caption's box IS its word, and the two begin on one edge
FAILED  [webkit] the caption lane — 375×812 › every row caption's box IS its word, and the two begin on one edge
FAILED  [webkit] the caption lane — 390×844 › every row caption's box IS its word, and the two begin on one edge
FAILED  [webkit] the caption lane — 430×932 › every row caption's box IS its word, and the two begin on one edge
FAILED  [webkit] the caption lane — 900×500 › every row caption's box IS its word, and the two begin on one edge
FAILED  [webkit] the clearances — 390×844 › a tape's paper clears the ink above it, and clears the tab head
FAILED  [webkit] the clearances — 375×812 › a tape's paper clears the ink above it, and clears the tab head
FAILED  [webkit] the clearances — 430×932 › a tape's paper clears the ink above it, and clears the tab head
FAILED  [webkit] the clearances — 900×500 › a tape's paper clears the ink above it, and clears the tab head
FAILED  [webkit] the written chips › every card chip is the hand at 400, and its mark is priced off the WORD
TIMEDOUT [webkit] the written chips › the mark's PAINTED columns run 2–8px past the glyph's, both sides
FAILED  [webkit] law 14 — openness is ink pressure › pressing the OPEN head changes nothing, and nothing promises that it would
FAILED  [webkit] the face law, rendered — the card · 1280 fine › every element the law matches paints the family the law's LAST match names
FAILED  [webkit] the face law, rendered — the card · 390×844 coarse › every element the law matches paints the family the law's LAST match names
FAILED  [webkit] the face law, rendered — the gallery · 1280 fine › every element the law matches paints the family the law's LAST match names
FAILED  [webkit] the registration block, on its declaring host — 1280 fine › THE REGISTRATION TOOK and THE PUBLISHER RAN, with the unregistered control
FAILED  [webkit] the registration block, on its declaring host — 390×844 coarse › THE REGISTRATION TOOK and THE PUBLISHER RAN, with the unregistered control
FAILED  [webkit] the rings, by keyboard — 390×844 coarse › each ring site shows a dashed --ring-ink ring on :focus-visible; a stranded focusable shows none
FAILED  [webkit] the rings, by keyboard — 1280 fine › each ring site shows a dashed --ring-ink ring on :focus-visible; a stranded focusable shows none
FAILED  [chromium] the ledger holds BOTH directions across two games and two regimes
FAILED  [chromium] no string renders in two faces except the ones this estate has ledgered
FAILED  [chromium] the printed voice — desk 1280 fine › one voice over every printed name, and the count derives
FAILED  [chromium] the printed voice — dock 390×844 coarse › one voice over every printed name, and the count derives
FAILED  [chromium] the printed voice — landscape 900×500 coarse › one voice over every printed name, and the count derives
FAILED  [chromium] the caption lane — 320×568 › every row caption's box IS its word, and the two begin on one edge
FAILED  [chromium] the caption lane — 360×740 › every row caption's box IS its word, and the two begin on one edge
FAILED  [chromium] the caption lane — 375×812 › every row caption's box IS its word, and the two begin on one edge
FAILED  [chromium] the caption lane — 390×844 › every row caption's box IS its word, and the two begin on one edge
FAILED  [chromium] the caption lane — 430×932 › every row caption's box IS its word, and the two begin on one edge
FAILED  [chromium] the caption lane — 900×500 › every row caption's box IS its word, and the two begin on one edge
FAILED  [chromium] the clearances — 390×844 › a tape's paper clears the ink above it, and clears the tab head
FAILED  [chromium] the clearances — 375×812 › a tape's paper clears the ink above it, and clears the tab head
FAILED  [chromium] the clearances — 430×932 › a tape's paper clears the ink above it, and clears the tab head
FAILED  [chromium] the clearances — 900×500 › a tape's paper clears the ink above it, and clears the tab head
FAILED  [chromium] the written chips › every card chip is the hand at 400, and its mark is priced off the WORD
TIMEDOUT [chromium] the written chips › the mark's PAINTED columns run 2–8px past the glyph's, both sides
FAILED  [chromium] law 14 — openness is ink pressure › pressing the OPEN head changes nothing, and nothing promises that it would
FAILED  [chromium] the face law, rendered — the card · 1280 fine › every element the law matches paints the family the law's LAST match names
FAILED  [chromium] the face law, rendered — the card · 390×844 coarse › every element the law matches paints the family the law's LAST match names
FAILED  [chromium] the face law, rendered — the gallery · 1280 fine › every element the law matches paints the family the law's LAST match names
FAILED  [chromium] the registration block, on its declaring host — 1280 fine › THE REGISTRATION TOOK and THE PUBLISHER RAN, with the unregistered control
FAILED  [chromium] the registration block, on its declaring host — 390×844 coarse › THE REGISTRATION TOOK and THE PUBLISHER RAN, with the unregistered control
FAILED  [chromium] the rings, by keyboard — 390×844 coarse › each ring site shows a dashed --ring-ink ring on :focus-visible; a stranded focusable shows none
FAILED  [chromium] the rings, by keyboard — 1280 fine › each ring site shows a dashed --ring-ink ring on :focus-visible; a stranded focusable shows none
FAILED  [webkit] the crib opens where it was asked for — 1280×800 fine, from the top
FAILED  [webkit] the crib opens where it was asked for — 1280×800 fine, from the end
FAILED  [webkit] the crib opens where it was asked for — 1024×768 fine, from the top
FAILED  [webkit] the crib opens where it was asked for — 1024×768 fine, from the end
FAILED  [chromium] the crib opens where it was asked for — 1280×800 fine, from the top
FAILED  [chromium] the crib opens where it was asked for — 1280×800 fine, from the end
FAILED  [chromium] the crib opens where it was asked for — 1024×768 fine, from the top
FAILED  [chromium] the crib opens where it was asked for — 1024×768 fine, from the end
TIMEDOUT [chromium] coarse regime › the checking well says one thing: its chips
TIMEDOUT [webkit] coarse regime › the checking well says one thing: its chips

# pre-cure proto (index-BOrSgAqw1-Y5.js, served :4234 dev): viewport-law §2.5 red on the inter-well seam
FAILED  [webkit] §2.5 the washi tape yields @ 1440×900 › §2.5 no washi tape covers any part of an interactive element
        · slow: undefined
        ! Error: a tape must flip, shift or yield rather than cover a control; measured [{"tape":"checking","own":false,"target":"Off","frac":0.041,"px":206.5},{"tape":"players","own":false,"target":"Ask","frac":0.041,"px":74},{"tape":"players","own":false,"target":"Off","frac":0.036,"px":57.6},{"tape":"players","own":false,"target":"Live","frac":0.012,"px":23.1},{"tape":"checking","own":false,"target":"On","frac":0,"px":1}] |  | [2mexpect([22m[31mreceived[39m[2m).[22mtoEqual[2m([22m[32
FAILED  [chromium] §2.5 the washi tape yields @ 1440×900 › §2.5 no washi tape covers any part of an interactive element
        · slow: undefined
        ! Error: a tape must flip, shift or yield rather than cover a control; measured [{"tape":"checking","own":false,"target":"Off","frac":0.041,"px":206},{"tape":"players","own":false,"target":"Ask","frac":0.041,"px":74},{"tape":"players","own":false,"target":"Off","frac":0.036,"px":57.6},{"tape":"players","own":false,"target":"Live","frac":0.012,"px":23.1},{"tape":"checking","own":false,"target":"On","frac":0,"px":1}] |  | [2mexpect([22m[31mreceived[39m[2m).[22mtoEqual[2m([22m[32me

# proposed VR rows (instruments/PROPOSED-visual-regression.diff) on the final dist
PASSED  [chromium] the deal receipt keeps off the commit verb, hover included
PASSED  [chromium] option chips keep their separation: ≥6px between neighbours, both axes
PASSED  [chromium] the iPad coarse card stays under the P1 seal: the chip seam is PAID for
PASSED  [webkit] the deal receipt keeps off the commit verb, hover included
PASSED  [webkit] option chips keep their separation: ≥6px between neighbours, both axes
PASSED  [webkit] the iPad coarse card stays under the P1 seal: the chip seam is PAID for
{"startTime":"2026-09-23T02:12:37.616Z","duration":3935.371,"expected":6,"skipped":0,"unexpected":0,"flaky":0}

# filter census + goldens on the final dist
  12 passed (6.4s)
  4 passed (1.9s)

# vitest (chunked by directory) + vue-tsc -b, this tree
EXIT[src/games] 0
 Test Files  57 passed (57)
      Tests  742 passed (742)
EXIT[src/pencil] 0
 Test Files  8 passed (8)
      Tests  73 passed (73)
EXIT[src/composables] 0
 Test Files  3 passed (3)
      Tests  16 passed (16)
EXIT[src/lib] 1
EXIT[vue-tsc -b] 0
VITEST-DONE
