FAILED  [chromium] the crib opens where it was asked for — 1280×800 fine, from the top
        · crib: G1 hit 0/19, dl -87.28px above the verbs · G2 scrollTop 0→534, scrollIntoView ×1 · G3 drift open 0px/81f, close 0.13px/81f, close scrollTop 534→534 · G5 parked 0/16 (spb 121px, bar-h 121px); publisher blinded (spb 121px) → 0/16
        ! Error: G1: every key and its meaning is the topmost thing at its own centre |  | [2mexpect([22m[31mreceived[39m[2m).[22mtoBe[2m([22m[32mexpected[39m[2m) // Object.is equality[22m | 
FAILED  [chromium] the crib opens where it was asked for — 1280×800 fine, from the end
        · crib: G1 hit 0/19, dl -87.28px above the verbs · G2 scrollTop 534→534, scrollIntoView ×1 · G3 drift open 0.13px/79f, close 0.13px/83f, close scrollTop 534→534 · G5 parked 0/16 (spb 121px, bar-h 121px); publisher blinded (spb 121px) → 0/16
        ! Error: G1: every key and its meaning is the topmost thing at its own centre |  | [2mexpect([22m[31mreceived[39m[2m).[22mtoBe[2m([22m[32mexpected[39m[2m) // Object.is equality[22m | 
FAILED  [chromium] the crib opens where it was asked for — 1024×768 fine, from the top
        · crib: G1 hit 0/19, dl -84.55px above the verbs · G2 scrollTop 0→563, scrollIntoView ×1 · G3 drift open 0px/80f, close 0px/83f, close scrollTop 563→563 · G5 parked 0/16 (spb 121px, bar-h 121px); publisher blinded (spb 121px) → 0/16
        ! Error: G1: every key and its meaning is the topmost thing at its own centre |  | [2mexpect([22m[31mreceived[39m[2m).[22mtoBe[2m([22m[32mexpected[39m[2m) // Object.is equality[22m | 
FAILED  [chromium] the crib opens where it was asked for — 1024×768 fine, from the end
        · crib: G1 hit 0/19, dl -84.55px above the verbs · G2 scrollTop 563→563, scrollIntoView ×1 · G3 drift open 0px/83f, close 0px/77f, close scrollTop 563→563 · G5 parked 0/16 (spb 121px, bar-h 121px); publisher blinded (spb 121px) → 0/16
        ! Error: G1: every key and its meaning is the topmost thing at its own centre |  | [2mexpect([22m[31mreceived[39m[2m).[22mtoBe[2m([22m[32mexpected[39m[2m) // Object.is equality[22m | 
FAILED  [webkit] the crib opens where it was asked for — 1280×800 fine, from the top
        · crib: G1 hit 0/19, dl -87.25px above the verbs · G2 scrollTop 0→534, scrollIntoView ×1 · G3 drift open 0px/70f, close 0.16px/69f, close scrollTop 534→534 · G5 parked 0/16 (spb 121px, bar-h 121px); publisher blinded (spb 121px) → 0/16
        ! Error: G1: every key and its meaning is the topmost thing at its own centre |  | [2mexpect([22m[31mreceived[39m[2m).[22mtoBe[2m([22m[32mexpected[39m[2m) // Object.is equality[22m | 
FAILED  [webkit] the crib opens where it was asked for — 1280×800 fine, from the end
        · crib: G1 hit 0/19, dl -87.25px above the verbs · G2 scrollTop 534→534, scrollIntoView ×1 · G3 drift open 0.16px/70f, close 0.16px/69f, close scrollTop 534→534 · G5 parked 0/16 (spb 121px, bar-h 121px); publisher blinded (spb 121px) → 0/16
        ! Error: G1: every key and its meaning is the topmost thing at its own centre |  | [2mexpect([22m[31mreceived[39m[2m).[22mtoBe[2m([22m[32mexpected[39m[2m) // Object.is equality[22m | 
FAILED  [webkit] the crib opens where it was asked for — 1024×768 fine, from the top
        · crib: G1 hit 0/19, dl -84.27px above the verbs · G2 scrollTop 0→563, scrollIntoView ×1 · G3 drift open 0px/70f, close 0.08px/69f, close scrollTop 563→563 · G5 parked 0/16 (spb 121px, bar-h 121px); publisher blinded (spb 121px) → 0/16
        ! Error: G1: every key and its meaning is the topmost thing at its own centre |  | [2mexpect([22m[31mreceived[39m[2m).[22mtoBe[2m([22m[32mexpected[39m[2m) // Object.is equality[22m | 
FAILED  [webkit] the crib opens where it was asked for — 1024×768 fine, from the end
        · crib: G1 hit 0/19, dl -84.27px above the verbs · G2 scrollTop 563→563, scrollIntoView ×1 · G3 drift open 0.08px/69f, close 0.08px/70f, close scrollTop 563→563 · G5 parked 0/16 (spb 121px, bar-h 121px); publisher blinded (spb 121px) → 0/16
        ! Error: G1: every key and its meaning is the topmost thing at its own centre |  | [2mexpect([22m[31mreceived[39m[2m).[22mtoBe[2m([22m[32mexpected[39m[2m) // Object.is equality[22m | 
{"startTime":"2026-09-23T01:44:07.597Z","duration":12083.662,"expected":0,"skipped":0,"unexpected":8,"flaky":0}
