PASSED  [chromium] the case-wide occlusion gate › 390×844 coarse › no surface in the case covers any printed or written NAME
        · occlusion: 20 name ranges × 3 positioned surfaces (0 pseudo boxes unresolvable, reported not guessed) → 0 intersections
        · occlusion-baseline: 0 inherited (each under its ceiling: 0 over), 0 novel · inherited seen: none
        · occlusion-ablation: a fixed div planted over "new game" → 1 intersection(s), 1 by the plant, novel 0 → 1: 94.33% on "new game"
PASSED  [webkit] the case-wide occlusion gate › 390×844 coarse › no surface in the case covers any printed or written NAME
        · occlusion: 20 name ranges × 3 positioned surfaces (0 pseudo boxes unresolvable, reported not guessed) → 0 intersections
        · occlusion-baseline: 0 inherited (each under its ceiling: 0 over), 0 novel · inherited seen: none
        · occlusion-ablation: a fixed div planted over "new game" → 1 intersection(s), 1 by the plant, novel 0 → 1: 92.83% on "new game"
PASSED  [chromium] the case-wide occlusion gate › 1280 fine › no surface in the case covers any printed or written NAME
        · occlusion: 22 name ranges × 3 positioned surfaces (0 pseudo boxes unresolvable, reported not guessed) → 13 intersections: "what fits" 51.66% by div.action-bar::before, "Off" 54.05% by div.action-bar, "Off" 45.95% by div.action-bar::before, "On" 54.05% by div.action-bar, "On" 45.95% by div.action-bar::before, "checking" 100% by div.action-bar, "Off" 32.75% by div.action-bar, "Off" 67.25% by div.action-bar::after, "Ask" 32.75% by div.action-bar, "Ask" 67.25% by div.action-bar::after, "Live" 32.75% by div.action-bar, "Live" 67.25% by div.action-bar::after, "players" 100% by div.action-bar::after
        · occlusion-baseline: 13 inherited (each under its ceiling: 0 over), 0 novel · inherited seen: div.action-bar::before 51.66% on "what fits" (≤55.06), div.action-bar 54.05% on "Off" (≤57.54), div.action-bar::before 45.95% on "Off" (≤47.95), div.action-bar 54.05% on "On" (≤57.54), div.action-bar::before 45.95% on "On" (≤47.95), div.action-bar 100% on "checking" (≤100), div.action-bar 32.75% on "Off" (≤57.54), div.action-bar::after 67.25% on "Off" (≤70.64), div.action-bar 32.75% on "Ask" (≤34.75), div.action-bar::after 67.25% on "Ask" (≤70.64), div.action-bar 32.75% on "Live" (≤34.75), div.action-bar::after 67.25% on "Live" (≤70.64), div.action-bar::after 100% on "players" (≤100)
        · occlusion-ablation: a fixed div planted over "new game" → 14 intersection(s), 1 by the plant, novel 0 → 1: 89.04% on "new game"
        · occlusion-ceiling-ablation: the fade grown 200px → 6 pair(s) over ceiling or novel
PASSED  [webkit] the case-wide occlusion gate › 1280 fine › no surface in the case covers any printed or written NAME
        · occlusion: 22 name ranges × 3 positioned surfaces (0 pseudo boxes unresolvable, reported not guessed) → 13 intersections: "what fits" 53.06% by div.action-bar::before, "Off" 55.54% by div.action-bar, "Off" 44.46% by div.action-bar::before, "On" 55.54% by div.action-bar, "On" 44.46% by div.action-bar::before, "checking" 100% by div.action-bar, "Off" 31.36% by div.action-bar, "Off" 68.64% by div.action-bar::after, "Ask" 31.36% by div.action-bar, "Ask" 68.64% by div.action-bar::after, "Live" 31.36% by div.action-bar, "Live" 68.64% by div.action-bar::after, "players" 100% by div.action-bar::after
        · occlusion-baseline: 13 inherited (each under its ceiling: 0 over), 0 novel · inherited seen: div.action-bar::before 53.06% on "what fits" (≤55.06), div.action-bar 55.54% on "Off" (≤57.54), div.action-bar::before 44.46% on "Off" (≤47.95), div.action-bar 55.54% on "On" (≤57.54), div.action-bar::before 44.46% on "On" (≤47.95), div.action-bar 100% on "checking" (≤100), div.action-bar 31.36% on "Off" (≤57.54), div.action-bar::after 68.64% on "Off" (≤70.64), div.action-bar 31.36% on "Ask" (≤34.75), div.action-bar::after 68.64% on "Ask" (≤70.64), div.action-bar 31.36% on "Live" (≤34.75), div.action-bar::after 68.64% on "Live" (≤70.64), div.action-bar::after 100% on "players" (≤100)
        · occlusion-ablation: a fixed div planted over "new game" → 14 intersection(s), 1 by the plant, novel 0 → 1: 89.19% on "new game"
        · occlusion-ceiling-ablation: the fade grown 200px → 6 pair(s) over ceiling or novel
{"startTime":"2026-09-23T01:45:35.604Z","duration":2598.7929999999997,"expected":4,"skipped":0,"unexpected":0,"flaky":0}
=== CONTROL 74a2b5d9 :4235
PASSED  [chromium] the case-wide occlusion gate › 390×844 coarse › no surface in the case covers any printed or written NAME
        · occlusion: 9 name ranges × 3 positioned surfaces (0 pseudo boxes unresolvable, reported not guessed) → 1 intersections: "players" 100% by div.action-bar::before
        · occlusion-baseline: 1 inherited (each under its ceiling: 0 over), 0 novel · inherited seen: div.action-bar::before 100% on "players" (≤100)
        · occlusion-ablation: a fixed div planted over "new game" → 2 intersection(s), 1 by the plant, novel 0 → 1: 100% on "new game"
        · occlusion-ceiling-ablation: the fade grown 200px → 2 pair(s) over ceiling or novel
PASSED  [webkit] the case-wide occlusion gate › 390×844 coarse › no surface in the case covers any printed or written NAME
        · occlusion: 9 name ranges × 3 positioned surfaces (0 pseudo boxes unresolvable, reported not guessed) → 1 intersections: "players" 100% by div.action-bar::before
        · occlusion-baseline: 1 inherited (each under its ceiling: 0 over), 0 novel · inherited seen: div.action-bar::before 100% on "players" (≤100)
        · occlusion-ablation: a fixed div planted over "new game" → 2 intersection(s), 1 by the plant, novel 0 → 1: 100% on "new game"
        · occlusion-ceiling-ablation: the fade grown 200px → 2 pair(s) over ceiling or novel
PASSED  [chromium] the case-wide occlusion gate › 1280 fine › no surface in the case covers any printed or written NAME
        · occlusion: 5 name ranges × 3 positioned surfaces (0 pseudo boxes unresolvable, reported not guessed) → 3 intersections: "pencils" 28.86% by div.action-bar, "pencils" 71.14% by div.action-bar::after, "marks" 100% by div.action-bar::after
        · occlusion-baseline: 3 inherited (each under its ceiling: 0 over), 0 novel · inherited seen: div.action-bar 28.86% on "pencils" (≤30.89), div.action-bar::after 71.14% on "pencils" (≤73.14), div.action-bar::after 100% on "marks" (≤100)
        · occlusion-ablation: a fixed div planted over "new game" → 4 intersection(s), 1 by the plant, novel 0 → 1: 100% on "new game"
PASSED  [webkit] the case-wide occlusion gate › 1280 fine › no surface in the case covers any printed or written NAME
        · occlusion: 5 name ranges × 3 positioned surfaces (0 pseudo boxes unresolvable, reported not guessed) → 3 intersections: "pencils" 28.89% by div.action-bar, "pencils" 71.11% by div.action-bar::after, "marks" 100% by div.action-bar::after
        · occlusion-baseline: 3 inherited (each under its ceiling: 0 over), 0 novel · inherited seen: div.action-bar 28.89% on "pencils" (≤30.89), div.action-bar::after 71.11% on "pencils" (≤73.14), div.action-bar::after 100% on "marks" (≤100)
        · occlusion-ablation: a fixed div planted over "new game" → 4 intersection(s), 1 by the plant, novel 0 → 1: 100% on "new game"
{"startTime":"2026-09-23T01:45:38.691Z","duration":2449.4230000000002,"expected":4,"skipped":0,"unexpected":0,"flaky":0}

# RE-READ after the seam cure, face-law whole file per project on dist index-CNVNTjZawUmM.js (34/34 each)
        · face-law-ablation: a re-point to the printed face on `.staging-axis-label` → 2 off-law (Fraunces)
PASSED  [webkit] the case-wide occlusion gate › 390×844 coarse › no surface in the case covers any printed or written NAME
        · occlusion: 20 name ranges × 3 positioned surfaces (0 pseudo boxes unresolvable, reported not guessed) → 1 intersections: "players" 20.86% by div.action-bar::before
        · occlusion-baseline: 1 inherited (each under its ceiling: 0 over), 0 novel · inherited seen: div.action-bar::before 20.86% on "players" (≤100)
        · occlusion-ablation: a fixed div planted over "new game" → 2 intersection(s), 1 by the plant, novel 0 → 1: 92.83% on "new game"
        · occlusion-ceiling-ablation: the fade grown 200px → 7 pair(s) over ceiling or novel
PASSED  [webkit] the case-wide occlusion gate › 1280 fine › no surface in the case covers any printed or written NAME
        · occlusion: 22 name ranges × 3 positioned surfaces (0 pseudo boxes unresolvable, reported not guessed) → 13 intersections: "what fits" 53.06% by div.action-bar::before, "Off" 55.54% by div.action-bar, "Off" 44.46% by div.action-bar::before, "On" 55.54% by div.action-bar, "On" 44.46% by div.action-bar::before, "checking" 100% by div.action-bar, "Off" 13.65% by div.action-bar, "Off" 86.35% by div.action-bar::after, "Ask" 13.65% by div.action-bar, "Ask" 86.35% by div.action-bar::after, "Live" 13.65% by div.action-bar, "Live" 86.35% by div.action-bar::after, "players" 100% by div.action-bar::after
        · occlusion-baseline: 13 inherited (each under its ceiling: 0 over), 0 novel · inherited seen: div.action-bar::before 53.06% on "what fits" (≤55.06), div.action-bar 55.54% on "Off" (≤57.54), div.action-bar::before 44.46% on "Off" (≤47.95), div.action-bar 55.54% on "On" (≤57.54), div.action-bar::before 44.46% on "On" (≤47.95), div.action-bar 100% on "checking" (≤100), div.action-bar 13.65% on "Off" (≤57.54), div.action-bar::after 86.35% on "Off" (≤88.35), div.action-bar 13.65% on "Ask" (≤34.75), div.action-bar::after 86.35% on "Ask" (≤88.35), div.action-bar 13.65% on "Live" (≤34.75), div.action-bar::after 86.35% on "Live" (≤88.35), div.action-bar::after 100% on "players" (≤100)
        · occlusion-ablation: a fixed div planted over "new game" → 14 intersection(s), 1 by the plant, novel 0 → 1: 89.19% on "new game"
        · occlusion-ceiling-ablation: the fade grown 200px → 6 pair(s) over ceiling or novel
        · face-law-ablation: a re-point to the printed face on `.staging-axis-label` → 2 off-law (Fraunces)
PASSED  [chromium] the case-wide occlusion gate › 390×844 coarse › no surface in the case covers any printed or written NAME
        · occlusion: 20 name ranges × 3 positioned surfaces (0 pseudo boxes unresolvable, reported not guessed) → 1 intersections: "players" 18.4% by div.action-bar::before
        · occlusion-baseline: 1 inherited (each under its ceiling: 0 over), 0 novel · inherited seen: div.action-bar::before 18.4% on "players" (≤100)
        · occlusion-ablation: a fixed div planted over "new game" → 2 intersection(s), 1 by the plant, novel 0 → 1: 94.33% on "new game"
        · occlusion-ceiling-ablation: the fade grown 200px → 7 pair(s) over ceiling or novel
PASSED  [chromium] the case-wide occlusion gate › 1280 fine › no surface in the case covers any printed or written NAME
        · occlusion: 22 name ranges × 3 positioned surfaces (0 pseudo boxes unresolvable, reported not guessed) → 13 intersections: "what fits" 51.66% by div.action-bar::before, "Off" 54.05% by div.action-bar, "Off" 45.95% by div.action-bar::before, "On" 54.05% by div.action-bar, "On" 45.95% by div.action-bar::before, "checking" 100% by div.action-bar, "Off" 14.99% by div.action-bar, "Off" 85.01% by div.action-bar::after, "Ask" 14.99% by div.action-bar, "Ask" 85.01% by div.action-bar::after, "Live" 14.99% by div.action-bar, "Live" 85.01% by div.action-bar::after, "players" 100% by div.action-bar::after
        · occlusion-baseline: 13 inherited (each under its ceiling: 0 over), 0 novel · inherited seen: div.action-bar::before 51.66% on "what fits" (≤55.06), div.action-bar 54.05% on "Off" (≤57.54), div.action-bar::before 45.95% on "Off" (≤47.95), div.action-bar 54.05% on "On" (≤57.54), div.action-bar::before 45.95% on "On" (≤47.95), div.action-bar 100% on "checking" (≤100), div.action-bar 14.99% on "Off" (≤57.54), div.action-bar::after 85.01% on "Off" (≤88.35), div.action-bar 14.99% on "Ask" (≤34.75), div.action-bar::after 85.01% on "Ask" (≤88.35), div.action-bar 14.99% on "Live" (≤34.75), div.action-bar::after 85.01% on "Live" (≤88.35), div.action-bar::after 100% on "players" (≤100)
        · occlusion-ablation: a fixed div planted over "new game" → 14 intersection(s), 1 by the plant, novel 0 → 1: 89.04% on "new game"
        · occlusion-ceiling-ablation: the fade grown 200px → 6 pair(s) over ceiling or novel
