SET c4x-f3g-cold-desk · windows 5/arm · base :4252 · cured :4253 · args --engine chromium --throttle 4 --net fast3g --viewport desk
loadavg start: { 6.83 7.51 8.81 }
identity start base : AUDIT: build-identity — dist entry index-DOFGihfY7ZtC.js · index.html md5 7241f47bba33881658ad9e63061fa9e3 · 43 files / 807.4 KB · newest mtime 2026-09-18T02:10:44.092Z
identity start cured: AUDIT: build-identity — dist entry index-CS-Vym5OZcaO.js · index.html md5 c07ba6d9f80a8b26559c0765120fe79d · 43 files / 811.1 KB · newest mtime 2026-09-18T18:51:37.477Z
  pair 1 loadavg: { 6.83 7.51 8.81 }
  base  w1: win 1: boardReady 1422.2ms · toggles 1:1427ms/8bakes 2:392.4ms/0bakes 3:289.9ms/0bakes 4:130.7ms/0bakes
  cured w1: win 1: boardReady 1480.2ms · toggles 1:137.5ms/0bakes 2:108.5ms/0bakes 3:118.7ms/0bakes 4:100.7ms/0bakes
  pair 2 loadavg: { 9.07 8.06 8.97 }
  base  w2: win 1: boardReady 1363.6ms · toggles 1:1290.6ms/8bakes 2:183.6ms/0bakes 3:94.9ms/0bakes 4:99.6ms/0bakes
  cured w2: win 1: boardReady 1396.7ms · toggles 1:120ms/0bakes 2:108.8ms/0bakes 3:109.8ms/0bakes 4:100.8ms/0bakes
  pair 3 loadavg: { 8.59 8.00 8.92 }
  base  w3: win 1: boardReady 1395.4ms · toggles 1:1259.3ms/8bakes 2:306.6ms/0bakes 3:117.4ms/0bakes 4:90.4ms/0bakes
  cured w3: win 1: boardReady 1388.6ms · toggles 1:138.3ms/0bakes 2:100.8ms/0bakes 3:99.5ms/0bakes 4:350ms/0bakes
  pair 4 loadavg: { 7.83 7.85 8.83 }
  base  w4: win 1: boardReady 1375ms · toggles 1:1276.2ms/8bakes 2:227.5ms/0bakes 3:99.8ms/0bakes 4:90.1ms/0bakes
  cured w4: win 1: boardReady 1369ms · toggles 1:448.5ms/0bakes 2:93.2ms/0bakes 3:100.3ms/0bakes 4:93.6ms/0bakes
  pair 5 loadavg: { 6.78 7.60 8.71 }
  base  w5: win 1: boardReady 1358.4ms · toggles 1:1206.3ms/8bakes 2:232.9ms/0bakes 3:100.4ms/0bakes 4:92.1ms/0bakes
  cured w5: win 1: boardReady 1369ms · toggles 1:146ms/0bakes 2:126.5ms/0bakes 3:285.3ms/0bakes 4:485.8ms/0bakes
identity end base : AUDIT: build-identity — dist entry index-DOFGihfY7ZtC.js · index.html md5 7241f47bba33881658ad9e63061fa9e3 · 43 files / 807.4 KB · newest mtime 2026-09-18T02:10:44.092Z
identity end cured: AUDIT: build-identity — dist entry index-CS-Vym5OZcaO.js · index.html md5 c07ba6d9f80a8b26559c0765120fe79d · 43 files / 811.1 KB · newest mtime 2026-09-18T18:51:37.477Z
loadavg end:   { 11.95 8.58 9.01 }
