SET mob-cr-4x-f3g-cold · windows 4/arm · base :4252 · cured :4253 · cells mob-cr-4x-f3g-cold
loadavg start: { 4.06 7.14 8.33 }
  pair 1 loadavg: { 4.06 7.14 8.33 }
  base  w1: [A6] mob-cr-4x-f3g-cold load { 4.06 7.14 8.33 }
  base  w1: [A6] done. load { 3.81 7.04 8.29 }
  cured w1: [A6] mob-cr-4x-f3g-cold load { 3.81 7.04 8.29 }
  cured w1: [A6] done. load { 3.81 7.04 8.29 }
  pair 2 loadavg: { 3.81 7.04 8.29 }
  base  w2: [A6] mob-cr-4x-f3g-cold load { 3.81 7.04 8.29 }
  base  w2: [A6] done. load { 3.59 6.94 8.24 }
  cured w2: [A6] mob-cr-4x-f3g-cold load { 3.59 6.94 8.24 }
  cured w2: [A6] done. load { 3.54 6.88 8.21 }
  pair 3 loadavg: { 3.54 6.88 8.21 }
  base  w3: [A6] mob-cr-4x-f3g-cold load { 3.54 6.88 8.21 }
  base  w3: [A6] done. load { 3.34 6.78 8.17 }
  cured w3: [A6] mob-cr-4x-f3g-cold load { 3.34 6.78 8.17 }
  cured w3: [A6] done. load { 3.23 6.70 8.13 }
  pair 4 loadavg: { 3.23 6.70 8.13 }
  base  w4: [A6] mob-cr-4x-f3g-cold load { 3.23 6.70 8.13 }
  base  w4: [A6] done. load { 3.29 6.65 8.11 }
  cured w4: [A6] mob-cr-4x-f3g-cold load { 3.29 6.65 8.11 }
  cured w4: [A6] done. load { 3.19 6.58 8.07 }
loadavg end:   { 3.19 6.58 8.07 }
