ARM=hold exit=0
 Test Files  2 passed (2)
      Tests  45 passed (45)
ARM=age exit=1
⎯⎯⎯⎯⎯⎯⎯ Failed Tests 3 ⎯⎯⎯⎯⎯⎯⎯
 Test Files  1 failed | 1 passed (2)
      Tests  3 failed | 42 passed (45)
     × the digit the record named, landing where it said: the record HOLDS its line 4ms
     × ask, answer, ask, answer: two sentences stand at rest 4ms
     × the next write elsewhere leaves a proved record where it was, at full pressure 3ms
 FAIL  src/games/shared/GameBoard.receipt.test.ts > GameBoard — the strike: a sentence the board has made FALSE leaves > the digit the record named, landing where it said: the record HOLDS its line
 FAIL  src/games/shared/GameBoard.receipt.test.ts > GameBoard — the strike: a sentence the board has made FALSE leaves > ask, answer, ask, answer: two sentences stand at rest
 FAIL  src/games/shared/GameBoard.receipt.test.ts > GameBoard — the strike: a sentence the board has made FALSE leaves > the next write elsewhere leaves a proved record where it was, at full pressure
ARM=step exit=1
⎯⎯⎯⎯⎯⎯⎯ Failed Tests 1 ⎯⎯⎯⎯⎯⎯⎯
 Test Files  1 failed | 1 passed (2)
      Tests  1 failed | 44 passed (45)
     × the next write elsewhere leaves a proved record where it was, at full pressure 5ms
 FAIL  src/games/shared/GameBoard.receipt.test.ts > GameBoard — the strike: a sentence the board has made FALSE leaves > the next write elsewhere leaves a proved record where it was, at full pressure
ARM=tint exit=1
⎯⎯⎯⎯⎯⎯⎯ Failed Tests 1 ⎯⎯⎯⎯⎯⎯⎯
 Test Files  1 failed | 1 passed (2)
      Tests  1 failed | 44 passed (45)
     × the next write elsewhere leaves a proved record where it was, at full pressure 4ms
 FAIL  src/games/shared/GameBoard.receipt.test.ts > GameBoard — the strike: a sentence the board has made FALSE leaves > the next write elsewhere leaves a proved record where it was, at full pressure
RESTORED a9e8142f460fd5fab5aaf909f96de53134ccf43c
UNITS-DONE
