vite v8.1.4 building client environment for production...

 WARN  advancedChunks option is deprecated, please use codeSplitting instead.

[2Ktransforming...✓ 237 modules transformed.
rendering chunks...
computing gzip size...
dist/index.html                                      3.25 kB │ gzip:  1.36 kB
dist/assets/firacode-subset-CbuNTc2aGjcY.woff2       3.62 kB
dist/assets/patrickhand-subset-BqV1besB36ib.woff2    4.31 kB
dist/assets/avatar-biqsjs3dzERf.png                  6.09 kB
dist/assets/fraunces-subset-qp6ShjBRhfYB.woff2      14.63 kB
dist/assets/solver.worker-DyhLjsTj.js               22.68 kB
dist/assets/csp_solver_wasm_bg-BJYevEYE.wasm       123.33 kB │ gzip: 50.33 kB
dist/assets/FutoshikiPoster-DZUvzwTKUpND.css         0.28 kB │ gzip:  0.16 kB
dist/assets/PosterBoard-C25fZcEKH9UF.css             0.39 kB │ gzip:  0.21 kB
dist/assets/spec-B7T6LNVJOIWK.css                    0.46 kB │ gzip:  0.25 kB
dist/assets/CageOverlay-CxJWuhZARm9B.css             0.54 kB │ gzip:  0.30 kB
dist/assets/ThermoTube-pAIHdX-6oKC9.css              0.62 kB │ gzip:  0.29 kB
dist/assets/AnswerKeyLaminate-5kFufdan9YjL.css       0.93 kB │ gzip:  0.41 kB
dist/assets/index-BvHZLsnmO23P.css                  96.22 kB │ gzip: 19.23 kB
dist/assets/wire-BuDRICPW8zpg.js                     0.17 kB │ gzip:  0.15 kB
dist/assets/SudokuPoster-Byd4xsmsLa6k.js             0.86 kB │ gzip:  0.49 kB
dist/assets/clue-CNo7259tIuQm.js                     0.90 kB │ gzip:  0.50 kB
dist/assets/clue-B77KEGrfT5xu.js                     0.97 kB │ gzip:  0.55 kB
dist/assets/ThermoPoster-v2R142AbiDVB.js             1.17 kB │ gzip:  0.66 kB
dist/assets/ThermoTube-DIaZlVUAubkH.js               1.18 kB │ gzip:  0.73 kB
dist/assets/clue-D3bqB3E33Ls2.js                     1.21 kB │ gzip:  0.64 kB
dist/assets/KillerPoster-s8DBd73QxV8V.js             1.39 kB │ gzip:  0.74 kB
dist/assets/CageOverlay-DdwwdoOgUedS.js              1.74 kB │ gzip:  0.99 kB
dist/assets/KenKenPoster-JWNaTKvJcVxS.js             1.76 kB │ gzip:  0.83 kB
dist/assets/relayWire-5r_0oKENP1Dl.js                1.87 kB │ gzip:  1.06 kB
dist/assets/FutoshikiPoster-9AqWg4SWHHdw.js          1.97 kB │ gzip:  1.09 kB
dist/assets/spec-NQ6Y7gAv5BEX.js                     2.07 kB │ gzip:  1.02 kB
dist/assets/spec-D16VKxKlNnbE.js                     2.16 kB │ gzip:  1.04 kB
dist/assets/AnswerKeyLaminate-CcYe56rbKAh4.js        2.33 kB │ gzip:  1.33 kB
dist/assets/PosterBoard-CHhvtD0dtyff.js              2.63 kB │ gzip:  1.20 kB
dist/assets/spec-Cym9WsuB3XYf.js                     3.03 kB │ gzip:  1.45 kB
dist/assets/spec-9li-xF26mWyY.js                     3.29 kB │ gzip:  1.54 kB
dist/assets/glyphRegistry-IrqFyXTOqxmw.js            9.61 kB │ gzip:  3.91 kB
dist/assets/animation-vendor-CrUpJv3U-YcU.js        11.64 kB │ gzip:  4.74 kB
dist/assets/templates-LkXzF59FZu96.js               18.16 kB │ gzip:  4.97 kB
dist/assets/playerIdentity-CSbHYqq198px.js          19.31 kB │ gzip:  8.12 kB
dist/assets/templates-CsCa30cxJEsI.js               24.59 kB │ gzip:  7.06 kB
dist/assets/vue-vendor-DO-CUsNNxq8N.js              85.19 kB │ gzip: 34.03 kB
dist/assets/index-DkuI4zTVEX9A.js                  208.12 kB │ gzip: 71.37 kB

✓ built in 442ms
EXIT=0
