
> csp-solver-frontend@0.1.0 lint:verbs
> node scripts/publish-verbs.mjs --check && node scripts/check-pencil-verbs.mjs --self-test

published rows: 6 of 6 wanted, divergent 0
verbs with a number of their own: 0 (none); none is lawful
the block matches the config byte for byte: yes
the source marker pair is in pencilConfig.ts: yes
GREEN
the gate's own negative controls:
  RED as it must be — A: a legacy --ease-* token on a transition, the rung kept
  RED as it must be — B: an erase curve on the note's arrival
  RED as it must be — rule 9 THE FILL ARM: a `none` verb handed a fill keyword
  RED as it must be — rule 9 the OTHER way: a `backwards` verb stripped of its arm
  RED as it must be — the delay fence: a delay respelled as a rung
  RED as it must be — rule 7: a mover types its own duration
  RED as it must be — rule 7/THE DOOR: an illegal spend, in a .vue script the pass-2 walk never read
  RED as it must be — 1′/5b with no shape carve-out: a bound animation that names no verb
  RED as it must be — rule 6: a SECOND offence planted on an admitted row, its declaration untouched
  RED as it must be — rule 8 the OTHER way: star3 deleted from the table, its declaration left on the surface
  RED as it must be — rule 8: a beat moves and the table does not
  still publishes — a comment inserted inside RUNGS
  clean — the declared duplicate pairs
  RED as it must be — a fifth name for the glass curve, planted
the controls: every one fires

declarations that name neither a verb nor a rung: 0  (budget 0)
  by rule — curve 0 · rung 0 · the fence 0 declarations / 0 terms · the set 0 · what it moves 0 · direction 0 · the fill arm 0
admissions in the ledger: 39, stale 0, laundering 0
  by kind — shape 11 · signature 10 · elsewhere 7 · layout 1 · graded 6 · loop 1 · prm 3
declarations written twice in one file (the ordinal keeps them apart): 4
movers that spend: 2 of 2
spends that are in their verb's set: all
the toggle's beat table: 8 beats, 8 declarations on the surface, each named by the other
undeclared duplicate curve tokens: 0
published rows: 6 of 6 wanted, divergent 0
verbs with a number of their own: 0 (none); none is lawful
the block matches the config byte for byte: yes
the source marker pair is in pencilConfig.ts: yes
GREEN
GREEN
