EXIT[g19-asis] 0
  ✓  1 [chromium] › e2e/focus-ring.spec.ts:426:1 › G-LIVE-19 · the ring's seams have one home and no masked default (1.9s)
  ✓  2 [webkit] › e2e/focus-ring.spec.ts:426:1 › G-LIVE-19 · the ring's seams have one home and no masked default (2.4s)
B7-dup-reg APPLIED to src/assets/index.css (anchor x1); pre sha1 18564e695468beb9c9b76539199bcb812ef0608f
EXIT[B7-dup-reg-recut] 1
  ✘  1 [chromium] › e2e/focus-ring.spec.ts:426:1 › G-LIVE-19 · the ring's seams have one home and no masked default (84ms)
  ✘  2 [webkit] › e2e/focus-ring.spec.ts:426:1 › G-LIVE-19 · the ring's seams have one home and no masked default (401ms)
    Error: no custom property is registered twice in source
    Error: no custom property is registered twice in source
B7-dup-reg RESTORED src/assets/index.css: sha1 18564e695468beb9c9b76539199bcb812ef0608f == pre 18564e695468beb9c9b76539199bcb812ef0608f: True
B1-publisher APPLIED to src/App.vue (anchor x1); pre sha1 38ad15af5334d5226b7e5fb88342f8db23245a90
B1-publisher RESTORED src/App.vue: sha1 38ad15af5334d5226b7e5fb88342f8db23245a90 == pre 38ad15af5334d5226b7e5fb88342f8db23245a90: True
EXIT[dep-cure] 0
B4-departure APPLIED to src/pencil/chrome/FocusRing.vue (anchor x1); pre sha1 a2c26bffe13052f9294828cacc688768e1e868e0
EXIT[dep-nocure] 0
B4-departure RESTORED src/pencil/chrome/FocusRing.vue: sha1 a2c26bffe13052f9294828cacc688768e1e868e0 == pre a2c26bffe13052f9294828cacc688768e1e868e0: True
B8-shadow-note APPLIED to src/assets/index.css (anchor x1); pre sha1 18564e695468beb9c9b76539199bcb812ef0608f
EXIT[B8-shadow-note] 1
  ✘  1 [chromium] › e2e/focus-ring.spec.ts:426:1 › G-LIVE-19 · the ring's seams have one home and no masked default (2.4s)
  ✘  2 [webkit] › e2e/focus-ring.spec.ts:426:1 › G-LIVE-19 · the ring's seams have one home and no masked default (3.1s)
    Error: and paints the rung: marks-fade-in runs 250ms
    Error: and paints the rung: marks-fade-in runs 250ms
B8-shadow-note RESTORED src/assets/index.css: sha1 18564e695468beb9c9b76539199bcb812ef0608f == pre 18564e695468beb9c9b76539199bcb812ef0608f: True
EXIT[forced-lane] 0
EXIT[forced-ctrl] 0
BATTERY2-DONE
