EXIT[lane-precure-forced] 1
  ✓   1 [chromium] › e2e/focus-ring.spec.ts:108:1 › G-LIVE-4 · the ring travels with the control it rings (4.8s)
  ✓   2 [webkit] › e2e/focus-ring.spec.ts:108:1 › G-LIVE-4 · the ring travels with the control it rings (5.8s)
  ✓   3 [chromium] › e2e/focus-ring.spec.ts:150:1 › G-LIVE-14 · the opacity rank is an order in every media arm (4.6s)
  ✓   4 [webkit] › e2e/focus-ring.spec.ts:150:1 › G-LIVE-14 · the opacity rank is an order in every media arm (6.0s)
  ✓   5 [chromium] › e2e/focus-ring.spec.ts:226:1 › G-LIVE-15 · no focus stop rests on a running animation (4.8s)
  ✓   7 [chromium] › e2e/focus-ring.spec.ts:333:1 › G-LIVE-16 · the UA outline is suppressed and nobody is stranded (2.5s)
  ✓   6 [webkit] › e2e/focus-ring.spec.ts:226:1 › G-LIVE-15 · no focus stop rests on a running animation (6.6s)
  ✓   8 [chromium] › e2e/focus-ring.spec.ts:469:1 › G-LIVE-19 · the ring's seams have one home and no masked default (2.1s)
  ✓   9 [webkit] › e2e/focus-ring.spec.ts:333:1 › G-LIVE-16 · the UA outline is suppressed and nobody is stranded (2.6s)
  ✓  10 [chromium] › e2e/focus-ring.spec.ts:579:3 › G-LIVE-20 · coarse › G-LIVE-20 · the ring leaves with what it rang (393×699, coarse) (3.3s)
  ✓  11 [webkit] › e2e/focus-ring.spec.ts:469:1 › G-LIVE-19 · the ring's seams have one home and no masked default (2.3s)
  ✘  12 [chromium] › e2e/focus-ring.spec.ts:663:1 › G-LIVE-21 · forced colours: the deck's active card carries the outline (2.6s)
  ✓  13 [webkit] › e2e/focus-ring.spec.ts:579:3 › G-LIVE-20 · coarse › G-LIVE-20 · the ring leaves with what it rang (393×699, coarse) (4.1s)
  ✘  14 [webkit] › e2e/focus-ring.spec.ts:663:1 › G-LIVE-21 · forced colours: the deck's active card carries the outline (2.6s)
    Error: the active card's outline is drawn
    Error: the active card's outline is drawn
B4-departure APPLIED to src/pencil/chrome/FocusRing.vue (anchor x1); pre sha1 a2c26bffe13052f9294828cacc688768e1e868e0
EXIT[B4-departure-recut] 1
  ✘  2 [webkit] › e2e/focus-ring.spec.ts:579:3 › G-LIVE-20 · coarse › G-LIVE-20 · the ring leaves with what it rang (393×699, coarse) (2.8s)
  ✓  1 [chromium] › e2e/focus-ring.spec.ts:579:3 › G-LIVE-20 · coarse › G-LIVE-20 · the ring leaves with what it rang (393×699, coarse) (3.2s)
    Error: t+120: focus is on body, so no ring
B4-departure RESTORED src/pencil/chrome/FocusRing.vue: sha1 a2c26bffe13052f9294828cacc688768e1e868e0 == pre a2c26bffe13052f9294828cacc688768e1e868e0: True
BATTERY3-DONE
