== LANE-AS-IS :: G-LIVE
EXIT[LANE-AS-IS] 0
     ✓   2 [chromium] › e2e/focus-ring.spec.ts:105:1 › G-LIVE-4 · the ring travels with the control it rings (3.5s)
     ✓   1 [webkit] › e2e/focus-ring.spec.ts:105:1 › G-LIVE-4 · the ring travels with the control it rings (4.1s)
     ✓   3 [chromium] › e2e/focus-ring.spec.ts:147:1 › G-LIVE-14 · the opacity rank is an order in every media arm (4.0s)
     ✓   4 [webkit] › e2e/focus-ring.spec.ts:147:1 › G-LIVE-14 · the opacity rank is an order in every media arm (4.7s)
     ✓   5 [chromium] › e2e/focus-ring.spec.ts:223:1 › G-LIVE-15 · no focus stop rests on a running animation (3.5s)
     ✓   6 [webkit] › e2e/focus-ring.spec.ts:223:1 › G-LIVE-15 · no focus stop rests on a running animation (4.1s)
     ✓   7 [chromium] › e2e/focus-ring.spec.ts:287:1 › G-LIVE-16 · the UA outline is suppressed and nobody is stranded (2.2s)
     ✓   9 [chromium] › e2e/focus-ring.spec.ts:389:1 › G-LIVE-19 · the ring's seams have one home and no masked default (2.0s)
     ✓   8 [webkit] › e2e/focus-ring.spec.ts:287:1 › G-LIVE-16 · the UA outline is suppressed and nobody is stranded (2.9s)
     ✓  11 [webkit] › e2e/focus-ring.spec.ts:389:1 › G-LIVE-19 · the ring's seams have one home and no masked default (2.4s)
     ✓  10 [chromium] › e2e/focus-ring.spec.ts:485:3 › G-LIVE-20 · coarse › G-LIVE-20 · the ring leaves with what it rang (393×699, coarse) (3.5s)
     ✓  12 [webkit] › e2e/focus-ring.spec.ts:485:3 › G-LIVE-20 · coarse › G-LIVE-20 · the ring leaves with what it rang (393×699, coarse) (4.2s)
B1-publisher APPLIED to src/App.vue (anchor x1); pre sha1 38ad15af5334d5226b7e5fb88342f8db23245a90
== B1-publisher :: G-LIVE-19
EXIT[B1-publisher] 1
     ✘  2 [chromium] › e2e/focus-ring.spec.ts:389:1 › G-LIVE-19 · the ring's seams have one home and no masked default (2.0s)
     ✘  1 [webkit] › e2e/focus-ring.spec.ts:389:1 › G-LIVE-19 · the ring's seams have one home and no masked default (2.6s)
       Error: the toggle reads its PUBLISHER's bleed (< 0), never the sentinel
       Error: the toggle reads its PUBLISHER's bleed (< 0), never the sentinel
B1-publisher RESTORED src/App.vue: sha1 38ad15af5334d5226b7e5fb88342f8db23245a90 == pre 38ad15af5334d5226b7e5fb88342f8db23245a90: True
B2-motion-note APPLIED to src/assets/index.css (anchor x1); pre sha1 18564e695468beb9c9b76539199bcb812ef0608f
== B2-motion-note :: G-LIVE-19
EXIT[B2-motion-note] 1
     ✘  2 [chromium] › e2e/focus-ring.spec.ts:389:1 › G-LIVE-19 · the ring's seams have one home and no masked default (1.9s)
     ✘  1 [webkit] › e2e/focus-ring.spec.ts:389:1 › G-LIVE-19 · the ring's seams have one home and no masked default (2.4s)
       Error: --motion-note is registered exactly once
       Error: --motion-note is registered exactly once
B2-motion-note RESTORED src/assets/index.css: sha1 18564e695468beb9c9b76539199bcb812ef0608f == pre 18564e695468beb9c9b76539199bcb812ef0608f: True
B3-fallback APPLIED to src/pencil/celestial/DarkModeToggle.vue (anchor x2); pre sha1 afc55853fa537ae9093cbe750f19e580a3c929ea
== B3-fallback :: G-LIVE-19
EXIT[B3-fallback] 1
     ✘  2 [chromium] › e2e/focus-ring.spec.ts:389:1 › G-LIVE-19 · the ring's seams have one home and no masked default (2.5s)
     ✘  1 [webkit] › e2e/focus-ring.spec.ts:389:1 › G-LIVE-19 · the ring's seams have one home and no masked default (3.3s)
       Error: no var(…, fallback) stands behind a registered name
       Error: no var(…, fallback) stands behind a registered name
B3-fallback RESTORED src/pencil/celestial/DarkModeToggle.vue: sha1 afc55853fa537ae9093cbe750f19e580a3c929ea == pre afc55853fa537ae9093cbe750f19e580a3c929ea: True
B4-departure APPLIED to src/pencil/chrome/FocusRing.vue (anchor x1); pre sha1 a1d38a857bf104ede0a040d81de38e53df3efb14
== B4-departure :: G-LIVE-20
EXIT[B4-departure] 0
     ✓  1 [chromium] › e2e/focus-ring.spec.ts:485:3 › G-LIVE-20 · coarse › G-LIVE-20 · the ring leaves with what it rang (393×699, coarse) (3.8s)
     ✓  2 [webkit] › e2e/focus-ring.spec.ts:485:3 › G-LIVE-20 · coarse › G-LIVE-20 · the ring leaves with what it rang (393×699, coarse) (4.8s)
B4-departure RESTORED src/pencil/chrome/FocusRing.vue: sha1 a1d38a857bf104ede0a040d81de38e53df3efb14 == pre a1d38a857bf104ede0a040d81de38e53df3efb14: True
B5-tier1 APPLIED to src/games/shared/gameCell.css (anchor x1); pre sha1 1520c1fded17754cfdac8eca334a1dfeb2b2891b
== B5-tier1 :: G-LIVE-14
EXIT[B5-tier1] 1
     ✘  2 [chromium] › e2e/focus-ring.spec.ts:147:1 › G-LIVE-14 · the opacity rank is an order in every media arm (2.4s)
     ✘  1 [webkit] › e2e/focus-ring.spec.ts:147:1 › G-LIVE-14 · the opacity rank is an order in every media arm (3.2s)
       Error: tier 1 outranks a peer's ring in the no-preference arm
       Error: tier 1 outranks a peer's ring in the no-preference arm
B5-tier1 RESTORED src/games/shared/gameCell.css: sha1 1520c1fded17754cfdac8eca334a1dfeb2b2891b == pre 1520c1fded17754cfdac8eca334a1dfeb2b2891b: True
B6-no-ring APPLIED to src/pencil/chrome/FocusRing.vue (anchor x1); pre sha1 a1d38a857bf104ede0a040d81de38e53df3efb14
== B6-no-ring :: G-LIVE-16
EXIT[B6-no-ring] 1
     ✘  1 [chromium] › e2e/focus-ring.spec.ts:287:1 › G-LIVE-16 · the UA outline is suppressed and nobody is stranded (2.8s)
     ✘  2 [webkit] › e2e/focus-ring.spec.ts:287:1 › G-LIVE-16 · the UA outline is suppressed and nobody is stranded (4.0s)
       Error: every judged estate stop carries an indicator
       Error: every judged estate stop carries an indicator
B6-no-ring RESTORED src/pencil/chrome/FocusRing.vue: sha1 a1d38a857bf104ede0a040d81de38e53df3efb14 == pre a1d38a857bf104ede0a040d81de38e53df3efb14: True
B7-dup-reg APPLIED to src/assets/index.css (anchor x1); pre sha1 18564e695468beb9c9b76539199bcb812ef0608f
== B7-dup-reg :: G-LIVE-19
EXIT[B7-dup-reg] 0
     ✓  2 [chromium] › e2e/focus-ring.spec.ts:389:1 › G-LIVE-19 · the ring's seams have one home and no masked default (2.5s)
     ✓  1 [webkit] › e2e/focus-ring.spec.ts:389:1 › G-LIVE-19 · the ring's seams have one home and no masked default (3.4s)
B7-dup-reg RESTORED src/assets/index.css: sha1 18564e695468beb9c9b76539199bcb812ef0608f == pre 18564e695468beb9c9b76539199bcb812ef0608f: True
== LANE-RESTORED :: G-LIVE
EXIT[LANE-RESTORED] 0
     ✓   1 [chromium] › e2e/focus-ring.spec.ts:105:1 › G-LIVE-4 · the ring travels with the control it rings (3.4s)
     ✓   2 [webkit] › e2e/focus-ring.spec.ts:105:1 › G-LIVE-4 · the ring travels with the control it rings (4.0s)
     ✓   3 [chromium] › e2e/focus-ring.spec.ts:147:1 › G-LIVE-14 · the opacity rank is an order in every media arm (3.7s)
     ✓   4 [webkit] › e2e/focus-ring.spec.ts:147:1 › G-LIVE-14 · the opacity rank is an order in every media arm (4.2s)
     ✓   5 [chromium] › e2e/focus-ring.spec.ts:223:1 › G-LIVE-15 · no focus stop rests on a running animation (3.3s)
     ✓   6 [webkit] › e2e/focus-ring.spec.ts:223:1 › G-LIVE-15 · no focus stop rests on a running animation (3.9s)
     ✓   7 [chromium] › e2e/focus-ring.spec.ts:287:1 › G-LIVE-16 · the UA outline is suppressed and nobody is stranded (2.0s)
     ✓   9 [chromium] › e2e/focus-ring.spec.ts:389:1 › G-LIVE-19 · the ring's seams have one home and no masked default (1.8s)
     ✓   8 [webkit] › e2e/focus-ring.spec.ts:287:1 › G-LIVE-16 · the UA outline is suppressed and nobody is stranded (2.5s)
     ✓  11 [webkit] › e2e/focus-ring.spec.ts:389:1 › G-LIVE-19 · the ring's seams have one home and no masked default (2.1s)
     ✓  10 [chromium] › e2e/focus-ring.spec.ts:485:3 › G-LIVE-20 · coarse › G-LIVE-20 · the ring leaves with what it rang (393×699, coarse) (3.3s)
     ✓  12 [webkit] › e2e/focus-ring.spec.ts:485:3 › G-LIVE-20 · coarse › G-LIVE-20 · the ring leaves with what it rang (393×699, coarse) (3.5s)
BREAKS-DONE
