EXIT[lint-lanes] 0
    
    OK — every .mjs in web/frontend/scripts and ./scripts is named by a CI lane, declares itself NOT-A-LANE with a cite, or is explicitly exempt with one; every lane names something that exists.
EXIT[lint-theme-tokens] 0
    
    check-theme-tokens: 0 unreferenced @theme tokens
EXIT[lint-sleep] 0
    
    OK — no fixed-duration wait precedes a one-shot assertion on a live surface across 35 specs.
EXIT[test-e2e-projects] 0
    
    OK — 35 specs, 563 resolved tests, every spec in both engines except the 6 recorded holdouts, and every row live in both except the 2 engine-skipped and 1 env-gated rows the record names.
EXIT[check-pw-projects] 0
    
    OK — 35 specs, 563 resolved tests, every spec in both engines except the 6 recorded holdouts, and every row live in both except the 2 engine-skipped and 1 env-gated rows the record names.
EXIT[lint-copy] 0
    
    check-copy-register: 0 em/en dashes and 0 unadmitted jargon in product copy (0 admitted, each with its cure's seam)
EXIT[lint-motion] 0
    
    OK — 35 specs, every one declaring its motion state, every `frozen` backed by the route that lands.
EXIT[lint-knip] 0
EXIT[prettier-lint] 0
    Checking formatting...
    All matched files use Prettier code style!
EXIT[eslint] 0
EXIT[vue-tsc] 0
PRERETURN-DONE
