EXIT[lint-lanes] 0
    
    OK — every .mjs in web/frontend/scripts and ./scripts is named by a CI lane, declares itself NOT-A-LANE with a cite, or is explicitly exempt with one; every lane names something that exists.
EXIT[lint-theme-tokens] 0
    
    check-theme-tokens: 0 unreferenced @theme tokens
EXIT[lint-sleep] 1
      • focus-ring.spec.ts:137 — a fixed 140ms sleep precedes a ONE-SHOT read off a live surface at :140 (`afterReversal`), asserted non-retrying at :142. Poll the invariant the assertion actually names (expect.poll / toPass / a settle predicate), or tag the site `sleep-ok: <reason>` if the elapsed time IS the subject.
    
EXIT[test-e2e-projects] 1
      • [6 SPEC MANIFEST] focus-ring.spec.ts: on disk, NOT in SPEC_MANIFEST. A new spec is a deliberate act — add it here in the same commit, and check its engine coverage while you are at it.
    
EXIT[check-pw-projects] 1
      • [6 SPEC MANIFEST] focus-ring.spec.ts: on disk, NOT in SPEC_MANIFEST. A new spec is a deliberate act — add it here in the same commit, and check its engine coverage while you are at it.
    
EXIT[lint-copy] 0
    
    check-copy-register: 0 em/en dashes and 0 unadmitted jargon in product copy (0 admitted, each with its cure's seam)
EXIT[lint-motion] 0
    
    OK — 35 specs, every one declaring its motion state, every `frozen` backed by the route that lands.
EXIT[lint-knip] 0
EXIT[prettier-lint] 0
    Checking formatting...
    All matched files use Prettier code style!
EXIT[eslint] 0
EXIT[vue-tsc] 0
PRERETURN-DONE
