
Running 38 tests using 1 worker

  ✓   1 [chromium] › e2e/access.spec.ts:235:3 › 2.1 focus-occlusion census — the desktop card › no control in the controls card focuses into a full burial (836ms)
  ✓   2 [chromium] › e2e/access.spec.ts:255:3 › 2.1 focus-occlusion census — the desktop card › the marks-mode "Normal" button is reachable, found by identity (752ms)
  ✓   3 [chromium] › e2e/access.spec.ts:328:3 › 2.2 drawer-open inert census — the phone › no covered control in the drawer subtree stays tabbable (961ms)
  ✓   4 [chromium] › e2e/access.spec.ts:375:3 › 2.3 the roster announces › a join and a leave each move a live region (3.2s)
  ✓   5 [chromium] › e2e/access.spec.ts:529:5 › 2.3 contrast floor — light › .icon-sublabel and .ctrl-btn clear 4.5:1 (light) (358ms)
  ✓   6 [chromium] › e2e/access.spec.ts:529:5 › 2.3 contrast floor — dark › .icon-sublabel and .ctrl-btn clear 4.5:1 (dark) (381ms)
  ✓   7 [chromium] › e2e/font-census.spec.ts:227:1 › the ledger holds BOTH directions across two games and two regimes (1.7s)
  ✓   8 [chromium] › e2e/font-census.spec.ts:340:1 › no string renders in two faces except the ones this estate has ledgered (377ms)
  ✓   9 [chromium] › e2e/zone-grammar.spec.ts:55:1 › rendered-name census, rail: two eyebrows, four tapes, two captions — and the counter can see an injected one (372ms)
  ✓  10 [chromium] › e2e/zone-grammar.spec.ts:127:1 › every zone is named by its own VISIBLE tape — the accessible name and the drawn one are one string (369ms)
  ✓  11 [chromium] › e2e/zone-grammar.spec.ts:179:1 › the permanent tape is a LABEL, not a tooltip — and the surface it names has a name (381ms)
  ✓  12 [chromium] › e2e/zone-grammar.spec.ts:227:1 › the staged headings are HEADINGS for assistive tech — decided one way, not both (361ms)
  ✓  13 [chromium] › e2e/zone-grammar.spec.ts:270:1 › selection is announced: every option chip carries aria-pressed, exactly one per group (389ms)
  ✓  14 [chromium] › e2e/zone-grammar.spec.ts:319:1 › the action bar rides the card's own scrollport — at the TOP of a 1039px card, not only at its end (367ms)
  ✓  15 [chromium] › e2e/zone-grammar.spec.ts:359:1 › a frozen well mints ONE pose node and promotes nothing (the HandDrawnOutline prune) (351ms)
  ✓  16 [chromium] › e2e/zone-grammar.spec.ts:426:3 › coarse row regime (≥1024) › the pair branch keeps a 44px floor in BOTH dimensions, where the branch exists (368ms)
  ✓  17 [chromium] › e2e/zone-grammar.spec.ts:548:3 › coarse regime › the coarse card: regime witnessed first, then two eyebrows and a 44px floor in BOTH dimensions (1.3s)
  ✓  18 [chromium] › e2e/zone-grammar.spec.ts:591:3 › coarse regime › the heading lock holds on the CARD too — the regime its rail arm never visits (1.4s)
  ✓  19 [chromium] › e2e/zone-grammar.spec.ts:669:3 › coarse regime › the checking well says one thing: its chips (1.5s)
  ✓  20 [webkit] › e2e/access.spec.ts:235:3 › 2.1 focus-occlusion census — the desktop card › no control in the controls card focuses into a full burial (1.9s)
  ✓  21 [webkit] › e2e/access.spec.ts:255:3 › 2.1 focus-occlusion census — the desktop card › the marks-mode "Normal" button is reachable, found by identity (1.6s)
  ✓  22 [webkit] › e2e/access.spec.ts:328:3 › 2.2 drawer-open inert census — the phone › no covered control in the drawer subtree stays tabbable (2.1s)
  ✓  23 [webkit] › e2e/access.spec.ts:375:3 › 2.3 the roster announces › a join and a leave each move a live region (4.3s)
  ✓  24 [webkit] › e2e/access.spec.ts:529:5 › 2.3 contrast floor — light › .icon-sublabel and .ctrl-btn clear 4.5:1 (light) (750ms)
  ✓  25 [webkit] › e2e/access.spec.ts:529:5 › 2.3 contrast floor — dark › .icon-sublabel and .ctrl-btn clear 4.5:1 (dark) (728ms)
  ✓  26 [webkit] › e2e/font-census.spec.ts:227:1 › the ledger holds BOTH directions across two games and two regimes (3.3s)
  ✓  27 [webkit] › e2e/font-census.spec.ts:340:1 › no string renders in two faces except the ones this estate has ledgered (766ms)
  ✓  28 [webkit] › e2e/zone-grammar.spec.ts:55:1 › rendered-name census, rail: two eyebrows, four tapes, two captions — and the counter can see an injected one (789ms)
  ✓  29 [webkit] › e2e/zone-grammar.spec.ts:127:1 › every zone is named by its own VISIBLE tape — the accessible name and the drawn one are one string (828ms)
  ✓  30 [webkit] › e2e/zone-grammar.spec.ts:179:1 › the permanent tape is a LABEL, not a tooltip — and the surface it names has a name (882ms)
  ✓  31 [webkit] › e2e/zone-grammar.spec.ts:227:1 › the staged headings are HEADINGS for assistive tech — decided one way, not both (732ms)
  ✓  32 [webkit] › e2e/zone-grammar.spec.ts:270:1 › selection is announced: every option chip carries aria-pressed, exactly one per group (777ms)
  ✓  33 [webkit] › e2e/zone-grammar.spec.ts:319:1 › the action bar rides the card's own scrollport — at the TOP of a 1039px card, not only at its end (754ms)
  ✓  34 [webkit] › e2e/zone-grammar.spec.ts:359:1 › a frozen well mints ONE pose node and promotes nothing (the HandDrawnOutline prune) (735ms)
  ✓  35 [webkit] › e2e/zone-grammar.spec.ts:426:3 › coarse row regime (≥1024) › the pair branch keeps a 44px floor in BOTH dimensions, where the branch exists (853ms)
  ✓  36 [webkit] › e2e/zone-grammar.spec.ts:548:3 › coarse regime › the coarse card: regime witnessed first, then two eyebrows and a 44px floor in BOTH dimensions (1.7s)
  ✓  37 [webkit] › e2e/zone-grammar.spec.ts:591:3 › coarse regime › the heading lock holds on the CARD too — the regime its rail arm never visits (1.8s)
  ✓  38 [webkit] › e2e/zone-grammar.spec.ts:669:3 › coarse regime › the checking well says one thing: its chips (1.8s)

  38 passed (44.4s)
