chromium dock-390x844 lead1/lift0 (base) {"cardH":683,"renderedGap":5.2,"worstGap":-0.79,"daylight":2.72}
chromium dock-390x844 + caption leading 1 {"cardH":683,"renderedGap":5.63,"worstGap":-0.37,"daylight":2.72}
chromium dock-390x844 + caption leading 0.9 {"cardH":683,"renderedGap":5.33,"worstGap":-0.67,"daylight":2.72}
chromium dock-390x844 + well gap 0.65rem {"cardH":695,"renderedGap":7.59,"worstGap":1.6,"daylight":2.72}
chromium dock-390x844 + well gap 0.8rem {"cardH":708,"renderedGap":10,"worstGap":4,"daylight":2.72}
chromium dock-390x844 + well pad-bottom 0.35rem {"cardH":692,"renderedGap":7.61,"worstGap":1.61,"daylight":2.72}
chromium seal-1280x800-coarse lead1/lift0 (base) {"cardH":1335,"renderedGap":46.73,"worstGap":40.74}
chromium seal-1280x800-coarse + caption leading 1 {"cardH":1324,"renderedGap":44.56,"worstGap":38.57}
chromium seal-1280x800-coarse + caption leading 0.9 {"cardH":1319,"renderedGap":42.97,"worstGap":36.97}
chromium seal-1280x800-coarse + well gap 0.65rem {"cardH":1356,"renderedGap":51.52,"worstGap":45.52}
chromium seal-1280x800-coarse + well gap 0.8rem {"cardH":1375,"renderedGap":56.33,"worstGap":50.33}
chromium seal-1280x800-coarse + well pad-bottom 0.35rem {"cardH":1344,"renderedGap":49.14,"worstGap":43.14}
webkit dock-390x844 lead1/lift0 (base) {"cardH":683,"renderedGap":4.72,"worstGap":-1.28,"daylight":3.28}
webkit dock-390x844 + caption leading 1 {"cardH":683,"renderedGap":4.71,"worstGap":-1.29,"daylight":3.28}
webkit dock-390x844 + caption leading 0.9 {"cardH":683,"renderedGap":4.71,"worstGap":-1.29,"daylight":3.28}
webkit dock-390x844 + well gap 0.65rem {"cardH":695,"renderedGap":7.11,"worstGap":1.11,"daylight":3.28}
webkit dock-390x844 + well gap 0.8rem {"cardH":708,"renderedGap":9.52,"worstGap":3.52,"daylight":3.28}
webkit dock-390x844 + well pad-bottom 0.35rem {"cardH":693,"renderedGap":7.13,"worstGap":1.13,"daylight":3.28}
webkit seal-1280x800-coarse lead1/lift0 (base) {"cardH":1334,"renderedGap":46.23,"worstGap":40.23}
webkit seal-1280x800-coarse + caption leading 1 {"cardH":1324,"renderedGap":43.65,"worstGap":37.65}
webkit seal-1280x800-coarse + caption leading 0.9 {"cardH":1319,"renderedGap":42.35,"worstGap":36.35}
webkit seal-1280x800-coarse + well gap 0.65rem {"cardH":1356,"renderedGap":51.01,"worstGap":45.01}
webkit seal-1280x800-coarse + well gap 0.8rem {"cardH":1375,"renderedGap":55.83,"worstGap":49.83}
webkit seal-1280x800-coarse + well pad-bottom 0.35rem {"cardH":1344,"renderedGap":48.64,"worstGap":42.64}
