chromium AS BUILT {"renderedGap":0.92,"worstGap":-5.07,"daylight":1.72,"px2":0,"cardH":683,"firstClear":0.54}
chromium lead=1.5 {"renderedGap":-10.73,"worstGap":-16.73,"daylight":-9.93,"px2":517.2,"cardH":683,"firstClear":0.54}
chromium lead=1.2 {"renderedGap":-2.97,"worstGap":-8.96,"daylight":-2.17,"px2":112.8,"cardH":683,"firstClear":0.54}
chromium lead=1.1 {"renderedGap":-0.37,"worstGap":-6.37,"daylight":0.43,"px2":0,"cardH":683,"firstClear":0.54}
chromium lead=1.05 {"renderedGap":0.92,"worstGap":-5.07,"daylight":1.72,"px2":0,"cardH":683,"firstClear":0.54}
chromium lead=1 {"renderedGap":2.2,"worstGap":-3.79,"daylight":3,"px2":0,"cardH":683,"firstClear":0.54}
chromium lead=0.95 {"renderedGap":3.5,"worstGap":-2.5,"daylight":4.3,"px2":0,"cardH":683,"firstClear":0.54}
chromium lead=0.9 {"renderedGap":4.8,"worstGap":-1.2,"daylight":5.6,"px2":0,"cardH":683,"firstClear":0.54}
chromium lead=0.85 {"renderedGap":6.09,"worstGap":0.1,"daylight":5.72,"px2":0,"cardH":683,"firstClear":1.71}
chromium lead=0.8 {"renderedGap":7.39,"worstGap":1.39,"daylight":5.72,"px2":0,"cardH":683,"firstClear":3}
chromium pad=0.35rem {"renderedGap":0.92,"worstGap":-5.07,"daylight":1.72,"px2":0,"cardH":683,"firstClear":0.54}
chromium pad=0.5rem {"renderedGap":0.92,"worstGap":-5.07,"daylight":4.13,"px2":0,"cardH":685,"firstClear":0.54}
chromium pad=0.65rem {"renderedGap":0.92,"worstGap":-5.07,"daylight":6.52,"px2":0,"cardH":687,"firstClear":0.54}
chromium pad=0.8rem {"renderedGap":0.92,"worstGap":-5.07,"daylight":8.93,"px2":0,"cardH":690,"firstClear":0.54}
webkit AS BUILT {"renderedGap":0.44,"worstGap":-5.56,"daylight":2.3,"px2":0,"cardH":683,"firstClear":0.52}
webkit lead=1.5 {"renderedGap":-11.22,"worstGap":-17.22,"daylight":-9.35,"px2":487.2,"cardH":683,"firstClear":0.52}
webkit lead=1.2 {"renderedGap":-3.45,"worstGap":-9.45,"daylight":-1.59,"px2":82.8,"cardH":683,"firstClear":0.52}
webkit lead=1.1 {"renderedGap":-0.86,"worstGap":-6.86,"daylight":1,"px2":0,"cardH":683,"firstClear":0.52}
webkit lead=1.05 {"renderedGap":0.44,"worstGap":-5.56,"daylight":2.3,"px2":0,"cardH":683,"firstClear":0.52}
webkit lead=1 {"renderedGap":1.72,"worstGap":-4.28,"daylight":3.58,"px2":0,"cardH":683,"firstClear":0.52}
webkit lead=0.95 {"renderedGap":3.02,"worstGap":-2.98,"daylight":4.88,"px2":0,"cardH":683,"firstClear":0.52}
webkit lead=0.9 {"renderedGap":4.31,"worstGap":-1.69,"daylight":6.17,"px2":0,"cardH":683,"firstClear":0.52}
webkit lead=0.85 {"renderedGap":5.61,"worstGap":-0.39,"daylight":6.28,"px2":0,"cardH":683,"firstClear":1.71}
webkit lead=0.8 {"renderedGap":6.91,"worstGap":0.91,"daylight":6.28,"px2":0,"cardH":683,"firstClear":3.01}
webkit pad=0.35rem {"renderedGap":0.44,"worstGap":-5.56,"daylight":2.3,"px2":0,"cardH":683,"firstClear":0.52}
webkit pad=0.5rem {"renderedGap":0.44,"worstGap":-5.56,"daylight":4.71,"px2":0,"cardH":685,"firstClear":0.52}
webkit pad=0.65rem {"renderedGap":0.44,"worstGap":-5.56,"daylight":7.1,"px2":0,"cardH":688,"firstClear":0.52}
webkit pad=0.8rem {"renderedGap":0.44,"worstGap":-5.56,"daylight":9.5,"px2":0,"cardH":690,"firstClear":0.52}
