=== tsc-b
EXIT[tsc-b]=0
=== tsc-e2e
EXIT[tsc-e2e]=0
=== copy
  jargon · twin — the same plural table in the player's words  →  0 offence(s), GREEN as required
  admissions · a ghost admission is detected stale  →  1/1, RED as required

check-copy-register: 0 em/en dashes and 0 unadmitted jargon in product copy (0 admitted, each with its cure's seam)
EXIT[copy]=0
=== copy-bare
em/en dashes in product copy: 0
jargon over RENDERED strings: 0 hit(s), 0 admitted, 0 unadmitted (lexicon: 25 entries)

check-copy-register: 0 em/en dashes and 0 unadmitted jargon in product copy (0 admitted, each with its cure's seam)
EXIT[copy-bare]=0
=== font
  bound tapes: 3 pinned · WRITEABLE == the hand cut, both directions
  departures (declared, no longer rendered — the cut stays a superset on purpose):
    Fraunces · .section-heading: "Board Size"
    Patrick Hand · .washi-tag (compartment names) + the tapes: "teacher's"
EXIT[font]=0
=== motion
  [3 ROUTE] a frozen file loses its emulateMedia call entirely
      → RED (as it must)

OK — 36 specs, every one declaring its motion state, every `frozen` backed by the route that lands.
EXIT[motion]=0
=== projects
  • [8 FLOOR BAND] playwright.config.ts [chromium]: floor 214 is OUT OF BAND — 15.7% under 254 (stamped census 238, live 254), and the band is 85%, so the floor owes 216. The project GREW past its floor and nothing restamped it — silent slack. Re-derive: node scripts/check-pw-projects.mjs --restamp

  • [8 FLOOR BAND] playwright.config.ts [webkit]: floor 212 is OUT OF BAND — 15.9% under 252 (stamped census 236, live 252), and the band is 85%, so the floor owes 215. The project GREW past its floor and nothing restamped it — silent slack. Re-derive: node scripts/check-pw-projects.mjs --restamp

EXIT[projects]=1
=== theme-tokens

negative control (re-add --color-input): RED as required

check-theme-tokens: 0 unreferenced @theme tokens
EXIT[theme-tokens]=0
=== live-regions
  violation · a region born under v-if with its sentence already inside  →  1 finding(s), RED as required
  control   · the cured idiom: unconditional region, conditional content  →  0 finding(s), GREEN as required

check-live-regions: 0 regions born speaking — every declared region takes its content as a mutation
EXIT[live-regions]=0
=== prettier
Checking formatting...
[warn] src/pencil/chrome/PlayerMark/PlayerMark.place.test.ts
[warn] Code style issues found in the above file. Run Prettier with --write to fix.
EXIT[prettier]=1
=== eslint
EXIT[eslint]=0
=== boundary
EXIT[boundary]=0
=== knip
EXIT[knip]=0
=== vt-playermark
      Tests  77 passed (77)
   Start at  16:04:17
   Duration  1.12s (transform 1.42s, setup 201ms, import 2.69s, tests 716ms, environment 3.19s)

EXIT[vt-playermark]=0
=== vt-shared
      Tests  430 passed (430)
   Start at  16:04:19
   Duration  3.20s (transform 8.89s, setup 657ms, import 13.38s, tests 5.06s, environment 23.80s)

EXIT[vt-shared]=0
=== vt-rest
      Tests  334 passed (334)
   Start at  16:04:23
   Duration  2.14s (transform 5.44s, setup 837ms, import 8.68s, tests 1.28s, environment 15.05s)

EXIT[vt-rest]=0
=== BATTERY DONE
