=== tsc-b
EXIT[tsc-b]=0
=== tsc-e2e
EXIT[tsc-e2e]=0
=== copy
  jargon · twin — the same plural table in the player's words  →  0 offence(s), GREEN as required
  admissions · a ghost admission is detected stale  →  1/1, RED as required

check-copy-register: 0 em/en dashes and 0 unadmitted jargon in product copy (0 admitted, each with its cure's seam)
EXIT[copy]=0
=== copy-bare
em/en dashes in product copy: 0
jargon over RENDERED strings: 0 hit(s), 0 admitted, 0 unadmitted (lexicon: 25 entries)

check-copy-register: 0 em/en dashes and 0 unadmitted jargon in product copy (0 admitted, each with its cure's seam)
EXIT[copy-bare]=0
=== font
  bound tapes: 3 pinned · WRITEABLE == the hand cut, both directions
  departures (declared, no longer rendered — the cut stays a superset on purpose):
    Fraunces · .section-heading: "Board Size"
    Patrick Hand · .washi-tag (compartment names) + the tapes: "teacher's"
EXIT[font]=0
=== motion
  [3 ROUTE] a frozen file loses its emulateMedia call entirely
      → RED (as it must)

OK — 36 specs, every one declaring its motion state, every `frozen` backed by the route that lands.
EXIT[motion]=0
=== projects
  [8 FLOOR BAND] a stamped floor for a project no config declares (the orphan row)
      → RED (as it must)

OK — 36 specs, 581 resolved tests, every spec in both engines except the 6 recorded holdouts, and every row live in both except the 2 engine-skipped and 1 env-gated rows the record names.
EXIT[projects]=0
=== theme-tokens

negative control (re-add --color-input): RED as required

check-theme-tokens: 0 unreferenced @theme tokens
EXIT[theme-tokens]=0
=== live-regions
  violation · a region born under v-if with its sentence already inside  →  1 finding(s), RED as required
  control   · the cured idiom: unconditional region, conditional content  →  0 finding(s), GREEN as required

check-live-regions: 0 regions born speaking — every declared region takes its content as a mutation
EXIT[live-regions]=0
=== prettier
Checking formatting...
All matched files use Prettier code style!
EXIT[prettier]=0
=== eslint
EXIT[eslint]=0
=== boundary
EXIT[boundary]=0
=== knip
EXIT[knip]=0
=== vt-playermark
      Tests  77 passed (77)
   Start at  16:49:24
   Duration  3.50s (transform 6.03s, setup 876ms, import 8.05s, tests 1.95s, environment 12.17s)

EXIT[vt-playermark]=0
=== vt-shared
      Tests  430 passed (430)
   Start at  16:49:28
   Duration  8.40s (transform 20.01s, setup 2.34s, import 28.79s, tests 12.46s, environment 64.34s)

EXIT[vt-shared]=0
=== vt-rest
      Tests  334 passed (334)
   Start at  16:49:38
   Duration  5.87s (transform 14.83s, setup 1.89s, import 22.31s, tests 2.93s, environment 44.19s)

EXIT[vt-rest]=0
=== BATTERY DONE
