
Running 20 tests using 1 worker

  ✓   1 [chromium] › e2e/player-place.spec.ts:100:1 › 1 · the chart opens on the room as it is, and a move after the press is still damped (5.2s)
  ✓   2 [chromium] › e2e/player-place.spec.ts:155:1 › 2 · the query at four: a peer row answers, your own row dims nothing (3.6s)
  ✓   3 [chromium] › e2e/player-place.spec.ts:189:1 › 3 · Hidden says one null and draws you nowhere; Shown says your cell once and draws you there (3.7s)
  ✓   4 [chromium] › e2e/player-place.spec.ts:243:1 › 4 · the head is still while a peer walks the board, and the same scope moves once open (10.0s)
  ✓   5 [chromium] › e2e/player-place.spec.ts:299:3 › 5 · the pitch at 4×4: 32/3 px a cell, a dot 8px across (2.3s)
  ✓   6 [chromium] › e2e/player-place.spec.ts:299:3 › 5 · the pitch at 9×9: 32/3 px a cell, a dot 8px across (2.4s)
  ✓   7 [chromium] › e2e/player-place.spec.ts:299:3 › 5 · the pitch at 16×16: 32/3 px a cell, a dot 8px across (2.8s)
  ✓   8 [chromium] › e2e/player-place.spec.ts:333:1 › 6 · each qualifier sits on its own peer (23.1s)
  ✓   9 [chromium] › e2e/player-place.spec.ts:396:1 › 7 · a tapped mark opens on a coarse phone, the lap belongs to the sheet, and one tap there dismisses (4.6s)
  ✓  10 [chromium] › e2e/player-place.spec.ts:488:1 › 8 · under reduce the open sheet has no transition left (1.2s)
  ✓  11 [webkit] › e2e/player-place.spec.ts:100:1 › 1 · the chart opens on the room as it is, and a move after the press is still damped (6.7s)
  ✓  12 [webkit] › e2e/player-place.spec.ts:155:1 › 2 · the query at four: a peer row answers, your own row dims nothing (4.6s)
  ✓  13 [webkit] › e2e/player-place.spec.ts:189:1 › 3 · Hidden says one null and draws you nowhere; Shown says your cell once and draws you there (4.2s)
  ✓  14 [webkit] › e2e/player-place.spec.ts:243:1 › 4 · the head is still while a peer walks the board, and the same scope moves once open (10.7s)
  ✓  15 [webkit] › e2e/player-place.spec.ts:299:3 › 5 · the pitch at 4×4: 32/3 px a cell, a dot 8px across (2.9s)
  ✓  16 [webkit] › e2e/player-place.spec.ts:299:3 › 5 · the pitch at 9×9: 32/3 px a cell, a dot 8px across (3.0s)
  ✓  17 [webkit] › e2e/player-place.spec.ts:299:3 › 5 · the pitch at 16×16: 32/3 px a cell, a dot 8px across (3.2s)
  ✓  18 [webkit] › e2e/player-place.spec.ts:333:1 › 6 · each qualifier sits on its own peer (24.2s)
  ✓  19 [webkit] › e2e/player-place.spec.ts:396:1 › 7 · a tapped mark opens on a coarse phone, the lap belongs to the sheet, and one tap there dismisses (4.8s)
  ✓  20 [webkit] › e2e/player-place.spec.ts:488:1 › 8 · under reduce the open sheet has no transition left (1.2s)

  20 passed (2.1m)
EXIT=0
