  ✓   1 [chromium] › e2e/access.spec.ts:235:3 › 2.1 focus-occlusion census — the desktop card › no control in the controls card focuses into a full burial (731ms)
  ✓   2 [chromium] › e2e/access.spec.ts:255:3 › 2.1 focus-occlusion census — the desktop card › the marks-mode "Normal" button is reachable, found by identity (779ms)
  ✓   3 [chromium] › e2e/access.spec.ts:328:3 › 2.2 drawer-open inert census — the phone › no covered control in the drawer subtree stays tabbable (1.1s)
  ✓   4 [chromium] › e2e/access.spec.ts:375:3 › 2.3 the roster announces › a join and a leave each move a live region (3.1s)
  ✓   5 [chromium] › e2e/access.spec.ts:515:5 › 2.3 contrast floor — light › .icon-sublabel and .ctrl-btn clear 4.5:1 (light) (390ms)
  ✓   6 [chromium] › e2e/access.spec.ts:515:5 › 2.3 contrast floor — dark › .icon-sublabel and .ctrl-btn clear 4.5:1 (dark) (390ms)
  ✓   7 [chromium] › e2e/follow-still-authorship.spec.ts:54:1 › a still the table turned away from keeps its peer's ink (2.8s)
  ✓   8 [chromium] › e2e/join-language-prm.spec.ts:60:1 › a join renders no ring at all, and the row lands open and written (2.7s)
  ✓   9 [chromium] › e2e/join-language-prm.spec.ts:105:1 › a departure is gone the same frame: no held row, no retreating ring (2.8s)
  ✓  10 [chromium] › e2e/join-language-prm.spec.ts:128:1 › a peer’s ghost lands drawn — tier 4 sketches on nowhere (712ms)
  ✓  11 [chromium] › e2e/player-mark.spec.ts:47:1 › the mark rests graphite alone and takes the room ink the moment somebody else is here (2.1s)
  ✓  12 [chromium] › e2e/player-mark.spec.ts:97:1 › a mouse press opens the sheet, keeps the cell focused, and tells the room nothing (1.8s)
  ✓  13 [chromium] › e2e/player-mark.spec.ts:130:1 › Space and Enter each toggle once, Escape shuts it, and focus never leaves the mark (1.9s)
  ✘  14 [chromium] › e2e/player-mark.spec.ts:159:1 › the sheet never scrolls, and it compresses rather than outgrow its budget (1.2s)
  ✓  15 [chromium] › e2e/player-mark.spec.ts:207:1 › the head rule is a registered length whose publisher can be struck visibly (520ms)
  ✓  16 [chromium] › e2e/player-mark.spec.ts:295:1 › Escape reaches only the open sheet, and reaches the peek when the sheet is shut (1.2s)
  ✓  17 [chromium] › e2e/player-mark.spec.ts:333:1 › the desk draws the same rows at 800 and at 799, and the old query is why it did not (1.7s)
  ✓  18 [chromium] › e2e/player-place.spec.ts:100:1 › 1 · the chart opens on the room as it is, and a move after the press is still damped (5.5s)
  ✓  19 [chromium] › e2e/player-place.spec.ts:155:1 › 2 · the query at four: a peer row answers, your own row dims nothing (4.0s)
  ✓  20 [chromium] › e2e/player-place.spec.ts:198:1 › 3 · Hidden says one null and draws you nowhere; Shown says your cell once and draws you there (4.5s)
  ✓  21 [chromium] › e2e/player-place.spec.ts:252:1 › 4 · the head is still while a peer walks the board, and the same scope moves once open (10.3s)
  ✓  22 [chromium] › e2e/player-place.spec.ts:308:3 › 5 · the pitch at 4×4: 32/3 px a cell, a dot 8px across (2.4s)
  ✓  23 [chromium] › e2e/player-place.spec.ts:308:3 › 5 · the pitch at 9×9: 32/3 px a cell, a dot 8px across (2.5s)
  ✓  24 [chromium] › e2e/player-place.spec.ts:308:3 › 5 · the pitch at 16×16: 32/3 px a cell, a dot 8px across (2.9s)
  ✓  25 [chromium] › e2e/player-place.spec.ts:342:1 › 6 · each qualifier sits on its own peer (23.3s)
  ✘  26 [chromium] › e2e/player-place.spec.ts:405:1 › 7 · a tapped mark opens on a coarse phone, the lap belongs to the sheet, and one tap there dismisses (3.2s)
  ✓  27 [chromium] › e2e/player-place.spec.ts:497:1 › 8 · under reduce the open sheet has no transition left (953ms)
  ✓  28 [chromium] › e2e/presence.spec.ts:177:1 › a page that dies without a bye leaves the roster on a clock, and the quiet pages keep theirs (1.0m)
  ✓  29 [chromium] › e2e/session-substrate.spec.ts:99:1 › a size-changing deal re-dimensions the whole table, not just the dealer (2.9s)
  ✓  30 [chromium] › e2e/session-substrate.spec.ts:132:1 › one page switches game and the whole table turns the page with it (4.0s)
  ✓  31 [chromium] › e2e/session-substrate.spec.ts:197:1 › leave a table and come back to it: same name, same row, your digits still yours (3.0s)
  ✓  32 [chromium] › e2e/session-substrate.spec.ts:261:1 › a digit is on disk the moment its board stops being the live face (1.8s)
  ✓  33 [chromium] › e2e/session-substrate.spec.ts:313:1 › a still draws a peer's digit in the peer's ink, not the reader's (3.5s)
  ✓  34 [chromium] › e2e/zone-grammar.spec.ts:55:1 › rendered-name census, rail: two eyebrows, four tapes, two captions — and the counter can see an injected one (987ms)
  ✓  35 [chromium] › e2e/zone-grammar.spec.ts:129:1 › every zone is named by its own VISIBLE tape — the accessible name and the drawn one are one string (1.1s)
  ✓  36 [chromium] › e2e/zone-grammar.spec.ts:181:1 › the permanent tape is a LABEL, not a tooltip — and the surface it names has a name (1.2s)
  ✓  37 [chromium] › e2e/zone-grammar.spec.ts:229:1 › the staged headings are HEADINGS for assistive tech — decided one way, not both (1.1s)
  ✓  38 [chromium] › e2e/zone-grammar.spec.ts:272:1 › selection is announced: every option chip carries aria-pressed, exactly one per group (1.1s)
  ✓  39 [chromium] › e2e/zone-grammar.spec.ts:321:1 › the action bar rides the card's own scrollport — at the TOP of a 1039px card, not only at its end (957ms)
  ✓  40 [chromium] › e2e/zone-grammar.spec.ts:361:1 › a frozen well mints ONE pose node and promotes nothing (the HandDrawnOutline prune) (1.0s)
  ✓  41 [chromium] › e2e/zone-grammar.spec.ts:428:3 › coarse row regime (≥1024) › the pair branch keeps a 44px floor in BOTH dimensions, where the branch exists (1.2s)
  ✓  42 [chromium] › e2e/zone-grammar.spec.ts:550:3 › coarse regime › the coarse card: regime witnessed first, then two eyebrows and a 44px floor in BOTH dimensions (2.4s)
  ✓  43 [chromium] › e2e/zone-grammar.spec.ts:593:3 › coarse regime › the heading lock holds on the CARD too — the regime its rail arm never visits (2.2s)
  ✓  44 [chromium] › e2e/zone-grammar.spec.ts:671:3 › coarse regime › the checking well says one thing: its chips (2.7s)
  ✓  45 [webkit] › e2e/access.spec.ts:235:3 › 2.1 focus-occlusion census — the desktop card › no control in the controls card focuses into a full burial (3.4s)
  ✓  46 [webkit] › e2e/access.spec.ts:255:3 › 2.1 focus-occlusion census — the desktop card › the marks-mode "Normal" button is reachable, found by identity (2.5s)
  ✓  47 [webkit] › e2e/access.spec.ts:328:3 › 2.2 drawer-open inert census — the phone › no covered control in the drawer subtree stays tabbable (4.0s)
  ✓  48 [webkit] › e2e/access.spec.ts:375:3 › 2.3 the roster announces › a join and a leave each move a live region (6.3s)
  ✓  49 [webkit] › e2e/access.spec.ts:515:5 › 2.3 contrast floor — light › .icon-sublabel and .ctrl-btn clear 4.5:1 (light) (2.1s)
  ✓  50 [webkit] › e2e/access.spec.ts:515:5 › 2.3 contrast floor — dark › .icon-sublabel and .ctrl-btn clear 4.5:1 (dark) (2.4s)
  ✓  51 [webkit] › e2e/follow-still-authorship.spec.ts:54:1 › a still the table turned away from keeps its peer's ink (7.9s)
  ✓  52 [webkit] › e2e/join-language-prm.spec.ts:60:1 › a join renders no ring at all, and the row lands open and written (5.1s)
  ✓  53 [webkit] › e2e/join-language-prm.spec.ts:105:1 › a departure is gone the same frame: no held row, no retreating ring (5.9s)
  ✓  54 [webkit] › e2e/join-language-prm.spec.ts:128:1 › a peer’s ghost lands drawn — tier 4 sketches on nowhere (2.0s)
  ✓  55 [webkit] › e2e/player-mark.spec.ts:47:1 › the mark rests graphite alone and takes the room ink the moment somebody else is here (3.7s)
  ✓  56 [webkit] › e2e/player-mark.spec.ts:97:1 › a mouse press opens the sheet, keeps the cell focused, and tells the room nothing (3.2s)
  ✓  57 [webkit] › e2e/player-mark.spec.ts:130:1 › Space and Enter each toggle once, Escape shuts it, and focus never leaves the mark (3.9s)
  ✘  58 [webkit] › e2e/player-mark.spec.ts:159:1 › the sheet never scrolls, and it compresses rather than outgrow its budget (2.8s)
  ✓  59 [webkit] › e2e/player-mark.spec.ts:207:1 › the head rule is a registered length whose publisher can be struck visibly (2.4s)
  ✓  60 [webkit] › e2e/player-mark.spec.ts:295:1 › Escape reaches only the open sheet, and reaches the peek when the sheet is shut (2.8s)
  ✓  61 [webkit] › e2e/player-mark.spec.ts:333:1 › the desk draws the same rows at 800 and at 799, and the old query is why it did not (3.5s)
  ✓  62 [webkit] › e2e/player-place.spec.ts:100:1 › 1 · the chart opens on the room as it is, and a move after the press is still damped (11.1s)
  ✓  63 [webkit] › e2e/player-place.spec.ts:155:1 › 2 · the query at four: a peer row answers, your own row dims nothing (13.9s)
  ✓  64 [webkit] › e2e/player-place.spec.ts:198:1 › 3 · Hidden says one null and draws you nowhere; Shown says your cell once and draws you there (8.9s)
  ✓  65 [webkit] › e2e/player-place.spec.ts:252:1 › 4 · the head is still while a peer walks the board, and the same scope moves once open (16.0s)
  ✓  66 [webkit] › e2e/player-place.spec.ts:308:3 › 5 · the pitch at 4×4: 32/3 px a cell, a dot 8px across (7.6s)
  ✓  67 [webkit] › e2e/player-place.spec.ts:308:3 › 5 · the pitch at 9×9: 32/3 px a cell, a dot 8px across (6.7s)
  ✓  68 [webkit] › e2e/player-place.spec.ts:308:3 › 5 · the pitch at 16×16: 32/3 px a cell, a dot 8px across (7.8s)
  ✓  69 [webkit] › e2e/player-place.spec.ts:342:1 › 6 · each qualifier sits on its own peer (31.7s)
  ✓  70 [webkit] › e2e/player-place.spec.ts:405:1 › 7 · a tapped mark opens on a coarse phone, the lap belongs to the sheet, and one tap there dismisses (8.6s)
  ✓  71 [webkit] › e2e/player-place.spec.ts:497:1 › 8 · under reduce the open sheet has no transition left (2.9s)
  ✓  72 [webkit] › e2e/presence.spec.ts:177:1 › a page that dies without a bye leaves the roster on a clock, and the quiet pages keep theirs (1.1m)
  ✓  73 [webkit] › e2e/session-substrate.spec.ts:99:1 › a size-changing deal re-dimensions the whole table, not just the dealer (2.7s)
  ✓  74 [webkit] › e2e/session-substrate.spec.ts:132:1 › one page switches game and the whole table turns the page with it (5.6s)
  ✓  75 [webkit] › e2e/session-substrate.spec.ts:197:1 › leave a table and come back to it: same name, same row, your digits still yours (5.9s)
  ✓  76 [webkit] › e2e/session-substrate.spec.ts:261:1 › a digit is on disk the moment its board stops being the live face (2.8s)
  ✓  77 [webkit] › e2e/session-substrate.spec.ts:313:1 › a still draws a peer's digit in the peer's ink, not the reader's (10.1s)
  ✓  78 [webkit] › e2e/zone-grammar.spec.ts:55:1 › rendered-name census, rail: two eyebrows, four tapes, two captions — and the counter can see an injected one (7.8s)
  ✓  79 [webkit] › e2e/zone-grammar.spec.ts:129:1 › every zone is named by its own VISIBLE tape — the accessible name and the drawn one are one string (832ms)
