
Running 20 tests using 1 worker

PLC|chromium|fine|index-DNV3QLTCvEPL.js|{"shut":{"live":9,"filterEls":15},"openSolo":{"live":9,"filterEls":15},"openLive":{"live":9,"filterEls":15},"dots":1}
  ✓   1 [chromium] › .plr-place/probe-filters.spec.ts:12:3 › poses fine 1280x800 (7.2s)
PLC|chromium|coarse|index-DNV3QLTCvEPL.js|{"shut":{"live":9,"filterEls":15},"openSolo":{"live":9,"filterEls":15},"openLive":{"live":9,"filterEls":15},"dots":1}
  ✓   2 [chromium] › .plr-place/probe-filters.spec.ts:12:3 › poses coarse 390x844 (8.9s)
PLC|chromium|fine|reduce|index-DNV3QLTCvEPL.js|{"shut":{"live":9,"filterEls":15},"openSolo":{"live":9,"filterEls":15},"openLive":{"live":9,"filterEls":15},"dots":1}
  ✓   3 [chromium] › .plr-place/probe-filters.spec.ts:12:3 › poses fine 1280x800 reduce (7.3s)
PLC|chromium|coarse|reduce|index-DNV3QLTCvEPL.js|{"shut":{"live":9,"filterEls":15},"openSolo":{"live":9,"filterEls":15},"openLive":{"live":9,"filterEls":15},"dots":1}
  ✓   4 [chromium] › .plr-place/probe-filters.spec.ts:12:3 › poses coarse 390x844 reduce (8.1s)
  ✓   5 [chromium] › e2e/filter-census.spec.ts:300:1 › G3.1 · live-filter census equals filterBudget.ts exactly, area and all (built dist) (2.9s)
  ✓   6 [chromium] › e2e/filter-census.spec.ts:320:3 › G3.3 · the coarse regime › G3.3 · live-filter census holds below 1024 (built dist) (3.5s)
  ✓   7 [chromium] › e2e/filter-census.spec.ts:441:1 › G3.5 · no :hover state mints a live filter — board regime (built dist) (3.5s)
  ✓   8 [chromium] › e2e/filter-census.spec.ts:448:1 › G3.5 · no :hover state mints a live filter — PICKER regime (built dist) (3.1s)
  ✓   9 [chromium] › e2e/filter-census.spec.ts:462:1 › G3.2 · no retained fill supplies a computed transform (built dist) (2.9s)
  ✓  10 [chromium] › e2e/filter-census.spec.ts:507:1 › G3.2 · source `forwards|both` fill sites equal FILL_ALLOWLIST exactly (15ms)
PLC|webkit|fine|index-DNV3QLTCvEPL.js|{"shut":{"live":9,"filterEls":15},"openSolo":{"live":9,"filterEls":15},"openLive":{"live":9,"filterEls":15},"dots":1}
  ✓  11 [webkit] › .plr-place/probe-filters.spec.ts:12:3 › poses fine 1280x800 (9.1s)
PLC|webkit|coarse|index-DNV3QLTCvEPL.js|{"shut":{"live":9,"filterEls":15},"openSolo":{"live":9,"filterEls":15},"openLive":{"live":9,"filterEls":15},"dots":1}
  ✓  12 [webkit] › .plr-place/probe-filters.spec.ts:12:3 › poses coarse 390x844 (9.8s)
PLC|webkit|fine|reduce|index-DNV3QLTCvEPL.js|{"shut":{"live":9,"filterEls":15},"openSolo":{"live":9,"filterEls":15},"openLive":{"live":9,"filterEls":15},"dots":1}
  ✓  13 [webkit] › .plr-place/probe-filters.spec.ts:12:3 › poses fine 1280x800 reduce (7.0s)
PLC|webkit|coarse|reduce|index-DNV3QLTCvEPL.js|{"shut":{"live":9,"filterEls":15},"openSolo":{"live":9,"filterEls":15},"openLive":{"live":9,"filterEls":15},"dots":1}
  ✓  14 [webkit] › .plr-place/probe-filters.spec.ts:12:3 › poses coarse 390x844 reduce (8.0s)
  ✓  15 [webkit] › e2e/filter-census.spec.ts:300:1 › G3.1 · live-filter census equals filterBudget.ts exactly, area and all (built dist) (3.1s)
  ✓  16 [webkit] › e2e/filter-census.spec.ts:320:3 › G3.3 · the coarse regime › G3.3 · live-filter census holds below 1024 (built dist) (3.4s)
  ✓  17 [webkit] › e2e/filter-census.spec.ts:441:1 › G3.5 · no :hover state mints a live filter — board regime (built dist) (3.5s)
  ✓  18 [webkit] › e2e/filter-census.spec.ts:448:1 › G3.5 · no :hover state mints a live filter — PICKER regime (built dist) (2.6s)
  ✓  19 [webkit] › e2e/filter-census.spec.ts:462:1 › G3.2 · no retained fill supplies a computed transform (built dist) (3.3s)
  ✓  20 [webkit] › e2e/filter-census.spec.ts:507:1 › G3.2 · source `forwards|both` fill sites equal FILL_ALLOWLIST exactly (16ms)

  20 passed (1.7m)
EXIT=0
