AUDIT 2026-08-02T06:10:14Z · host darwin · sha 66fa5856+pass5A · harness PREVIEW (built dist-pass5A-abl :4247)
ABLATION A1 — the route pattern reverted to pass-4's `/futoshiki\/spec/` ONLY, the new heldHits gate kept.
EXPECT on PREVIEW: RED at the heldHits assertion — the built chunk is `/assets/spec-<hash>.js` and the pass-4 pattern matches nothing, which is A-M1 stated as a failing gate rather than a race.

Running 18 tests using 9 workers

  ✓   5 [chromium] › e2e/gallery-deal.spec.ts:189:1 › cold start: GIVENS ARE NOT WORK — a dealt, untouched board reads "dealt" (530ms)
  ✓   1 [chromium] › e2e/gallery-deal.spec.ts:72:1 › band: a sibling of the listbox, never a control inside role=option (799ms)
  ✓   3 [chromium] › e2e/gallery-deal.spec.ts:178:1 › cold start: a game with NO board offers start, and the card keeps its range line (872ms)
  ✓   9 [chromium] › e2e/gallery-deal.spec.ts:150:1 › cold start: an UNMOUNTED game reports its saved board and offers resume (970ms)
  ✓   8 [chromium] › e2e/gallery-deal.spec.ts:243:1 › guard: the NEGATIVE control — an untouched target board deals straight through (1.2s)
  ✓   6 [chromium] › e2e/gallery-deal.spec.ts:370:1 › guard: when BOTH boards hold work the sub-line says so (1.3s)
  ✓   7 [chromium] › e2e/gallery-deal.spec.ts:210:1 › guard: a deal onto ANOTHER game with work on it arms the ribbon (1.5s)
  ✓  13 [chromium] › e2e/gallery-deal.spec.ts:518:1 › deal: a same-game deal rides the BRIDGE — the staged pair, and no remount (594ms)
  ✓   4 [chromium] › e2e/gallery-deal.spec.ts:346:1 › guard: a cross-game deal ABANDONS the mounted board — dirty sudoku, clean target, ribbon (1.7s)
  ✓  10 [chromium] › e2e/gallery-deal.spec.ts:447:1 › guard: a dirty SAME-game deal raises the ribbon too — the subsumption, gated (1.2s)
  ✓  12 [chromium] › e2e/gallery-deal.spec.ts:488:1 › deal: a cross-game deal lands the TARGET game at the STAGED pair (892ms)
  ✓  15 [chromium] › e2e/gallery-deal.spec.ts:609:1 › safe verb: `start` HONOURS the staged pair (a game with no board has none to restore) (819ms)
  ✓  11 [chromium] › e2e/gallery-deal.spec.ts:470:1 › guard: a PRISTINE mounted board deals across with no ribbon (the source-arm control) (1.4s)
  ✓  16 [chromium] › e2e/gallery-deal.spec.ts:627:1 › safe verb: `resume` PRINTS the saved pair the moment the chips wander off it (836ms)
  ✓  18 [chromium] › e2e/gallery-deal.spec.ts:693:1 › a11y: the live region carries the staged pair and the board state (658ms)
  ✓  17 [chromium] › e2e/gallery-deal.spec.ts:664:1 › safe verb: a wandered pair cannot OUTLIVE the transaction (1.1s)
  ✓   2 [chromium] › e2e/gallery-deal.spec.ts:266:1 › guard: the `d` hotkey routes through the SAME ribbon, from the deck AND from the band (3.3s)
  ✘  14 [chromium] › e2e/gallery-deal.spec.ts:538:1 › deal: a same-game deal issued BEFORE the scene mounts still lands the staged pair (10.3s)


  1) [chromium] › e2e/gallery-deal.spec.ts:538:1 › deal: a same-game deal issued BEFORE the scene mounts still lands the staged pair 

    Error: expect(received).toBeGreaterThan(expected)

    Expected: > 0
    Received:   0

    Call Log:
    - Timeout 10000ms exceeded while waiting on the predicate

      593 |   await expect
      594 |     .poll(() => heldHits, { timeout: 10000 })
    > 595 |     .toBeGreaterThan(0); // the futoshiki spec module is held open on THIS harness
          |      ^
      596 |   await expect(page.locator('.futoshiki-cell')).toHaveCount(0); // still resolving
      597 |
      598 |   await axis(page, 'size').getByRole('button', { name: '6×6' }).click();
        at /Users/mkbabb/Programming/csc411/CSC411_HW2_ProgrammingQuestion/web/frontend/e2e/gallery-deal.spec.ts:595:6

    attachment #1: screenshot (image/png) ──────────────────────────────────────────────────────────
    test-results/gallery-deal-deal-a-same-g-21454-still-lands-the-staged-pair-chromium/test-failed-1.png
    ────────────────────────────────────────────────────────────────────────────────────────────────

    Error Context: test-results/gallery-deal-deal-a-same-g-21454-still-lands-the-staged-pair-chromium/error-context.md

  1 failed
    [chromium] › e2e/gallery-deal.spec.ts:538:1 › deal: a same-game deal issued BEFORE the scene mounts still lands the staged pair 
  17 passed (12.5s)
