AUDIT 2026-08-02T06:12:44Z · host darwin · sha 66fa5856+pass5A CURED · harness PREVIEW (built dist-pass5A :4246) · BOTH ENGINES
cmd: PLAYWRIGHT_BASE_URL=http://localhost:4246 npx playwright test e2e/gallery-deal.spec.ts

Running 36 tests using 9 workers

  ✓   2 [chromium] › e2e/gallery-deal.spec.ts:189:1 › cold start: GIVENS ARE NOT WORK — a dealt, untouched board reads "dealt" (572ms)
  ✓   6 [chromium] › e2e/gallery-deal.spec.ts:150:1 › cold start: an UNMOUNTED game reports its saved board and offers resume (762ms)
  ✓   8 [chromium] › e2e/gallery-deal.spec.ts:178:1 › cold start: a game with NO board offers start, and the card keeps its range line (755ms)
  ✓   9 [chromium] › e2e/gallery-deal.spec.ts:72:1 › band: a sibling of the listbox, never a control inside role=option (848ms)
  ✓   5 [chromium] › e2e/gallery-deal.spec.ts:243:1 › guard: the NEGATIVE control — an untouched target board deals straight through (1.0s)
  ✓   4 [chromium] › e2e/gallery-deal.spec.ts:374:1 › guard: when BOTH boards hold work the sub-line says so (1.3s)
  ✓  13 [chromium] › e2e/gallery-deal.spec.ts:522:1 › deal: a same-game deal rides the BRIDGE — the staged pair, and no remount (611ms)
  ✓   1 [chromium] › e2e/gallery-deal.spec.ts:210:1 › guard: a deal onto ANOTHER game with work on it arms the ribbon (1.6s)
  ✓   3 [chromium] › e2e/gallery-deal.spec.ts:350:1 › guard: a cross-game deal ABANDONS the mounted board — dirty sudoku, clean target, ribbon (1.6s)
  ✓  10 [chromium] › e2e/gallery-deal.spec.ts:451:1 › guard: a dirty SAME-game deal raises the ribbon too — the subsumption, gated (1.0s)
  ✓  11 [chromium] › e2e/gallery-deal.spec.ts:492:1 › deal: a cross-game deal lands the TARGET game at the STAGED pair (833ms)
  ✓   7 [chromium] › e2e/gallery-deal.spec.ts:266:1 › guard: the `d` hotkey routes through the SAME ribbon, from the deck AND from the band (1.7s)
  ✓  14 [chromium] › e2e/gallery-deal.spec.ts:542:1 › deal: a same-game deal issued BEFORE the scene mounts still lands the staged pair (929ms)
  ✓  12 [chromium] › e2e/gallery-deal.spec.ts:474:1 › guard: a PRISTINE mounted board deals across with no ribbon (the source-arm control) (1.2s)
  ✓  15 [chromium] › e2e/gallery-deal.spec.ts:613:1 › safe verb: `start` HONOURS the staged pair (a game with no board has none to restore) (737ms)
  ✓  16 [chromium] › e2e/gallery-deal.spec.ts:631:1 › safe verb: `resume` PRINTS the saved pair the moment the chips wander off it (697ms)
  ✓  18 [chromium] › e2e/gallery-deal.spec.ts:697:1 › a11y: the live region carries the staged pair and the board state (594ms)
  ✓  17 [chromium] › e2e/gallery-deal.spec.ts:668:1 › safe verb: a wandered pair cannot OUTLIVE the transaction (1.0s)
  ✓  19 [webkit] › e2e/gallery-deal.spec.ts:72:1 › band: a sibling of the listbox, never a control inside role=option (1.5s)
  ✓  20 [webkit] › e2e/gallery-deal.spec.ts:150:1 › cold start: an UNMOUNTED game reports its saved board and offers resume (1.7s)
  ✓  21 [webkit] › e2e/gallery-deal.spec.ts:178:1 › cold start: a game with NO board offers start, and the card keeps its range line (1.6s)
  ✓  22 [webkit] › e2e/gallery-deal.spec.ts:189:1 › cold start: GIVENS ARE NOT WORK — a dealt, untouched board reads "dealt" (1.9s)
  ✓  24 [webkit] › e2e/gallery-deal.spec.ts:243:1 › guard: the NEGATIVE control — an untouched target board deals straight through (2.8s)
  ✓  23 [webkit] › e2e/gallery-deal.spec.ts:210:1 › guard: a deal onto ANOTHER game with work on it arms the ribbon (3.3s)
  ✓  30 [webkit] › e2e/gallery-deal.spec.ts:492:1 › deal: a cross-game deal lands the TARGET game at the STAGED pair (2.2s)
  ✓  31 [webkit] › e2e/gallery-deal.spec.ts:522:1 › deal: a same-game deal rides the BRIDGE — the staged pair, and no remount (1.8s)
  ✓  29 [webkit] › e2e/gallery-deal.spec.ts:474:1 › guard: a PRISTINE mounted board deals across with no ribbon (the source-arm control) (2.4s)
  ✓  28 [webkit] › e2e/gallery-deal.spec.ts:451:1 › guard: a dirty SAME-game deal raises the ribbon too — the subsumption, gated (2.7s)
  ✓  26 [webkit] › e2e/gallery-deal.spec.ts:266:1 › guard: the `d` hotkey routes through the SAME ribbon, from the deck AND from the band (3.7s)
  ✓  25 [webkit] › e2e/gallery-deal.spec.ts:350:1 › guard: a cross-game deal ABANDONS the mounted board — dirty sudoku, clean target, ribbon (3.7s)
  ✓  27 [webkit] › e2e/gallery-deal.spec.ts:374:1 › guard: when BOTH boards hold work the sub-line says so (3.0s)
  ✓  32 [webkit] › e2e/gallery-deal.spec.ts:542:1 › deal: a same-game deal issued BEFORE the scene mounts still lands the staged pair (1.4s)
  ✓  33 [webkit] › e2e/gallery-deal.spec.ts:613:1 › safe verb: `start` HONOURS the staged pair (a game with no board has none to restore) (1.3s)
  ✓  36 [webkit] › e2e/gallery-deal.spec.ts:697:1 › a11y: the live region carries the staged pair and the board state (1.1s)
  ✓  34 [webkit] › e2e/gallery-deal.spec.ts:631:1 › safe verb: `resume` PRINTS the saved pair the moment the chips wander off it (1.3s)
  ✓  35 [webkit] › e2e/gallery-deal.spec.ts:668:1 › safe verb: a wandered pair cannot OUTLIVE the transaction (1.6s)

  36 passed (8.9s)
