AUDIT 2026-08-02T06:16:49Z · host darwin · node v26.0.0 · npm 11.12.1 · sha 66fa5856+pass5A
harness DEV (vite dev :4236) · chromium · e2e/font-census.spec.ts × 3
ARM: BASE — pass-4 Lane A's dev-chrome skip (`3969f512`, `el.closest('.tuner-toggle, .tuner-panel')`) ABLATED, which reconstructs the base tree `347826be` reds on. The pass-4 log `attrib-font-census-BASE-x3.log` (369 B) carried this same result with no header at all: no date, no host, no sha, no command, no arm — unbankable as written (A-m4). This is that measurement re-taken with the prepend.
EXPECT: 3/3 RED on `Fira Code · "fx" (span.tuner-fx)`, deterministic.
cmd: PLAYWRIGHT_BASE_URL=http://localhost:4236 npx playwright test e2e/font-census.spec.ts --project=chromium  (×3)

───── run 1/3 ─────
  ✘  1 [chromium] › e2e/font-census.spec.ts:155:1 › no string renders in two faces except the ones this estate has ledgered (2.1s)
    +   "Fira Code · \"fx\" (span.tuner-fx) misses U+0066 U+0078",
    test-results/font-census-no-string-rend-76214-es-this-estate-has-ledgered-chromium/test-failed-1.png
  1 failed

───── run 2/3 ─────
  ✘  1 [chromium] › e2e/font-census.spec.ts:155:1 › no string renders in two faces except the ones this estate has ledgered (2.7s)
    +   "Fira Code · \"fx\" (span.tuner-fx) misses U+0066 U+0078",
    test-results/font-census-no-string-rend-76214-es-this-estate-has-ledgered-chromium/test-failed-1.png
  1 failed

───── run 3/3 ─────
  ✘  1 [chromium] › e2e/font-census.spec.ts:194:1 › no string renders in two faces except the ones this estate has ledgered (1.0s)
    +   "Fira Code · \"fx\" (span.tuner-fx) misses U+0066 U+0078",
    test-results/font-census-no-string-rend-76214-es-this-estate-has-ledgered-chromium/test-failed-1.png
  1 failed
