=== SET 1 · the charter's cell — chromium 4x · Fast-3G · cold · desk 1280x800 dpr2 · 5+5
SET c4x-f3g-cold-desk · windows 5/arm · base :4252 · cured :4253 · args --engine chromium --throttle 4 --net fast3g --viewport desk
loadavg start: { 6.11 7.04 10.55 }
identity start base : AUDIT: build-identity — dist entry index-DOFGihfY7ZtC.js · index.html md5 7241f47bba33881658ad9e63061fa9e3 · 43 files / 807.4 KB · newest mtime 2026-09-18T02:10:44.092Z
identity start cured: AUDIT: build-identity — dist entry index-CS-Vym5OZcaO.js · index.html md5 c07ba6d9f80a8b26559c0765120fe79d · 43 files / 811.1 KB · newest mtime 2026-09-18T06:07:44.191Z
  pair 1 loadavg: { 6.11 7.04 10.55 }
  base  w1: win 1: boardReady 1506.9ms · toggles 1:1312.3ms/8bakes 2:234.8ms/0bakes 3:109.4ms/0bakes 4:105ms/0bakes
  cured w1: win 1: boardReady 1419.5ms · toggles 1:146.1ms/0bakes 2:108.7ms/0bakes 3:101.6ms/0bakes 4:104.6ms/0bakes
  pair 2 loadavg: { 6.98 7.15 10.47 }
  base  w2: win 1: boardReady 1440.5ms · toggles 1:1389.3ms/8bakes 2:101.5ms/0bakes 3:99.8ms/0bakes 4:99.7ms/0bakes
  cured w2: win 1: boardReady 1382.3ms · toggles 1:122.1ms/0bakes 2:92.3ms/0bakes 3:108.3ms/0bakes 4:98.9ms/0bakes
  pair 3 loadavg: { 7.16 7.23 10.38 }
  base  w3: win 1: boardReady 1395.7ms · toggles 1:1355.4ms/8bakes 2:138.5ms/0bakes 3:100.6ms/0bakes 4:100.3ms/0bakes
  cured w3: win 1: boardReady 1438.2ms · toggles 1:138.1ms/0bakes 2:118.5ms/0bakes 3:109ms/0bakes 4:109.5ms/0bakes
  pair 4 loadavg: { 7.72 7.38 10.35 }
  base  w4: win 1: boardReady 1449.5ms · toggles 1:1418.9ms/8bakes 2:222.3ms/0bakes 3:115.3ms/0bakes 4:107.8ms/0bakes
  cured w4: win 1: boardReady 1447.3ms · toggles 1:134.8ms/0bakes 2:113.9ms/0bakes 3:124.7ms/0bakes 4:264.8ms/0bakes
  pair 5 loadavg: { 9.08 7.70 10.36 }
  base  w5: win 1: boardReady 1425.9ms · toggles 1:1234.7ms/8bakes 2:100.3ms/0bakes 3:112.9ms/0bakes 4:99.2ms/0bakes
  cured w5: win 1: boardReady 1379.7ms · toggles 1:129.8ms/0bakes 2:99.4ms/0bakes 3:251.1ms/0bakes 4:106.7ms/0bakes
identity end base : AUDIT: build-identity — dist entry index-DOFGihfY7ZtC.js · index.html md5 7241f47bba33881658ad9e63061fa9e3 · 43 files / 807.4 KB · newest mtime 2026-09-18T02:10:44.092Z
identity end cured: AUDIT: build-identity — dist entry index-CS-Vym5OZcaO.js · index.html md5 c07ba6d9f80a8b26559c0765120fe79d · 43 files / 811.1 KB · newest mtime 2026-09-18T06:07:44.191Z
loadavg end:   { 10.85 8.25 10.48 }
=== SET 2 · TBT(3000) where the repair lives — A6 readiness, mob-cr-4x-f3g-cold · 5+5
SET readiness-mob · windows 5/arm · base :4252 · cured :4253 · cells mob-cr-4x-f3g-cold
loadavg start: { 10.85 8.25 10.48 }
  pair 1 loadavg: { 10.85 8.25 10.48 }
  base  w1: [A6] mob-cr-4x-f3g-cold load { 10.85 8.25 10.48 }
  base  w1: [A6] done. load { 10.30 8.18 10.44 }
  cured w1: [A6] mob-cr-4x-f3g-cold load { 10.30 8.18 10.44 }
  cured w1: [A6] done. load { 9.88 8.13 10.41 }
  pair 2 loadavg: { 9.88 8.13 10.41 }
  base  w2: [A6] mob-cr-4x-f3g-cold load { 9.88 8.13 10.41 }
  base  w2: [A6] done. load { 10.21 8.22 10.43 }
  cured w2: [A6] mob-cr-4x-f3g-cold load { 10.21 8.22 10.43 }
  cured w2: [A6] done. load { 10.59 8.34 10.46 }
  pair 3 loadavg: { 10.59 8.34 10.46 }
  base  w3: [A6] mob-cr-4x-f3g-cold load { 10.59 8.34 10.46 }
  base  w3: [A6] done. load { 10.14 8.28 10.43 }
  cured w3: [A6] mob-cr-4x-f3g-cold load { 10.14 8.28 10.43 }
  cured w3: [A6] done. load { 9.97 8.28 10.41 }
  pair 4 loadavg: { 9.97 8.28 10.41 }
  base  w4: [A6] mob-cr-4x-f3g-cold load { 9.97 8.28 10.41 }
  base  w4: [A6] done. load { 9.97 8.28 10.41 }
  cured w4: [A6] mob-cr-4x-f3g-cold load { 9.97 8.28 10.41 }
  cured w4: [A6] done. load { 9.97 8.30 10.41 }
  pair 5 loadavg: { 9.97 8.30 10.41 }
  base  w5: [A6] mob-cr-4x-f3g-cold load { 9.97 8.30 10.41 }
  base  w5: [A6] done. load { 9.57 8.25 10.38 }
  cured w5: [A6] mob-cr-4x-f3g-cold load { 9.57 8.25 10.38 }
  cured w5: [A6] done. load { 9.53 8.26 10.37 }
loadavg end:   { 9.53 8.26 10.37 }
=== SET 3 · the mobile toggle the charter ordered re-taken — chromium 4x · mobile 390x844 dpr3 · 3+3
SET c4x-f3g-cold-mob · windows 3/arm · base :4252 · cured :4253 · args --engine chromium --throttle 4 --net fast3g --viewport mobile
loadavg start: { 9.53 8.26 10.37 }
identity start base : AUDIT: build-identity — dist entry index-DOFGihfY7ZtC.js · index.html md5 7241f47bba33881658ad9e63061fa9e3 · 43 files / 807.4 KB · newest mtime 2026-09-18T02:10:44.092Z
identity start cured: AUDIT: build-identity — dist entry index-CS-Vym5OZcaO.js · index.html md5 c07ba6d9f80a8b26559c0765120fe79d · 43 files / 811.1 KB · newest mtime 2026-09-18T06:07:44.191Z
  pair 1 loadavg: { 9.53 8.26 10.37 }
  base  w1: win 1: boardReady 1371.3ms · toggles 1:1003.9ms/8bakes 2:100.2ms/0bakes 3:92.6ms/0bakes 4:95.9ms/0bakes
  cured w1: win 1: boardReady 1400.9ms · toggles 1:113.4ms/0bakes 2:108.6ms/0bakes 3:364.1ms/0bakes 4:100.7ms/0bakes
  pair 2 loadavg: { 10.98 8.71 10.45 }
  base  w2: win 1: boardReady 1349.6ms · toggles 1:966.6ms/8bakes 2:92.7ms/0bakes 3:90.7ms/0bakes 4:101.9ms/0bakes
  cured w2: win 1: boardReady 1365.2ms · toggles 1:114.3ms/0bakes 2:96.2ms/0bakes 3:101.6ms/0bakes 4:83.1ms/0bakes
  pair 3 loadavg: { 10.29 8.74 10.41 }
  base  w3: win 1: boardReady 1390.7ms · toggles 1:1025.2ms/8bakes 2:93.3ms/0bakes 3:96.6ms/0bakes 4:124.2ms/0bakes
  cured w3: win 1: boardReady 1364.6ms · toggles 1:103.5ms/0bakes 2:88.5ms/0bakes 3:91.9ms/0bakes 4:83.5ms/0bakes
identity end base : AUDIT: build-identity — dist entry index-DOFGihfY7ZtC.js · index.html md5 7241f47bba33881658ad9e63061fa9e3 · 43 files / 807.4 KB · newest mtime 2026-09-18T02:10:44.092Z
identity end cured: AUDIT: build-identity — dist entry index-CS-Vym5OZcaO.js · index.html md5 c07ba6d9f80a8b26559c0765120fe79d · 43 files / 811.1 KB · newest mtime 2026-09-18T06:07:44.191Z
loadavg end:   { 10.26 8.85 10.39 }
=== SET 4 · the drawer's first gesture with the warm in flight — A4, chromium 6x · mobile · 3+3
  pair 1 loadavg: { 10.26 8.85 10.39 }
  pair 2 loadavg: { 9.63 8.79 10.34 }
  pair 3 loadavg: { 8.27 8.56 10.22 }
=== SET 5 · pi — per-pose bitmap digests across the flip, 3+3
BATTERY2 COMPLETE { 5.12 7.57 9.63 }
