vite v8.1.4 building client environment for production...

 WARN  advancedChunks option is deprecated, please use codeSplitting instead.

[2Ktransforming...✓ 237 modules transformed.
rendering chunks...
computing gzip size...
dist/index.html                                      3.16 kB │ gzip:  1.33 kB
dist/assets/firacode-subset-CbuNTc2aGjcY.woff2       3.62 kB
dist/assets/patrickhand-subset-BqV1besB36ib.woff2    4.31 kB
dist/assets/avatar-biqsjs3dzERf.png                  6.09 kB
dist/assets/fraunces-subset-BnabbaMXVbua.woff2      14.94 kB
dist/assets/solver.worker-DyhLjsTj.js               22.68 kB
dist/assets/csp_solver_wasm_bg-BJYevEYE.wasm       123.33 kB │ gzip: 50.33 kB
dist/assets/FutoshikiPoster-DZUvzwTKUpND.css         0.28 kB │ gzip:  0.16 kB
dist/assets/PosterBoard-C25fZcEKH9UF.css             0.39 kB │ gzip:  0.21 kB
dist/assets/spec-CAxGeu14Qq5g.css                    0.44 kB │ gzip:  0.25 kB
dist/assets/CageOverlay-CxJWuhZARm9B.css             0.54 kB │ gzip:  0.30 kB
dist/assets/ThermoTube-D-JcHJtczqX1.css              0.60 kB │ gzip:  0.29 kB
dist/assets/AnswerKeyLaminate-DQ8Zd4NTTWD3.css       0.89 kB │ gzip:  0.40 kB
dist/assets/index-CWXMZpFeJfr-.css                  94.83 kB │ gzip: 19.08 kB
dist/assets/wire-BuDRICPW8zpg.js                     0.17 kB │ gzip:  0.15 kB
dist/assets/SudokuPoster-D8ORsEHjm9Ge.js             0.86 kB │ gzip:  0.49 kB
dist/assets/clue-CNo7259tIuQm.js                     0.90 kB │ gzip:  0.50 kB
dist/assets/clue-B77KEGrfT5xu.js                     0.97 kB │ gzip:  0.55 kB
dist/assets/ThermoTube-Dgwh8Y_aJk_M.js               1.17 kB │ gzip:  0.72 kB
dist/assets/ThermoPoster-Ce_4_ztx3gJ9.js             1.17 kB │ gzip:  0.66 kB
dist/assets/clue-D3bqB3E33Ls2.js                     1.21 kB │ gzip:  0.64 kB
dist/assets/KillerPoster-Jhtdi2tJLdHh.js             1.39 kB │ gzip:  0.75 kB
dist/assets/CageOverlay-CNRbLpv35RkB.js              1.73 kB │ gzip:  0.98 kB
dist/assets/KenKenPoster-DOHfs-XhBQ_B.js             1.76 kB │ gzip:  0.84 kB
dist/assets/relayWire-5r_0oKENP1Dl.js                1.87 kB │ gzip:  1.06 kB
dist/assets/FutoshikiPoster-A0ovMVnHZVMf.js          1.93 kB │ gzip:  1.06 kB
dist/assets/spec-D4Ir5HBs5cwo.js                     2.07 kB │ gzip:  1.02 kB
dist/assets/spec-wujOi8OaNT7L.js                     2.16 kB │ gzip:  1.04 kB
dist/assets/AnswerKeyLaminate-1b6QkrnVg55j.js        2.30 kB │ gzip:  1.31 kB
dist/assets/PosterBoard-8JbTSUk6tYrk.js              2.58 kB │ gzip:  1.17 kB
dist/assets/spec-CD-9yjctoOy0.js                     3.03 kB │ gzip:  1.45 kB
dist/assets/spec-BBBKZ3WhrMfE.js                     3.25 kB │ gzip:  1.51 kB
dist/assets/animation-vendor-CrUpJv3U-YcU.js        11.64 kB │ gzip:  4.74 kB
dist/assets/templates-LkXzF59FZu96.js               18.16 kB │ gzip:  4.97 kB
dist/assets/playerIdentity-Cuu0m1KqyfDH.js          19.31 kB │ gzip:  8.12 kB
dist/assets/templates-CsCa30cxJEsI.js               24.59 kB │ gzip:  7.06 kB
dist/assets/vue-vendor-DO-CUsNNxq8N.js              85.19 kB │ gzip: 34.03 kB
dist/assets/index-BUIDrd-OiOrV.js                  217.84 kB │ gzip: 75.13 kB

✓ built in 406ms
