───── check-cost-face
COST-FACE WITNESS — src/games/shared/GameControlPanel.vue, src/games/shared/scene.css; 11 declarations
  ✓ 1 TAP FLOOR — `.act-answer` takes min-height: var(--tap-floor…)
  ✓ 2 PIN BAND — the card spends it and the head pulls back into it
  ✓ 3 DERIVED HEAD — `--cost-head-h` is a calc, with no JS publisher
  ✓ 4 THE BERTH'S INK — the berthed tape carries vertical padding
  ✓ 5 THE FENCE — the armed face drops its hover ground
  ✓ 6 NO SILENT ZERO — `--card-pad-b` is read bare and registered
  ✓ 7 THE FENCE REACHES THE VERB — the armed verb button takes no hover ground
  ✓ 8 THE FLOOR'S OTHER DIMENSION — `.act-answer` takes min-width: var(--tap-floor…)
  ✓ 9 THE RULER — one grid column for the acts, one contained marks row, and no second one
  ✓ 10 THE RESERVE — `--fold-tools-h` registered (inherits: true) and consumed bare
  ✓ 11 THE FACE IS THE BUTTON'S AIR — `.icon-btn:has(> .act-face)` zeroes its padding

SELF-TEST — each check against its own planted defect:
  ✓ plant 1 → TAP FLOOR — `.act-answer` takes min-height: var(--tap-floor…) RED (1)
  ✓ plant 2 → PIN BAND — the card spends it and the head pulls back into it RED (1)
  ✓ plant 3 → DERIVED HEAD — `--cost-head-h` is a calc, with no JS publisher RED (1)
  ✓ plant 4 → THE BERTH'S INK — the berthed tape carries vertical padding RED (1)
  ✓ plant 5 → THE FENCE — the armed face drops its hover ground RED (1)
  ✓ plant 6 → NO SILENT ZERO — `--card-pad-b` is read bare and registered RED (1)
  ✓ plant 7 → THE FENCE REACHES THE VERB — the armed verb button takes no hover ground RED (1)
  ✓ plant 8 → THE FLOOR'S OTHER DIMENSION — `.act-answer` takes min-width: var(--tap-floor…) RED (1)
  ✓ plant 9 → THE RULER — one grid column for the acts, one contained marks row, and no second one RED (1)
  ✓ plant 10 →  THE RESERVE — `--fold-tools-h` registered (inherits: true) and consumed bare RED (1)
  ✓ plant 11 →  THE FACE IS THE BUTTON'S AIR — `.icon-btn:has(> .act-face)` zeroes its padding RED (1)

OK — the answer keeps its floor, the band is reserved and derived, the berth's ink is on its own paper, the armed face is unhoverable ground, and no measured token fails quietly.
EXIT=0
───── lint:copy (M16, bare)
copy register scanned across 137 files
allowlisted: src/pencil/dev/FilterTuner.vue (DEV-only tool, gated import.meta.env.DEV — never shipped), src/pencil/config/filterBudget.ts (census reasons read by check-prod-shake, never by a reader)
em/en dashes in product copy: 0
jargon over RENDERED strings: 0 hit(s), 0 admitted, 0 unadmitted (lexicon: 25 entries)

self-test (both colours):
  dash · template text dash  →  1 offence(s), RED as required
  dash · string literal dash  →  1 offence(s), RED as required
  dash · dash inside a comment  →  0 offence(s), GREEN as required
  dash · dash inside a template comment  →  0 offence(s), GREEN as required
  dash · a header that mentions `<style>`, then a template dash  →  1 offence(s), RED as required
  jargon · a technique name in an aria-label  →  1 offence(s), RED as required
  jargon · the machine naming itself on a washi tape  →  1 offence(s), RED as required
  jargon · solver vocabulary in a script-side copy constant  →  2 offence(s), RED as required
  jargon · positive control — an ENGINE identifier is not display copy  →  0 offence(s), GREEN as required
  jargon · positive control — a BOUND attribute is an expression, not a string  →  0 offence(s), GREEN as required
  jargon · positive control — the player's own verb survives  →  0 offence(s), GREEN as required
  jargon · positive control — jargon inside a comment is prose about the law  →  0 offence(s), GREEN as required
  jargon · a narration source speaks the machine's name  →  1 offence(s), RED as required
  jargon · a narration source in a template literal  →  2 offence(s), RED as required
  jargon · a narration source whose string carries a close paren  →  1 offence(s), RED as required
  jargon · a copy table whose name carries the word COPY  →  1 offence(s), RED as required
  jargon · a copy table whose type says copy and whose NAME does not — the arm is blind  →  0 offence(s), GREEN as required
  jargon · a spoken core built as a template literal in an accessible-name source  →  1 offence(s), RED as required
  jargon · a copy table keyed by its domain, its sentence a template literal  →  1 offence(s), RED as required
  jargon · a copy table keyed by its domain, its sentence a plain string  →  1 offence(s), RED as required
  jargon · a spoken name written as an object property, not a declaration  →  1 offence(s), RED as required
  jargon · a copy table named in SCREAMING_SNAKE for its office  →  1 offence(s), RED as required
  jargon · twin — the same SCREAMING_SNAKE table in the player's words  →  0 offence(s), GREEN as required
  jargon · a function that RETURNS the sentence, its name and its type both saying copy  →  1 offence(s), RED as required
  jargon · positive control — a void handler named for messages is not a copy source  →  0 offence(s), GREEN as required
  jargon · a spoken ref written by ASSIGNMENT, long after it was declared empty  →  1 offence(s), RED as required
  jargon · positive control — a comparison is not an assignment  →  0 offence(s), GREEN as required
  jargon · a BOUND accessible name built as a template literal  →  1 offence(s), RED as required
  jargon · a BOUND accessible name built as a ternary over two quoted strings  →  1 offence(s), RED as required
  jargon · twin — the same bound accessible name in the player's words  →  0 offence(s), GREEN as required
  jargon · positive control — a TYPE whose name says copy holds identifiers, not copy  →  0 offence(s), GREEN as required
  jargon · positive control — a component tag with a bind is not a spoken declaration  →  0 offence(s), GREEN as required
  jargon · two byte-identical sentences on one line are TWO offences  →  2 offence(s), RED as required
  jargon · twin — the same spoken core in the player's words  →  0 offence(s), GREEN as required
  jargon · twin — the same copy table in the player's words  →  0 offence(s), GREEN as required
  jargon · positive control — an INTERPOLATION is code, not copy  →  0 offence(s), GREEN as required
  jargon · positive control — a template literal in a declaration that says nothing about copy  →  0 offence(s), GREEN as required
  jargon · positive control — an utterance region declares no copy at its call  →  0 offence(s), GREEN as required
  jargon · positive control — a narration source in plain English survives  →  0 offence(s), GREEN as required
  jargon · an utterance handed to the voice a live region returned  →  1 offence(s), RED as required
  jargon · twin — the same utterance in the player's words  →  0 offence(s), GREEN as required
  jargon · an utterance through a local WRAPPER over that voice  →  1 offence(s), RED as required
  jargon · an utterance through a voice PASSED to a function as a parameter  →  1 offence(s), RED as required
  jargon · positive control — an IDENTIFIER handed to a voice is code, not copy  →  0 offence(s), GREEN as required
  jargon · positive control — a wrapper over NO voice is not a voice (the name is not the rule)  →  0 offence(s), GREEN as required
  jargon · a COPY_KEY whose value is a CALL, not a quote  →  1 offence(s), RED as required
  jargon · twin — the same key and call in the player's words  →  0 offence(s), GREEN as required
  jargon · positive control — a COPY_KEY whose value is a bare identifier reads nothing  →  0 offence(s), GREEN as required
  jargon · a PLURAL copy table named in SCREAMING_SNAKE for its office  →  1 offence(s), RED as required
  jargon · a PLURAL TitleCase copy table  →  1 offence(s), RED as required
  jargon · twin — the same plural table in the player's words  →  0 offence(s), GREEN as required
  admissions · a ghost admission is detected stale  →  1/1, RED as required

check-copy-register: 0 em/en dashes and 0 unadmitted jargon in product copy (0 admitted, each with its cure's seam)
EXIT=0
───── lint:motion
MOTION CONTRACT — 34 specs, 34 declaring, 0 silent (head = first 20 lines)
  ✓ 1 DECLARED
  ✓ 2 GRAMMAR
  ✓ 3 ROUTE

SELF-TEST — each check against a known-bad model:
  [1 DECLARED] the declaration is deleted in a refactor (the silent-by-default state)
      → RED (as it must)
  [1 DECLARED] the declaration slides below the head window during a doc-block edit
      → RED (as it must)
  [2 GRAMMAR] a third mode is invented (`PRM: reduced`)
      → RED (as it must)
  [2 GRAMMAR] `PRM: live` lands with no reason — a declaration that says nothing
      → RED (as it must)
  [2 GRAMMAR] `PRM: frozen` lands with an empty cite
      → RED (as it must)
  [2 GRAMMAR] two declarations disagree (a merge keeps both sides)
      → RED (as it must)
  [3 ROUTE] CH-65 regresses — the freeze is 'restored' as `test.use({ reducedMotion })`
      → RED (as it must)
  [3 ROUTE] a frozen file loses its emulateMedia call entirely
      → RED (as it must)

OK — 34 specs, every one declaring its motion state, every `frozen` backed by the route that lands.
EXIT=0
───── lint:theme-selectors
THEME-SELECTOR CENSUS — 56 style files, 4 data-attribute selector sites over 3 attribute(s), 0 prefers-color-scheme site(s), 0 allowlisted
  writers for `data-armed`: src/games/shared/GameControlPanel.vue:1252 (markup binding)
  writers for `data-fold-above`: src/games/shared/GameControlPanel.vue:848 (toggleAttribute)
  writers for `data-fold-below`: src/games/shared/GameControlPanel.vue:849 (toggleAttribute)
  ✓ 1 UNWRITTEN ATTRIBUTES
  ✓ 2 UNHONORED MEDIA
  ✓ 3 ALLOWLIST CLOSED
  ✓ 0 POPULATION CANARY — a planted `[data-canary-theme]` rule over the live 141-file corpus reds check 1

SELF-TEST — each check against fixture trees:
  [1 UNWRITTEN ATTRIBUTES] the wave's exact shape — a [data-theme] rule with a class-only writer
      → RED (want RED)
  [1 UNWRITTEN ATTRIBUTES] the only mention of the writer is inside a comment
      → RED (want RED)
  [1 UNWRITTEN ATTRIBUTES] positive control — a real setAttribute writer lands
      → GREEN (want GREEN)
  [1 UNWRITTEN ATTRIBUTES] a doc comment that SPELLS a style open tag must not blank the writer under it (T9-W2)
      → GREEN (want GREEN)
  [1 UNWRITTEN ATTRIBUTES] positive control — vueuse writes through `attribute:`, no setAttribute in sight
      → GREEN (want GREEN)
  [1 UNWRITTEN ATTRIBUTES] positive control — Vue's own scope id is not an app attribute
      → GREEN (want GREEN)
  [1 UNWRITTEN ATTRIBUTES] positive control — the cured, class-keyed block
      → GREEN (want GREEN)
  [2 UNHONORED MEDIA] a prefers-color-scheme block with nothing said about it
      → RED (want RED)
  [2 UNHONORED MEDIA] positive control — allowlisted with a reason
      → GREEN (want GREEN)
  [3 ALLOWLIST CLOSED] a stale entry — the selector it excuses is gone
      → RED (want RED)
  [3 ALLOWLIST CLOSED] the excused attribute gained a writer — the excuse outlived its reason
      → RED (want RED)
  [3 ALLOWLIST CLOSED] an entry whose reason is a shrug
      → RED (want RED)

OK — every data-attribute selector has a runtime writer, every prefers-color-scheme block is allowlisted with a reason, and the table is closed.
EXIT=0
───── lint:theme-tokens
@theme declared: 54
unreferenced (corpus only):     0
unreferenced (transitive rule): 0

negative control (re-add --color-input): RED as required

check-theme-tokens: 0 unreferenced @theme tokens
EXIT=0
───── lint:ink
ink-pressure ladder — every rung clears its floor, strictly increasing, in all 3 scopes (light, dark, print), each resolved out of index.css:
  --ink-press-rule    55%  3.53 light / 4.36 dark / 4.76 print  ≥3 (non-text)
  --ink-press-quiet   68%  5.23 light / 6.06 dark / 7.86 print  ≥4.5 (text)
  --color-red-ink          4.98 light / 6.32 dark  ≥4.5 (.icon-sublabel.is-armed)
  washi tape               17.36 light / 9.06 dark  ≥4.5 (--color-foreground on --sheet-washi-neutral)

ship-4 census — the six re-pitched surfaces, each pinned to the rung above (so the rung's floor is the surface's floor):
  1  .keyboard-legend         color: var(--ink-press-quiet)
  2  .legend-row kbd          border: var(--ink-press-rule)
  3  .legend-sep              no `opacity` declaration
  4  .margin-note-meta        color: var(--ink-press-quiet)
  5  .icon-sublabel.is-armed  color: var(--color-red-ink)
  6  .vignette-meta           color: var(--ink-press-quiet)

ungoverned register — --color-muted-foreground 4.65 light / 7.69 dark:
  light  rule < muted-foreground < quiet
  dark   rule < quiet < muted-foreground
  the ramp and the register cross between themes, and the crossing is GATED: exactly one ruling is admitted (src/assets/index.css §INK PRESSURE, 'WHAT THE LADDER DOES NOT GOVERN'), pinned to both rank strings above, and it reds on a second crossing, on a re-pitch that moves either rank, and on its own cure.
EXIT=0
───── check-font-coverage
font coverage OK — 2 subset faces, each covered as authored AND as transformed, each corpus a superset of what 150 src files actually render:
  Fraunces: 31 codepoints, 14948 B, 9 declared strings over 2 group(s), each derived
  Patrick Hand: 46 codepoints, 4312 B, 31 declared strings over 5 group(s), each derived
  bound tapes: 5 pinned · WRITEABLE == the hand cut, both directions
  departures (declared, no longer rendered — the cut stays a superset on purpose):
    Patrick Hand · .washi-tag (compartment names) + the tapes + the band-head berths: "pencils"
    Patrick Hand · .washi-tag (compartment names) + the tapes + the band-head berths: "teacher's"
    Patrick Hand · .washi-tag (compartment names) + the tapes + the band-head berths: "normal writes a digit. corner and center write small pencil marks"
    Patrick Hand · .washi-tag (compartment names) + the tapes + the band-head berths: "checking"
    Patrick Hand · .washi-tag (compartment names) + the tapes + the band-head berths: "players"
    Patrick Hand · .washi-tag (compartment names) + the tapes + the band-head berths: "share this board and everyone writes on the same grid"
    Patrick Hand · .washi-tag (compartment names) + the tapes + the band-head berths: "wipe every digit you've written"
EXIT=0
───── live-regions
live-region police scanned 52 SFCs under src
regions declared: 10 — src/games/shared/GameBoard.vue:1182, src/games/shared/GameControlPanel.vue:1449, src/games/shared/GameControlPanel.vue:1456, src/games/shared/GameControlPanel.vue:1493, src/games/shared/GameControlPanel.vue:1504, src/games/shared/SolverErrorNote.vue:43, src/pencil/chrome/GameGallery/GameGallery.vue:1068, src/pencil/chrome/GameGallery/GameGallery.vue:1074, src/pencil/chrome/MarginNote.vue:54, src/pencil/sheet/AnswerKeyLaminate.vue:204

self-test — the rule against a planted defect and its cure
  violation · a region born under v-if with its sentence already inside  →  1 finding(s), RED as required
  control   · the cured idiom: unconditional region, conditional content  →  0 finding(s), GREEN as required

check-live-regions: 0 regions born speaking — every declared region takes its content as a mutation
EXIT=0
───── prettier
Checking formatting...
[warn] scripts/check-cost-face.mjs
[warn] Code style issues found in the above file. Run Prettier with --write to fix.
EXIT=1
───── vue-tsc app
EXIT=0
───── vue-tsc e2e
EXIT=0
GATES-DONE
