
Running 32 tests using 9 workers

  ✓   6 [chromium] › e2e/access.spec.ts:590:5 › 2.3 contrast floor — dark › .icon-sublabel and .ctrl-btn clear 4.5:1 (dark) (699ms)
  ✓   2 [chromium] › e2e/access.spec.ts:590:5 › 2.3 contrast floor — light › .icon-sublabel and .ctrl-btn clear 4.5:1 (light) (940ms)
  ✓   7 [chromium] › e2e/mobile-affordances.spec.ts:129:1 › native bounded entry (sudoku 9×9): coarse cell raises the numeric keypad, iOS-congruent, 16px floor (1.2s)
  ✓   5 [chromium] › e2e/mobile-affordances.spec.ts:161:1 › native bounded entry (futoshiki twin): coarse cell raises the numeric keypad, iOS-congruent (1.3s)
  ✓   9 [chromium] › e2e/access.spec.ts:255:3 › 2.1 focus-occlusion census — the desktop card › the marks-mode "Normal" button is reachable, found by identity (1.3s)
  ✓   4 [chromium] › e2e/access.spec.ts:235:3 › 2.1 focus-occlusion census — the desktop card › no control in the controls card focuses into a full burial (1.3s)
  ✓   8 [chromium] › e2e/access.spec.ts:333:3 › 2.2 drawer-open inert census — the phone › no covered control in the drawer subtree stays tabbable (1.5s)
  ✓   1 [chromium] › e2e/mobile-affordances.spec.ts:145:1 › native bounded entry (sudoku 16×16): two-digit values 10–16 enter whole (1.5s)
  ✓  10 [chromium] › e2e/mobile-affordances.spec.ts:269:1 › attribution opens on a single tap (T4-WM §2): the coarse focusin+click double-fire no longer nets closed (1.3s)
  ✓  11 [chromium] › e2e/mobile-affordances.spec.ts:184:1 › touch play tools (T4-WM §2): undo / redo / hint tappable at ≥44px, wired, and no sticky hover (1.2s)
  ✓  13 [chromium] › e2e/mobile-affordances.spec.ts:237:1 › hint two-press by touch (T4-W7): first tap gives the reasoning, second inks the digit (1.2s)
  ✓  12 [chromium] › e2e/mobile-affordances.spec.ts:320:1 › long-press peek (T4-WM §3, sudoku): a hold on a cell opens the candidate glimpse; release clears it (2.0s)
  ✓   3 [chromium] › e2e/access.spec.ts:450:3 › 2.3 the roster announces › a join and a leave each move a live region (3.8s)
  ✓  17 [webkit] › e2e/access.spec.ts:235:3 › 2.1 focus-occlusion census — the desktop card › no control in the controls card focuses into a full burial (2.1s)
  ✓  15 [chromium] › e2e/mobile-affordances.spec.ts:327:1 › long-press peek (T4-WM §3, futoshiki twin): a hold on a cell opens the candidate glimpse; release clears it (2.9s)
  ✓  18 [webkit] › e2e/access.spec.ts:255:3 › 2.1 focus-occlusion census — the desktop card › the marks-mode "Normal" button is reachable, found by identity (2.3s)
  ✓  21 [webkit] › e2e/access.spec.ts:590:5 › 2.3 contrast floor — light › .icon-sublabel and .ctrl-btn clear 4.5:1 (light) (1.5s)
  ✓  14 [chromium] › e2e/mobile-affordances.spec.ts:343:1 › coarse affordances: persistent peek washi on a ≥44px target, icon sublabels, Clear confirm beat (3.5s)
  ✓  16 [chromium] › e2e/mobile-affordances.spec.ts:453:1 › Deal is dirty-gated (T4-WU/U3): a pristine board carries no arm; a dirty board arms first (3.5s)
  ✓  19 [webkit] › e2e/access.spec.ts:333:3 › 2.2 drawer-open inert census — the phone › no covered control in the drawer subtree stays tabbable (2.6s)
  ✓  22 [webkit] › e2e/access.spec.ts:590:5 › 2.3 contrast floor — dark › .icon-sublabel and .ctrl-btn clear 4.5:1 (dark) (1.4s)
  ✓  20 [webkit] › e2e/access.spec.ts:450:3 › 2.3 the roster announces › a join and a leave each move a live region (5.2s)
  ✓  23 [webkit] › e2e/mobile-affordances.spec.ts:129:1 › native bounded entry (sudoku 9×9): coarse cell raises the numeric keypad, iOS-congruent, 16px floor (3.4s)
  ✓  24 [webkit] › e2e/mobile-affordances.spec.ts:145:1 › native bounded entry (sudoku 16×16): two-digit values 10–16 enter whole (3.8s)
  ✓  25 [webkit] › e2e/mobile-affordances.spec.ts:161:1 › native bounded entry (futoshiki twin): coarse cell raises the numeric keypad, iOS-congruent (3.8s)
  ✓  27 [webkit] › e2e/mobile-affordances.spec.ts:237:1 › hint two-press by touch (T4-W7): first tap gives the reasoning, second inks the digit (3.9s)
  ✓  26 [webkit] › e2e/mobile-affordances.spec.ts:184:1 › touch play tools (T4-WM §2): undo / redo / hint tappable at ≥44px, wired, and no sticky hover (4.1s)
  ✓  28 [webkit] › e2e/mobile-affordances.spec.ts:269:1 › attribution opens on a single tap (T4-WM §2): the coarse focusin+click double-fire no longer nets closed (3.9s)
  ✓  29 [webkit] › e2e/mobile-affordances.spec.ts:320:1 › long-press peek (T4-WM §3, sudoku): a hold on a cell opens the candidate glimpse; release clears it (4.7s)
  ✓  30 [webkit] › e2e/mobile-affordances.spec.ts:327:1 › long-press peek (T4-WM §3, futoshiki twin): a hold on a cell opens the candidate glimpse; release clears it (4.6s)
  ✓  31 [webkit] › e2e/mobile-affordances.spec.ts:453:1 › Deal is dirty-gated (T4-WU/U3): a pristine board carries no arm; a dirty board arms first (5.1s)
  ✓  32 [webkit] › e2e/mobile-affordances.spec.ts:343:1 › coarse affordances: persistent peek washi on a ≥44px target, icon sublabels, Clear confirm beat (3.9s)

  32 passed (15.2s)
