=== filter census — AFTER (:4246) ===

Running 12 tests using 9 workers

  ✓   9 [filter-census-chromium] › e2e/filter-census.spec.ts:507:1 › G3.2 · source `forwards|both` fill sites equal FILL_ALLOWLIST exactly (11ms)
  ✓   5 [filter-census-chromium] › e2e/filter-census.spec.ts:448:1 › G3.5 · no :hover state mints a live filter — PICKER regime (built dist) (2.0s)
  ✓   3 [filter-census-chromium] › e2e/filter-census.spec.ts:462:1 › G3.2 · no retained fill supplies a computed transform (built dist) (2.3s)
  ✓   1 [filter-census-chromium] › e2e/filter-census.spec.ts:300:1 › G3.1 · live-filter census equals filterBudget.ts exactly, area and all (built dist) (2.3s)
  ✓  12 [filter-census-webkit] › e2e/filter-census.spec.ts:507:1 › G3.2 · source `forwards|both` fill sites equal FILL_ALLOWLIST exactly (13ms)
  ✓   2 [filter-census-chromium] › e2e/filter-census.spec.ts:320:3 › G3.3 · the coarse regime › G3.3 · live-filter census holds below 1024 (built dist) (3.0s)
  ✓   7 [filter-census-chromium] › e2e/filter-census.spec.ts:441:1 › G3.5 · no :hover state mints a live filter — board regime (built dist) (3.1s)
  ✓   8 [filter-census-webkit] › e2e/filter-census.spec.ts:300:1 › G3.1 · live-filter census equals filterBudget.ts exactly, area and all (built dist) (3.3s)
  ✓   6 [filter-census-webkit] › e2e/filter-census.spec.ts:320:3 › G3.3 · the coarse regime › G3.3 · live-filter census holds below 1024 (built dist) (3.5s)
  ✓  10 [filter-census-webkit] › e2e/filter-census.spec.ts:448:1 › G3.5 · no :hover state mints a live filter — PICKER regime (built dist) (2.9s)
  ✓   4 [filter-census-webkit] › e2e/filter-census.spec.ts:441:1 › G3.5 · no :hover state mints a live filter — board regime (built dist) (3.9s)
  ✓  11 [filter-census-webkit] › e2e/filter-census.spec.ts:462:1 › G3.2 · no retained fill supplies a computed transform (built dist) (3.2s)

  12 passed (6.5s)
=== filter census — CONTROL (:4247) ===

Running 12 tests using 9 workers

  ✓   1 [filter-census-chromium] › e2e/filter-census.spec.ts:507:1 › G3.2 · source `forwards|both` fill sites equal FILL_ALLOWLIST exactly (10ms)
  ✓   4 [filter-census-chromium] › e2e/filter-census.spec.ts:448:1 › G3.5 · no :hover state mints a live filter — PICKER regime (built dist) (2.1s)
  ✓   2 [filter-census-chromium] › e2e/filter-census.spec.ts:300:1 › G3.1 · live-filter census equals filterBudget.ts exactly, area and all (built dist) (2.2s)
  ✓  12 [filter-census-webkit] › e2e/filter-census.spec.ts:507:1 › G3.2 · source `forwards|both` fill sites equal FILL_ALLOWLIST exactly (15ms)
  ✓   3 [filter-census-chromium] › e2e/filter-census.spec.ts:320:3 › G3.3 · the coarse regime › G3.3 · live-filter census holds below 1024 (built dist) (3.1s)
  ✓   7 [filter-census-chromium] › e2e/filter-census.spec.ts:441:1 › G3.5 · no :hover state mints a live filter — board regime (built dist) (3.2s)
  ✓   6 [filter-census-chromium] › e2e/filter-census.spec.ts:462:1 › G3.2 · no retained fill supplies a computed transform (built dist) (3.2s)
  ✓   5 [filter-census-webkit] › e2e/filter-census.spec.ts:300:1 › G3.1 · live-filter census equals filterBudget.ts exactly, area and all (built dist) (3.3s)
  ✓   8 [filter-census-webkit] › e2e/filter-census.spec.ts:320:3 › G3.3 · the coarse regime › G3.3 · live-filter census holds below 1024 (built dist) (3.3s)
  ✓  10 [filter-census-webkit] › e2e/filter-census.spec.ts:448:1 › G3.5 · no :hover state mints a live filter — PICKER regime (built dist) (2.8s)
  ✓   9 [filter-census-webkit] › e2e/filter-census.spec.ts:441:1 › G3.5 · no :hover state mints a live filter — board regime (built dist) (4.0s)
  ✓  11 [filter-census-webkit] › e2e/filter-census.spec.ts:462:1 › G3.2 · no retained fill supplies a computed transform (built dist) (3.2s)

  12 passed (6.8s)
=== theme quadrants — AFTER ===
  ✓  17 [theme-quadrants-webkit] › e2e/theme-quadrants.spec.ts:336:5 › G1.2 identity · kenken · app=dark reads the same ink under either OS scheme (3.8s)
  ✓  16 [theme-quadrants-webkit] › e2e/theme-quadrants.spec.ts:336:5 › G1.2 identity · killer · app=light reads the same ink under either OS scheme (4.1s)
  ✓  15 [theme-quadrants-webkit] › e2e/theme-quadrants.spec.ts:336:5 › G1.2 identity · killer · app=dark reads the same ink under either OS scheme (4.1s)
  ✓  22 [theme-quadrants-webkit] › e2e/theme-quadrants.spec.ts:351:5 › G1.2 moves · kenken · one toggle click under OS=light re-inks the furniture (2.1s)
  ✓  24 [theme-quadrants-webkit] › e2e/theme-quadrants.spec.ts:351:5 › G1.2 moves · kenken · one toggle click under OS=dark re-inks the furniture (1.8s)
  ✓  19 [theme-quadrants-webkit] › e2e/theme-quadrants.spec.ts:336:5 › G1.2 identity · thermo · app=dark reads the same ink under either OS scheme (4.4s)
  ✓  20 [theme-quadrants-webkit] › e2e/theme-quadrants.spec.ts:336:5 › G1.2 identity · thermo · app=light reads the same ink under either OS scheme (4.3s)
  ✓  23 [theme-quadrants-webkit] › e2e/theme-quadrants.spec.ts:351:5 › G1.2 moves · killer · one toggle click under OS=dark re-inks the furniture (2.2s)
  ✓  25 [theme-quadrants-webkit] › e2e/theme-quadrants.spec.ts:351:5 › G1.2 moves · thermo · one toggle click under OS=light re-inks the furniture (1.8s)
  ✓  26 [theme-quadrants-webkit] › e2e/theme-quadrants.spec.ts:351:5 › G1.2 moves · thermo · one toggle click under OS=dark re-inks the furniture (1.8s)
  ✓  28 [theme-quadrants-webkit] › e2e/theme-quadrants.spec.ts:403:3 › G1.2 identity · gallery posters · app=light reads the same ink under either OS scheme (2.1s)
  ✓  27 [theme-quadrants-webkit] › e2e/theme-quadrants.spec.ts:403:3 › G1.2 identity · gallery posters · app=dark reads the same ink under either OS scheme (2.1s)

  28 passed (9.2s)
CENSUS_DONE
