
  VITE v8.1.4  ready in 122 ms

  ➜  Local:   http://localhost:5411/
  ➜  Network: http://192.168.1.166:5411/
  ➜  Network: http://192.168.64.1:5411/
6:39:20 PM [vite] (client) hmr update /src/pencil/chrome/OptionSelector/OptionSelector.vue?vue&type=style&index=0&scoped=1e72f8ed&lang.css, /src/assets/index.css
6:39:21 PM [vite] (client) hmr update /src/pencil/chrome/OptionSelector/OptionSelector.vue?vue&type=style&index=0&scoped=1e72f8ed&lang.css, /src/assets/index.css
6:45:39 PM [vite] (client) hmr update /src/pencil/sheet/SheetWashiLabel.vue, /src/assets/index.css
6:45:39 PM [vite] (client) hmr update /src/pencil/chrome/OptionSelector/OptionSelector.vue, /src/pencil/chrome/OptionSelector/OptionSelector.vue?vue&type=style&index=0&scoped=1e72f8ed&lang.css, /src/assets/index.css
6:45:41 PM [vite] (client) hmr update /src/pencil/chrome/OptionSelector/OptionSelector.vue, /src/pencil/chrome/OptionSelector/OptionSelector.vue?vue&type=style&index=0&scoped=1e72f8ed&lang.css, /src/assets/index.css
6:45:41 PM [vite] (client) hmr update /src/pencil/sheet/SheetWashiLabel.vue, /src/assets/index.css
6:47:14 PM [vite] (client) page reload dist-throttle/404.html
6:47:14 PM [vite] (client) page reload dist-throttle/index.html
6:47:34 PM [vite] (client) page reload playwright-report/index.html
6:47:51 PM [vite] (client) page reload playwright-report/index.html
6:48:01 PM [vite] (client) page reload playwright-report/index.html
6:48:16 PM [vite] (client) page reload playwright-report/index.html
6:48:33 PM [vite] (client) hmr update /src/pencil/sheet/SheetWashiLabel.vue, /src/assets/index.css
6:48:33 PM [vite] (client) hmr update /src/pencil/chrome/OptionSelector/OptionSelector.vue, /src/pencil/chrome/OptionSelector/OptionSelector.vue?vue&type=style&index=0&scoped=1e72f8ed&lang.css, /src/assets/index.css
6:48:40 PM [vite] (client) hmr update /src/assets/index.css, /src/games/shared/CheckStatus.vue, /src/games/shared/CheckStatus.vue?vue&type=style&index=0&scoped=0f99c09a&lang.css
6:48:40 PM [vite] (client) hmr update /src/assets/index.css
6:48:40 PM [vite] (client) hmr update /src/games/futoshiki/FutoshikiGame.vue, /src/assets/index.css
6:48:40 PM [vite] (client) hmr update /src/games/kenken/KenKenGame.vue, /src/assets/index.css
6:48:40 PM [vite] (client) hmr update /src/games/killer/KillerGame.vue, /src/assets/index.css
6:48:40 PM [vite] (client) hmr update /src/games/shared/GameControlPanel.vue, /src/games/shared/GameControlPanel.vue?vue&type=style&index=0&scoped=fa75191a&lang.css, /src/assets/index.css
6:48:40 PM [vite] (client) hmr update /src/games/sudoku/SudokuGame.vue, /src/assets/index.css
6:48:40 PM [vite] (client) hmr update /src/games/thermo/ThermoGame.vue, /src/assets/index.css
6:48:40 PM [vite] (client) hmr update /src/pencil/chrome/OptionSelector/OptionSelector.vue, /src/assets/index.css
6:48:40 PM [vite] (client) hmr update /src/pencil/sheet/SheetWashiLabel.vue, /src/pencil/sheet/SheetWashiLabel.vue?vue&type=style&index=0&scoped=0ea9953e&lang.css, /src/assets/index.css
6:48:41 PM [vite] (client) hmr update /src/assets/index.css
6:48:41 PM [vite] (client) hmr update /src/assets/index.css, /src/games/shared/CheckStatus.vue, /src/games/shared/CheckStatus.vue?vue&type=style&index=0&scoped=0f99c09a&lang.css
6:48:41 PM [vite] (client) hmr update /src/games/futoshiki/FutoshikiGame.vue, /src/assets/index.css
6:48:41 PM [vite] (client) hmr update /src/games/kenken/KenKenGame.vue, /src/assets/index.css
6:48:41 PM [vite] (client) hmr update /src/games/sudoku/SudokuGame.vue, /src/assets/index.css
6:48:41 PM [vite] (client) hmr update /src/games/thermo/ThermoGame.vue, /src/assets/index.css
6:48:41 PM [vite] (client) hmr update /src/pencil/sheet/SheetWashiLabel.vue, /src/pencil/sheet/SheetWashiLabel.vue?vue&type=style&index=0&scoped=0ea9953e&lang.css, /src/assets/index.css
6:48:41 PM [vite] (client) hmr update /src/pencil/chrome/OptionSelector/OptionSelector.vue, /src/pencil/chrome/OptionSelector/OptionSelector.vue?vue&type=style&index=0&scoped=1e72f8ed&lang.css, /src/assets/index.css
6:48:41 PM [vite] (client) hmr update /src/games/killer/KillerGame.vue, /src/assets/index.css
6:48:41 PM [vite] (client) hmr update /src/games/shared/GameControlPanel.vue, /src/games/shared/GameControlPanel.vue?vue&type=style&index=0&scoped=fa75191a&lang.css, /src/assets/index.css
6:48:56 PM [vite] (client) page reload playwright-report/index.html
6:49:19 PM [vite] (client) page reload playwright-report/index.html
6:49:22 PM [vite] (client) page reload playwright-report/index.html
6:49:25 PM [vite] (client) page reload playwright-report/index.html
6:50:00 PM [vite] (client) hmr update /src/assets/index.css, /src/games/shared/CheckStatus.vue, /src/games/shared/CheckStatus.vue?vue&type=style&index=0&scoped=0f99c09a&lang.css
6:50:00 PM [vite] (client) hmr update /src/assets/index.css
6:50:00 PM [vite] (client) hmr update /src/pencil/sheet/SheetWashiLabel.vue, /src/pencil/sheet/SheetWashiLabel.vue?vue&type=style&index=0&scoped=0ea9953e&lang.css, /src/assets/index.css
6:50:00 PM [vite] (client) hmr update /src/games/futoshiki/FutoshikiGame.vue, /src/assets/index.css
6:50:00 PM [vite] (client) hmr update /src/pencil/chrome/OptionSelector/OptionSelector.vue, /src/pencil/chrome/OptionSelector/OptionSelector.vue?vue&type=style&index=0&scoped=1e72f8ed&lang.css, /src/assets/index.css
6:50:00 PM [vite] (client) hmr update /src/games/killer/KillerGame.vue, /src/assets/index.css
6:50:00 PM [vite] (client) hmr update /src/games/kenken/KenKenGame.vue, /src/assets/index.css
6:50:00 PM [vite] (client) hmr update /src/games/sudoku/SudokuGame.vue, /src/assets/index.css
6:50:00 PM [vite] (client) hmr update /src/games/shared/GameControlPanel.vue, /src/games/shared/GameControlPanel.vue?vue&type=style&index=0&scoped=fa75191a&lang.css, /src/assets/index.css
6:50:00 PM [vite] (client) hmr update /src/games/thermo/ThermoGame.vue, /src/assets/index.css
6:50:01 PM [vite] (client) hmr update /src/assets/index.css
6:50:01 PM [vite] (client) hmr update /src/assets/index.css, /src/games/shared/CheckStatus.vue, /src/games/shared/CheckStatus.vue?vue&type=style&index=0&scoped=0f99c09a&lang.css
6:50:01 PM [vite] (client) hmr update /src/games/futoshiki/FutoshikiGame.vue, /src/assets/index.css
6:50:01 PM [vite] (client) hmr update /src/games/killer/KillerGame.vue, /src/assets/index.css
6:50:01 PM [vite] (client) hmr update /src/games/sudoku/SudokuGame.vue, /src/assets/index.css
6:50:01 PM [vite] (client) hmr update /src/games/thermo/ThermoGame.vue, /src/assets/index.css
6:50:01 PM [vite] (client) hmr update /src/pencil/sheet/SheetWashiLabel.vue, /src/pencil/sheet/SheetWashiLabel.vue?vue&type=style&index=0&scoped=0ea9953e&lang.css, /src/assets/index.css
6:50:01 PM [vite] (client) hmr update /src/games/shared/GameControlPanel.vue, /src/games/shared/GameControlPanel.vue?vue&type=style&index=0&scoped=fa75191a&lang.css, /src/assets/index.css
6:50:01 PM [vite] (client) hmr update /src/games/kenken/KenKenGame.vue, /src/assets/index.css
6:50:02 PM [vite] (client) hmr update /src/pencil/sheet/SheetWashiLabel.vue, /src/assets/index.css
6:50:02 PM [vite] (client) hmr update /src/pencil/chrome/OptionSelector/OptionSelector.vue, /src/pencil/chrome/OptionSelector/OptionSelector.vue?vue&type=style&index=0&scoped=1e72f8ed&lang.css, /src/assets/index.css
6:50:13 PM [vite] (client) page reload playwright-report/index.html
6:50:15 PM [vite] (client) page reload playwright-report/index.html
6:50:15 PM [vite] (client) page reload playwright-report/index.html
6:50:35 PM [vite] (client) page reload playwright-report/index.html
6:50:38 PM [vite] (client) page reload playwright-report/index.html
6:50:41 PM [vite] (client) page reload playwright-report/index.html
6:50:44 PM [vite] (client) page reload playwright-report/index.html
6:51:20 PM [vite] (client) page reload /Users/mkbabb/Programming/csc411/CSC411_HW2_ProgrammingQuestion/csp-solver/wasm/pkg/csp_solver_wasm_bg.wasm
6:51:20 PM [vite] (client) page reload /Users/mkbabb/Programming/csc411/CSC411_HW2_ProgrammingQuestion/csp-solver/wasm/pkg/csp_solver_wasm.js
6:51:21 PM [vite] (client) page reload /Users/mkbabb/Programming/csc411/CSC411_HW2_ProgrammingQuestion/csp-solver/wasm/pkg/csp_solver_wasm_bg.wasm
6:51:58 PM [vite] (client) page reload dist-throttle/404.html
6:51:58 PM [vite] (client) page reload dist-throttle/index.html
6:51:58 PM [vite] (client) page reload dist-throttle/index.html
6:52:15 PM [vite] (client) page reload playwright-report/index.html
6:52:17 PM [vite] (client) page reload playwright-report/index.html
6:52:25 PM [vite] (client) page reload playwright-report/index.html
6:52:27 PM [vite] (client) page reload playwright-report/index.html
6:52:30 PM [vite] (client) page reload playwright-report/index.html
6:52:32 PM [vite] (client) page reload playwright-report/index.html
6:52:43 PM [vite] (client) page reload playwright-report/index.html
6:52:45 PM [vite] (client) page reload playwright-report/index.html
6:52:47 PM [vite] (client) page reload playwright-report/index.html
6:52:50 PM [vite] (client) page reload playwright-report/index.html
6:52:53 PM [vite] (client) page reload playwright-report/index.html
6:52:55 PM [vite] (client) page reload playwright-report/index.html
