=== AUDIT ===
gate      closure 4 · gateShip4 — GREEN after the two born-RED runs, and the three failure
          modes probed one at a time (the config is mutated, never the tree).
cmd       npm run lint:ink   (= node scripts/check-ink-pressure.mjs --self-test)
date      2026-08-02T06:17:50Z

── the three modes, each shown able to fail by name:
── probe: token — surface 1 re-pitched back off its rung (token → --color-crayon-rose)
  ✗ ship-4 surface 1: .keyboard-legend no longer writes `color: var(--color-crayon-rose)` — it is off the rung ship 4 put it on (was 55% — 3.53:1 light / 4.36:1 dark, sub-AA in both themes at caption size)
ink-pressure: 1 violation(s), 0 vacuous gate(s)

── probe: absence — surface 3 asked for an absence the rule does NOT satisfy (font-size, which .legend-sep carries)
  ✗ ship-4 surface 3: .legend-sep carries `font-size: var(--type-caption)` again (was opacity: 0.7 — 2.877:1, deleted by ship 4)
ink-pressure: 1 violation(s), 0 vacuous gate(s)

── probe: anchor — surface 6 unanchored (selector renamed)
  ✗ ship-4 surface 6: .vignette-meta-gone not found in pencil/chrome/CompletionVignette.vue — the assertion is unanchored
ink-pressure: 1 violation(s), 0 vacuous gate(s)

── GREEN, with --self-test (9 gates re-proved able to fail before the green is trusted):
> node scripts/check-ink-pressure.mjs --self-test

ink-pressure ladder — every rung clears its floor, strictly increasing, in all 3 scopes (light, dark, print), each resolved out of index.css:
  --ink-press-rule    55%  3.53 light / 4.36 dark / 4.76 print  ≥3 (non-text)
  --ink-press-quiet   68%  5.23 light / 6.06 dark / 7.86 print  ≥4.5 (text)
  --color-red-ink          4.98 light / 6.32 dark  ≥4.5 (.icon-sublabel.is-armed)
  washi tape               17.36 light / 9.06 dark  ≥4.5 (--color-foreground on --sheet-washi-neutral)

ship-4 census — the six re-pitched surfaces, each pinned to the rung above (so the rung's floor is the surface's floor):
  1  .keyboard-legend         color: var(--ink-press-quiet)
  2  .legend-row kbd          border: var(--ink-press-rule)
  3  .legend-sep              no `opacity` declaration
  4  .margin-note-meta        color: var(--ink-press-quiet)
  5  .icon-sublabel.is-armed  color: var(--color-red-ink)
  6  .vignette-meta           color: var(--ink-press-quiet)

ungoverned register — --color-muted-foreground 4.65 light / 7.69 dark:
  light  rule < muted-foreground < quiet
  dark   rule < quiet < muted-foreground
  the ramp and the register cross between themes. Booked in index.css §INK PRESSURE, not gated.
