=== AUDIT ===
rig       pass5/D/rig/ink-witness.mjs — ship 4's six surfaces, RENDERED, chromium + webkit, light + dark
closes    pass-4 D-m4 (chromium-only) · D-m4 (no BEFORE arm → the movement disclaimer, rig header)
          · D-m4 (the rig's own run had no log banked — both streams are banked here)
tree      HEAD 66fa5856; artifact index-C5xqWLHq1mLl.js md5 2b16a65d0f79cbb50799adf184edca65 on :4253
cmd       node pass5/D/rig/ink-witness.mjs --base http://127.0.0.1:4253
date      2026-08-02T06:16:51Z
crops     24 PNGs in pass5/D/shots/, largest 33 KB (policy ≤150 KB each), + witness.json

CROSS-CHECK, unplanned and worth keeping: the rendered readings agree with
check-ink-pressure.mjs's STATIC ladder to ±0.02 — quiet 5.23/6.06 computed vs 5.25/6.05
rendered, rule 3.53/4.36 vs 3.54/4.36, red-ink 4.98/6.32 vs 4.99/6.30. Two instruments, two
methods (stylesheet algebra vs getComputedStyle over the real paper), one answer.

INK WITNESS — ship 4's six surfaces, rendered, both engines. STATE, not movement (see header).

 # engine    theme  surface                   computed ink                 paper                       AFTER    ship-4 moved it off
 1 chromium  dark   .keyboard-legend         color(srgb 0.819608 0.811765 0.780392 / 0.68) rgb(19, 18, 17)              6.05   55% · 3.53:1 light / 4.36:1 dark
 1 chromium  light  .keyboard-legend         color(srgb 0.14902 0.14902 0.14902 / 0.68) rgb(253, 253, 252)           5.25   55% · 3.53:1 light / 4.36:1 dark
 1 webkit    dark   .keyboard-legend         color(srgb 0.819608 0.811765 0.780392 / 0.68) rgb(19, 18, 17)              6.05   55% · 3.53:1 light / 4.36:1 dark
 1 webkit    light  .keyboard-legend         color(srgb 0.14902 0.14902 0.14902 / 0.68) rgb(253, 253, 252)           5.25   55% · 3.53:1 light / 4.36:1 dark
 2 chromium  dark   .legend-row kbd          color(srgb 0.819608 0.811765 0.780392 / 0.55) rgb(19, 18, 17)              4.36   40% · 2.36:1 light / 2.87:1 dark
 2 chromium  light  .legend-row kbd          color(srgb 0.14902 0.14902 0.14902 / 0.55) rgb(253, 253, 252)           3.54   40% · 2.36:1 light / 2.87:1 dark
 2 webkit    dark   .legend-row kbd          color(srgb 0.819608 0.811765 0.780392 / 0.55) rgb(19, 18, 17)              4.36   40% · 2.36:1 light / 2.87:1 dark
 2 webkit    light  .legend-row kbd          color(srgb 0.14902 0.14902 0.14902 / 0.55) rgb(253, 253, 252)           3.54   40% · 2.36:1 light / 2.87:1 dark
 3 chromium  dark   .legend-sep              color(srgb 0.819608 0.811765 0.780392 / 0.68) rgb(19, 18, 17)              6.05   opacity 0.7 · 2.877:1
 3 chromium  light  .legend-sep              color(srgb 0.14902 0.14902 0.14902 / 0.68) rgb(253, 253, 252)           5.25   opacity 0.7 · 2.877:1
 3 webkit    dark   .legend-sep              color(srgb 0.819608 0.811765 0.780392 / 0.68) rgb(19, 18, 17)              6.05   opacity 0.7 · 2.877:1
 3 webkit    light  .legend-sep              color(srgb 0.14902 0.14902 0.14902 / 0.68) rgb(253, 253, 252)           5.25   opacity 0.7 · 2.877:1
 4 chromium  dark   .margin-note-meta        color(srgb 0.819608 0.811765 0.780392 / 0.68) rgb(17, 15, 14)              6.11   62% · 4.34:1 light
 4 chromium  light  .margin-note-meta        color(srgb 0.14902 0.14902 0.14902 / 0.68) rgb(251, 250, 249)            5.2   62% · 4.34:1 light
 4 webkit    dark   .margin-note-meta        color(srgb 0.819608 0.811765 0.780392 / 0.68) rgb(17, 15, 14)              6.11   62% · 4.34:1 light
 4 webkit    light  .margin-note-meta        color(srgb 0.14902 0.14902 0.14902 / 0.68) rgb(251, 250, 249)            5.2   62% · 4.34:1 light
 5 chromium  dark   .icon-sublabel.is-armed  rgb(255, 92, 124)            rgb(19, 18, 17)               6.3   crayon-rose · sub-AA in light
 5 chromium  light  .icon-sublabel.is-armed  rgb(208, 42, 82)             rgb(253, 253, 252)           4.99   crayon-rose · sub-AA in light
 5 webkit    dark   .icon-sublabel.is-armed  rgb(255, 92, 124)            rgb(19, 18, 17)               6.3   crayon-rose · sub-AA in light
 5 webkit    light  .icon-sublabel.is-armed  rgb(208, 42, 82)             rgb(253, 253, 252)           4.99   crayon-rose · sub-AA in light
 6 chromium  dark   .vignette-meta           color(srgb 0.819608 0.811765 0.780392 / 0.68) rgb(17, 15, 14)              6.11   62% · 4.34:1 light
 6 chromium  light  .vignette-meta           color(srgb 0.14902 0.14902 0.14902 / 0.68) rgb(251, 250, 249)            5.2   62% · 4.34:1 light
 6 webkit    dark   .vignette-meta           color(srgb 0.819608 0.811765 0.780392 / 0.68) rgb(17, 15, 14)              6.11   62% · 4.34:1 light
 6 webkit    light  .vignette-meta           color(srgb 0.14902 0.14902 0.14902 / 0.68) rgb(251, 250, 249)            5.2   62% · 4.34:1 light

24 witnesses · 0 unreachable
