##### tree
EXIT[vue-tsc-b]=0
EXIT[typecheck-e2e]=0
EXIT[eslint]=0
EXIT[prettier-check]=0
EXIT[lint:lanes]=0
EXIT[lint:theme-tokens]=0
EXIT[lint:sleep]=0
EXIT[test:e2e:projects]=1
      • [8 FLOOR BAND] playwright.config.ts [chromium]: floor 214 is OUT OF BAND — 19.9% under 267 (stamped census 238, live 267), and the band is 85%, so the floor owes 227. The project GREW past its floor and nothing restamped it — silent sla
    
      • [8 FLOOR BAND] playwright.config.ts [webkit]: floor 212 is OUT OF BAND — 19.7% under 264 (stamped census 236, live 264), and the band is 85%, so the floor owes 225. The project GREW past its floor and nothing restamped it — silent slack
    
EXIT[check-copy-register-bare]=0
EXIT[lint:copy]=0
EXIT[test:font-coverage]=0
EXIT[lint:motion]=0
EXIT[lint:live-regions]=0
EXIT[lint:knip]=0
EXIT[lint:boundary]=0
##### control
EXIT[typecheck-e2e]=0
EXIT[eslint]=0
EXIT[prettier-check]=0
EXIT[lint:lanes]=0
EXIT[lint:theme-tokens]=0
EXIT[lint:sleep]=0
EXIT[test:e2e:projects]=0
EXIT[check-copy-register-bare]=0
EXIT[lint:copy]=0
EXIT[test:font-coverage]=0
EXIT[lint:motion]=0
EXIT[lint:live-regions]=0
EXIT[lint:knip]=0
EXIT[lint:boundary]=0
### DONE
