
Running 60 tests using 2 workers

  ✓   2 [chromium] › e2e/player-tally.spec.ts:221:1 › the name counts what the strokes count, and the number takes over at six (2.0s)
  ✓   1 [chromium] › e2e/player-mark.spec.ts:112:1 › the mark rests graphite alone and takes the room ink the moment somebody else is here (2.1s)
  ✓   4 [chromium] › e2e/player-mark.spec.ts:179:1 › a mouse press opens the sheet, keeps the cell focused, and tells the room nothing (1.8s)
WIDTH TABLE {"1":44,"2":44,"3":51.66,"4":62.28,"5":72.92,"6":44}
  ✓   3 [chromium] › e2e/player-tally.spec.ts:249:1 › the width table, and the floor at the smallest count (2.0s)
  ✓   6 [chromium] › e2e/player-tally.spec.ts:279:1 › a departure re-draws no survivor, and a depart-and-arrive draws exactly the newcomer (1.7s)
  ✓   5 [chromium] › e2e/player-mark.spec.ts:224:1 › after a mouse open, Escape keeps the caret in the cell, and a focus move from the cell shuts the sheet (2.0s)
INNER LEAVER first frame ["0","0","0","0","99.48659541839588"]
  ✓   8 [chromium] › e2e/player-mark.spec.ts:258:1 › Space and Enter each toggle once, Escape shuts it, and focus never leaves the mark (551ms)
  ✓   7 [chromium] › e2e/player-tally.spec.ts:344:1 › at six, an inner leaver promotes the sixth and only that stroke draws (1.1s)
  ✓   9 [chromium] › e2e/player-mark.spec.ts:291:1 › the sheet never scrolls, and it compresses rather than outgrow its budget (1.1s)
  ✓  11 [chromium] › e2e/player-mark.spec.ts:332:1 › the head rule is a registered length whose publisher can be struck visibly (461ms)
RACE {"frames":84,"rises":0,"afterBye":{"t":98.29999999701977,"off":38.08529015344077,"bye":true},"tail":[99.5720405260549,90.70392320119683,83.43766151716699,76.0691309048544,72.20791603601342,65.91519845227934,61.59847312512294,56.70761113323658,52.58370991336852,46.36848240076513,42.33230822695919,38.08529015344077]}
  ✓  10 [chromium] › e2e/player-tally.spec.ts:378:1 › a departure during a draw-in neither jumps nor restarts the newcomer (1.5s)
  ✓  12 [chromium] › e2e/player-mark.spec.ts:420:1 › Escape reaches only the open sheet, and reaches the peek when the sheet is shut (735ms)
TAB ROUTE chromium: press 6
  ✓  13 [chromium] › e2e/player-tally.spec.ts:445:1 › the mark is reachable by Tab (808ms)
  ✓  14 [chromium] › e2e/player-mark.spec.ts:477:1 › the desk draws the same rows at 800 and at 799, and the pass-3 query is why it did not (1.3s)
  ✓  15 [chromium] › e2e/player-tally.spec.ts:472:1 › the deck has no mark (1.4s)
SOLO STROKE rgb(38, 38, 38)
  ✓  17 [chromium] › e2e/player-tally.spec.ts:480:1 › solo: one graphite stroke and a register with a row (786ms)
SHORT ROWS ["modest-wren"]
SHORT SHEET H 103.36
COARSE MARK {"x":75.53125,"y":0,"width":51.65625,"height":44}
  ✓  18 [chromium] › e2e/player-tally.spec.ts:505:3 › the short phone › the leader's two-row budget: one named row and the compression line (1.3s)
TALL SHEET {"x":0,"y":44,"width":256,"height":170.53125}
BOARD TOP 221.734375 SHEET BOTTOM 214.53
  ✓  19 [chromium] › e2e/player-tally.spec.ts:539:3 › the tall phone › sixteen people: four rows and a foot that counts the rest (698ms)
G14 {"shipped":"rgb(252, 251, 251)","planted":"color(srgb 0.9865 0.9859 0.9835 / 0.8)","alpha":[1,0.8],"rows":4,"foot":"and 12 more","reads":{".pl-state":{"core":433,"coreContrast":5.159,"worst":{"50":3.562,"70":3.562,"90":5.159,"100":5.159},"fracUnder":0.029},".pl-qual":{"core":433,"coreContrast":5.159,"worst":{"50":3.973,"70":3.973,"90":3.973,"100":3.973},"fracUnder":0.04},".pl-more":{"core":433,"coreContrast":5.159,"worst":{"50":3.422,"70":5.159,"90":5.159,"100":5.159},"fracUnder":0.014}}}
  ✓  20 [chromium] › e2e/player-tally.spec.ts:584:3 › the sheet's ground › the register's ground is opaque and its quiet lines paint 4.5:1 on it (1.5s)
  ✓  21 [chromium] › e2e/player-tally.spec.ts:626:1 › reduced motion: every stroke lands inked, no tween (397ms)
  ✓  16 [chromium] › e2e/player-mark.spec.ts:501:1 › a short portrait phone compresses and a coarse landscape phone does not (5.2s)
PRM MID {"before":46.16338804741014,"frames":106,"firstInked":1,"head":[41.85089920071464,0,0,0,0,0,0,0]}
  ✓  22 [chromium] › e2e/player-tally.spec.ts:643:1 › reduced motion engaged mid-draw lands the stroke inked, and it stays inked (1.8s)
  ✓  23 [chromium] › e2e/player-mark.spec.ts:533:1 › a tap opens the mark on a coarse phone, and the pass-4 seam is why it did not (2.3s)
  ✓  25 [chromium] › e2e/player-mark.spec.ts:572:1 › both head disclosures are framed by a drawn edge and paint no CSS border (839ms)
TWO MOVERS {"frames":162,"aAtB":17.56159999879835,"riseA":0,"riseB":0,"lastA":0,"lastB":0,"aHead":[100,92.8,85.9,78.5,72.6,68.8],"bHead":[96,89.6,83.5,79.8,72.9,68.9]}
  ✓  24 [chromium] › e2e/player-tally.spec.ts:695:1 › two arrivals a beat apart each draw in once, and neither holds the other (1.8s)
  ✓  26 [chromium] › e2e/player-mark.spec.ts:631:1 › the deck paints your swatch in the colour the room paints you (1.3s)
G16 {"D":603,"ink":{"one":63.7,"six":88.47,"sixAtHeading":56.35}}
  ✓  27 [chromium] › e2e/player-tally.spec.ts:760:3 › the written count's weight › six people paint more ink than one, and the rung below would not (1.6s)
AUTHOR INK {"cells":81,"none":0,"selfWrite":0,"peerWrite":1}
  ✓  29 [chromium] › e2e/player-tally.spec.ts:794:1 › the board binds no ink for your own writes and one cell for a peer's (893ms)
M19 {"before":{"label":"2 players","expanded":"false","focus":true,"pos":40},"after":{"label":"3 players","expanded":"false","focus":true,"pos":40}}
  ✓  30 [chromium] › e2e/player-tally.spec.ts:861:1 › a third join re-names the mark and moves nothing else (1.2s)
  ✓  28 [webkit] › e2e/player-mark.spec.ts:112:1 › the mark rests graphite alone and takes the room ink the moment somebody else is here (2.9s)
QUIET {"early":[],"late":["26 seconds ago"]}
  ✓  31 [chromium] › e2e/player-tally.spec.ts:904:1 › a peer quiet for 26 seconds reads '26 seconds ago', and one quiet for 5 reads nothing (2.1s)
  ✓  32 [webkit] › e2e/player-mark.spec.ts:179:1 › a mouse press opens the sheet, keeps the cell focused, and tells the room nothing (1.9s)
  ✓  34 [webkit] › e2e/player-mark.spec.ts:224:1 › after a mouse open, Escape keeps the caret in the cell, and a focus move from the cell shuts the sheet (2.0s)
  ✓  33 [webkit] › e2e/player-tally.spec.ts:221:1 › the name counts what the strokes count, and the number takes over at six (2.7s)
  ✓  35 [webkit] › e2e/player-mark.spec.ts:258:1 › Space and Enter each toggle once, Escape shuts it, and focus never leaves the mark (998ms)
  ✓  37 [webkit] › e2e/player-mark.spec.ts:291:1 › the sheet never scrolls, and it compresses rather than outgrow its budget (1.5s)
WIDTH TABLE {"1":44,"2":44,"3":51.66,"4":62.28,"5":72.92,"6":44}
  ✓  36 [webkit] › e2e/player-tally.spec.ts:249:1 › the width table, and the floor at the smallest count (2.6s)
  ✓  38 [webkit] › e2e/player-mark.spec.ts:332:1 › the head rule is a registered length whose publisher can be struck visibly (826ms)
  ✓  40 [webkit] › e2e/player-mark.spec.ts:420:1 › Escape reaches only the open sheet, and reaches the peek when the sheet is shut (1.1s)
  ✓  39 [webkit] › e2e/player-tally.spec.ts:279:1 › a departure re-draws no survivor, and a depart-and-arrive draws exactly the newcomer (2.1s)
  ✓  41 [webkit] › e2e/player-mark.spec.ts:477:1 › the desk draws the same rows at 800 and at 799, and the pass-3 query is why it did not (1.5s)
INNER LEAVER first frame ["0","0","0","0","97.45054927113704"]
  ✓  42 [webkit] › e2e/player-tally.spec.ts:344:1 › at six, an inner leaver promotes the sixth and only that stroke draws (1.6s)
RACE {"frames":70,"rises":0,"afterBye":{"t":97,"off":39.13053294460641,"bye":true},"tail":[99.14530379008745,90.86465072886296,83.05839999999999,75.00275685131196,68.1472,61.72266355685131,55.13680000000001,50.1106752186589,44.39454927113704,39.13053294460641,35.14687580174927,31.04852011661807]}
  ✓  44 [webkit] › e2e/player-tally.spec.ts:378:1 › a departure during a draw-in neither jumps nor restarts the newcomer (1.9s)
  -  45 [webkit] › e2e/player-tally.spec.ts:445:1 › the mark is reachable by Tab
  ✓  46 [webkit] › e2e/player-tally.spec.ts:472:1 › the deck has no mark (1.7s)
SOLO STROKE rgb(38, 38, 38)
  ✓  47 [webkit] › e2e/player-tally.spec.ts:480:1 › solo: one graphite stroke and a register with a row (1.2s)
  ✓  43 [webkit] › e2e/player-mark.spec.ts:501:1 › a short portrait phone compresses and a coarse landscape phone does not (5.9s)
SHORT ROWS ["presidential-octopus"]
SHORT SHEET H 103.36
COARSE MARK {"x":75.53125,"y":0,"width":51.65625,"height":44}
  ✓  48 [webkit] › e2e/player-tally.spec.ts:505:3 › the short phone › the leader's two-row budget: one named row and the compression line (1.5s)
TALL SHEET {"x":0,"y":44,"width":256,"height":170.53125}
BOARD TOP 221.421875 SHEET BOTTOM 214.53
  ✓  50 [webkit] › e2e/player-tally.spec.ts:539:3 › the tall phone › sixteen people: four rows and a foot that counts the rest (1.1s)
  ✓  49 [webkit] › e2e/player-mark.spec.ts:533:1 › a tap opens the mark on a coarse phone, and the pass-4 seam is why it did not (2.5s)
  ✓  52 [webkit] › e2e/player-mark.spec.ts:572:1 › both head disclosures are framed by a drawn edge and paint no CSS border (1.3s)
G14 {"shipped":"rgb(252, 251, 251)","planted":"color(srgb 0.9865 0.9859 0.9835 / 0.8)","alpha":[1,0.8],"rows":4,"foot":"and 12 more","reads":{".pl-state":{"core":433,"coreContrast":5.159,"worst":{"50":2.071,"70":2.071,"90":2.071,"100":2.071},"fracUnder":0.029},".pl-qual":{"core":433,"coreContrast":5.159,"worst":{"50":3.611,"70":3.973,"90":3.973,"100":3.973},"fracUnder":0.077},".pl-more":{"core":433,"coreContrast":5.159,"worst":{"50":2.691,"70":4.591,"90":5.159,"100":5.159},"fracUnder":0.026}}}
  ✓  51 [webkit] › e2e/player-tally.spec.ts:584:3 › the sheet's ground › the register's ground is opaque and its quiet lines paint 4.5:1 on it (2.3s)
  ✓  54 [webkit] › e2e/player-tally.spec.ts:626:1 › reduced motion: every stroke lands inked, no tween (1.1s)
  ✓  53 [webkit] › e2e/player-mark.spec.ts:631:1 › the deck paints your swatch in the colour the room paints you (2.3s)
PRM MID {"before":46.41985072886297,"frames":89,"firstInked":0,"head":[0,0,0,0,0,0,0,0]}
  ✓  55 [webkit] › e2e/player-tally.spec.ts:643:1 › reduced motion engaged mid-draw lands the stroke inked, and it stays inked (2.3s)
TWO MOVERS {"frames":139,"aAtB":20.6874472303207,"riseA":0,"riseB":0,"lastA":0,"lastB":0,"aHead":[98.3,93.3,90.1,84.6,77.1,69.5],"bHead":[100,93.3,84.6,78.6,70.2,63.6]}
  ✓  56 [webkit] › e2e/player-tally.spec.ts:695:1 › two arrivals a beat apart each draw in once, and neither holds the other (2.2s)
G16 {"D":603,"ink":{"one":60.63,"six":87.57,"sixAtHeading":55.57}}
  ✓  57 [webkit] › e2e/player-tally.spec.ts:760:3 › the written count's weight › six people paint more ink than one, and the rung below would not (2.1s)
AUTHOR INK {"cells":81,"none":0,"selfWrite":0,"peerWrite":1}
  ✓  58 [webkit] › e2e/player-tally.spec.ts:794:1 › the board binds no ink for your own writes and one cell for a peer's (1.6s)
M19 {"before":{"label":"2 players","expanded":"false","focus":true,"pos":40},"after":{"label":"3 players","expanded":"false","focus":true,"pos":40}}
  ✓  59 [webkit] › e2e/player-tally.spec.ts:861:1 › a third join re-names the mark and moves nothing else (1.4s)
QUIET {"early":[],"late":["26 seconds ago"]}
  ✓  60 [webkit] › e2e/player-tally.spec.ts:904:1 › a peer quiet for 26 seconds reads '26 seconds ago', and one quiet for 5 reads nothing (2.2s)

  1 skipped
  59 passed (57.2s)
EXIT=0
