
Running 42 tests using 2 workers

  ✓   2 [chromium] › e2e/multiplayer.spec.ts:140:1 › solo boot opens no room, and pays no bytes for one (482ms)
  ✓   3 [chromium] › e2e/multiplayer.spec.ts:162:1 › the invite carries the board, and both pages sit at one table (816ms)
  ✓   4 [chromium] › e2e/multiplayer.spec.ts:200:1 › a digit crosses both ways, and it arrives in its author's ink (846ms)
  ✓   1 [chromium] › e2e/join-language-prm.spec.ts:60:1 › a join renders no ring at all, and the row lands open and written (2.8s)
  ✓   5 [chromium] › e2e/multiplayer.spec.ts:241:1 › last writer wins the cell, on both pages (887ms)
  ✓   7 [chromium] › e2e/multiplayer.spec.ts:265:1 › undo skips a cell a peer has taken — your move is spent, their digit stands (1.2s)
  ✓   8 [chromium] › e2e/multiplayer.spec.ts:291:1 › an undo is a move the room sees: the digit leaves both boards, and redo restores it (864ms)
  ✓   6 [chromium] › e2e/join-language-prm.spec.ts:105:1 › a departure is gone the same frame: no held row, no retreating ring (2.7s)
  ✓  10 [chromium] › e2e/join-language-prm.spec.ts:128:1 › a peer’s ghost lands drawn — tier 4 sketches on nowhere (401ms)
  ✓   9 [chromium] › e2e/multiplayer.spec.ts:320:1 › a deal is an epoch: both boards follow, and neither undo stack crosses it (1.3s)
  ✓  12 [chromium] › e2e/multiplayer.spec.ts:347:1 › the table says connecting until the room answers, then shows who is at it (831ms)
  ✓  13 [chromium] › e2e/multiplayer.spec.ts:394:1 › leaving drops the room, the roster, and the parameter (519ms)
  ✓  14 [chromium] › e2e/multiplayer.spec.ts:511:1 › the wordmark holds through the join, under an op flood arriving mid-boot (914ms)
  ✓  11 [webkit] › e2e/join-language-prm.spec.ts:60:1 › a join renders no ring at all, and the row lands open and written (3.8s)
  ✓  15 [chromium] › e2e/multiplayer.spec.ts:564:1 › four pages, one board: every roster, every ink, every digit, one contended cell (1.8s)
  ✓  17 [chromium] › e2e/multiplayer.spec.ts:619:1 › a player leaves mid-flood: the rosters prune and the survivors keep writing (1.3s)
  ✓  18 [chromium] › e2e/multiplayer.spec.ts:658:1 › a joiner arriving mid-game adopts the whole board, then syncs both ways (1.0s)
  ✓  16 [webkit] › e2e/join-language-prm.spec.ts:105:1 › a departure is gone the same frame: no held row, no retreating ring (3.6s)
  ✓  20 [webkit] › e2e/join-language-prm.spec.ts:128:1 › a peer’s ghost lands drawn — tier 4 sketches on nowhere (905ms)
  ✓  19 [chromium] › e2e/multiplayer.spec.ts:692:1 › three hundred ops as fast as the wire takes them, and the boards are one board (2.1s)
  ✓  21 [webkit] › e2e/multiplayer.spec.ts:140:1 › solo boot opens no room, and pays no bytes for one (801ms)
  ✓  22 [chromium] › e2e/multiplayer.spec.ts:737:1 › a page that reloads mid-session comes back to the same table and the same board (1.4s)
  ✓  23 [webkit] › e2e/multiplayer.spec.ts:162:1 › the invite carries the board, and both pages sit at one table (1.7s)
  ✓  25 [webkit] › e2e/multiplayer.spec.ts:200:1 › a digit crosses both ways, and it arrives in its author's ink (1.7s)
  ✓  24 [chromium] › e2e/multiplayer.spec.ts:863:1 › two phones sit at one table, and the well is reachable with the sheet shut (3.5s)
  ✓  26 [webkit] › e2e/multiplayer.spec.ts:241:1 › last writer wins the cell, on both pages (1.7s)
  ✓  28 [webkit] › e2e/multiplayer.spec.ts:265:1 › undo skips a cell a peer has taken — your move is spent, their digit stands (2.0s)
  ✓  27 [chromium] › e2e/multiplayer.spec.ts:891:1 › a digit tapped on a phone crosses, and the sheet does not move under the traffic (4.4s)
  -  30 [chromium] › e2e/multiplayer.spec.ts:959:1 › the real relay carries the board with RTCPeerConnection deleted
  ✓  29 [webkit] › e2e/multiplayer.spec.ts:291:1 › an undo is a move the room sees: the digit leaves both boards, and redo restores it (1.6s)
  ✓  31 [webkit] › e2e/multiplayer.spec.ts:320:1 › a deal is an epoch: both boards follow, and neither undo stack crosses it (1.9s)
  ✓  32 [webkit] › e2e/multiplayer.spec.ts:347:1 › the table says connecting until the room answers, then shows who is at it (1.5s)
  ✓  33 [webkit] › e2e/multiplayer.spec.ts:394:1 › leaving drops the room, the roster, and the parameter (842ms)
  ✓  34 [webkit] › e2e/multiplayer.spec.ts:511:1 › the wordmark holds through the join, under an op flood arriving mid-boot (1.6s)
  ✓  35 [webkit] › e2e/multiplayer.spec.ts:564:1 › four pages, one board: every roster, every ink, every digit, one contended cell (3.0s)
  ✓  36 [webkit] › e2e/multiplayer.spec.ts:619:1 › a player leaves mid-flood: the rosters prune and the survivors keep writing (2.2s)
  ✓  37 [webkit] › e2e/multiplayer.spec.ts:658:1 › a joiner arriving mid-game adopts the whole board, then syncs both ways (1.8s)
  ✓  38 [webkit] › e2e/multiplayer.spec.ts:692:1 › three hundred ops as fast as the wire takes them, and the boards are one board (2.4s)
  ✓  39 [webkit] › e2e/multiplayer.spec.ts:737:1 › a page that reloads mid-session comes back to the same table and the same board (2.1s)
  ✓  40 [webkit] › e2e/multiplayer.spec.ts:863:1 › two phones sit at one table, and the well is reachable with the sheet shut (3.9s)
  ✓  41 [webkit] › e2e/multiplayer.spec.ts:891:1 › a digit tapped on a phone crosses, and the sheet does not move under the traffic (4.7s)
  -  42 [webkit] › e2e/multiplayer.spec.ts:959:1 › the real relay carries the board with RTCPeerConnection deleted

  2 skipped
  40 passed (50.9s)
EXIT=0
