# keys-crib.spec.ts as landed, bare
proto :4246   8 passed (11.7s)
proto :4246 EXIT 0
control 74a2b5d9 :4247   8 failed
control 74a2b5d9 :4247 EXIT 1
# whole files, proto, chromium (face-law, viewport-law, visual-regression, zone-grammar)
  ANN every element the law matches paints the family th face-law-ablation a literal family string on `.ctrl-word` → 14 off-law (Comic Sans MS)
  ANN every element the law matches paints the family th face-law-ablation a re-point to the printed face on `.ctrl-word` → 14 off-law (Fraunces)
  ANN every element the law matches paints the family th face-law-ablation a literal family string on `.ctrl-word` → 14 off-law (Comic Sans MS)
  ANN every element the law matches paints the family th face-law-ablation a re-point to the printed face on `.ctrl-word` → 14 off-law (Fraunces)
  ANN every element the law matches paints the family th face-law-ablation a literal family string on `.ctrl-word` → 11 off-law (Comic Sans MS)
  ANN every element the law matches paints the family th face-law-ablation a re-point to the printed face on `.ctrl-word` → 11 off-law (Fraunces)
  ANN every element the law matches paints the family th face-law-ablation a literal family string on `.ctrl-word` → 11 off-law (Comic Sans MS)
  ANN every element the law matches paints the family th face-law-ablation a re-point to the printed face on `.ctrl-word` → 11 off-law (Fraunces)
  ANN every element the law matches paints the family th face-law-ablation a literal family string on `.ctrl-word` → 6 off-law (Comic Sans MS)
  ANN every element the law matches paints the family th face-law-ablation a re-point to the printed face on `.ctrl-word` → 6 off-law (Fraunces)
  ANN every element the law matches paints the family th face-law-ablation a literal family string on `.staging-axis-label` → 2 off-law (Comic Sans MS)
  ANN every element the law matches paints the family th face-law-ablation a re-point to the printed face on `.staging-axis-label` → 2 off-law (Fraunces)
  ANN every element the law matches paints the family th face-law-ablation a literal family string on `.ctrl-word` → 6 off-law (Comic Sans MS)
  ANN every element the law matches paints the family th face-law-ablation a re-point to the printed face on `.ctrl-word` → 6 off-law (Fraunces)
  ANN every element the law matches paints the family th face-law-ablation a literal family string on `.staging-axis-label` → 2 off-law (Comic Sans MS)
  ANN every element the law matches paints the family th face-law-ablation a re-point to the printed face on `.staging-axis-label` → 2 off-law (Fraunces)
  ANN no surface in the case covers any printed or writt occlusion-ceiling-ablation the fade grown 200px → 7 pair(s) over ceiling or novel
  ANN no surface in the case covers any printed or writt occlusion-ceiling-ablation the fade grown 200px → 7 pair(s) over ceiling or novel
  ANN no surface in the case covers any printed or writt occlusion-ceiling-ablation the fade grown 200px → 6 pair(s) over ceiling or novel
  ANN no surface in the case covers any printed or writt occlusion-ceiling-ablation the fade grown 200px → 6 pair(s) over ceiling or novel
FAIL viewport-law.spec.ts §2.5 no washi tape covers any part of an interactive element | Error: a tape must flip, shift or yield rather than cover a control; measured [{"tape":"new game","own":false,"target":"Medium","frac":0.22,"px":665},{"tape":"new game","own":false,"target":"Easy","frac":0.2,"px":424.4},{"tape":"new game","o
FAIL visual-regression.spec.ts the deal receipt keeps off the commit verb, hover included | Error: [2mexpect([22m[31mreceived[39m[2m).[22mtoBeGreaterThanOrEqual[2m([22m[32mexpected[39m[2m)[22m  Expected: >= [32m0[39m Received:    [31m-40.39[39m
FAIL visual-regression.spec.ts the iPad coarse card stays under the P1 seal: the chip seam is PAID for | Error: negative control: the unpaid layout must break the seal  [2mexpect([22m[31mreceived[39m[2m).[22mtoBeGreaterThan[2m([22m[32mexpected[39m[2m)[22m  Expected: > [32m1261[39m Received:   [31m1060.13[39m
('face-law.spec.ts', 'passed') 34
('viewport-law.spec.ts', 'failed') 1
('viewport-law.spec.ts', 'passed') 13
('visual-regression.spec.ts', 'failed') 2
('visual-regression.spec.ts', 'passed') 10
('zone-grammar.spec.ts', 'passed') 11
{'startTime': '2026-09-23T02:26:27.549Z', 'duration': 57763.137, 'expected': 68, 'skipped': 0, 'unexpected': 3, 'flaky': 0}
# whole files, proto, webkit (face-law, viewport-law, visual-regression, zone-grammar)
  ANN every element the law matches paints the family th face-law-ablation a literal family string on `.ctrl-word` → 14 off-law (Comic Sans MS)
  ANN every element the law matches paints the family th face-law-ablation a re-point to the printed face on `.ctrl-word` → 14 off-law (Fraunces)
  ANN every element the law matches paints the family th face-law-ablation a literal family string on `.ctrl-word` → 14 off-law (Comic Sans MS)
  ANN every element the law matches paints the family th face-law-ablation a re-point to the printed face on `.ctrl-word` → 14 off-law (Fraunces)
  ANN every element the law matches paints the family th face-law-ablation a literal family string on `.ctrl-word` → 11 off-law (Comic Sans MS)
  ANN every element the law matches paints the family th face-law-ablation a re-point to the printed face on `.ctrl-word` → 11 off-law (Fraunces)
  ANN every element the law matches paints the family th face-law-ablation a literal family string on `.ctrl-word` → 11 off-law (Comic Sans MS)
  ANN every element the law matches paints the family th face-law-ablation a re-point to the printed face on `.ctrl-word` → 11 off-law (Fraunces)
  ANN every element the law matches paints the family th face-law-ablation a literal family string on `.ctrl-word` → 6 off-law (Comic Sans MS)
  ANN every element the law matches paints the family th face-law-ablation a re-point to the printed face on `.ctrl-word` → 6 off-law (Fraunces)
  ANN every element the law matches paints the family th face-law-ablation a literal family string on `.staging-axis-label` → 2 off-law (Comic Sans MS)
  ANN every element the law matches paints the family th face-law-ablation a re-point to the printed face on `.staging-axis-label` → 2 off-law (Fraunces)
  ANN every element the law matches paints the family th face-law-ablation a literal family string on `.ctrl-word` → 6 off-law (Comic Sans MS)
  ANN every element the law matches paints the family th face-law-ablation a re-point to the printed face on `.ctrl-word` → 6 off-law (Fraunces)
  ANN every element the law matches paints the family th face-law-ablation a literal family string on `.staging-axis-label` → 2 off-law (Comic Sans MS)
  ANN every element the law matches paints the family th face-law-ablation a re-point to the printed face on `.staging-axis-label` → 2 off-law (Fraunces)
  ANN no surface in the case covers any printed or writt occlusion-ceiling-ablation the fade grown 200px → 7 pair(s) over ceiling or novel
  ANN no surface in the case covers any printed or writt occlusion-ceiling-ablation the fade grown 200px → 7 pair(s) over ceiling or novel
  ANN no surface in the case covers any printed or writt occlusion-ceiling-ablation the fade grown 200px → 6 pair(s) over ceiling or novel
  ANN no surface in the case covers any printed or writt occlusion-ceiling-ablation the fade grown 200px → 6 pair(s) over ceiling or novel
FAIL viewport-law.spec.ts §2.5 no washi tape covers any part of an interactive element | Error: a tape must flip, shift or yield rather than cover a control; measured [{"tape":"new game","own":false,"target":"Medium","frac":0.221,"px":666.1},{"tape":"new game","own":false,"target":"Easy","frac":0.2,"px":425.1},{"tape":"new game"
FAIL visual-regression.spec.ts the deal receipt keeps off the commit verb, hover included | Error: [2mexpect([22m[31mreceived[39m[2m).[22mtoBeGreaterThanOrEqual[2m([22m[32mexpected[39m[2m)[22m  Expected: >= [32m0[39m Received:    [31m-40.56[39m
FAIL visual-regression.spec.ts the iPad coarse card stays under the P1 seal: the chip seam is PAID for | Error: negative control: the unpaid layout must break the seal  [2mexpect([22m[31mreceived[39m[2m).[22mtoBeGreaterThan[2m([22m[32mexpected[39m[2m)[22m  Expected: > [32m1261[39m Received:   [31m1060[39m
('face-law.spec.ts', 'passed') 34
('viewport-law.spec.ts', 'failed') 1
('viewport-law.spec.ts', 'passed') 13
('visual-regression.spec.ts', 'failed') 2
('visual-regression.spec.ts', 'passed') 10
('zone-grammar.spec.ts', 'passed') 11
{'startTime': '2026-09-23T02:27:25.753Z', 'duration': 67024.24500000001, 'expected': 68, 'skipped': 0, 'unexpected': 3, 'flaky': 0}
# filter-census.spec (built dist)
proto   12 passed (10.3s)
control   12 passed (10.3s)
