# keys-crib.spec extended copy (1440x900, 1280x720, 1280x800 x top/end x click/Enter), proto dist index-CNVNTjZawUmM.js :4246
chromium passed 1440×900 fine, from the top, click | G1 hit 19/19, dl 8px above the verbs · G2 scrollTop 0→0, scrollIntoView ×0 · G3 drift open 0px/83f, close 0px/85f, close scrollTop 0→0 · G5 parked 0/16 (spb 225px, bar-h 225px); publisher blinded (spb 122px) → 5/16
chromium passed 1440×900 fine, from the top, enter | G1 hit 19/19, dl 8px above the verbs · G2 scrollTop 0→0, scrollIntoView ×0 · G3 drift open 0px/85f, close 0px/85f, close scrollTop 0→0 · G5 parked 0/16 (spb 225px, bar-h 225px); publisher blinded (spb 122px) → 5/16
chromium passed 1440×900 fine, from the end, click | G1 hit 19/19, dl 8px above the verbs · G2 scrollTop 163→163, scrollIntoView ×0 · G3 drift open 0px/83f, close 0px/85f, close scrollTop 163→163 · G5 parked 0/16 (spb 225px, bar-h 225px); publisher blinded (spb 122px) → 5/16
chromium passed 1440×900 fine, from the end, enter | G1 hit 19/19, dl 8px above the verbs · G2 scrollTop 163→163, scrollIntoView ×0 · G3 drift open 0px/85f, close 0px/85f, close scrollTop 163→163 · G5 parked 0/16 (spb 225px, bar-h 225px); publisher blinded (spb 122px) → 5/16
chromium passed 1280×720 fine, from the top, click | G1 hit 19/19, dl 8px above the verbs · G2 scrollTop 0→0, scrollIntoView ×0 · G3 drift open 0px/84f, close 0px/85f, close scrollTop 0→0 · G5 parked 0/16 (spb 223px, bar-h 223px); publisher blinded (spb 121px) → 8/16
chromium passed 1280×720 fine, from the top, enter | G1 hit 19/19, dl 8px above the verbs · G2 scrollTop 0→0, scrollIntoView ×0 · G3 drift open 0px/85f, close 0px/85f, close scrollTop 0→0 · G5 parked 0/16 (spb 223px, bar-h 223px); publisher blinded (spb 121px) → 8/16
chromium passed 1280×720 fine, from the end, click | G1 hit 19/19, dl 8px above the verbs · G2 scrollTop 274→274, scrollIntoView ×0 · G3 drift open 0px/84f, close 0px/85f, close scrollTop 274→274 · G5 parked 0/16 (spb 223px, bar-h 223px); publisher blinded (spb 121px) → 8/16
chromium passed 1280×720 fine, from the end, enter | G1 hit 19/19, dl 8px above the verbs · G2 scrollTop 274→274, scrollIntoView ×0 · G3 drift open 0px/85f, close 0px/85f, close scrollTop 274→274 · G5 parked 0/16 (spb 223px, bar-h 223px); publisher blinded (spb 121px) → 8/16
chromium passed 1280×800 fine, from the top, click | G1 hit 19/19, dl 8px above the verbs · G2 scrollTop 0→0, scrollIntoView ×0 · G3 drift open 0px/84f, close 0px/85f, close scrollTop 0→0 · G5 parked 0/16 (spb 223px, bar-h 223px); publisher blinded (spb 121px) → 5/16
chromium passed 1280×800 fine, from the top, enter | G1 hit 19/19, dl 8px above the verbs · G2 scrollTop 0→0, scrollIntoView ×0 · G3 drift open 0px/85f, close 0px/85f, close scrollTop 0→0 · G5 parked 0/16 (spb 223px, bar-h 223px); publisher blinded (spb 121px) → 5/16
chromium passed 1280×800 fine, from the end, click | G1 hit 19/19, dl 8px above the verbs · G2 scrollTop 194→194, scrollIntoView ×0 · G3 drift open 0px/84f, close 0px/85f, close scrollTop 194→194 · G5 parked 0/16 (spb 223px, bar-h 223px); publisher blinded (spb 121px) → 5/16
chromium passed 1280×800 fine, from the end, enter | G1 hit 19/19, dl 8px above the verbs · G2 scrollTop 194→194, scrollIntoView ×0 · G3 drift open 0px/85f, close 0px/85f, close scrollTop 194→194 · G5 parked 0/16 (spb 223px, bar-h 223px); publisher blinded (spb 121px) → 5/16
webkit passed 1440×900 fine, from the top, click | G1 hit 19/19, dl 8px above the verbs · G2 scrollTop 0→0, scrollIntoView ×0 · G3 drift open 0px/68f, close 0px/68f, close scrollTop 0→0 · G5 parked 0/16 (spb 225px, bar-h 225px); publisher blinded (spb 122px) → 5/16
webkit passed 1440×900 fine, from the top, enter | G1 hit 19/19, dl 8px above the verbs · G2 scrollTop 0→0, scrollIntoView ×0 · G3 drift open 0px/70f, close 0px/69f, close scrollTop 0→0 · G5 parked 0/16 (spb 225px, bar-h 225px); publisher blinded (spb 122px) → 5/16
webkit passed 1440×900 fine, from the end, click | G1 hit 19/19, dl 8px above the verbs · G2 scrollTop 163→163, scrollIntoView ×0 · G3 drift open 0px/67f, close 0px/68f, close scrollTop 163→163 · G5 parked 0/16 (spb 225px, bar-h 225px); publisher blinded (spb 122px) → 5/16
webkit passed 1440×900 fine, from the end, enter | G1 hit 19/19, dl 8px above the verbs · G2 scrollTop 163→163, scrollIntoView ×0 · G3 drift open 0px/70f, close 0px/71f, close scrollTop 163→163 · G5 parked 0/16 (spb 225px, bar-h 225px); publisher blinded (spb 122px) → 5/16
webkit passed 1280×720 fine, from the top, click | G1 hit 19/19, dl 8px above the verbs · G2 scrollTop 0→0, scrollIntoView ×0 · G3 drift open 0px/68f, close 0px/70f, close scrollTop 0→0 · G5 parked 0/16 (spb 223px, bar-h 223px); publisher blinded (spb 121px) → 8/16
webkit passed 1280×720 fine, from the top, enter | G1 hit 19/19, dl 8px above the verbs · G2 scrollTop 0→0, scrollIntoView ×0 · G3 drift open 0px/67f, close 0px/70f, close scrollTop 0→0 · G5 parked 0/16 (spb 223px, bar-h 223px); publisher blinded (spb 121px) → 8/16
webkit passed 1280×720 fine, from the end, click | G1 hit 19/19, dl 8px above the verbs · G2 scrollTop 274→274, scrollIntoView ×0 · G3 drift open 0px/68f, close 0px/70f, close scrollTop 274→274 · G5 parked 0/16 (spb 223px, bar-h 223px); publisher blinded (spb 121px) → 8/16
webkit passed 1280×720 fine, from the end, enter | G1 hit 19/19, dl 8px above the verbs · G2 scrollTop 274→274, scrollIntoView ×0 · G3 drift open 0px/68f, close 0px/70f, close scrollTop 274→274 · G5 parked 0/16 (spb 223px, bar-h 223px); publisher blinded (spb 121px) → 8/16
webkit passed 1280×800 fine, from the top, click | G1 hit 19/19, dl 8px above the verbs · G2 scrollTop 0→0, scrollIntoView ×0 · G3 drift open 0px/70f, close 0px/70f, close scrollTop 0→0 · G5 parked 0/16 (spb 223px, bar-h 223px); publisher blinded (spb 121px) → 5/16
webkit passed 1280×800 fine, from the top, enter | G1 hit 19/19, dl 8px above the verbs · G2 scrollTop 0→0, scrollIntoView ×0 · G3 drift open 0px/70f, close 0px/70f, close scrollTop 0→0 · G5 parked 0/16 (spb 223px, bar-h 223px); publisher blinded (spb 121px) → 5/16
webkit passed 1280×800 fine, from the end, click | G1 hit 19/19, dl 8px above the verbs · G2 scrollTop 194→194, scrollIntoView ×0 · G3 drift open 0px/68f, close 0px/69f, close scrollTop 194→194 · G5 parked 0/16 (spb 223px, bar-h 223px); publisher blinded (spb 121px) → 5/16
webkit passed 1280×800 fine, from the end, enter | G1 hit 19/19, dl 8px above the verbs · G2 scrollTop 194→194, scrollIntoView ×0 · G3 drift open 0px/68f, close 0px/68f, close scrollTop 194→194 · G5 parked 0/16 (spb 223px, bar-h 223px); publisher blinded (spb 121px) → 5/16
{'startTime': '2026-09-23T02:24:24.238Z', 'duration': 28424.517, 'expected': 24, 'skipped': 0, 'unexpected': 0, 'flaky': 0}
