tree.check-copy-register EXIT=0
tree.lint-copy EXIT=0
tree.test-font-coverage EXIT=0
tree.lint-theme-tokens EXIT=0
tree.lint-lanes EXIT=0
tree.lint-sleep EXIT=0
tree.lint-motion EXIT=0
tree.lint-ink EXIT=0
tree.lint-live-regions EXIT=0
tree.lint-theme-selectors EXIT=0
tree.test-e2e-projects EXIT=1
tree.check-pw-projects EXIT=1
tree.eslint EXIT=0
tree.prettier EXIT=0
control.check-copy-register EXIT=0
control.lint-copy EXIT=0
control.test-font-coverage EXIT=0
control.lint-theme-tokens EXIT=0
control.lint-lanes EXIT=0
control.lint-sleep EXIT=0
control.lint-motion EXIT=0
control.lint-ink EXIT=0
control.lint-live-regions EXIT=0
control.lint-theme-selectors EXIT=0
control.test-e2e-projects EXIT=0
control.check-pw-projects EXIT=0
control.eslint EXIT=0
control.prettier EXIT=0
BATTERY-DONE
