@theme declared: 57
unreferenced (corpus only):     3
unreferenced (transitive rule): 0

ALIAS-ONLY (live through a live token):
  --color-answer-pale — a rung of the answer's ramp — argued in index.css, §THE SIXTH ANCHOR
  --color-answer-deep — the same ramp, the dark theme's trace rung — same argument, same place
  --color-answer-mid — the same ramp, the light theme's trace rung — same argument, same place

law 20 (chrome names the RUNG, never the STOP): 0 offence(s) · 1 stop admission(s) by element · 1 reference admission(s) by file

negative control (re-add --color-input): RED as required
law-20 plant (a chrome rule names a stop): RED as required
law-20 twin (the same rule names the rung): GREEN as required
law-20 admission (#solver-ink's own element, own file): GREEN as required
law-20 window holes (proximity ×2 + the file's chrome twin): RED ×3 as required
law-20 url plant · the panel's sparkle re-aimed at #solver-ink (the critic's bypass, the REAL file): 2 offence(s) — RED as required
law-20 url plant · a quoted reference from chrome: 1 offence(s) — RED as required
law-20 url plant · a SECOND consumer in the admitted file (over its value): 1 offence(s) — RED as required
law-20 url plant · the admitted file with its one consumer struck (STALE): 1 offence(s) — RED as required
law-20 url plant · CONTROL — the admitted file as it stands: 0 offence(s) — GREEN as required
law-20 url plant · CONTROL — an e2e selector reading the reference: 0 offence(s) — GREEN as required
alias plant (an undeclared alias-only token): RED as required

check-theme-tokens: 0 unreferenced @theme tokens · 0 undeclared alias-only tokens · 0 law-20 offences
