PW PROJECT MATRIX — 3 configs, 11 projects, 34 manifest specs, 6 declared holdouts (3 single-engine at file scope, 2 engine row + 1 env-gated row), 0 declared quarantines (T5-W1 1.10 / CH-56 · T7-W6 · T9-W5 §5.2 · T9-W3+W6 seal)
  floors stamped: 4686436f · 2026-09-17 · platform darwin · T9-W3+W6 fold 2026-09-17 — the CH-62 park torn down, W3's four new specs, share-truth per-row
  floors read from scripts/census.stamp.json; band = 85% of max(stamped census, live)
  chromium                  listed 238  live 237  derived 213  floor 214  band 203   ← 1 env-gated, dark in both engines
  webkit                    listed 238  live 235  derived 211  floor 212  band 201   ← 2 row-held out of webkit + 1 env-gated, dark in both engines
  (default)                 listed   4  live   4  derived   4  floor   4  band   4
  throttled-void            listed   1  live   1  derived   1  floor   1  band   1
  filter-census-chromium    listed   8  live   8  derived   8  floor   6  band   7
  filter-census-webkit      listed   8  live   8  derived   8  floor   6  band   7
  wordmark-webkit           listed   6  live   6  derived   6  floor   6  band   6
  theme-bake-chromium       listed  10  live  10  derived  10  floor  10  band   9
  theme-bake-webkit         listed  10  live  10  derived  10  floor  10  band   9
  theme-quadrants-chromium  listed  14  live  14  derived  12  floor  14  band  12
  theme-quadrants-webkit    listed  14  live  14  derived  12  floor  14  band  12
  ✓ 1 DECLARED MATRIX
  ✓ 2 SPEC OWNERSHIP
  ✓ 3 ENGINE COVERAGE
  ✓ 4 HOLDOUTS CLOSED
  ✓ 5 COUNT FLOORS
  ✓ 6 SPEC MANIFEST
  ✓ 7 QUARANTINES CLOSED
  ✗ 8 FLOOR BAND — 2

2 failure(s):

  • [8 FLOOR BAND] playwright-throttle.config.ts [filter-census-chromium]: floor 6 is OUT OF BAND — 25.0% under 8 (stamped census 6, live 8), and the band is 85%, so the floor owes 7. The project GREW past its floor and nothing restamped it — silent slack. Re-derive: node scripts/check-pw-projects.mjs --restamp

  • [8 FLOOR BAND] playwright-throttle.config.ts [filter-census-webkit]: floor 6 is OUT OF BAND — 25.0% under 8 (stamped census 6, live 8), and the band is 85%, so the floor owes 7. The project GREW past its floor and nothing restamped it — silent slack. Re-derive: node scripts/check-pw-projects.mjs --restamp

