
Running 12 tests using 1 worker

NE2|X1-chromium|{"medianRafMs":7.8,"leaveSeen":true,"leaveAnimationName":"ink-rub-out, ink-rub-out-fade","leaveTransitionDuration":"0s","leaveAgeAttr":"settled","absentAtMs":157.1,"reappearedAfterAbsent":false,"restoredInkFrames":0,"postVerbClipNoneFrames":0,"distinctClipStates":20,"lastPresent":{"t":149.3,"clip":"inset(0px 89.6946% 0px 0px)","opacity":"0.103054"}}
  ✓   1 [chromium] › ../../../../../docs/tranches/2026-08-tranche-9/evidence/w7/loop/pass3/critique/NOTE-ERASE/probe/x-verify.probe.ts:148:1 › X1 the SETTLED exit, the critic's own reading (4.7s)
NE2|X2-chromium|{"medianRafMs":7.9,"leaveSeen":true,"leaveAnimationName":"ink-rub-out, ink-rub-out-fade","leaveTransitionDuration":"0s","leaveAgeAttr":"settled","absentAtMs":164.8,"reappearedAfterAbsent":false,"restoredInkFrames":0,"postVerbClipNoneFrames":0,"distinctClipStates":21,"lastPresent":{"t":156.6,"clip":"inset(0px 97.4523% 0px 0px)","opacity":"0.0254775"}}
  ✓   2 [chromium] › ../../../../../docs/tranches/2026-08-tranche-9/evidence/w7/loop/pass3/critique/NOTE-ERASE/probe/x-verify.probe.ts:166:1 › X2 the FRESH exit — the state the clock fence does not cover (3.5s)
NE2|X3-chromium|{"light":{"paper":"rgb(251, 250, 249)","freshColor":"rgb(38, 38, 38)","settledColor":"color(srgb 0.15 0.15 0.15 / 0.68)","settledAge":"settled","freshRatio":14.52,"settledRatio":5.18},"dark":{"paper":"rgb(251, 250, 249)","freshColor":"rgb(38, 38, 38)","settledColor":"color(srgb 0.15 0.15 0.15 / 0.68)","settledAge":"settled","freshRatio":14.52,"settledRatio":5.18}}
  ✓   3 [chromium] › ../../../../../docs/tranches/2026-08-tranche-9/evidence/w7/loop/pass3/critique/NOTE-ERASE/probe/x-verify.probe.ts:182:1 › X3 AA — painted ratios both themes, computed here (8.5s)
NE2|X4-chromium|[{"t":0,"text":"only 3 fits here"},{"t":188,"text":"that's a given clue"}]
  ✓   4 [chromium] › ../../../../../docs/tranches/2026-08-tranche-9/evidence/w7/loop/pass3/critique/NOTE-ERASE/probe/x-verify.probe.ts:253:1 › X4 the region's trajectory across a REPLACEMENT (3.9s)
NE2|X5-chromium|{"390x844":{"empty":{"strip":{"h":20.8},"grid":{"w":362,"h":362,"y":252.52},"docH":844},"fresh":{"strip":{"h":20.8},"grid":{"w":362,"h":362,"y":252.52},"docH":844}},"1280x800":{"empty":{"strip":{"h":20.8},"grid":{"w":636,"h":636,"y":124.45},"docH":800},"fresh":{"strip":{"h":23.61},"grid":{"w":636,"h":636,"y":124.45},"docH":800}}}
  ✓   5 [chromium] › ../../../../../docs/tranches/2026-08-tranche-9/evidence/w7/loop/pass3/critique/NOTE-ERASE/probe/x-verify.probe.ts:290:1 › X5 the strip's box, 390 and 1280 (4.8s)
NE2|X6-chromium|{"theme":null,"paper":"rgb(17, 15, 14)","freshColor":"rgb(209, 207, 199)","settledColor":"color(srgb 0.82 0.812 0.78 / 0.68)","settledAge":"settled","freshRatio":12.25,"settledRatio":6.11}
  ✓   6 [chromium] › ../../../../../docs/tranches/2026-08-tranche-9/evidence/w7/loop/pass3/critique/NOTE-ERASE/probe/x-verify.probe.ts:337:1 › X6 AA in DARK, via colour-scheme emulation (X3's data-theme arm was vacuous) (3.9s)
NE2|X1-webkit|{"medianRafMs":15,"leaveSeen":true,"leaveAnimationName":"ink-rub-out, ink-rub-out-fade","leaveTransitionDuration":"0s","leaveAgeAttr":"settled","absentAtMs":174,"reappearedAfterAbsent":false,"restoredInkFrames":0,"postVerbClipNoneFrames":0,"distinctClipStates":11,"lastPresent":{"t":154,"clip":"inset(0px 88.509377% 0px 0px)","opacity":"0.098683"}}
  ✓   7 [webkit] › ../../../../../docs/tranches/2026-08-tranche-9/evidence/w7/loop/pass3/critique/NOTE-ERASE/probe/x-verify.probe.ts:148:1 › X1 the SETTLED exit, the critic's own reading (5.1s)
NE2|X2-webkit|{"medianRafMs":15,"leaveSeen":true,"leaveAnimationName":"ink-rub-out, ink-rub-out-fade","leaveTransitionDuration":"0s","leaveAgeAttr":"settled","absentAtMs":171,"reappearedAfterAbsent":false,"restoredInkFrames":0,"postVerbClipNoneFrames":0,"distinctClipStates":11,"lastPresent":{"t":155,"clip":"inset(0px 93.396889% 0px 0px)","opacity":"0.066031"}}
  ✓   8 [webkit] › ../../../../../docs/tranches/2026-08-tranche-9/evidence/w7/loop/pass3/critique/NOTE-ERASE/probe/x-verify.probe.ts:166:1 › X2 the FRESH exit — the state the clock fence does not cover (3.8s)
NE2|X3-webkit|{"light":{"paper":"rgb(251, 250, 249)","freshColor":"rgb(38, 38, 38)","settledColor":"color(srgb 0.15 0.15 0.15 / 0.68)","settledAge":"settled","freshRatio":14.52,"settledRatio":5.18},"dark":{"paper":"rgb(251, 250, 249)","freshColor":"rgb(38, 38, 38)","settledColor":"color(srgb 0.15 0.15 0.15 / 0.68)","settledAge":"settled","freshRatio":14.52,"settledRatio":5.18}}
  ✓   9 [webkit] › ../../../../../docs/tranches/2026-08-tranche-9/evidence/w7/loop/pass3/critique/NOTE-ERASE/probe/x-verify.probe.ts:182:1 › X3 AA — painted ratios both themes, computed here (9.0s)
NE2|X4-webkit|[{"t":0,"text":"6 goes nowhere else in this row"},{"t":210,"text":"that's a given clue"}]
  ✓  10 [webkit] › ../../../../../docs/tranches/2026-08-tranche-9/evidence/w7/loop/pass3/critique/NOTE-ERASE/probe/x-verify.probe.ts:253:1 › X4 the region's trajectory across a REPLACEMENT (4.1s)
NE2|X5-webkit|{"390x844":{"empty":{"strip":{"h":20.8},"grid":{"w":362,"h":362,"y":252.2},"docH":844},"fresh":{"strip":{"h":20.8},"grid":{"w":362,"h":362,"y":252.2},"docH":844}},"1280x800":{"empty":{"strip":{"h":20.8},"grid":{"w":636,"h":636,"y":124.16},"docH":800},"fresh":{"strip":{"h":23.61},"grid":{"w":636,"h":636,"y":124.16},"docH":800}}}
  ✓  11 [webkit] › ../../../../../docs/tranches/2026-08-tranche-9/evidence/w7/loop/pass3/critique/NOTE-ERASE/probe/x-verify.probe.ts:290:1 › X5 the strip's box, 390 and 1280 (5.2s)
NE2|X6-webkit|{"theme":null,"paper":"rgb(17, 15, 14)","freshColor":"rgb(209, 207, 199)","settledColor":"color(srgb 0.82 0.812 0.78 / 0.68)","settledAge":"settled","freshRatio":12.25,"settledRatio":6.11}
  ✓  12 [webkit] › ../../../../../docs/tranches/2026-08-tranche-9/evidence/w7/loop/pass3/critique/NOTE-ERASE/probe/x-verify.probe.ts:337:1 › X6 AA in DARK, via colour-scheme emulation (X3's data-theme arm was vacuous) (4.1s)

  12 passed (1.0m)
