Error: Cannot find package '@playwright/test' imported from /Users/mkbabb/Programming/csc411/CSC411_HW2_ProgrammingQuestion/docs/tranches/2026-08-tranche-9/evidence/w7/loop/pass3/critique/NOTE-ERASE/probe/pw.config.ts
    at Object.getPackageJSONURL (node:internal/modules/package_json_reader:301:9)
    at packageResolve (node:internal/modules/esm/resolve:764:81)
    at moduleResolve (node:internal/modules/esm/resolve:855:18)
    at defaultResolve (node:internal/modules/esm/resolve:988:11)
    at ModuleLoader.#cachedDefaultResolve (node:internal/modules/esm/loader:700:20)
    at ModuleLoader.#resolveAndMaybeBlockOnLoaderThread (node:internal/modules/esm/loader:717:38)
    at nextStep (node:internal/modules/customization_hooks:189:26)
    at resolve (/Users/mkbabb/Programming/csc411/CSC411_HW2_ProgrammingQuestion/web/frontend/node_modules/playwright/lib/common/index.js:875:19)
    at nextStep (node:internal/modules/customization_hooks:189:26)
    at resolveWithHooks (node:internal/modules/customization_hooks:417:10)
    at ModuleLoader.resolveSync (node:internal/modules/esm/loader:739:14)
    at ModuleLoader.#resolve (node:internal/modules/esm/loader:682:17)
    at ModuleLoader.getOrCreateModuleJob (node:internal/modules/esm/loader:602:35)
    at ModuleJob.syncLink (node:internal/modules/esm/module_job:162:33)
    at ModuleJob.link (node:internal/modules/esm/module_job:252:17)
    at new ModuleJob (node:internal/modules/esm/module_job:231:26)
    at ModuleLoader.#getOrCreateModuleJobAfterResolve (node:internal/modules/esm/loader:571:11)
    at afterResolve (node:internal/modules/esm/loader:606:52)
    at ModuleLoader.getOrCreateModuleJob (node:internal/modules/esm/loader:612:12)
    at onImport.tracePromise.__proto__ (node:internal/modules/esm/loader:631:32)
    at TracingChannel.tracePromise (node:diagnostics_channel:363:22)
    at ModuleLoader.import (node:internal/modules/esm/loader:627:21)
    at defaultImportModuleDynamicallyForScript (node:internal/modules/esm/utils:228:31)
    at importModuleDynamicallyCallback (node:internal/modules/esm/utils:274:12)
    at eval (eval at esmImport (/Users/mkbabb/Programming/csc411/CSC411_HW2_ProgrammingQuestion/web/frontend/node_modules/playwright/lib/common/index.js:1143:29), <anonymous>:1:1)
    at esmImport (/Users/mkbabb/Programming/csc411/CSC411_HW2_ProgrammingQuestion/web/frontend/node_modules/playwright/lib/common/index.js:1143:29)
    at requireOrImport (/Users/mkbabb/Programming/csc411/CSC411_HW2_ProgrammingQuestion/web/frontend/node_modules/playwright/lib/common/index.js:1147:18)
    at loadUserConfig (/Users/mkbabb/Programming/csc411/CSC411_HW2_ProgrammingQuestion/web/frontend/node_modules/playwright/lib/common/index.js:1334:52)
    at loadConfig (/Users/mkbabb/Programming/csc411/CSC411_HW2_ProgrammingQuestion/web/frontend/node_modules/playwright/lib/common/index.js:1341:28)
    at processTicksAndRejections (node:internal/process/task_queues:104:5)
    at Object.loadConfigFromFile (/Users/mkbabb/Programming/csc411/CSC411_HW2_ProgrammingQuestion/web/frontend/node_modules/playwright/lib/common/index.js:1553:10)
    at runTests (/Users/mkbabb/Programming/csc411/CSC411_HW2_ProgrammingQuestion/web/frontend/node_modules/playwright/lib/cli/testActions.js:46:18)
    at _Command.<anonymous> (/Users/mkbabb/Programming/csc411/CSC411_HW2_ProgrammingQuestion/web/frontend/node_modules/playwright/lib/program.js:53:7) {
  code: 'ERR_MODULE_NOT_FOUND'
}
