AUDIT: pass-6 LAND · built-dist lane (throttle config: filter-census ×2, wordmark-integrity, theme-bake-freshness, throttled-void) vs HEAD dist :4232 · 2026-08-02T09:12:38Z
  ✓  10 [filter-census-webkit] › e2e/filter-census.spec.ts:402:1 › G3.5 · no :hover state mints a live filter — board regime (built dist) (5.0s)
  ✓  15 [wordmark-webkit] › e2e/wordmark-integrity.spec.ts:180:5 › G3.4 · wordmark integrity (WebKit, built dist) › futoshiki: baked ink sits inside its own box on all four edges (2.6s)
  ✓  14 [wordmark-webkit] › e2e/wordmark-integrity.spec.ts:180:5 › G3.4 · wordmark integrity (WebKit, built dist) › sudoku: baked ink sits inside its own box on all four edges (2.7s)
  ✓  12 [filter-census-webkit] › e2e/filter-census.spec.ts:423:1 › G3.2 · no retained fill supplies a computed transform (built dist) (4.1s)
  ✓  16 [wordmark-webkit] › e2e/wordmark-integrity.spec.ts:180:5 › G3.4 · wordmark integrity (WebKit, built dist) › thermo: baked ink sits inside its own box on all four edges (2.5s)
  ✓  17 [wordmark-webkit] › e2e/wordmark-integrity.spec.ts:180:5 › G3.4 · wordmark integrity (WebKit, built dist) › killer: baked ink sits inside its own box on all four edges (2.6s)
  ✓  18 [wordmark-webkit] › e2e/wordmark-integrity.spec.ts:180:5 › G3.4 · wordmark integrity (WebKit, built dist) › kenken: baked ink sits inside its own box on all four edges (2.6s)
  ✓  19 [wordmark-webkit] › e2e/wordmark-integrity.spec.ts:232:3 › G3.4 · wordmark integrity (WebKit, built dist) › all five labels render every glyph in Fraunces — zero fallback glyphs (2.7s)
  ✓  21 [theme-bake-chromium] › e2e/theme-bake-freshness.spec.ts:252:7 › G4.5 · baked ink survives one theme toggle (from light) › futoshiki light → dark: both baked surfaces re-ink (2.7s)
  ✓  20 [theme-bake-chromium] › e2e/theme-bake-freshness.spec.ts:252:7 › G4.5 · baked ink survives one theme toggle (from light) › sudoku light → dark: both baked surfaces re-ink (3.3s)
  ✓  24 [theme-bake-chromium] › e2e/theme-bake-freshness.spec.ts:252:7 › G4.5 · baked ink survives one theme toggle (from light) › kenken light → dark: both baked surfaces re-ink (3.0s)
  ✓  23 [theme-bake-chromium] › e2e/theme-bake-freshness.spec.ts:252:7 › G4.5 · baked ink survives one theme toggle (from light) › killer light → dark: both baked surfaces re-ink (3.2s)
  ✓  22 [theme-bake-chromium] › e2e/theme-bake-freshness.spec.ts:252:7 › G4.5 · baked ink survives one theme toggle (from light) › thermo light → dark: both baked surfaces re-ink (3.2s)
  ✓  25 [theme-bake-chromium] › e2e/theme-bake-freshness.spec.ts:252:7 › G4.5 · baked ink survives one theme toggle (from dark) › sudoku dark → light: both baked surfaces re-ink (3.2s)
  ✓  26 [theme-bake-chromium] › e2e/theme-bake-freshness.spec.ts:252:7 › G4.5 · baked ink survives one theme toggle (from dark) › futoshiki dark → light: both baked surfaces re-ink (3.2s)
  ✓  29 [theme-bake-chromium] › e2e/theme-bake-freshness.spec.ts:252:7 › G4.5 · baked ink survives one theme toggle (from dark) › kenken dark → light: both baked surfaces re-ink (3.0s)
  ✓  27 [theme-bake-chromium] › e2e/theme-bake-freshness.spec.ts:252:7 › G4.5 · baked ink survives one theme toggle (from dark) › thermo dark → light: both baked surfaces re-ink (3.4s)
  ✓  28 [theme-bake-chromium] › e2e/theme-bake-freshness.spec.ts:252:7 › G4.5 · baked ink survives one theme toggle (from dark) › killer dark → light: both baked surfaces re-ink (3.3s)
  ✓  30 [theme-bake-webkit] › e2e/theme-bake-freshness.spec.ts:252:7 › G4.5 · baked ink survives one theme toggle (from light) › sudoku light → dark: both baked surfaces re-ink (3.3s)
  ✓  31 [theme-bake-webkit] › e2e/theme-bake-freshness.spec.ts:252:7 › G4.5 · baked ink survives one theme toggle (from light) › futoshiki light → dark: both baked surfaces re-ink (3.3s)
  ✓  34 [theme-bake-webkit] › e2e/theme-bake-freshness.spec.ts:252:7 › G4.5 · baked ink survives one theme toggle (from light) › kenken light → dark: both baked surfaces re-ink (3.4s)
  ✓  32 [theme-bake-webkit] › e2e/theme-bake-freshness.spec.ts:252:7 › G4.5 · baked ink survives one theme toggle (from light) › thermo light → dark: both baked surfaces re-ink (3.6s)
  ✓  33 [theme-bake-webkit] › e2e/theme-bake-freshness.spec.ts:252:7 › G4.5 · baked ink survives one theme toggle (from light) › killer light → dark: both baked surfaces re-ink (3.8s)
  ✓  35 [theme-bake-webkit] › e2e/theme-bake-freshness.spec.ts:252:7 › G4.5 · baked ink survives one theme toggle (from dark) › sudoku dark → light: both baked surfaces re-ink (3.5s)
  ✓  36 [theme-bake-webkit] › e2e/theme-bake-freshness.spec.ts:252:7 › G4.5 · baked ink survives one theme toggle (from dark) › futoshiki dark → light: both baked surfaces re-ink (3.3s)
  ✓  39 [theme-bake-webkit] › e2e/theme-bake-freshness.spec.ts:252:7 › G4.5 · baked ink survives one theme toggle (from dark) › kenken dark → light: both baked surfaces re-ink (3.0s)
  ✓  38 [theme-bake-webkit] › e2e/theme-bake-freshness.spec.ts:252:7 › G4.5 · baked ink survives one theme toggle (from dark) › thermo dark → light: both baked surfaces re-ink (3.4s)
  ✓  37 [theme-bake-webkit] › e2e/theme-bake-freshness.spec.ts:252:7 › G4.5 · baked ink survives one theme toggle (from dark) › killer dark → light: both baked surfaces re-ink (3.4s)

  39 passed (17.7s)
