AUDIT: pass-6 LAND · e2e sweep 4, HEAD dist rebuilt with the --vv-height clamp · :4232 · 2026-08-02T09:07:59Z
  ✓  243 [webkit] › e2e/sudoku-interaction.spec.ts:88:1 › consecutive solve: values remain unchanged on second solve (2.5s)
  ✓  245 [webkit] › e2e/sudoku-interaction.spec.ts:145:1 › given cell override: foreground stroke reverts to user-ink on override (1.8s)
  ✓  244 [webkit] › e2e/sudoku-interaction.spec.ts:121:1 › given cells use foreground ink, solved cells use solver-ink (2.0s)
  ✓  242 [webkit] › e2e/sudoku-interaction.spec.ts:65:1 › invalid solution: solve → edit cell → state reverts to idle (3.7s)
  ✓  246 [webkit] › e2e/sudoku-interaction.spec.ts:186:1 › solve failure: conflicting user values produce solve-failure state (2.1s)
  ✓  247 [webkit] › e2e/sudoku-interaction.spec.ts:233:1 › noise animation: randomize produces multiple unique reveal delays (1.8s)
  ✓  250 [webkit] › e2e/visual-regression.spec.ts:235:1 › grid draw-in completes and path-based boil activates (1.7s)
  ✓  252 [webkit] › e2e/visual-regression.spec.ts:360:1 › graceful degradation: UI renders without backend API (1.4s)
  ✓  249 [webkit] › e2e/visual-regression.spec.ts:203:1 › dark mode: celestial swap, control panel carries no filter, DOM contract (2.0s)
  ✓  248 [webkit] › e2e/visual-regression.spec.ts:96:1 › light mode: layout, styles, filters, DOM contract (2.1s)
  ✓  251 [webkit] › e2e/visual-regression.spec.ts:294:1 › randomize populates board and blank cells accept input (2.2s)
  ✓  254 [webkit] › e2e/visual-regression.spec.ts:438:1 › the Deal die is not crushed: the commit verb's box fits its own content (1.7s)
  ✓  255 [webkit] › e2e/visual-regression.spec.ts:516:1 › the glass curve is the same curve in both layers (1.8s)
  ✓  259 [webkit] › e2e/visual-regression.spec.ts:788:1 › toggle warp rest pose: wrung into the page, no carousel travel (1.7s)
  ✓  258 [webkit] › e2e/visual-regression.spec.ts:724:1 › the iPad coarse card stays under the P1 seal: the chip seam is PAID for (2.0s)
  ✓  260 [webkit] › e2e/zone-grammar.spec.ts:51:1 › rendered-name census, rail: two eyebrows, three tapes, two captions — and the counter can see an injected one (2.1s)
  ✓  256 [webkit] › e2e/visual-regression.spec.ts:541:1 › the deal receipt keeps off the commit verb, hover included (3.0s)
  ✓  261 [webkit] › e2e/zone-grammar.spec.ts:117:1 › every zone is named by its own VISIBLE tape — the accessible name and the drawn one are one string (2.0s)
  ✓  262 [webkit] › e2e/zone-grammar.spec.ts:164:1 › the permanent tape is a LABEL, not a tooltip — and the surface it names has a name (2.0s)
  ✓  263 [webkit] › e2e/zone-grammar.spec.ts:212:1 › the staged headings are HEADINGS for assistive tech — decided one way, not both (2.3s)
  ✓  253 [webkit] › e2e/visual-regression.spec.ts:376:1 › size switching: 4x4, 9x9, 16x16 all render grid lines (5.3s)
  ✓  265 [webkit] › e2e/zone-grammar.spec.ts:287:1 › a frozen well mints ONE pose node and promotes nothing (the HandDrawnOutline prune) (2.3s)
  ✓  264 [webkit] › e2e/zone-grammar.spec.ts:255:1 › selection is announced: every option chip carries aria-pressed, exactly one per group (2.9s)
  ✓  266 [webkit] › e2e/zone-grammar.spec.ts:354:3 › coarse row regime (≥1024) › the pair branch keeps a 44px floor in BOTH dimensions, where the branch exists (2.7s)
  ✓  257 [webkit] › e2e/visual-regression.spec.ts:641:1 › option chips keep their separation: ≥6px between neighbours, both axes (5.2s)
  ✓  267 [webkit] › e2e/zone-grammar.spec.ts:461:3 › coarse regime › the coarse card: regime witnessed first, then two eyebrows and a 44px floor in BOTH dimensions (3.3s)
  ✓  268 [webkit] › e2e/zone-grammar.spec.ts:504:3 › coarse regime › the heading lock holds on the CARD too — the regime its rail arm never visits (3.5s)
  ✓  269 [webkit] › e2e/zone-grammar.spec.ts:575:3 › coarse regime › the teacher's well names the check state the card has never shown (3.5s)
  ✓  275 [webkit] › e2e/mobile-affordances.spec.ts:251:1 › attribution opens on a single tap (T4-WM §2): the coarse focusin+click double-fire no longer nets closed (4.3s)
  ✓  274 [webkit] › e2e/mobile-affordances.spec.ts:224:1 › hint two-press by touch (T4-W7): first tap names the technique, second inks the digit (4.6s)
  ✓  271 [webkit] › e2e/mobile-affordances.spec.ts:152:1 › native bounded entry (futoshiki twin): coarse cell raises the numeric keypad, iOS-congruent (5.3s)
  ✓  272 [webkit] › e2e/mobile-affordances.spec.ts:136:1 › native bounded entry (sudoku 16×16): two-digit values 10–16 enter whole (5.4s)
  ✓  270 [webkit] › e2e/mobile-affordances.spec.ts:120:1 › native bounded entry (sudoku 9×9): coarse cell raises the numeric keypad, iOS-congruent, 16px floor (5.5s)
  ✓  273 [webkit] › e2e/mobile-affordances.spec.ts:175:1 › touch play tools (T4-WM §2): undo / redo / hint tappable at ≥44px, wired, and no sticky hover (5.7s)
  ✓  276 [webkit] › e2e/mobile-affordances.spec.ts:264:1 › long-press peek (T4-WM §3, sudoku): a hold on a cell opens the candidate glimpse; release clears it (5.1s)
  ✓  277 [webkit] › e2e/mobile-affordances.spec.ts:271:1 › long-press peek (T4-WM §3, futoshiki twin): a hold on a cell opens the candidate glimpse; release clears it (5.3s)
  ✓  278 [webkit] › e2e/mobile-affordances.spec.ts:287:1 › coarse affordances: persistent peek washi on a ≥44px target, icon sublabels, Clear confirm beat (4.5s)
  ✓  279 [webkit] › e2e/mobile-affordances.spec.ts:379:1 › Deal is dirty-gated (T4-WU/U3): a pristine board carries no arm; a dirty board arms first (2.6s)

  279 passed (1.1m)
