AUDIT: pass-6 LAND · W3 FLOOR · zone-grammar.spec.ts · 2026-08-02T09:11:37Z

Running 20 tests using 9 workers

  ✓   7 [chromium] › e2e/zone-grammar.spec.ts:287:1 › a frozen well mints ONE pose node and promotes nothing (the HandDrawnOutline prune) (715ms)
  ✓   3 [chromium] › e2e/zone-grammar.spec.ts:51:1 › rendered-name census, rail: two eyebrows, three tapes, two captions — and the counter can see an injected one (741ms)
  ✓   6 [chromium] › e2e/zone-grammar.spec.ts:164:1 › the permanent tape is a LABEL, not a tooltip — and the surface it names has a name (828ms)
  ✓   8 [chromium] › e2e/zone-grammar.spec.ts:117:1 › every zone is named by its own VISIBLE tape — the accessible name and the drawn one are one string (832ms)
  ✓   4 [chromium] › e2e/zone-grammar.spec.ts:255:1 › selection is announced: every option chip carries aria-pressed, exactly one per group (863ms)
  ✓   5 [chromium] › e2e/zone-grammar.spec.ts:212:1 › the staged headings are HEADINGS for assistive tech — decided one way, not both (856ms)
  ✓   1 [chromium] › e2e/zone-grammar.spec.ts:354:3 › coarse row regime (≥1024) › the pair branch keeps a 44px floor in BOTH dimensions, where the branch exists (1.1s)
  ✓   2 [chromium] › e2e/zone-grammar.spec.ts:504:3 › coarse regime › the heading lock holds on the CARD too — the regime its rail arm never visits (1.6s)
  ✓   9 [chromium] › e2e/zone-grammar.spec.ts:461:3 › coarse regime › the coarse card: regime witnessed first, then two eyebrows and a 44px floor in BOTH dimensions (1.6s)
  ✓  10 [chromium] › e2e/zone-grammar.spec.ts:575:3 › coarse regime › the teacher's well names the check state the card has never shown (1.8s)
  ✓  16 [webkit] › e2e/zone-grammar.spec.ts:287:1 › a frozen well mints ONE pose node and promotes nothing (the HandDrawnOutline prune) (3.1s)
  ✓  13 [webkit] › e2e/zone-grammar.spec.ts:117:1 › every zone is named by its own VISIBLE tape — the accessible name and the drawn one are one string (3.2s)
  ✓  11 [webkit] › e2e/zone-grammar.spec.ts:51:1 › rendered-name census, rail: two eyebrows, three tapes, two captions — and the counter can see an injected one (3.2s)
  ✓  12 [webkit] › e2e/zone-grammar.spec.ts:212:1 › the staged headings are HEADINGS for assistive tech — decided one way, not both (3.3s)
  ✓  14 [webkit] › e2e/zone-grammar.spec.ts:164:1 › the permanent tape is a LABEL, not a tooltip — and the surface it names has a name (3.5s)
  ✓  15 [webkit] › e2e/zone-grammar.spec.ts:255:1 › selection is announced: every option chip carries aria-pressed, exactly one per group (3.6s)
  ✓  18 [webkit] › e2e/zone-grammar.spec.ts:354:3 › coarse row regime (≥1024) › the pair branch keeps a 44px floor in BOTH dimensions, where the branch exists (3.1s)
  ✓  17 [webkit] › e2e/zone-grammar.spec.ts:461:3 › coarse regime › the coarse card: regime witnessed first, then two eyebrows and a 44px floor in BOTH dimensions (3.5s)
  ✓  19 [webkit] › e2e/zone-grammar.spec.ts:504:3 › coarse regime › the heading lock holds on the CARD too — the regime its rail arm never visits (3.2s)
  ✓  20 [webkit] › e2e/zone-grammar.spec.ts:575:3 › coarse regime › the teacher's well names the check state the card has never shown (2.4s)

  20 passed (8.8s)
