AUDIT: pass-6 LAND · fold.mjs FINAL, whole tree landed (drawer + masthead move + dt-name) · dist index-Cwxgaa3tBBf6.js on :4232 · 2026-08-02T09:31:39Z
--- chromium ---
coarse-390x664-THE-CASE	pageVh=1	doc=664	vh=664	maxScroll=0	regimeOk=true	tongue=true
coarse-390x844	pageVh=1	doc=844	vh=844	maxScroll=0	regimeOk=true	tongue=true
coarse-375x812	pageVh=1	doc=812	vh=812	maxScroll=0	regimeOk=true	tongue=true
coarse-430x932	pageVh=1	doc=932	vh=932	maxScroll=0	regimeOk=true	tongue=true
coarse-820x1180-iPadP	pageVh=1	doc=1180	vh=1180	maxScroll=0	regimeOk=true	tongue=true
coarse-844x390-land	pageVh=2.631	doc=1026	vh=390	maxScroll=636	regimeOk=true	tongue=false
coarse-1280x800-rail	pageVh=1.013	doc=810	vh=800	maxScroll=10	regimeOk=true	tongue=true
fine-1440x900-rail	pageVh=1	doc=900	vh=900	maxScroll=0	regimeOk=true	tongue=true
fine-390x844-NEGCTRL	pageVh=1	doc=844	vh=844	maxScroll=0	regimeOk=true	tongue=true
--- webkit ---
coarse-390x664-THE-CASE	pageVh=1	doc=664	vh=664	maxScroll=0	regimeOk=true	tongue=true
coarse-390x844	pageVh=1	doc=844	vh=844	maxScroll=0	regimeOk=true	tongue=true
coarse-375x812	pageVh=1	doc=812	vh=812	maxScroll=0	regimeOk=true	tongue=true
coarse-430x932	pageVh=1	doc=932	vh=932	maxScroll=0	regimeOk=true	tongue=true
coarse-820x1180-iPadP	pageVh=1	doc=1180	vh=1180	maxScroll=0	regimeOk=true	tongue=true
coarse-844x390-land	pageVh=2.631	doc=1026	vh=390	maxScroll=636	regimeOk=true	tongue=false
coarse-1280x800-rail	pageVh=1.011	doc=809	vh=800	maxScroll=9	regimeOk=true	tongue=true
fine-1440x900-rail	pageVh=1	doc=900	vh=900	maxScroll=0	regimeOk=true	tongue=true
fine-390x844-NEGCTRL	pageVh=1	doc=844	vh=844	maxScroll=0	regimeOk=true	tongue=true
