node:internal/modules/run_main:107
    triggerUncaughtException(
    ^

browser.newContext: viewport.width: expected integer, got float NaN
    at async file:///Users/mkbabb/Programming/csc411/CSC411_HW2_ProgrammingQuestion/docs/tranches/2026-08-tranche-9/evidence/w7/loop/pass3/critique/CTRL-COST/probe/c2-press.mjs:16:13

Node.js v26.0.0
webkit 390x844  EXIT=1
node:internal/modules/run_main:107
    triggerUncaughtException(
    ^

browser.newContext: viewport.width: expected integer, got float NaN
    at async file:///Users/mkbabb/Programming/csc411/CSC411_HW2_ProgrammingQuestion/docs/tranches/2026-08-tranche-9/evidence/w7/loop/pass3/critique/CTRL-COST/probe/c2-press.mjs:16:13

Node.js v26.0.0
chromium 390x844  EXIT=1
node:internal/modules/run_main:107
    triggerUncaughtException(
    ^

browser.newContext: viewport.width: expected integer, got float NaN
    at async file:///Users/mkbabb/Programming/csc411/CSC411_HW2_ProgrammingQuestion/docs/tranches/2026-08-tranche-9/evidence/w7/loop/pass3/critique/CTRL-COST/probe/c2-press.mjs:16:13

Node.js v26.0.0
webkit 1280x800  EXIT=1
ALLDONE
