DONE /Users/mkbabb/Programming/csc411/CSC411_HW2_ProgrammingQuestion/docs/tranches/2026-08-tranche-9/evidence/w7/loop/pass3/critique/CTRL-COST/readings/c4-proto-webkit-390x844.json
PROTO EXIT=0
DONE /Users/mkbabb/Programming/csc411/CSC411_HW2_ProgrammingQuestion/docs/tranches/2026-08-tranche-9/evidence/w7/loop/pass3/critique/CTRL-COST/readings/c4-HEAD-webkit-390x844.json
HEAD EXIT=0
DONE /Users/mkbabb/Programming/csc411/CSC411_HW2_ProgrammingQuestion/docs/tranches/2026-08-tranche-9/evidence/w7/loop/pass3/critique/CTRL-COST/readings/c1-HEAD-webkit-1280x800-light.json
HEADWK EXIT=0
node:internal/modules/run_main:107
    triggerUncaughtException(
    ^

page.goto: net::ERR_CONNECTION_REFUSED at http://127.0.0.1:4241/
Call log:
[2m  - navigating to "http://127.0.0.1:4241/", waiting until "load"[22m

    at /Users/mkbabb/Programming/csc411/CSC411_HW2_ProgrammingQuestion/docs/tranches/2026-08-tranche-9/evidence/w7/loop/pass3/critique/CTRL-COST/probe/c1-desk.mjs:25:12 {
  log: [
    '  - navigating to "http://127.0.0.1:4241/", waiting until "load"'
  ],
  name: 'Error'
}

Node.js v26.0.0
DARK EXIT=1
ALLDONE
