=== check-cost-face --self-test ===
  ✓ 4 THE BERTH'S INK — the berthed tape carries vertical padding
  ✓ 5 THE FENCE — the armed face drops its hover ground
  ✓ 6 NO SILENT ZERO — `--card-pad-b` is read bare and registered
  ✓ 7 THE FENCE REACHES THE VERB — the armed verb button takes no hover ground

SELF-TEST — each check against its own planted defect:
  ✓ plant 1 → TAP FLOOR — `.act-answer` takes min-height: var(--tap-floor…) RED (1)
  ✓ plant 2 → PIN BAND — the card spends it and the head pulls back into it RED (1)
  ✓ plant 3 → DERIVED HEAD — `--cost-head-h` is a calc, with no JS publisher RED (1)
  ✓ plant 4 → THE BERTH'S INK — the berthed tape carries vertical padding RED (1)
  ✓ plant 5 → THE FENCE — the armed face drops its hover ground RED (1)
  ✓ plant 6 → NO SILENT ZERO — `--card-pad-b` is read bare and registered RED (1)
  ✓ plant 7 → THE FENCE REACHES THE VERB — the armed verb button takes no hover ground RED (1)

OK — the answer keeps its floor, the band is reserved and derived, the berth's ink is on its own paper, the armed face is unhoverable ground, and no measured token fails quietly.
EXIT=0
=== check-cost-face ===
  ✓ 4 THE BERTH'S INK — the berthed tape carries vertical padding
  ✓ 5 THE FENCE — the armed face drops its hover ground
  ✓ 6 NO SILENT ZERO — `--card-pad-b` is read bare and registered
  ✓ 7 THE FENCE REACHES THE VERB — the armed verb button takes no hover ground

OK — the answer keeps its floor, the band is reserved and derived, the berth's ink is on its own paper, the armed face is unhoverable ground, and no measured token fails quietly.
EXIT=0
=== copy register ===
  jargon · twin — the same key and call in the player's words  →  0 offence(s), GREEN as required
  jargon · positive control — a COPY_KEY whose value is a bare identifier reads nothing  →  0 offence(s), GREEN as required
  jargon · a PLURAL copy table named in SCREAMING_SNAKE for its office  →  1 offence(s), RED as required
  jargon · a PLURAL TitleCase copy table  →  1 offence(s), RED as required
  jargon · twin — the same plural table in the player's words  →  0 offence(s), GREEN as required
  admissions · a ghost admission is detected stale  →  1/1, RED as required

check-copy-register: 0 em/en dashes and 0 unadmitted jargon in product copy (0 admitted, each with its cure's seam)
EXIT=0
=== font coverage ===
  departures (declared, no longer rendered — the cut stays a superset on purpose):
    Patrick Hand · .washi-tag (compartment names) + the tapes + the band-head berths: "pencils"
    Patrick Hand · .washi-tag (compartment names) + the tapes + the band-head berths: "teacher's"
    Patrick Hand · .washi-tag (compartment names) + the tapes + the band-head berths: "normal writes a digit. corner and center write small pencil marks"
    Patrick Hand · .washi-tag (compartment names) + the tapes + the band-head berths: "checking"
    Patrick Hand · .washi-tag (compartment names) + the tapes + the band-head berths: "players"
    Patrick Hand · .washi-tag (compartment names) + the tapes + the band-head berths: "share this board and everyone writes on the same grid"
    Patrick Hand · .washi-tag (compartment names) + the tapes + the band-head berths: "wipe every digit you've written"
EXIT=0
=== live regions ===
  violation · a region born under v-if with its sentence already inside  →  1 finding(s), RED as required
  control   · the cured idiom: unconditional region, conditional content  →  0 finding(s), GREEN as required

check-live-regions: 0 regions born speaking — every declared region takes its content as a mutation
=== theme selectors ===
  [3 ALLOWLIST CLOSED] an entry whose reason is a shrug
      → RED (want RED)

OK — every data-attribute selector has a runtime writer, every prefers-color-scheme block is allowlisted with a reason, and the table is closed.
=== motion ===
  [3 ROUTE] a frozen file loses its emulateMedia call entirely
      → RED (as it must)

OK — 34 specs, every one declaring its motion state, every `frozen` backed by the route that lands.
