=== SINGLE-TREE GATE SWEEP · daca28ee · Fri Jul 31 21:48:12 EDT 2026 ===
--- vue-tsc
0 errors
--- vitest
 Test Files  31 passed (31)
      Tests  332 passed (332)
   Start at  21:48:14
   Duration  1.83s (transform 5.52s, setup 591ms, import 7.16s, tests 919ms, environment 14.15s)

--- eslint
> eslint .

--- knip
> knip

--- prettier(src/)
Checking formatting...
All matched files use Prettier code style!
--- lint:ink (--self-test)

ink-pressure ladder — every rung clears its floor, strictly increasing, in all 3 scopes (light, dark, print), each resolved out of index.css:
  --ink-press-rule    55%  3.53 light / 4.36 dark / 4.76 print  ≥3 (non-text)
  --ink-press-quiet   68%  5.23 light / 6.06 dark / 7.86 print  ≥4.5 (text)
  --ink-press-firm    72%  5.95 light / 6.66 dark / 9.23 print  ≥4.5 (text)
  --color-red-ink          4.98 light / 6.32 dark  ≥4.5 (.icon-sublabel.is-armed)
  washi tape               17.36 light / 9.06 dark  ≥4.5 (--color-foreground on --sheet-washi-neutral)

ungoverned register — --color-muted-foreground 4.65 light / 7.69 dark:
  light  rule < muted-foreground < quiet < firm
  dark   rule < quiet < firm < muted-foreground
  the ramp and the register cross between themes. Booked in index.css §INK PRESSURE, not gated.
--- font-coverage

font coverage OK — 28 codepoints, 13788 B; 8 strings covered as authored AND as transformed
--- golden:bytes
  ok        6.8 KB  e2e/goldens/toggle-crest-dark-linux.png
[golden-bytes] PASS — every golden within the per-image ceiling.
