
Running 101 tests using 9 workers

  ✓    3 e2e/affordances.spec.ts:205:1 › tally: solve writes "N backtracks — Xms" in the note meta; the next edit clears it (1.2s)
  ✓    9 e2e/affordances.spec.ts:229:1 › undo: Ctrl+Z reverts, Ctrl+Shift+Z redoes, Meta+Z works, plain z is not swallowed (1.4s)
  ✓    6 e2e/affordances.spec.ts:357:1 › marks-gesture: no marks pre-peek, K shows them, Esc clears them (1.4s)
  ✓    4 e2e/affordances.spec.ts:333:1 › hint: first H names the technique + highlights, second H inks the digit (1.5s)
  ✓    5 e2e/affordances.spec.ts:155:1 › stale-note: teacher-red and gold-star notes clear on the next edit (1.5s)
  ✓    7 e2e/affordances.spec.ts:263:1 › fill batch: one Fill sweep undoes as ONE gesture, redo re-fills (1.6s)
  ✓    8 e2e/affordances.spec.ts:376:1 › composed keyboard: K-peek from cell focus + roving tabindex (Ctrl+Home/End) + undo in one session (1.8s)
  ✓    2 e2e/affordances.spec.ts:102:1 › print: chrome hidden, black strokes, washes stripped (CSS-only) (1.9s)
  ✓    1 e2e/affordances.spec.ts:294:1 › permalink: share writes ?board= and a reload reproduces the exact board (1.9s)
  ✓   11 e2e/board-covisibility.spec.ts:55:3 › mark 6 — the band dissolves › the tally files with the deal, and the strip it left can still be seen (591ms)
  ✓   12 e2e/board-covisibility.spec.ts:78:3 › mark 6 — the band dissolves › the strip below the board is one reserved line (640ms)
  ✓   13 e2e/board-covisibility.spec.ts:98:3 › mark 6 — the band dissolves › the grade crests on the board — the celebration never moves the page (676ms)
  ✓   14 e2e/board-covisibility.spec.ts:144:3 › the board fits the viewport it is drawn in › a landscape phone gets a board it can see, not one it must scroll (725ms)
  ✓   15 e2e/drawer.spec.ts:37:1 › drawer: default open — tab present (≥44px), aria wired, controls visible (1.2s)
  ✓   19 e2e/drawer.spec.ts:248:3 › drawer under prefers-reduced-motion › PRM: toggle is an instant state swap — no glide class, immediate layout (888ms)
  ✓   10 e2e/affordances.spec.ts:449:1 › composed keyboard (futoshiki twin): K-peek from cell focus + roving + undo in one session (1.7s)
  ✓   25 e2e/gallery-deal.spec.ts:72:1 › band: a sibling of the listbox, never a control inside role=option (691ms)
  ✓   21 e2e/futoshiki.spec.ts:45:1 › gallery switches to futoshiki: default board renders with inequality carets (1.5s)
  ✓   20 e2e/drawer.spec.ts:281:3 › drawer below the row regime › <1024: no tab, stacked panel in flow exactly as today (1.9s)
  ✓   23 e2e/futoshiki.spec.ts:97:1 › blank cell accepts input via pointer + on-screen affordance (1.2s)
  ✓   18 e2e/drawer.spec.ts:211:1 › drawer: keyboard shortcuts (undo, K-peek) work with the drawer closed (2.3s)
  ✓   22 e2e/futoshiki.spec.ts:72:1 › size switching: 4×4/5×5/6×6/7×7 each change the board cell count (2.1s)
  ✓   24 e2e/futoshiki.spec.ts:131:1 › solve: a fresh generated board solves to solve-success (1.5s)
  ✓   26 e2e/gallery-deal.spec.ts:127:1 › cold start: an UNMOUNTED game reports its saved board and offers resume (777ms)
  ✓   28 e2e/gallery-deal.spec.ts:166:1 › cold start: GIVENS ARE NOT WORK — a dealt, untouched board reads "dealt" (569ms)
  ✓   27 e2e/gallery-deal.spec.ts:155:1 › cold start: a game with NO board offers start, and the card keeps its range line (922ms)
  ✓   16 e2e/drawer.spec.ts:58:1 › drawer: close glides transform-only, board grows ≥24px + centers, persists (3.1s)
  ✓   31 e2e/gallery-deal.spec.ts:243:1 › guard: the `d` hotkey routes through the SAME ribbon (869ms)
  ✓   29 e2e/gallery-deal.spec.ts:187:1 › guard: a deal onto ANOTHER game with work on it arms the ribbon (1.5s)
  ✓   33 e2e/gallery-deal.spec.ts:289:1 › safe verb: `start` HONOURS the staged pair (a game with no board has none to restore) (1.1s)
  ✓   30 e2e/gallery-deal.spec.ts:220:1 › guard: the NEGATIVE control — an untouched target board deals straight through (1.4s)
  ✓   32 e2e/gallery-deal.spec.ts:265:1 › deal: a cross-game deal lands the TARGET game at the STAGED pair (1.2s)
  ✓   34 e2e/gallery-deal.spec.ts:307:1 › safe verb: `resume` PRINTS the saved pair the moment the chips wander off it (1.2s)
  ✓   36 e2e/gallery-deal.spec.ts:373:1 › a11y: the live region carries the staged pair and the board state (969ms)
  ✓   17 e2e/drawer.spec.ts:175:1 › drawer: open focuses the first control; Esc closes from within and returns focus to the tab (4.1s)
  ✓   35 e2e/gallery-deal.spec.ts:344:1 › safe verb: a wandered pair cannot OUTLIVE the transaction (1.5s)
  ✓   38 e2e/gallery-guard.spec.ts:65:1 › snap chime: the centered card carries a scribble underline; flanks do not (679ms)
  ✓   37 e2e/gallery-guard.spec.ts:49:1 › dropdown retired: the wordmark opens the gallery; no listbox affordance remains (926ms)
  ✓   43 e2e/gallery.spec.ts:22:1 › gallery: ?view=gallery lands in the carousel — listbox roles, labels, focus, pips (772ms)
  ✓   44 e2e/gallery.spec.ts:57:1 › gallery: keyboard step moves the snap, announces it, and updates aria + pips (969ms)
  ✓   42 e2e/gallery-guard.spec.ts:139:1 › guard: selecting the same game never asks, even when the board is dirty (1.4s)
  ✓   45 e2e/gallery.spec.ts:95:1 › gallery: Enter on futoshiki selects it — board swaps, ?game set, ?view cleared (991ms)
  ✓   46 e2e/gallery.spec.ts:111:1 › gallery: Escape cancels back to the board, no swap, ?view cleared (950ms)
  ✓   41 e2e/gallery-guard.spec.ts:125:1 › guard: a pristine board switches to a different game with no ribbon (1.6s)
  ✓   39 e2e/gallery-guard.spec.ts:82:1 › guard: dirty + different arms the ribbon; leave abandons the marks and switches (1.9s)
  ✓   40 e2e/gallery-guard.spec.ts:106:1 › guard: keep dismisses the ribbon, stays in the gallery, board unchanged (2.0s)
  ✓   47 e2e/gallery.spec.ts:123:1 › gallery: `g` opens the gallery from playing; a `g` typed into a cell does not (1.4s)
  ✓   50 e2e/gallery.spec.ts:206:3 › gallery on a 375 phone › 375: one card near-fills the width, a neighbor peeks, pips present (559ms)
  ✓   49 e2e/gallery.spec.ts:178:3 › gallery under prefers-reduced-motion › PRM: open is an instant cut — gallery present, no tweening (1.0s)
  ✓   51 e2e/permalink.spec.ts:45:1 › board-only ?board= URL loads the encoded board (sudoku) (788ms)
  ✓   48 e2e/gallery.spec.ts:149:1 › gallery: only the centered card boils — a flank frame is inert + frozen (1.4s)
  ✓   52 e2e/permalink.spec.ts:59:1 › mismatched ?board=/?size= falls closed to the size path (sudoku) (863ms)
  ✓   54 e2e/permalink.spec.ts:99:1 › randomize drops ?board= from the URL (sudoku) (878ms)
  ✓   55 e2e/permalink.spec.ts:112:1 › the share affordance writes ?board= on the explicit act (sudoku) (846ms)
  ✓   56 e2e/permalink.spec.ts:128:1 › board-only ?board= loads a futoshiki board with its inequalities, randomize drops it (878ms)
  ✓   57 e2e/share-truth.spec.ts:61:1 › sudoku share success: label + aria confirm AND the clipboard holds the link (940ms)
  ✓   53 e2e/permalink.spec.ts:71:1 › game switch leaves no foreign board/size params in the URL (1.4s)
  ✓   58 e2e/share-truth.spec.ts:82:1 › sudoku share failure: "couldn't copy" signal, link still live in the address bar (807ms)
  ✓   59 e2e/share-truth.spec.ts:101:1 › futoshiki share failure: the same "couldn't copy" signal (twin) (894ms)
  ✓   61 e2e/share-truth.spec.ts:132:1 › futoshiki corrupt ?board= surfaces the margin-voice notice (twin) (832ms)
  ✓   62 e2e/sudoku-interaction.spec.ts:47:1 › valid solution: randomize → solve → success state + all cells filled (967ms)
  ✓   63 e2e/sudoku-interaction.spec.ts:65:1 › invalid solution: solve → edit cell → state reverts to idle (1.2s)
  ✓   64 e2e/sudoku-interaction.spec.ts:88:1 › consecutive solve: values remain unchanged on second solve (1.1s)
  ✓   60 e2e/share-truth.spec.ts:123:1 › sudoku corrupt ?board= surfaces the margin-voice notice (1.7s)
  ✓   65 e2e/sudoku-interaction.spec.ts:121:1 › given cells use foreground ink, solved cells use solver-ink (1.1s)
  ✓   66 e2e/sudoku-interaction.spec.ts:145:1 › given cell override: foreground stroke reverts to user-ink on override (1.0s)
  ✓   67 e2e/sudoku-interaction.spec.ts:186:1 › solve failure: conflicting user values produce solve-failure state (1.1s)
  ✓   68 e2e/sudoku-interaction.spec.ts:233:1 › noise animation: randomize produces multiple unique reveal delays (959ms)
  ✓   69 e2e/visual-regression.spec.ts:95:1 › light mode: layout, styles, filters, DOM contract (1.0s)
  ✓   70 e2e/visual-regression.spec.ts:202:1 › dark mode: celestial swap, control panel carries no filter, DOM contract (901ms)
  ✓   73 e2e/visual-regression.spec.ts:350:1 › graceful degradation: UI renders without backend API (940ms)
  ✓   75 e2e/visual-regression.spec.ts:428:1 › the Deal die is not crushed: the commit verb's box fits its own content (898ms)
  ✓   71 e2e/visual-regression.spec.ts:234:1 › grid draw-in completes and path-based boil activates (1.1s)
  ✓   77 e2e/visual-regression.spec.ts:600:1 › toggle warp rest pose: wrung into the page, no carousel travel (950ms)
  ✓   72 e2e/visual-regression.spec.ts:284:1 › randomize populates board and blank cells accept input (1.2s)
  ✓   78 e2e/zone-grammar.spec.ts:51:1 › rendered-name census, rail: two eyebrows, three tapes, two captions — and the counter can see an injected one (951ms)
  ✓   79 e2e/zone-grammar.spec.ts:95:1 › every zone is named by its own VISIBLE tape — the accessible name and the drawn one are one string (855ms)
  ✓   81 e2e/zone-grammar.spec.ts:150:1 › a frozen well mints ONE pose node and promotes nothing (the HandDrawnOutline prune) (799ms)
  ✓   80 e2e/zone-grammar.spec.ts:119:1 › selection is announced: every option chip carries aria-pressed, exactly one per group (847ms)
  ✓   82 e2e/zone-grammar.spec.ts:189:3 › coarse regime › the coarse card: regime witnessed first, then two eyebrows and a 44px floor in BOTH dimensions (1.4s)
  ✓   76 e2e/visual-regression.spec.ts:533:1 › option chips keep their separation: ≥6px between neighbours, both axes (2.3s)
  ✓   83 e2e/zone-grammar.spec.ts:231:3 › coarse regime › the teacher's well names the check state the card has never shown (1.4s)
  ✓   84 e2e/mobile-affordances.spec.ts:107:1 › native bounded entry (sudoku 9×9): coarse cell raises the numeric keypad, iOS-congruent, 16px floor (1.3s)
  ✓   86 e2e/mobile-affordances.spec.ts:139:1 › native bounded entry (futoshiki twin): coarse cell raises the numeric keypad, iOS-congruent (1.4s)
  ✓   85 e2e/mobile-affordances.spec.ts:123:1 › native bounded entry (sudoku 16×16): two-digit values 10–16 enter whole (1.6s)
  ✓   88 e2e/mobile-affordances.spec.ts:206:1 › hint two-press by touch (T4-W7): first tap names the technique, second inks the digit (1.4s)
  ✓   87 e2e/mobile-affordances.spec.ts:162:1 › touch play tools (T4-WM §2): undo / redo / hint tappable at ≥44px, wired, and no sticky hover (1.6s)
  ✓   89 e2e/mobile-affordances.spec.ts:232:1 › attribution opens on a single tap (T4-WM §2): the coarse focusin+click double-fire no longer nets closed (1.3s)
  ✓   74 e2e/visual-regression.spec.ts:366:1 › size switching: 4x4, 9x9, 16x16 all render grid lines (4.4s)
  ✓   92 e2e/mobile-affordances.spec.ts:268:1 › coarse affordances: persistent peek washi on a ≥44px target, icon sublabels, Clear confirm beat (1.6s)
  ✓   93 e2e/mobile-affordances.spec.ts:341:1 › Deal is dirty-gated (T4-WU/U3): a pristine board carries no arm; a dirty board arms first (1.4s)
  ✓   94 e2e/mobile-platform.spec.ts:52:3 › ios-discipline (iPhone-geometry coarse) › the board scene contains overscroll (no rubber-band / scroll-chain) (1.4s)
  ✓   95 e2e/mobile-platform.spec.ts:63:3 › ios-discipline (iPhone-geometry coarse) › game surfaces suppress selection + the double-tap-zoom delay (long-press-clean) (1.3s)
  ✓   96 e2e/mobile-platform.spec.ts:105:3 › ios-discipline (iPhone-geometry coarse) › tap-highlight + text-size-adjust are delivered (preflight) app-wide (1.2s)
  ✓   91 e2e/mobile-affordances.spec.ts:252:1 › long-press peek (T4-WM §3, futoshiki twin): a hold on a cell opens the candidate glimpse; release clears it (2.2s)
  ✓   90 e2e/mobile-affordances.spec.ts:245:1 › long-press peek (T4-WM §3, sudoku): a hold on a cell opens the candidate glimpse; release clears it (2.3s)
  ✓   97 e2e/mobile-platform.spec.ts:125:3 › ios-discipline (iPhone-geometry coarse) › viewport opts into the notch + the fixed toggle pads clear of the safe area (1.3s)
  ✓  100 e2e/mobile-platform.spec.ts:307:3 › large iPad landscape (≥1024, coarse → desktop drawer layout) › the drawer tab is a clean ≥44px tap target and toggles the rail (1.0s)
  ✓   99 e2e/mobile-platform.spec.ts:293:3 › iPad portrait (<1024, coarse, stacked) › no horizontal overflow; entry works (1.1s)
  ✓   98 e2e/mobile-platform.spec.ts:279:3 › landscape phone (~844×390, coarse) › no horizontal overflow; entry works (1.2s)
  ✓  101 e2e/mobile-platform.spec.ts:169:3 › keyboard-avoid (emulated visualViewport) › a focused below-fold cell scrolls clear of the emulated keyboard band (2.1s)

  101 passed (18.0s)
