=== e2e DEFAULT · PLAYWRIGHT_BASE_URL=http://127.0.0.1:5321 (dev) ===
[99/101] e2e/mobile-platform.spec.ts:293:3 › iPad portrait (<1024, coarse, stacked) › no horizontal overflow; entry works
[100/101] e2e/mobile-platform.spec.ts:307:3 › large iPad landscape (≥1024, coarse → desktop drawer layout) › the drawer tab is a clean ≥44px tap target and toggles the rail
[101/101] e2e/mobile-platform.spec.ts:169:3 › keyboard-avoid (emulated visualViewport) › a focused below-fold cell scrolls clear of the emulated keyboard band
  101 passed (17.8s)

=== BUILT-DIST LANE · :4197 ===
[13/15] [theme-bake-webkit] › e2e/theme-bake-freshness.spec.ts:178:5 › G4.5 · baked ink survives one theme toggle (from dark) › dark → light: both baked surfaces re-ink
[14/15] [theme-bake-chromium] › e2e/theme-bake-freshness.spec.ts:178:5 › G4.5 · baked ink survives one theme toggle (from dark) › dark → light: both baked surfaces re-ink
[15/15] [theme-bake-webkit] › e2e/theme-bake-freshness.spec.ts:178:5 › G4.5 · baked ink survives one theme toggle (from light) › light → dark: both baked surfaces re-ink
  15 passed (8.0s)

=== GOLDENS r1..r3 · :4197 ===
  ✓  2 e2e/visual-golden.spec.ts:180:1 › golden · logo wordmark (light) — W13 soul: baked logo pose stack (1.2s)
  ✘  4 e2e/visual-golden.spec.ts:203:1 › golden · toggle crest (dark, moon) — W13 soul: celestial rest pose (1.9s)
    Error: expect(page).toHaveScreenshot(expected) failed
    test-results/visual-golden-golden-·-tog-a421d-13-soul-celestial-rest-pose/test-failed-1.png
  1 failed
  3 passed (2.7s)
  ✓  2 e2e/visual-golden.spec.ts:180:1 › golden · logo wordmark (light) — W13 soul: baked logo pose stack (1.0s)
  ✓  1 e2e/visual-golden.spec.ts:203:1 › golden · toggle crest (dark, moon) — W13 soul: celestial rest pose (1.2s)
  4 passed (2.0s)
  ✓  1 e2e/visual-golden.spec.ts:180:1 › golden · logo wordmark (light) — W13 soul: baked logo pose stack (958ms)
  ✘  3 e2e/visual-golden.spec.ts:203:1 › golden · toggle crest (dark, moon) — W13 soul: celestial rest pose (1.9s)
    Error: expect(page).toHaveScreenshot(expected) failed
    test-results/visual-golden-golden-·-tog-a421d-13-soul-celestial-rest-pose/test-failed-1.png
  1 failed
  3 passed (2.7s)
