
> csp-solver-frontend@0.1.0 test:golden
> playwright test --config playwright-golden.config.ts


Running 4 tests using 4 workers

  ✓  1 e2e/visual-golden.spec.ts:218:1 › golden · grid top-left corner (light) — W13 soul: grain-static steady layer (879ms)
  ✓  2 e2e/visual-golden.spec.ts:210:1 › golden · single cell with given glyph (light) (886ms)
  ✘  4 e2e/visual-golden.spec.ts:180:1 › golden · logo wordmark (light) — W13 soul: baked logo pose stack (1.1s)
  ✓  3 e2e/visual-golden.spec.ts:203:1 › golden · toggle crest (dark, moon) — W13 soul: celestial rest pose (1.3s)


  1) e2e/visual-golden.spec.ts:180:1 › golden · logo wordmark (light) — W13 soul: baked logo pose stack 

    Error: expect(locator).toHaveScreenshot(expected) failed

    Locator: locator('svg.handwritten-logo')
      3948 pixels (ratio 0.03 of all image pixels) are different.

      Snapshot: logo-light.png

    Call log:
      - Expect "toHaveScreenshot(logo-light.png)" with timeout 15000ms
        - verifying given screenshot expectation
      - waiting for locator('svg.handwritten-logo')
        - locator resolved to <svg data-v-7d8e031b="" aria-hidden="true" viewBox="0 0 205 60" class="handwritten-logo is-drawn" xmlns="http://www.w3.org/2000/svg">…</svg>
      - taking element screenshot
        - disabled all CSS animations
      - waiting for fonts to load...
      - fonts loaded
      - attempting scroll into view action
        - waiting for element to be stable
      - 3948 pixels (ratio 0.03 of all image pixels) are different.
      - waiting 100ms before taking screenshot
      - waiting for locator('svg.handwritten-logo')
        - locator resolved to <svg data-v-7d8e031b="" aria-hidden="true" viewBox="0 0 205 60" class="handwritten-logo is-drawn" xmlns="http://www.w3.org/2000/svg">…</svg>
      - taking element screenshot
        - disabled all CSS animations
      - waiting for fonts to load...
      - fonts loaded
      - attempting scroll into view action
        - waiting for element to be stable
      - captured a stable screenshot
      - 3948 pixels (ratio 0.03 of all image pixels) are different.


      180 | test('golden · logo wordmark (light) — W13 soul: baked logo pose stack', async ({ page }) => {
      181 |   await loadSettled(page);
    > 182 |   await expect(page.locator('svg.handwritten-logo')).toHaveScreenshot('logo-light.png', LOGO_FLOOR);
          |                                                      ^
      183 | });
      184 |
      185 | // The toggle crest — the celestial rest pose stack (W13 §2), captured in DARK mode: the
        at /Users/mkbabb/Programming/csc411/CSC411_HW2_ProgrammingQuestion/web/frontend/e2e/visual-golden.spec.ts:182:54

    attachment #1: logo-light (image/png) ──────────────────────────────────────────────────────────
    Expected: e2e/goldens/logo-light-darwin.png
    Received: test-results/visual-golden-golden-·-log-944fc--soul-baked-logo-pose-stack/logo-light-actual.png
    Diff:     test-results/visual-golden-golden-·-log-944fc--soul-baked-logo-pose-stack/logo-light-diff.png
    ────────────────────────────────────────────────────────────────────────────────────────────────

    attachment #2: screenshot (image/png) ──────────────────────────────────────────────────────────
    test-results/visual-golden-golden-·-log-944fc--soul-baked-logo-pose-stack/test-failed-1.png
    ────────────────────────────────────────────────────────────────────────────────────────────────

    Error Context: test-results/visual-golden-golden-·-log-944fc--soul-baked-logo-pose-stack/error-context.md

  1 failed
    e2e/visual-golden.spec.ts:180:1 › golden · logo wordmark (light) — W13 soul: baked logo pose stack 
  3 passed (2.0s)
