=== golden run r1 (post-remint) ===
  ✓  3 e2e/visual-golden.spec.ts:218:1 › golden · grid top-left corner (light) — W13 soul: grain-static steady layer (920ms)
  ✓  1 e2e/visual-golden.spec.ts:210:1 › golden · single cell with given glyph (light) (922ms)
  ✓  2 e2e/visual-golden.spec.ts:180:1 › golden · logo wordmark (light) — W13 soul: baked logo pose stack (980ms)
  ✓  4 e2e/visual-golden.spec.ts:203:1 › golden · toggle crest (dark, moon) — W13 soul: celestial rest pose (986ms)
  4 passed (1.7s)
=== golden run r2 (post-remint) ===
  ✓  4 e2e/visual-golden.spec.ts:210:1 › golden · single cell with given glyph (light) (895ms)
  ✓  1 e2e/visual-golden.spec.ts:218:1 › golden · grid top-left corner (light) — W13 soul: grain-static steady layer (928ms)
  ✓  3 e2e/visual-golden.spec.ts:180:1 › golden · logo wordmark (light) — W13 soul: baked logo pose stack (1.0s)
  ✘  2 e2e/visual-golden.spec.ts:203:1 › golden · toggle crest (dark, moon) — W13 soul: celestial rest pose (1.9s)
    Error: expect(page).toHaveScreenshot(expected) failed
    test-results/visual-golden-golden-·-tog-a421d-13-soul-celestial-rest-pose/test-failed-1.png
  1 failed
  3 passed (2.6s)
=== golden run r3 (post-remint) ===
  ✓  4 e2e/visual-golden.spec.ts:210:1 › golden · single cell with given glyph (light) (925ms)
  ✓  1 e2e/visual-golden.spec.ts:218:1 › golden · grid top-left corner (light) — W13 soul: grain-static steady layer (929ms)
  ✓  3 e2e/visual-golden.spec.ts:180:1 › golden · logo wordmark (light) — W13 soul: baked logo pose stack (991ms)
  ✘  2 e2e/visual-golden.spec.ts:203:1 › golden · toggle crest (dark, moon) — W13 soul: celestial rest pose (1.9s)
    Error: expect(page).toHaveScreenshot(expected) failed
    test-results/visual-golden-golden-·-tog-a421d-13-soul-celestial-rest-pose/test-failed-1.png
  1 failed
  3 passed (2.6s)
