=== r4 ===
  ✓  1 e2e/visual-golden.spec.ts:180:1 › golden · logo wordmark (light) — W13 soul: baked logo pose stack (973ms)
  ✘  2 e2e/visual-golden.spec.ts:203:1 › golden · toggle crest (dark, moon) — W13 soul: celestial rest pose (1.9s)
    Error: expect(page).toHaveScreenshot(expected) failed
      1028 pixels (ratio 0.03 of all image pixels) are different.
      - 1028 pixels (ratio 0.03 of all image pixels) are different.
      - 1028 pixels (ratio 0.03 of all image pixels) are different.
      - 1028 pixels (ratio 0.03 of all image pixels) are different.
      - 1028 pixels (ratio 0.03 of all image pixels) are different.
=== r5 ===
  ✓  4 e2e/visual-golden.spec.ts:203:1 › golden · toggle crest (dark, moon) — W13 soul: celestial rest pose (1.0s)
  ✓  3 e2e/visual-golden.spec.ts:180:1 › golden · logo wordmark (light) — W13 soul: baked logo pose stack (1.0s)
  4 passed (1.8s)
=== r6 ===
  ✓  2 e2e/visual-golden.spec.ts:180:1 › golden · logo wordmark (light) — W13 soul: baked logo pose stack (971ms)
  ✓  1 e2e/visual-golden.spec.ts:203:1 › golden · toggle crest (dark, moon) — W13 soul: celestial rest pose (1.0s)
  4 passed (1.8s)
=== r7 ===
  ✓  1 e2e/visual-golden.spec.ts:203:1 › golden · toggle crest (dark, moon) — W13 soul: celestial rest pose (1.0s)
  ✓  4 e2e/visual-golden.spec.ts:180:1 › golden · logo wordmark (light) — W13 soul: baked logo pose stack (1.0s)
  4 passed (1.8s)
=== r8 ===
  ✓  1 e2e/visual-golden.spec.ts:203:1 › golden · toggle crest (dark, moon) — W13 soul: celestial rest pose (973ms)
  ✓  4 e2e/visual-golden.spec.ts:180:1 › golden · logo wordmark (light) — W13 soul: baked logo pose stack (998ms)
  4 passed (1.8s)
