
  VITE v8.1.4  ready in 174 ms

  ➜  Local:   http://localhost:5321/
  ➜  Network: http://192.168.1.166:5321/
  ➜  Network: http://192.168.64.1:5321/
9:33:18 PM [vite] (client) hmr update /src/games/shared/GameControlPanel.vue?vue&type=style&index=0&scoped=fa75191a&lang.css, /src/assets/index.css
9:33:20 PM [vite] (client) hmr update /src/games/shared/GameControlPanel.vue?vue&type=style&index=0&scoped=fa75191a&lang.css, /src/assets/index.css
9:33:51 PM [vite] (client) hmr update /src/games/shared/GameControlPanel.vue?vue&type=style&index=0&scoped=fa75191a&lang.css, /src/assets/index.css
9:33:53 PM [vite] (client) hmr update /src/games/shared/GameControlPanel.vue?vue&type=style&index=0&scoped=fa75191a&lang.css, /src/assets/index.css
9:35:50 PM [vite] (client) hmr update /src/assets/index.css
9:35:50 PM [vite] (client) hmr update /src/assets/index.css
9:36:06 PM [vite] (client) hmr update /src/assets/index.css
9:40:06 PM [vite] (client) page reload playwright-report/index.html
9:40:28 PM [vite] (client) page reload playwright-report/index.html
9:40:36 PM [vite] (client) page reload playwright-report/index.html
9:40:39 PM [vite] (client) page reload playwright-report/index.html
9:40:42 PM [vite] (client) page reload playwright-report/index.html
9:41:00 PM [vite] (client) page reload playwright-report/index.html
9:41:04 PM [vite] (client) page reload playwright-report/index.html
9:41:08 PM [vite] (client) page reload playwright-report/index.html
9:41:13 PM [vite] (client) page reload playwright-report/index.html
9:41:13 PM [vite] (client) page reload playwright-report/index.html
9:41:13 PM [vite] (client) page reload playwright-report/index.html
9:41:17 PM [vite] (client) page reload playwright-report/index.html
9:47:40 PM [vite] (client) hmr update /src/games/sudoku/SudokuGame.vue, /src/assets/index.css
9:48:02 PM [vite] (client) page reload /Users/mkbabb/Programming/csc411/CSC411_HW2_ProgrammingQuestion/csp-solver/wasm/pkg/csp_solver_wasm_bg.wasm
9:48:02 PM [vite] (client) page reload /Users/mkbabb/Programming/csc411/CSC411_HW2_ProgrammingQuestion/csp-solver/wasm/pkg/csp_solver_wasm.js
9:48:02 PM [vite] (client) page reload /Users/mkbabb/Programming/csc411/CSC411_HW2_ProgrammingQuestion/csp-solver/wasm/pkg/csp_solver_wasm_bg.wasm
9:49:00 PM [vite] (client) page reload playwright-report/index.html
9:49:02 PM [vite] (client) page reload playwright-report/index.html
9:49:02 PM [vite] (client) page reload playwright-report/index.html
9:49:05 PM [vite] (client) page reload playwright-report/index.html
9:49:31 PM [vite] (client) page reload playwright-report/index.html
