sha1 MarginNote=4ccab75a7302 spec=ff870f213684 load=101.02 124.58 151.64 sibs=399
ARM tree (index-Dnr94Cth2vRz.js) exit=0 ::  8 passed (30.8s) 
✓  2 [chromium] › e2e/affordances.spec.ts:317:3 › drop clock: a note leaves on the rub-out's own rung — the rung re-declared on an ancestor at (0,1,0) (1.3s)
✓  1 [chromium] › e2e/affordances.spec.ts:317:3 › drop clock: a note leaves on the rub-out's own rung — a transition at (1,1,0) !important (1.4s)
✓  4 [chromium] › e2e/affordances.spec.ts:317:3 › drop clock: a note leaves on the rub-out's own rung — animation-delay !important on the leave class (1.3s)
✓  3 [chromium] › e2e/affordances.spec.ts:317:3 › drop clock: a note leaves on the rub-out's own rung — animation-duration !important on the leave class (1.8s)
✓  5 [webkit] › e2e/affordances.spec.ts:317:3 › drop clock: a note leaves on the rub-out's own rung — a transition at (1,1,0) !important (2.0s)
✓  6 [webkit] › e2e/affordances.spec.ts:317:3 › drop clock: a note leaves on the rub-out's own rung — the rung re-declared on an ancestor at (0,1,0) (2.0s)
✓  7 [webkit] › e2e/affordances.spec.ts:317:3 › drop clock: a note leaves on the rub-out's own rung — animation-duration !important on the leave class (1.7s)
✓  8 [webkit] › e2e/affordances.spec.ts:317:3 › drop clock: a note leaves on the rub-out's own rung — animation-delay !important on the leave class (1.7s)
load=129.99 129.20 152.23
ARM plant (index-BwBRf2nsZH7V.js) exit=1 ::  6 failed  2 passed (22.5s) 
✓  1 [chromium] › e2e/affordances.spec.ts:317:3 › drop clock: a note leaves on the rub-out's own rung — a transition at (1,1,0) !important (1.4s)
✘  2 [chromium] › e2e/affordances.spec.ts:317:3 › drop clock: a note leaves on the rub-out's own rung — the rung re-declared on an ancestor at (0,1,0) (3.0s)
✘  3 [chromium] › e2e/affordances.spec.ts:317:3 › drop clock: a note leaves on the rub-out's own rung — animation-duration !important on the leave class (3.4s)
✓  5 [webkit] › e2e/affordances.spec.ts:317:3 › drop clock: a note leaves on the rub-out's own rung — a transition at (1,1,0) !important (2.4s)
✘  6 [webkit] › e2e/affordances.spec.ts:317:3 › drop clock: a note leaves on the rub-out's own rung — the rung re-declared on an ancestor at (0,1,0) (3.5s)
✘  4 [chromium] › e2e/affordances.spec.ts:317:3 › drop clock: a note leaves on the rub-out's own rung — animation-delay !important on the leave class (3.4s)
✘  7 [webkit] › e2e/affordances.spec.ts:317:3 › drop clock: a note leaves on the rub-out's own rung — animation-duration !important on the leave class (3.7s)
✘  8 [webkit] › e2e/affordances.spec.ts:317:3 › drop clock: a note leaves on the rub-out's own rung — animation-delay !important on the leave class (3.2s)
    Expected: 150
    Received: 900
    Expected: 150
    Received: 900
    Expected: 0
    Received: 0.75
    Expected: 150
    Received: 900
    Expected: 150
    Received: 900
    Expected: 0
    Received: 0.75
load=138.04 131.11 152.38
DROPDONE
