bound-census plant · a plain bound prop the sink paints: 1 problem(s) — RED as required
bound-census plant · an arrow handler before it (`>` inside quotes): 1 problem(s) — RED as required
bound-census plant · a comparison before it (`>` inside quotes): 1 problem(s) — RED as required
bound-census plant · a kebab prop painted camelCase: 1 problem(s) — RED as required
bound-census plant · a v-bind object: 1 problem(s) — RED as required
bound-census plant · a prop painted through a computed: 1 problem(s) — RED as required
bound-census plant · an ALIAS import (`import Band from './StageSink.vue'`): 1 problem(s) — RED as required
bound-census plant · a KEBAB tag (`<stage-sink>`): 1 problem(s) — RED as required
bound-census plant · a NON-LITERAL `v-bind="obj"`: 1 problem(s) — RED as required
bound-census plant · an UNQUOTED value (`:text=x`): 1 problem(s) — RED as required
bound-census plant · a DYNAMIC argument (`v-bind:[k]`): 1 problem(s) — RED as required
bound-census plant · a DYNAMIC shorthand (`:[k]`): 1 problem(s) — RED as required
bound-census plant · CONTROL — a binding inside an HTML comment: 0 problem(s) — GREEN as required
bound-census plant · CONTROL — a non-literal v-bind on a sink that paints no prop: 0 problem(s) — GREEN as required
bound-census plant · CONTROL — an alias import of a sink that paints no prop: 0 problem(s) — GREEN as required
bound-census plant · CONTROL — a bound prop the sink never paints: 0 problem(s) — GREEN as required
bound-census plant · CONTROL — a computed the template never reads: 0 problem(s) — GREEN as required
bound-census live · StagingBand :safe-verb / :saved-pair discovered: true / true
admission plant · the card's site obeys (no separator left): 1 problem(s) — RED as required
admission plant · a third admitted codepoint (over the ceiling): 2 problem(s) — RED as required
admission plant · CONTROL — the tree as it stands: 0 problem(s) — GREEN as required
admission plant · the record's group with `closed: true` deleted: 1 problem(s) — RED as required
admission plant · CONTROL — the closed flags as they stand: 0 problem(s) — GREEN as required
font coverage OK — 2 subset faces, each covered as authored AND as transformed, each corpus a superset of what 150 src files actually render:
  Fraunces: 30 codepoints, 14636 B, 8 declared strings over 2 group(s), each derived
  Patrick Hand: 46 codepoints, 4312 B, 39 declared strings over 6 group(s), each derived
  bound tapes: 22 pinned · WRITEABLE == the hand cut, both directions
  departures (declared, no longer rendered — the cut stays a superset on purpose):
    Fraunces · .section-heading: "Board Size"
    Patrick Hand · .washi-tag (compartment names) + the tapes: "teacher's"
  admissions (T9-W7 §7 — the margin's vocabulary the 46-codepoint cut does not hold; the
  ballot is R6 law 30, twice declined, and the estimate to close it is 46 → 54 ≈ +750 B.
  Each row reds this gate from the other side the day the re-cut lands):
    Patrick Hand · U+0078 "x" — HOUSE_WORD.box — every 9×9 box arm; watched by the corpus above
    Patrick Hand · U+0041 "A" — 10 at 16×16 (glyphRegistry display char); watched by font-census.spec.ts
    Patrick Hand · U+0042 "B" — 11 at 16×16; watched by font-census.spec.ts
    Patrick Hand · U+0044 "D" — 13 at 16×16; watched by font-census.spec.ts
    Patrick Hand · U+0045 "E" — 14 at 16×16 — on camera at HEAD; watched by font-census.spec.ts
    Patrick Hand · U+0046 "F" — 15 at 16×16; watched by font-census.spec.ts
    Patrick Hand · U+0047 "G" — 16 at 16×16; watched by font-census.spec.ts
    Patrick Hand · U+00B7 "·" — the tally's separator, .margin-note-meta; watched by font-census.spec.ts
