@theme declared: 63
unreferenced (corpus only):     0
unreferenced (transitive rule): 0

law 20 (chrome names the RUNG, never the STOP): 0 offence(s) · 1 stop admission(s) by element · 1 reference admission(s) by file

ladder registration: 7 rungs, 0 breaches
negative control (delete --motion-whisper's block): RED as required
negative control (nest every rung in :root {} (7)): RED as required
negative control (a second registration in typography.css): RED as required
negative control (one in a SECOND <style> block of an SFC): RED as required
negative control (one in index.html): RED as required
negative control (one in public/): RED as required
negative control (a script emitter): RED as required
negative control (a stray rung in another sheet): RED as required
negative control (one after a CSS string holding /*): RED as required
negative control (the home's own copy after a CSS string holding /*): RED as required

negative control (re-add --color-input): RED as required
negative control (plant a 4th alias --color-crayon-amber): RED as required
law-20 plant (a chrome rule names a stop): RED as required
law-20 twin (the same rule names the rung): GREEN as required
law-20 admission (#solver-ink's own element, own file): GREEN as required
law-20 window holes (proximity ×2 + the file's chrome twin): RED ×3 as required
law-20 url plant · the panel's sparkle re-aimed at #solver-ink (the critic's bypass, the REAL file): 2 offence(s) — RED as required
law-20 url plant · a quoted reference from chrome: 1 offence(s) — RED as required
law-20 url plant · a SECOND consumer in the admitted file (over its value): 1 offence(s) — RED as required
law-20 url plant · the admitted file with its one consumer struck (STALE): 1 offence(s) — RED as required
law-20 url plant · (a) #sparkle-rainbow inherits #solver-ink's stops by href, its own stops struck: 1 offence(s) — RED as required
law-20 url plant · (a') the same by xlink:href: 1 offence(s) — RED as required
law-20 url plant · (b) chrome `:stroke` with a dynamic url(#${inkId}) (the panel, the estate's own idiom): 1 offence(s) — RED as required
law-20 url plant · (b') a CSS `fill:` with a dynamic url in a style object: 1 offence(s) — RED as required
law-20 url plant · (c) the admitted consumer struck, a comment keeps the count: 1 offence(s) — RED as required
law-20 url plant · (c') the same with a block comment: 1 offence(s) — RED as required
law-20 url plant · CONTROL — a dynamic id on `filter=` (the logo, the REAL file): 0 offence(s) — GREEN as required
law-20 url plant · CONTROL — the gradient file as it stands: 0 offence(s) — GREEN as required
law-20 url plant · CONTROL — the admitted file as it stands: 0 offence(s) — GREEN as required
law-20 url plant · CONTROL — an e2e selector reading the reference: 0 offence(s) — GREEN as required

custom properties declared in src: 158 (114 global; the rest file-local)
cross-file inheritances ledgered: 3 · stale: 0
bare var() naming no declaration — TIMING slots: 0
bare var() naming no declaration — any other slot: 0
conditional tokens (tailed root / conditional at-rule, no bare-root twin): 0 · scoped-root declarations (dead): 0
fallbacks on a REGISTERED token (masked defaults): 0

self-test consumer: the note's real slot (--motion-note → the ghost)
reverse controls: 1 undeclared token in a duration slot RED as required · 2 undeclared token elsewhere RED as required · 3 the hook form green as required
scope controls: 4 PLANT B (declared in another component's scoped style) RED as required · 5 the same token at :root green as required · 6a a ghost ledger row STALE as required · 6b a live crossing un-ledgered RED as required
scope-hole controls (pass 6): 7 S1 scoped :root RED as required · 7b S4 scoped html RED as required · 7c S3 scoped *.margin-note RED as required · 7d :global(:root) green as required · 8 S2 html.theme-turning only RED as required · 8b same-class consumer green as required · 8c tail + bare root green as required · 9 @media-only root RED as required
template-site controls (pass 6, X5): 10 style= undeclared RED as required · 10b :style string undeclared RED as required · 10c style= fallback on a registered rung MASKED as required · 10d the rung bare green as required

check-theme-tokens: 0 unreferenced @theme tokens, 0 undefined references, 0 law-20 offences
