vite v8.1.4 building client environment for production...

 WARN  advancedChunks option is deprecated, please use codeSplitting instead.

[2Ktransforming...✓ 229 modules transformed.
rendering chunks...
computing gzip size...
dist/index.html                                      3.01 kB │ gzip:  1.22 kB
dist/assets/firacode-subset-CbuNTc2aGjcY.woff2       3.62 kB
dist/assets/patrickhand-subset-BqV1besB36ib.woff2    4.31 kB
dist/assets/avatar-biqsjs3dzERf.png                  6.09 kB
dist/assets/fraunces-subset-nWzWvP1GNv2C.woff2      13.78 kB
dist/assets/solver.worker-CiwFumri.js               22.47 kB
dist/assets/csp_solver_wasm_bg-Cy09b5He.wasm       121.13 kB │ gzip: 49.17 kB
dist/assets/FutoshikiPoster-D9LDNJs_lqtS.css         0.28 kB │ gzip:  0.16 kB
dist/assets/PosterBoard-DDdWOzWzVgXD.css             0.39 kB │ gzip:  0.21 kB
dist/assets/spec-CAxGeu14Qq5g.css                    0.44 kB │ gzip:  0.25 kB
dist/assets/AnswerKeyLaminate-DQ8Zd4NTTWD3.css       0.89 kB │ gzip:  0.40 kB
dist/assets/CageOverlay-C4AEADXWxKx0.css             0.91 kB │ gzip:  0.35 kB
dist/assets/ThermoTube-BuYfyXhY4ACx.css              0.98 kB │ gzip:  0.33 kB
dist/assets/index-aTdSgZN6bj0x.css                  75.29 kB │ gzip: 15.59 kB
dist/assets/wire-BWlVgVoRtNtz.js                     0.17 kB │ gzip:  0.16 kB
dist/assets/ThermoPoster-C2ySre13v3ES.js             0.47 kB │ gzip:  0.35 kB
dist/assets/SudokuPoster-DFhDcsgbUn-c.js             0.51 kB │ gzip:  0.34 kB
dist/assets/clue-T9LEF4Uz-0WA.js                     0.52 kB │ gzip:  0.33 kB
dist/assets/KillerPoster-BxYol_INS6p3.js             0.68 kB │ gzip:  0.43 kB
dist/assets/clue-D2rvpoq_jBXM.js                     0.75 kB │ gzip:  0.46 kB
dist/assets/clue-CjMrWdeIG8MY.js                     0.84 kB │ gzip:  0.50 kB
dist/assets/KenKenPoster-skNH5b3W3tzU.js             1.03 kB │ gzip:  0.51 kB
dist/assets/FutoshikiPoster-YfnDe67JI9Pv.js          1.05 kB │ gzip:  0.65 kB
dist/assets/ThermoTube-CuwG2-KMNEOe.js               1.18 kB │ gzip:  0.72 kB
dist/assets/CageOverlay-WkmDpfqIK1NP.js              1.73 kB │ gzip:  0.98 kB
dist/assets/spec-B1F803zL28Zj.js                     2.07 kB │ gzip:  1.01 kB
dist/assets/spec-DjZGVXKKYIv7.js                     2.17 kB │ gzip:  1.03 kB
dist/assets/AnswerKeyLaminate-DRHIYrlR0Q3y.js        2.30 kB │ gzip:  1.31 kB
dist/assets/PosterBoard-DXt13quhOdZD.js              2.34 kB │ gzip:  1.08 kB
dist/assets/spec-rb2X1a3a7hEb.js                     2.35 kB │ gzip:  1.14 kB
dist/assets/spec-1KJRV0CS6Jl0.js                     3.25 kB │ gzip:  1.50 kB
dist/assets/animation-vendor-BISdRVo5DPrM.js        11.05 kB │ gzip:  4.55 kB
dist/assets/vue-vendor-BZlvHBt1ZB_s.js              84.17 kB │ gzip: 33.59 kB
dist/assets/index-_eSj3LtWOe4u.js                  222.41 kB │ gzip: 84.87 kB

✓ built in 357ms
