AUDIT: BUILT-DIST LANE, ALL FIVE PROJECTS — the fifth (throttled-void) RUN, not named
  served from MY dist-p5head at :4233 via PLAYWRIGHT_BASE_URL (:4188 untouched) — 2026-08-02T06:19:45Z

Running 39 tests using 9 workers

  ✓   3 [filter-census-chromium] › e2e/filter-census.spec.ts:468:1 › G3.2 · source `forwards|both` fill sites equal FILL_ALLOWLIST exactly (8ms)
  ✓   1 [throttled-void] › e2e/throttled-void.spec.ts:39:1 › throttled first-select void recovers: loader or board-shell within budget (1.8s)
  ✓   4 [filter-census-chromium] › e2e/filter-census.spec.ts:409:1 › G3.5 · no :hover state mints a live filter — PICKER regime (built dist) (2.3s)
  ✓   6 [filter-census-chromium] › e2e/filter-census.spec.ts:294:3 › G3.3 · the coarse regime › G3.3 · live-filter census holds below 1024 (built dist) (2.7s)
  ✓  13 [filter-census-webkit] › e2e/filter-census.spec.ts:468:1 › G3.2 · source `forwards|both` fill sites equal FILL_ALLOWLIST exactly (11ms)
  ✓   5 [filter-census-chromium] › e2e/filter-census.spec.ts:423:1 › G3.2 · no retained fill supplies a computed transform (built dist) (3.3s)
  ✓   8 [filter-census-chromium] › e2e/filter-census.spec.ts:274:1 › G3.1 · live-filter census equals filterBudget.ts exactly, area and all (built dist) (3.4s)
  ✓   2 [filter-census-chromium] › e2e/filter-census.spec.ts:402:1 › G3.5 · no :hover state mints a live filter — board regime (built dist) (3.6s)
  ✓   9 [filter-census-webkit] › e2e/filter-census.spec.ts:274:1 › G3.1 · live-filter census equals filterBudget.ts exactly, area and all (built dist) (4.1s)
  ✓   7 [filter-census-webkit] › e2e/filter-census.spec.ts:294:3 › G3.3 · the coarse regime › G3.3 · live-filter census holds below 1024 (built dist) (4.2s)
  ✓  11 [filter-census-webkit] › e2e/filter-census.spec.ts:409:1 › G3.5 · no :hover state mints a live filter — PICKER regime (built dist) (3.4s)
  ✓  10 [filter-census-webkit] › e2e/filter-census.spec.ts:402:1 › G3.5 · no :hover state mints a live filter — board regime (built dist) (5.6s)
  ✓  14 [wordmark-webkit] › e2e/wordmark-integrity.spec.ts:180:5 › G3.4 · wordmark integrity (WebKit, built dist) › sudoku: baked ink sits inside its own box on all four edges (2.7s)
  ✓  12 [filter-census-webkit] › e2e/filter-census.spec.ts:423:1 › G3.2 · no retained fill supplies a computed transform (built dist) (4.0s)
  ✓  15 [wordmark-webkit] › e2e/wordmark-integrity.spec.ts:180:5 › G3.4 · wordmark integrity (WebKit, built dist) › futoshiki: baked ink sits inside its own box on all four edges (2.9s)
  ✓  16 [wordmark-webkit] › e2e/wordmark-integrity.spec.ts:180:5 › G3.4 · wordmark integrity (WebKit, built dist) › thermo: baked ink sits inside its own box on all four edges (2.7s)
  ✓  17 [wordmark-webkit] › e2e/wordmark-integrity.spec.ts:180:5 › G3.4 · wordmark integrity (WebKit, built dist) › killer: baked ink sits inside its own box on all four edges (2.8s)
  ✓  19 [wordmark-webkit] › e2e/wordmark-integrity.spec.ts:180:5 › G3.4 · wordmark integrity (WebKit, built dist) › kenken: baked ink sits inside its own box on all four edges (2.6s)
  ✓  18 [wordmark-webkit] › e2e/wordmark-integrity.spec.ts:232:3 › G3.4 · wordmark integrity (WebKit, built dist) › all five labels render every glyph in Fraunces — zero fallback glyphs (2.8s)
  ✓  21 [theme-bake-chromium] › e2e/theme-bake-freshness.spec.ts:252:7 › G4.5 · baked ink survives one theme toggle (from light) › futoshiki light → dark: both baked surfaces re-ink (2.7s)
  ✓  22 [theme-bake-chromium] › e2e/theme-bake-freshness.spec.ts:252:7 › G4.5 · baked ink survives one theme toggle (from light) › thermo light → dark: both baked surfaces re-ink (2.8s)
  ✓  20 [theme-bake-chromium] › e2e/theme-bake-freshness.spec.ts:252:7 › G4.5 · baked ink survives one theme toggle (from light) › sudoku light → dark: both baked surfaces re-ink (3.3s)
  ✓  24 [theme-bake-chromium] › e2e/theme-bake-freshness.spec.ts:252:7 › G4.5 · baked ink survives one theme toggle (from light) › kenken light → dark: both baked surfaces re-ink (3.0s)
  ✓  23 [theme-bake-chromium] › e2e/theme-bake-freshness.spec.ts:252:7 › G4.5 · baked ink survives one theme toggle (from light) › killer light → dark: both baked surfaces re-ink (3.3s)
  ✓  25 [theme-bake-chromium] › e2e/theme-bake-freshness.spec.ts:252:7 › G4.5 · baked ink survives one theme toggle (from dark) › sudoku dark → light: both baked surfaces re-ink (3.3s)
  ✓  26 [theme-bake-chromium] › e2e/theme-bake-freshness.spec.ts:252:7 › G4.5 · baked ink survives one theme toggle (from dark) › futoshiki dark → light: both baked surfaces re-ink (2.7s)
  ✓  27 [theme-bake-chromium] › e2e/theme-bake-freshness.spec.ts:252:7 › G4.5 · baked ink survives one theme toggle (from dark) › thermo dark → light: both baked surfaces re-ink (3.2s)
  ✓  28 [theme-bake-chromium] › e2e/theme-bake-freshness.spec.ts:252:7 › G4.5 · baked ink survives one theme toggle (from dark) › killer dark → light: both baked surfaces re-ink (3.3s)
  ✓  29 [theme-bake-chromium] › e2e/theme-bake-freshness.spec.ts:252:7 › G4.5 · baked ink survives one theme toggle (from dark) › kenken dark → light: both baked surfaces re-ink (3.0s)
  ✓  31 [theme-bake-webkit] › e2e/theme-bake-freshness.spec.ts:252:7 › G4.5 · baked ink survives one theme toggle (from light) › futoshiki light → dark: both baked surfaces re-ink (3.4s)
  ✓  30 [theme-bake-webkit] › e2e/theme-bake-freshness.spec.ts:252:7 › G4.5 · baked ink survives one theme toggle (from light) › sudoku light → dark: both baked surfaces re-ink (3.5s)
  ✓  32 [theme-bake-webkit] › e2e/theme-bake-freshness.spec.ts:252:7 › G4.5 · baked ink survives one theme toggle (from light) › thermo light → dark: both baked surfaces re-ink (3.8s)
  ✓  33 [theme-bake-webkit] › e2e/theme-bake-freshness.spec.ts:252:7 › G4.5 · baked ink survives one theme toggle (from light) › killer light → dark: both baked surfaces re-ink (3.7s)
  ✓  34 [theme-bake-webkit] › e2e/theme-bake-freshness.spec.ts:252:7 › G4.5 · baked ink survives one theme toggle (from light) › kenken light → dark: both baked surfaces re-ink (3.6s)
  ✓  35 [theme-bake-webkit] › e2e/theme-bake-freshness.spec.ts:252:7 › G4.5 · baked ink survives one theme toggle (from dark) › sudoku dark → light: both baked surfaces re-ink (3.7s)
  ✓  37 [theme-bake-webkit] › e2e/theme-bake-freshness.spec.ts:252:7 › G4.5 · baked ink survives one theme toggle (from dark) › thermo dark → light: both baked surfaces re-ink (3.3s)
  ✓  36 [theme-bake-webkit] › e2e/theme-bake-freshness.spec.ts:252:7 › G4.5 · baked ink survives one theme toggle (from dark) › futoshiki dark → light: both baked surfaces re-ink (3.4s)
  ✓  38 [theme-bake-webkit] › e2e/theme-bake-freshness.spec.ts:252:7 › G4.5 · baked ink survives one theme toggle (from dark) › killer dark → light: both baked surfaces re-ink (3.3s)
  ✓  39 [theme-bake-webkit] › e2e/theme-bake-freshness.spec.ts:252:7 › G4.5 · baked ink survives one theme toggle (from dark) › kenken dark → light: both baked surfaces re-ink (3.0s)

  39 passed (18.5s)
