AUDIT: FULL DEFAULT e2e on dist-p5head :4233 — 2026-08-02T06:16:17Z

Running 271 tests using 9 workers

  ✓    8 [chromium] › e2e/a11y.spec.ts:194:5 › 3.1 rowsPerGrid › kenken: the AX tree reads grid → row → gridcell, N rows of N cells (1.2s)
  ✓    3 [chromium] › e2e/a11y.spec.ts:194:5 › 3.1 rowsPerGrid › futoshiki: the AX tree reads grid → row → gridcell, N rows of N cells (1.3s)
  ✓    7 [chromium] › e2e/a11y.spec.ts:324:3 › 3.3 optionsInPicker › the picker publishes five named, AX-visible options (1.3s)
  ✓    2 [chromium] › e2e/a11y.spec.ts:194:5 › 3.1 rowsPerGrid › killer: the AX tree reads grid → row → gridcell, N rows of N cells (1.4s)
  ✓    9 [chromium] › e2e/a11y.spec.ts:194:5 › 3.1 rowsPerGrid › thermo: the AX tree reads grid → row → gridcell, N rows of N cells (1.4s)
  ✓    6 [chromium] › e2e/a11y.spec.ts:194:5 › 3.1 rowsPerGrid › sudoku: the AX tree reads grid → row → gridcell, N rows of N cells (1.5s)
  ✓   11 [chromium] › e2e/a11y.spec.ts:394:3 › 3.4 ctrlKDoesNotPeek › a keyboard-shortcuts help names k, g, h, p and d (1.2s)
  ✓    1 [chromium] › e2e/a11y.spec.ts:273:3 › 3.2 guardAnnounced › the armed guard contains focus (aria-modal + focus inside the dialog) (2.6s)
  ✓   12 [chromium] › e2e/a11y.spec.ts:425:3 › 3.5 unnamedImages › a dealt board publishes zero unnamed image nodes (1.3s)
  ✓    4 [chromium] › e2e/a11y.spec.ts:253:3 › 3.2 guardAnnounced › arming the destructive-work guard announces its armed state (2.6s)
  ✓   13 [chromium] › e2e/a11y.spec.ts:444:3 › 3.5 unnamedImages › a filled cell announces its value exactly once (1.3s)
  ✓   14 [chromium] › e2e/a11y.spec.ts:490:3 › 3.6 stability › the grid invariants track N (4×4 and 9×9), never a magic total (2.3s)
  ✓   18 [chromium] › e2e/affordances.spec.ts:205:1 › tally: solve writes "N backtracks — Xms" in the note meta; the next edit clears it (1.3s)
  ✓   19 [chromium] › e2e/affordances.spec.ts:229:1 › undo: Ctrl+Z reverts, Ctrl+Shift+Z redoes, Meta+Z works, plain z is not swallowed (1.3s)
  ✓   17 [chromium] › e2e/affordances.spec.ts:155:1 › stale-note: teacher-red and gold-star notes clear on the next edit (1.5s)
  ✓   20 [chromium] › e2e/affordances.spec.ts:263:1 › fill batch: one Fill sweep undoes as ONE gesture, redo re-fills (1.4s)
  ✓   10 [chromium] › e2e/a11y.spec.ts:370:3 › 3.4 ctrlKDoesNotPeek › Ctrl+K and Cmd+K never trigger the single-key peek (3.0s)
  ✓   15 [chromium] › e2e/a11y.spec.ts:506:3 › 3.6 stability › the invariants survive a re-deal (deal-variant figures never asserted) (2.8s)
  ✓    5 [chromium] › e2e/a11y.spec.ts:296:3 › 3.2 guardAnnounced › a second Enter cannot discard the board unheard (4.4s)
  ✓   26 [chromium] › e2e/board-covisibility.spec.ts:55:3 › mark 6 — the band dissolves › the tally files with the deal, and the strip it left can still be seen (337ms)
  ✓   27 [chromium] › e2e/board-covisibility.spec.ts:91:3 › mark 6 — the band dissolves › the strip below the board is one reserved line — no more, and no less (375ms)
  ✓   16 [chromium] › e2e/affordances.spec.ts:102:1 › print: chrome hidden, black strokes, washes stripped (CSS-only) (2.3s)
  ✓   29 [chromium] › e2e/board-covisibility.spec.ts:216:3 › mark 6 — the band dissolves › the grade crests on the board — the celebration never moves the page (324ms)
  ✓   30 [chromium] › e2e/board-covisibility.spec.ts:267:3 › the board fits the viewport it is drawn in › a landscape phone gets a board no larger than the screen it is drawn on (435ms)
  ✓   23 [chromium] › e2e/affordances.spec.ts:357:1 › marks-gesture: no marks pre-peek, K shows them, Esc clears them (1.3s)
  ✓   21 [chromium] › e2e/affordances.spec.ts:294:1 › permalink: share writes ?board= and a reload reproduces the exact board (1.6s)
  ✓   22 [chromium] › e2e/affordances.spec.ts:333:1 › hint: first H names the technique + highlights, second H inks the digit (1.4s)
  ✓   28 [chromium] › e2e/board-covisibility.spec.ts:143:3 › mark 6 — the band dissolves › a solved board prints its tally exactly once, at every width (1.0s)
  ✓   24 [chromium] › e2e/affordances.spec.ts:376:1 › composed keyboard: K-peek from cell focus + roving tabindex (Ctrl+Home/End) + undo in one session (1.6s)
  ✓   25 [chromium] › e2e/affordances.spec.ts:458:1 › composed keyboard (futoshiki twin): K-peek from cell focus + roving + undo in one session (1.6s)
  ✓   33 [chromium] › e2e/drawer.spec.ts:37:1 › drawer: default open — tab present (≥44px), aria wired, controls visible (822ms)
  ✓   37 [chromium] › e2e/drawer.spec.ts:248:3 › drawer under prefers-reduced-motion › PRM: toggle is an instant state swap — no glide class, immediate layout (570ms)
  ✓   31 [chromium] › e2e/board-covisibility.spec.ts:365:3 › the board fits the viewport it is drawn in › the board hangs no further below the fold than the chrome above it (1.2s)
  ✓   39 [chromium] › e2e/font-census.spec.ts:154:1 › no string renders in two faces except the ones this estate has ledgered (481ms)
  ✓   40 [chromium] › e2e/futoshiki.spec.ts:45:1 › gallery switches to futoshiki: default board renders with inequality carets (1.1s)
  ✓   38 [chromium] › e2e/drawer.spec.ts:281:3 › drawer below the row regime › <1024: no tab, stacked panel in flow exactly as today (1.5s)
  ✓   42 [chromium] › e2e/futoshiki.spec.ts:97:1 › blank cell accepts input via pointer + on-screen affordance (1.2s)
  ✓   43 [chromium] › e2e/futoshiki.spec.ts:131:1 › solve: a fresh generated board solves to solve-success (1.1s)
  ✓   32 [chromium] › e2e/board-covisibility.spec.ts:297:3 › the board fits the viewport it is drawn in › turning the phone does not shrink the cell a finger has to hit (2.4s)
  ✓   44 [chromium] › e2e/gallery-deal.spec.ts:72:1 › band: a sibling of the listbox, never a control inside role=option (575ms)
  ✓   45 [chromium] › e2e/gallery-deal.spec.ts:150:1 › cold start: an UNMOUNTED game reports its saved board and offers resume (554ms)
  ✓   47 [chromium] › e2e/gallery-deal.spec.ts:189:1 › cold start: GIVENS ARE NOT WORK — a dealt, untouched board reads "dealt" (366ms)
  ✓   41 [chromium] › e2e/futoshiki.spec.ts:72:1 › size switching: 4×4/5×5/6×6/7×7 each change the board cell count (1.8s)
  ✓   36 [chromium] › e2e/drawer.spec.ts:211:1 › drawer: keyboard shortcuts (undo, K-peek) work with the drawer closed (2.5s)
  ✓   46 [chromium] › e2e/gallery-deal.spec.ts:178:1 › cold start: a game with NO board offers start, and the card keeps its range line (617ms)
  ✓   34 [chromium] › e2e/drawer.spec.ts:58:1 › drawer: close glides transform-only, board grows ≥24px + centers, persists (2.7s)
  ✓   49 [chromium] › e2e/gallery-deal.spec.ts:243:1 › guard: the NEGATIVE control — an untouched target board deals straight through (825ms)
  ✓   48 [chromium] › e2e/gallery-deal.spec.ts:210:1 › guard: a deal onto ANOTHER game with work on it arms the ribbon (1.3s)
  ✓   55 [chromium] › e2e/gallery-deal.spec.ts:492:1 › deal: a cross-game deal lands the TARGET game at the STAGED pair (739ms)
  ✓   53 [chromium] › e2e/gallery-deal.spec.ts:451:1 › guard: a dirty SAME-game deal raises the ribbon too — the subsumption, gated (987ms)
  ✓   52 [chromium] › e2e/gallery-deal.spec.ts:374:1 › guard: when BOTH boards hold work the sub-line says so (1.1s)
  ✓   56 [chromium] › e2e/gallery-deal.spec.ts:522:1 › deal: a same-game deal rides the BRIDGE — the staged pair, and no remount (569ms)
  ✓   54 [chromium] › e2e/gallery-deal.spec.ts:474:1 › guard: a PRISTINE mounted board deals across with no ribbon (the source-arm control) (1.2s)
  ✓   57 [chromium] › e2e/gallery-deal.spec.ts:542:1 › deal: a same-game deal issued BEFORE the scene mounts still lands the staged pair (580ms)
  ✓   51 [chromium] › e2e/gallery-deal.spec.ts:350:1 › guard: a cross-game deal ABANDONS the mounted board — dirty sudoku, clean target, ribbon (1.7s)
  ✓   50 [chromium] › e2e/gallery-deal.spec.ts:266:1 › guard: the `d` hotkey routes through the SAME ribbon, from the deck AND from the band (1.7s)
  ✓   35 [chromium] › e2e/drawer.spec.ts:175:1 › drawer: open focuses the first control; Esc closes from within and returns focus to the tab (4.3s)
  ✓   61 [chromium] › e2e/gallery-deal.spec.ts:697:1 › a11y: the live region carries the staged pair and the board state (681ms)
  ✓   58 [chromium] › e2e/gallery-deal.spec.ts:613:1 › safe verb: `start` HONOURS the staged pair (a game with no board has none to restore) (859ms)
  ✓   59 [chromium] › e2e/gallery-deal.spec.ts:631:1 › safe verb: `resume` PRINTS the saved pair the moment the chips wander off it (852ms)
  ✓   63 [chromium] › e2e/gallery-guard.spec.ts:65:1 › snap chime: the centered card carries a scribble underline; flanks do not (543ms)
  ✓   60 [chromium] › e2e/gallery-deal.spec.ts:668:1 › safe verb: a wandered pair cannot OUTLIVE the transaction (1.0s)
  ✓   62 [chromium] › e2e/gallery-guard.spec.ts:49:1 › dropdown retired: the wordmark opens the gallery; no listbox affordance remains (885ms)
  ✓   68 [chromium] › e2e/gallery.spec.ts:22:1 › gallery: ?view=gallery lands in the carousel — listbox roles, labels, focus, pips (464ms)
  ✓   69 [chromium] › e2e/gallery.spec.ts:60:1 › gallery: keyboard step moves the snap, announces it, and updates aria + pips (829ms)
  ✓   71 [chromium] › e2e/gallery.spec.ts:114:1 › gallery: Escape cancels back to the board, no swap, ?view cleared (582ms)
  ✓   67 [chromium] › e2e/gallery-guard.spec.ts:139:1 › guard: selecting the same game never asks, even when the board is dirty (962ms)
  ✓   70 [chromium] › e2e/gallery.spec.ts:98:1 › gallery: Enter on futoshiki selects it — board swaps, ?game set, ?view cleared (884ms)
  ✓   66 [chromium] › e2e/gallery-guard.spec.ts:125:1 › guard: a pristine board switches to a different game with no ribbon (1.2s)
  ✓   64 [chromium] › e2e/gallery-guard.spec.ts:82:1 › guard: dirty + different arms the ribbon; leave abandons the marks and switches (1.5s)
  ✓   72 [chromium] › e2e/gallery.spec.ts:126:1 › gallery: `g` opens the gallery from playing; a `g` typed into a cell does not (903ms)
  ✓   75 [chromium] › e2e/gallery.spec.ts:209:3 › gallery on a 375 phone › 375: one card near-fills the width, a neighbor peeks, pips present (380ms)
  ✓   65 [chromium] › e2e/gallery-guard.spec.ts:106:1 › guard: keep dismisses the ribbon, stays in the gallery, board unchanged (1.7s)
  ✓   74 [chromium] › e2e/gallery.spec.ts:181:3 › gallery under prefers-reduced-motion › PRM: open is an instant cut — gallery present, no tweening (592ms)
  ✓   73 [chromium] › e2e/gallery.spec.ts:152:1 › gallery: only the centered card boils — a flank frame is inert + frozen (1.2s)
  ✓   76 [chromium] › e2e/mobile-platform.spec.ts:86:3 › ios-discipline (iPhone-geometry coarse) › the board scene contains overscroll (no rubber-band / scroll-chain) (1.2s)
  ✓   77 [chromium] › e2e/mobile-platform.spec.ts:97:3 › ios-discipline (iPhone-geometry coarse) › game surfaces suppress selection + the double-tap-zoom delay (long-press-clean) (1.2s)
  ✓   78 [chromium] › e2e/mobile-platform.spec.ts:140:3 › ios-discipline (iPhone-geometry coarse) › tap-highlight + text-size-adjust are delivered (preflight) app-wide (1.2s)
  ✓   79 [chromium] › e2e/mobile-platform.spec.ts:176:3 › ios-discipline (iPhone-geometry coarse) › viewport opts into the notch + the fixed toggle pads clear of the safe area (1.1s)
  ✓   85 [chromium] › e2e/permalink.spec.ts:64:1 › board-only ?board= URL loads the encoded board (sudoku) (465ms)
  ✓   82 [chromium] › e2e/mobile-platform.spec.ts:415:3 › landscape phone (~844×390, coarse) › no horizontal overflow; entry works (1.2s)
  ✓   86 [chromium] › e2e/permalink.spec.ts:78:1 › mismatched ?board=/?size= falls closed to the size path (sudoku) (493ms)
  ✓   81 [chromium] › e2e/mobile-platform.spec.ts:307:3 › the 296px keypad band (measured constant, driven through the composable) › every control can be seated clear of the keypad, verb and deepest chip alike (1.4s)
  ✓   88 [chromium] › e2e/permalink.spec.ts:118:1 › randomize drops ?board= from the URL (sudoku) (630ms)
  ✓   84 [chromium] › e2e/mobile-platform.spec.ts:443:3 › large iPad landscape (≥1024, coarse → desktop drawer layout) › the drawer tab is a clean ≥44px tap target and toggles the rail (1.4s)
  ✓   83 [chromium] › e2e/mobile-platform.spec.ts:429:3 › iPad portrait (<1024, coarse, stacked) › no horizontal overflow; entry works (1.6s)
  ✓   91 [chromium] › e2e/permalink.spec.ts:168:1 › an untagged ?board= body fails closed, never a board (sudoku) (466ms)
  ✓   89 [chromium] › e2e/permalink.spec.ts:131:1 › the share affordance writes ?board= on the explicit act (sudoku) (666ms)
  ✓   90 [chromium] › e2e/permalink.spec.ts:147:1 › board-only ?board= loads a futoshiki board with its inequalities, randomize drops it (638ms)
  ✓   80 [chromium] › e2e/mobile-platform.spec.ts:251:3 › keyboard-avoid (emulated visualViewport) › a focused below-fold cell scrolls clear of the emulated keyboard band (2.0s)
  ✓   87 [chromium] › e2e/permalink.spec.ts:90:1 › game switch leaves no foreign board/size params in the URL (1.2s)
  ✓   92 [chromium] › e2e/permalink.spec.ts:218:3 › share writes a REAL ?board= and it round-trips the board (thermo) (1.1s)
  ✓   96 [chromium] › e2e/share-truth.spec.ts:82:1 › sudoku share failure: "couldn't copy" signal, link still live in the address bar (730ms)
  ✓   98 [chromium] › e2e/share-truth.spec.ts:123:1 › sudoku corrupt ?board= surfaces the margin-voice notice (663ms)
  ✓   97 [chromium] › e2e/share-truth.spec.ts:101:1 › futoshiki share failure: the same "couldn't copy" signal (twin) (714ms)
  ✓   95 [chromium] › e2e/share-truth.spec.ts:61:1 › sudoku share success: label + aria confirm AND the clipboard holds the link (876ms)
  ✓   94 [chromium] › e2e/permalink.spec.ts:218:3 › share writes a REAL ?board= and it round-trips the board (kenken) (899ms)
  ✓   93 [chromium] › e2e/permalink.spec.ts:218:3 › share writes a REAL ?board= and it round-trips the board (killer) (924ms)
  ✓   99 [chromium] › e2e/share-truth.spec.ts:132:1 › futoshiki corrupt ?board= surfaces the margin-voice notice (twin) (723ms)
  ✓  100 [chromium] › e2e/sudoku-interaction.spec.ts:47:1 › valid solution: randomize → solve → success state + all cells filled (945ms)
  ✓  106 [chromium] › e2e/sudoku-interaction.spec.ts:233:1 › noise animation: randomize produces multiple unique reveal delays (708ms)
  ✓  104 [chromium] › e2e/sudoku-interaction.spec.ts:145:1 › given cell override: foreground stroke reverts to user-ink on override (746ms)
  ✓  102 [chromium] › e2e/sudoku-interaction.spec.ts:88:1 › consecutive solve: values remain unchanged on second solve (825ms)
  ✓  103 [chromium] › e2e/sudoku-interaction.spec.ts:121:1 › given cells use foreground ink, solved cells use solver-ink (836ms)
  ✓  101 [chromium] › e2e/sudoku-interaction.spec.ts:65:1 › invalid solution: solve → edit cell → state reverts to idle (886ms)
  ✓  105 [chromium] › e2e/sudoku-interaction.spec.ts:186:1 › solve failure: conflicting user values produce solve-failure state (914ms)
  ✓  107 [chromium] › e2e/visual-regression.spec.ts:96:1 › light mode: layout, styles, filters, DOM contract (962ms)
  ✓  108 [chromium] › e2e/visual-regression.spec.ts:203:1 › dark mode: celestial swap, control panel carries no filter, DOM contract (860ms)
  ✓  112 [chromium] › e2e/visual-regression.spec.ts:438:1 › the Deal die is not crushed: the commit verb's box fits its own content (1.1s)
  ✓  111 [chromium] › e2e/visual-regression.spec.ts:360:1 › graceful degradation: UI renders without backend API (1.2s)
  ✓  115 [chromium] › e2e/visual-regression.spec.ts:506:1 › the glass curve is the same curve in both layers (968ms)
  ✓  109 [chromium] › e2e/visual-regression.spec.ts:235:1 › grid draw-in completes and path-based boil activates (1.6s)
  ✓  117 [chromium] › e2e/visual-regression.spec.ts:705:1 › the iPad coarse card stays under the P1 seal: the chip seam is PAID for (1.1s)
  ✓  110 [chromium] › e2e/visual-regression.spec.ts:294:1 › randomize populates board and blank cells accept input (1.5s)
  ✓  118 [chromium] › e2e/visual-regression.spec.ts:769:1 › toggle warp rest pose: wrung into the page, no carousel travel (994ms)
  ✓  120 [chromium] › e2e/zone-grammar.spec.ts:117:1 › every zone is named by its own VISIBLE tape — the accessible name and the drawn one are one string (902ms)
  ✓  119 [chromium] › e2e/zone-grammar.spec.ts:51:1 › rendered-name census, rail: two eyebrows, three tapes, two captions — and the counter can see an injected one (962ms)
  ✓  114 [chromium] › e2e/visual-regression.spec.ts:531:1 › the deal receipt keeps off the commit verb, hover included (2.1s)
  ✓  122 [chromium] › e2e/zone-grammar.spec.ts:212:1 › the staged headings are HEADINGS for assistive tech — decided one way, not both (856ms)
  ✓  121 [chromium] › e2e/zone-grammar.spec.ts:164:1 › the permanent tape is a LABEL, not a tooltip — and the surface it names has a name (999ms)
  ✓  116 [chromium] › e2e/visual-regression.spec.ts:630:1 › option chips keep their separation: ≥6px between neighbours, both axes (2.3s)
  ✓  123 [chromium] › e2e/zone-grammar.spec.ts:255:1 › selection is announced: every option chip carries aria-pressed, exactly one per group (974ms)
  ✓  126 [chromium] › e2e/zone-grammar.spec.ts:287:1 › a frozen well mints ONE pose node and promotes nothing (the HandDrawnOutline prune) (602ms)
  ✓  125 [chromium] › e2e/zone-grammar.spec.ts:447:3 › coarse regime › the coarse card: regime witnessed first, then two eyebrows and a 44px floor in BOTH dimensions (897ms)
  ✓  127 [chromium] › e2e/zone-grammar.spec.ts:489:3 › coarse regime › the heading lock holds on the CARD too — the regime its rail arm never visits (926ms)
  ✓  124 [chromium] › e2e/zone-grammar.spec.ts:354:3 › coarse row regime (≥1024) › the pair branch keeps a 44px floor in BOTH dimensions, where the branch exists (1.1s)
  ✓  128 [chromium] › e2e/zone-grammar.spec.ts:559:3 › coarse regime › the teacher's well names the check state the card has never shown (1.2s)
  ✓  113 [chromium] › e2e/visual-regression.spec.ts:376:1 › size switching: 4x4, 9x9, 16x16 all render grid lines (4.7s)
  ✓  129 [chromium] › e2e/mobile-affordances.spec.ts:107:1 › native bounded entry (sudoku 9×9): coarse cell raises the numeric keypad, iOS-congruent, 16px floor (1.8s)
  ✓  134 [chromium] › e2e/mobile-affordances.spec.ts:206:1 › hint two-press by touch (T4-W7): first tap names the technique, second inks the digit (1.8s)
  ✓  131 [chromium] › e2e/mobile-affordances.spec.ts:123:1 › native bounded entry (sudoku 16×16): two-digit values 10–16 enter whole (1.9s)
  ✓  132 [chromium] › e2e/mobile-affordances.spec.ts:162:1 › touch play tools (T4-WM §2): undo / redo / hint tappable at ≥44px, wired, and no sticky hover (2.1s)
  ✓  135 [chromium] › e2e/mobile-affordances.spec.ts:232:1 › attribution opens on a single tap (T4-WM §2): the coarse focusin+click double-fire no longer nets closed (2.2s)
  ✓  136 [chromium] › e2e/mobile-affordances.spec.ts:252:1 › long-press peek (T4-WM §3, futoshiki twin): a hold on a cell opens the candidate glimpse; release clears it (2.0s)
  ✓  130 [chromium] › e2e/mobile-affordances.spec.ts:139:1 › native bounded entry (futoshiki twin): coarse cell raises the numeric keypad, iOS-congruent (2.4s)
  ✓  133 [chromium] › e2e/mobile-affordances.spec.ts:245:1 › long-press peek (T4-WM §3, sudoku): a hold on a cell opens the candidate glimpse; release clears it (2.5s)
  ✓  137 [chromium] › e2e/mobile-affordances.spec.ts:341:1 › Deal is dirty-gated (T4-WU/U3): a pristine board carries no arm; a dirty board arms first (1.4s)
  ✓  138 [chromium] › e2e/mobile-affordances.spec.ts:268:1 › coarse affordances: persistent peek washi on a ≥44px target, icon sublabels, Clear confirm beat (1.3s)
  ✓  144 [webkit] › e2e/a11y.spec.ts:194:5 › 3.1 rowsPerGrid › thermo: the AX tree reads grid → row → gridcell, N rows of N cells (2.6s)
  ✓  143 [webkit] › e2e/a11y.spec.ts:194:5 › 3.1 rowsPerGrid › sudoku: the AX tree reads grid → row → gridcell, N rows of N cells (2.7s)
  ✓  139 [webkit] › e2e/a11y.spec.ts:194:5 › 3.1 rowsPerGrid › kenken: the AX tree reads grid → row → gridcell, N rows of N cells (3.5s)
  ✓  142 [webkit] › e2e/a11y.spec.ts:194:5 › 3.1 rowsPerGrid › futoshiki: the AX tree reads grid → row → gridcell, N rows of N cells (3.4s)
  ✓  141 [webkit] › e2e/a11y.spec.ts:194:5 › 3.1 rowsPerGrid › killer: the AX tree reads grid → row → gridcell, N rows of N cells (3.7s)
  ✓  140 [webkit] › e2e/a11y.spec.ts:273:3 › 3.2 guardAnnounced › the armed guard contains focus (aria-modal + focus inside the dialog) (3.9s)
  ✓  149 [webkit] › e2e/a11y.spec.ts:394:3 › 3.4 ctrlKDoesNotPeek › a keyboard-shortcuts help names k, g, h, p and d (1.6s)
  ✓  150 [webkit] › e2e/a11y.spec.ts:425:3 › 3.5 unnamedImages › a dealt board publishes zero unnamed image nodes (1.5s)
  ✓  151 [webkit] › e2e/a11y.spec.ts:444:3 › 3.5 unnamedImages › a filled cell announces its value exactly once (1.5s)
  ✓  146 [webkit] › e2e/a11y.spec.ts:253:3 › 3.2 guardAnnounced › arming the destructive-work guard announces its armed state (4.4s)
  ✓  147 [webkit] › e2e/a11y.spec.ts:324:3 › 3.3 optionsInPicker › the picker publishes five named, AX-visible options (2.4s)
  ✓  145 [webkit] › e2e/a11y.spec.ts:296:3 › 3.2 guardAnnounced › a second Enter cannot discard the board unheard (5.5s)
  ✓  148 [webkit] › e2e/a11y.spec.ts:370:3 › 3.4 ctrlKDoesNotPeek › Ctrl+K and Cmd+K never trigger the single-key peek (3.4s)
  ✓  152 [webkit] › e2e/a11y.spec.ts:490:3 › 3.6 stability › the grid invariants track N (4×4 and 9×9), never a magic total (2.2s)
  ✓  156 [webkit] › e2e/affordances.spec.ts:205:1 › tally: solve writes "N backtracks — Xms" in the note meta; the next edit clears it (1.6s)
  ✘  155 [webkit] › e2e/affordances.spec.ts:155:1 › stale-note: teacher-red and gold-star notes clear on the next edit (1.5s)
  ✓  153 [webkit] › e2e/a11y.spec.ts:506:3 › 3.6 stability › the invariants survive a re-deal (deal-variant figures never asserted) (2.7s)
  ✓  154 [webkit] › e2e/affordances.spec.ts:102:1 › print: chrome hidden, black strokes, washes stripped (CSS-only) (2.6s)
  ✓  157 [webkit] › e2e/affordances.spec.ts:229:1 › undo: Ctrl+Z reverts, Ctrl+Shift+Z redoes, Meta+Z works, plain z is not swallowed (1.9s)
  ✓  158 [webkit] › e2e/affordances.spec.ts:263:1 › fill batch: one Fill sweep undoes as ONE gesture, redo re-fills (1.9s)
  ✓  161 [webkit] › e2e/affordances.spec.ts:357:1 › marks-gesture: no marks pre-peek, K shows them, Esc clears them (1.7s)
  ✓  160 [webkit] › e2e/affordances.spec.ts:333:1 › hint: first H names the technique + highlights, second H inks the digit (1.8s)
  ✓  163 [webkit] › e2e/board-covisibility.spec.ts:55:3 › mark 6 — the band dissolves › the tally files with the deal, and the strip it left can still be seen (1.3s)
  ✓  164 [webkit] › e2e/board-covisibility.spec.ts:91:3 › mark 6 — the band dissolves › the strip below the board is one reserved line — no more, and no less (1.3s)
  ✓  166 [webkit] › e2e/board-covisibility.spec.ts:216:3 › mark 6 — the band dissolves › the grade crests on the board — the celebration never moves the page (1.2s)
  ✓  159 [webkit] › e2e/affordances.spec.ts:294:1 › permalink: share writes ?board= and a reload reproduces the exact board (2.6s)
  ✓  162 [webkit] › e2e/affordances.spec.ts:376:1 › composed keyboard: K-peek from cell focus + roving tabindex (Ctrl+Home/End) + undo in one session (2.4s)
  ✓  165 [webkit] › e2e/board-covisibility.spec.ts:143:3 › mark 6 — the band dissolves › a solved board prints its tally exactly once, at every width (2.1s)
  ✓  167 [webkit] › e2e/board-covisibility.spec.ts:267:3 › the board fits the viewport it is drawn in › a landscape phone gets a board no larger than the screen it is drawn on (1.4s)
  ✓  170 [webkit] › e2e/drawer.spec.ts:37:1 › drawer: default open — tab present (≥44px), aria wired, controls visible (1.9s)
  ✓  169 [webkit] › e2e/board-covisibility.spec.ts:365:3 › the board fits the viewport it is drawn in › the board hangs no further below the fold than the chrome above it (2.2s)
  ✓  175 [webkit] › e2e/drawer.spec.ts:248:3 › drawer under prefers-reduced-motion › PRM: toggle is an instant state swap — no glide class, immediate layout (1.9s)
  ✓  174 [webkit] › e2e/drawer.spec.ts:211:1 › drawer: keyboard shortcuts (undo, K-peek) work with the drawer closed (2.5s)
  ✓  177 [webkit] › e2e/font-census.spec.ts:154:1 › no string renders in two faces except the ones this estate has ledgered (1.3s)
  ✓  168 [webkit] › e2e/board-covisibility.spec.ts:297:3 › the board fits the viewport it is drawn in › turning the phone does not shrink the cell a finger has to hit (3.9s)
  ✓  172 [webkit] › e2e/drawer.spec.ts:58:1 › drawer: close glides transform-only, board grows ≥24px + centers, persists (3.5s)
  ✓  173 [webkit] › e2e/drawer.spec.ts:175:1 › drawer: open focuses the first control; Esc closes from within and returns focus to the tab (4.3s)
  ✓  176 [webkit] › e2e/drawer.spec.ts:281:3 › drawer below the row regime › <1024: no tab, stacked panel in flow exactly as today (3.5s)
  ✓  171 [webkit] › e2e/affordances.spec.ts:458:1 › composed keyboard (futoshiki twin): K-peek from cell focus + roving + undo in one session (4.0s)
  ✓  178 [webkit] › e2e/futoshiki.spec.ts:45:1 › gallery switches to futoshiki: default board renders with inequality carets (2.9s)
  ✓  182 [webkit] › e2e/gallery-deal.spec.ts:72:1 › band: a sibling of the listbox, never a control inside role=option (1.7s)
  ✓  183 [webkit] › e2e/gallery-deal.spec.ts:150:1 › cold start: an UNMOUNTED game reports its saved board and offers resume (2.1s)
  ✓  185 [webkit] › e2e/gallery-deal.spec.ts:189:1 › cold start: GIVENS ARE NOT WORK — a dealt, untouched board reads "dealt" (1.3s)
  ✓  180 [webkit] › e2e/futoshiki.spec.ts:97:1 › blank cell accepts input via pointer + on-screen affordance (3.1s)
  ✓  181 [webkit] › e2e/futoshiki.spec.ts:131:1 › solve: a fresh generated board solves to solve-success (3.3s)
  ✓  184 [webkit] › e2e/gallery-deal.spec.ts:178:1 › cold start: a game with NO board offers start, and the card keeps its range line (2.5s)
  ✓  187 [webkit] › e2e/gallery-deal.spec.ts:243:1 › guard: the NEGATIVE control — an untouched target board deals straight through (2.8s)
  ✓  179 [webkit] › e2e/futoshiki.spec.ts:72:1 › size switching: 4×4/5×5/6×6/7×7 each change the board cell count (5.2s)
  ✓  186 [webkit] › e2e/gallery-deal.spec.ts:210:1 › guard: a deal onto ANOTHER game with work on it arms the ribbon (3.1s)
  ✓  190 [webkit] › e2e/gallery-deal.spec.ts:374:1 › guard: when BOTH boards hold work the sub-line says so (3.0s)
  ✓  188 [webkit] › e2e/gallery-deal.spec.ts:266:1 › guard: the `d` hotkey routes through the SAME ribbon, from the deck AND from the band (3.9s)
  ✓  191 [webkit] › e2e/gallery-deal.spec.ts:451:1 › guard: a dirty SAME-game deal raises the ribbon too — the subsumption, gated (3.1s)
  ✓  194 [webkit] › e2e/gallery-deal.spec.ts:522:1 › deal: a same-game deal rides the BRIDGE — the staged pair, and no remount (1.8s)
  ✓  193 [webkit] › e2e/gallery-deal.spec.ts:492:1 › deal: a cross-game deal lands the TARGET game at the STAGED pair (2.5s)
  ✓  189 [webkit] › e2e/gallery-deal.spec.ts:350:1 › guard: a cross-game deal ABANDONS the mounted board — dirty sudoku, clean target, ribbon (3.8s)
  ✓  192 [webkit] › e2e/gallery-deal.spec.ts:474:1 › guard: a PRISTINE mounted board deals across with no ribbon (the source-arm control) (2.9s)
  ✓  196 [webkit] › e2e/gallery-deal.spec.ts:542:1 › deal: a same-game deal issued BEFORE the scene mounts still lands the staged pair (1.8s)
  ✓  195 [webkit] › e2e/gallery-deal.spec.ts:613:1 › safe verb: `start` HONOURS the staged pair (a game with no board has none to restore) (2.6s)
  ✓  197 [webkit] › e2e/gallery-deal.spec.ts:631:1 › safe verb: `resume` PRINTS the saved pair the moment the chips wander off it (2.3s)
  ✓  201 [webkit] › e2e/gallery-guard.spec.ts:65:1 › snap chime: the centered card carries a scribble underline; flanks do not (1.9s)
  ✓  200 [webkit] › e2e/gallery-guard.spec.ts:49:1 › dropdown retired: the wordmark opens the gallery; no listbox affordance remains (2.3s)
  ✓  199 [webkit] › e2e/gallery-deal.spec.ts:697:1 › a11y: the live region carries the staged pair and the board state (3.0s)
  ✓  198 [webkit] › e2e/gallery-deal.spec.ts:668:1 › safe verb: a wandered pair cannot OUTLIVE the transaction (3.2s)
  ✓  202 [webkit] › e2e/gallery-guard.spec.ts:82:1 › guard: dirty + different arms the ribbon; leave abandons the marks and switches (3.4s)
  ✓  203 [webkit] › e2e/gallery-guard.spec.ts:106:1 › guard: keep dismisses the ribbon, stays in the gallery, board unchanged (3.5s)
  ✓  206 [webkit] › e2e/gallery.spec.ts:22:1 › gallery: ?view=gallery lands in the carousel — listbox roles, labels, focus, pips (1.9s)
  ✓  204 [webkit] › e2e/gallery-guard.spec.ts:125:1 › guard: a pristine board switches to a different game with no ribbon (3.4s)
  ✓  205 [webkit] › e2e/gallery-guard.spec.ts:139:1 › guard: selecting the same game never asks, even when the board is dirty (3.0s)
  ✓  208 [webkit] › e2e/gallery.spec.ts:98:1 › gallery: Enter on futoshiki selects it — board swaps, ?game set, ?view cleared (1.9s)
  ✓  207 [webkit] › e2e/gallery.spec.ts:60:1 › gallery: keyboard step moves the snap, announces it, and updates aria + pips (2.4s)
  ✓  209 [webkit] › e2e/gallery.spec.ts:114:1 › gallery: Escape cancels back to the board, no swap, ?view cleared (1.6s)
  ✓  213 [webkit] › e2e/gallery.spec.ts:209:3 › gallery on a 375 phone › 375: one card near-fills the width, a neighbor peeks, pips present (1.2s)
  ✓  210 [webkit] › e2e/gallery.spec.ts:126:1 › gallery: `g` opens the gallery from playing; a `g` typed into a cell does not (2.1s)
  ✓  214 [webkit] › e2e/mobile-platform.spec.ts:86:3 › ios-discipline (iPhone-geometry coarse) › the board scene contains overscroll (no rubber-band / scroll-chain) (1.5s)
  ✓  212 [webkit] › e2e/gallery.spec.ts:181:3 › gallery under prefers-reduced-motion › PRM: open is an instant cut — gallery present, no tweening (1.8s)
  ✓  215 [webkit] › e2e/mobile-platform.spec.ts:97:3 › ios-discipline (iPhone-geometry coarse) › game surfaces suppress selection + the double-tap-zoom delay (long-press-clean) (1.5s)
  ✓  211 [webkit] › e2e/gallery.spec.ts:152:1 › gallery: only the centered card boils — a flank frame is inert + frozen (2.2s)
  ✓  217 [webkit] › e2e/mobile-platform.spec.ts:176:3 › ios-discipline (iPhone-geometry coarse) › viewport opts into the notch + the fixed toggle pads clear of the safe area (1.4s)
  ✓  216 [webkit] › e2e/mobile-platform.spec.ts:140:3 › ios-discipline (iPhone-geometry coarse) › tap-highlight + text-size-adjust are delivered (preflight) app-wide (1.5s)
  ✓  218 [webkit] › e2e/mobile-platform.spec.ts:251:3 › keyboard-avoid (emulated visualViewport) › a focused below-fold cell scrolls clear of the emulated keyboard band (1.6s)
  ✓  219 [webkit] › e2e/mobile-platform.spec.ts:307:3 › the 296px keypad band (measured constant, driven through the composable) › every control can be seated clear of the keypad, verb and deepest chip alike (1.6s)
  ✓  220 [webkit] › e2e/mobile-platform.spec.ts:415:3 › landscape phone (~844×390, coarse) › no horizontal overflow; entry works (1.6s)
  ✓  223 [webkit] › e2e/permalink.spec.ts:64:1 › board-only ?board= URL loads the encoded board (sudoku) (1.5s)
  ✓  224 [webkit] › e2e/permalink.spec.ts:78:1 › mismatched ?board=/?size= falls closed to the size path (sudoku) (1.6s)
  ✓  221 [webkit] › e2e/mobile-platform.spec.ts:429:3 › iPad portrait (<1024, coarse, stacked) › no horizontal overflow; entry works (2.0s)
  ✓  222 [webkit] › e2e/mobile-platform.spec.ts:443:3 › large iPad landscape (≥1024, coarse → desktop drawer layout) › the drawer tab is a clean ≥44px tap target and toggles the rail (1.8s)
  ✓  226 [webkit] › e2e/permalink.spec.ts:118:1 › randomize drops ?board= from the URL (sudoku) (1.7s)
  ✓  227 [webkit] › e2e/permalink.spec.ts:131:1 › the share affordance writes ?board= on the explicit act (sudoku) (1.7s)
  ✓  229 [webkit] › e2e/permalink.spec.ts:168:1 › an untagged ?board= body fails closed, never a board (sudoku) (1.5s)
  ✓  228 [webkit] › e2e/permalink.spec.ts:147:1 › board-only ?board= loads a futoshiki board with its inequalities, randomize drops it (1.7s)
  ✓  225 [webkit] › e2e/permalink.spec.ts:90:1 › game switch leaves no foreign board/size params in the URL (2.8s)
  ✓  233 [webkit] › e2e/sudoku-interaction.spec.ts:47:1 › valid solution: randomize → solve → success state + all cells filled (2.2s)
  ✓  234 [webkit] › e2e/sudoku-interaction.spec.ts:65:1 › invalid solution: solve → edit cell → state reverts to idle (2.3s)
  ✓  230 [webkit] › e2e/permalink.spec.ts:218:3 › share writes a REAL ?board= and it round-trips the board (thermo) (2.8s)
  ✓  231 [webkit] › e2e/permalink.spec.ts:218:3 › share writes a REAL ?board= and it round-trips the board (killer) (2.8s)
  ✓  237 [webkit] › e2e/sudoku-interaction.spec.ts:145:1 › given cell override: foreground stroke reverts to user-ink on override (1.9s)
  ✓  232 [webkit] › e2e/permalink.spec.ts:218:3 › share writes a REAL ?board= and it round-trips the board (kenken) (2.7s)
  ✓  235 [webkit] › e2e/sudoku-interaction.spec.ts:88:1 › consecutive solve: values remain unchanged on second solve (2.4s)
  ✓  236 [webkit] › e2e/sudoku-interaction.spec.ts:121:1 › given cells use foreground ink, solved cells use solver-ink (2.1s)
  ✓  238 [webkit] › e2e/sudoku-interaction.spec.ts:186:1 › solve failure: conflicting user values produce solve-failure state (1.8s)
  ✓  239 [webkit] › e2e/sudoku-interaction.spec.ts:233:1 › noise animation: randomize produces multiple unique reveal delays (1.8s)
  ✓  246 [webkit] › e2e/visual-regression.spec.ts:438:1 › the Deal die is not crushed: the commit verb's box fits its own content (1.5s)
  ✓  244 [webkit] › e2e/visual-regression.spec.ts:360:1 › graceful degradation: UI renders without backend API (1.5s)
  ✓  243 [webkit] › e2e/visual-regression.spec.ts:294:1 › randomize populates board and blank cells accept input (1.9s)
  ✓  241 [webkit] › e2e/visual-regression.spec.ts:203:1 › dark mode: celestial swap, control panel carries no filter, DOM contract (2.0s)
  ✓  247 [webkit] › e2e/visual-regression.spec.ts:506:1 › the glass curve is the same curve in both layers (1.6s)
  ✓  240 [webkit] › e2e/visual-regression.spec.ts:96:1 › light mode: layout, styles, filters, DOM contract (2.1s)
  ✓  242 [webkit] › e2e/visual-regression.spec.ts:235:1 › grid draw-in completes and path-based boil activates (2.8s)
  ✓  249 [webkit] › e2e/visual-regression.spec.ts:705:1 › the iPad coarse card stays under the P1 seal: the chip seam is PAID for (1.6s)
  ✓  250 [webkit] › e2e/visual-regression.spec.ts:769:1 › toggle warp rest pose: wrung into the page, no carousel travel (1.6s)
  ✓  252 [webkit] › e2e/zone-grammar.spec.ts:51:1 › rendered-name census, rail: two eyebrows, three tapes, two captions — and the counter can see an injected one (1.7s)
  ✓  253 [webkit] › e2e/zone-grammar.spec.ts:117:1 › every zone is named by its own VISIBLE tape — the accessible name and the drawn one are one string (1.8s)
  ✓  254 [webkit] › e2e/zone-grammar.spec.ts:164:1 › the permanent tape is a LABEL, not a tooltip — and the surface it names has a name (2.0s)
  ✓  251 [webkit] › e2e/visual-regression.spec.ts:531:1 › the deal receipt keeps off the commit verb, hover included (2.5s)
  ✓  255 [webkit] › e2e/zone-grammar.spec.ts:212:1 › the staged headings are HEADINGS for assistive tech — decided one way, not both (1.9s)
  ✓  245 [webkit] › e2e/visual-regression.spec.ts:376:1 › size switching: 4x4, 9x9, 16x16 all render grid lines (5.0s)
  ✓  248 [webkit] › e2e/visual-regression.spec.ts:630:1 › option chips keep their separation: ≥6px between neighbours, both axes (3.6s)
  ✓  257 [webkit] › e2e/zone-grammar.spec.ts:287:1 › a frozen well mints ONE pose node and promotes nothing (the HandDrawnOutline prune) (2.0s)
  ✓  256 [webkit] › e2e/zone-grammar.spec.ts:255:1 › selection is announced: every option chip carries aria-pressed, exactly one per group (2.4s)
  ✓  260 [webkit] › e2e/zone-grammar.spec.ts:489:3 › coarse regime › the heading lock holds on the CARD too — the regime its rail arm never visits (2.0s)
  ✓  259 [webkit] › e2e/zone-grammar.spec.ts:447:3 › coarse regime › the coarse card: regime witnessed first, then two eyebrows and a 44px floor in BOTH dimensions (2.3s)
  ✓  258 [webkit] › e2e/zone-grammar.spec.ts:354:3 › coarse row regime (≥1024) › the pair branch keeps a 44px floor in BOTH dimensions, where the branch exists (2.4s)
  ✓  261 [webkit] › e2e/zone-grammar.spec.ts:559:3 › coarse regime › the teacher's well names the check state the card has never shown (2.1s)
  ✓  262 [webkit] › e2e/mobile-affordances.spec.ts:139:1 › native bounded entry (futoshiki twin): coarse cell raises the numeric keypad, iOS-congruent (5.0s)
  ✓  268 [webkit] › e2e/mobile-affordances.spec.ts:252:1 › long-press peek (T4-WM §3, futoshiki twin): a hold on a cell opens the candidate glimpse; release clears it (4.9s)
  ✓  265 [webkit] › e2e/mobile-affordances.spec.ts:123:1 › native bounded entry (sudoku 16×16): two-digit values 10–16 enter whole (5.1s)
  ✓  270 [webkit] › e2e/mobile-affordances.spec.ts:268:1 › coarse affordances: persistent peek washi on a ≥44px target, icon sublabels, Clear confirm beat (5.2s)
  ✓  267 [webkit] › e2e/mobile-affordances.spec.ts:232:1 › attribution opens on a single tap (T4-WM §2): the coarse focusin+click double-fire no longer nets closed (5.7s)
  ✓  266 [webkit] › e2e/mobile-affordances.spec.ts:206:1 › hint two-press by touch (T4-W7): first tap names the technique, second inks the digit (6.1s)
  ✓  263 [webkit] › e2e/mobile-affordances.spec.ts:107:1 › native bounded entry (sudoku 9×9): coarse cell raises the numeric keypad, iOS-congruent, 16px floor (6.2s)
  ✓  269 [webkit] › e2e/mobile-affordances.spec.ts:245:1 › long-press peek (T4-WM §3, sudoku): a hold on a cell opens the candidate glimpse; release clears it (6.4s)
  ✓  264 [webkit] › e2e/mobile-affordances.spec.ts:162:1 › touch play tools (T4-WM §2): undo / redo / hint tappable at ≥44px, wired, and no sticky hover (7.0s)
  ✓  271 [webkit] › e2e/mobile-affordances.spec.ts:341:1 › Deal is dirty-gated (T4-WU/U3): a pristine board carries no arm; a dirty board arms first (2.7s)


  1) [webkit] › e2e/affordances.spec.ts:155:1 › stale-note: teacher-red and gold-star notes clear on the next edit 

    Error: expect(received).toBeGreaterThanOrEqual(expected)

    Expected: >= 0
    Received:    -1

      170 |   }, b1);
      171 |   // The pinned board guarantees it — a hard assertion now, never a runtime skip.
    > 172 |   expect(b2).toBeGreaterThanOrEqual(0);
          |              ^
      173 |
      174 |   // A value that already appears in neither cell: 9 duplicated in one row is
      175 |   // UNSAT regardless of the rest of the deal only if neither cell is a given —
        at /Users/mkbabb/Programming/csc411/CSC411_HW2_ProgrammingQuestion/web/frontend/e2e/affordances.spec.ts:172:14

    attachment #1: screenshot (image/png) ──────────────────────────────────────────────────────────
    test-results/affordances-stale-note-tea-d4717-otes-clear-on-the-next-edit-webkit/test-failed-1.png
    ────────────────────────────────────────────────────────────────────────────────────────────────

    Error Context: test-results/affordances-stale-note-tea-d4717-otes-clear-on-the-next-edit-webkit/error-context.md

  1 failed
    [webkit] › e2e/affordances.spec.ts:155:1 › stale-note: teacher-red and gold-star notes clear on the next edit 
  270 passed (1.2m)
