AUDIT: FOLD REFERENT — 2026-08-02T06:07:22Z — dist-p5head :4232, 844x390, SHIPPED cap
chromium vh=390
  .board-cells         h=362	bottom=476.58	foldOverflow=86.58
  .board-shell         h=394.48	bottom=509.06	foldOverflow=119.06
  .board-wrapper       h=366	bottom=478.58	foldOverflow=88.58
  .board-peek-host     h=394.48	bottom=509.06	foldOverflow=119.06
  .board-margin        h=22.09	bottom=509.06	foldOverflow=119.06
webkit vh=390
  .board-cells         h=362	bottom=475.98	foldOverflow=85.98
  .board-shell         h=394.45	bottom=508.44	foldOverflow=118.44
  .board-wrapper       h=366	bottom=477.98	foldOverflow=87.98
  .board-peek-host     h=394.45	bottom=508.44	foldOverflow=118.44
  .board-margin        h=22.06	bottom=508.44	foldOverflow=118.44
AUDIT: FOLD REFERENT on the BASE (pre-T') dist :4231 — control for build attribution
chromium vh=390
  .board-cells         h=362	bottom=476.58	foldOverflow=86.58
  .board-shell         h=394.48	bottom=509.06	foldOverflow=119.06
  .board-wrapper       h=366	bottom=478.58	foldOverflow=88.58
  .board-peek-host     h=394.48	bottom=509.06	foldOverflow=119.06
  .board-margin        h=22.09	bottom=509.06	foldOverflow=119.06
webkit vh=390
  .board-cells         h=362	bottom=475.98	foldOverflow=85.98
  .board-shell         h=394.45	bottom=508.44	foldOverflow=118.44
  .board-wrapper       h=366	bottom=477.98	foldOverflow=87.98
  .board-peek-host     h=394.45	bottom=508.44	foldOverflow=118.44
  .board-margin        h=22.06	bottom=508.44	foldOverflow=118.44
