AUDIT: ESTATE GATES on the pass-5 F3 tree — 2026-08-02T06:20:19Z
--- vitest ---
 RUN  v4.1.10 /Users/mkbabb/Programming/csc411/CSC411_HW2_ProgrammingQuestion/web/frontend


 Test Files  41 passed (41)
      Tests  444 passed (444)
   Start at  02:20:21
   Duration  8.68s (transform 30.23s, setup 1.12s, import 38.50s, tests 7.69s, environment 60.12s)

--- eslint ---
/Users/mkbabb/Programming/csc411/CSC411_HW2_ProgrammingQuestion/web/frontend/probe-tmp.mjs
  2:14  error  'process' is not defined  no-undef

✖ 1 problem (1 error, 0 warnings)

EXIT=0
--- prettier src ---
Checking formatting...
All matched files use Prettier code style!
--- knip ---
--- lint:boundary ---

> csp-solver-frontend@0.1.0 lint:boundary
> eslint --no-config-lookup --config eslint.boundary.config.js src/games

AUDIT: eslint scoped to the F3 fence (the estate run carries another lane's stray probe-tmp.mjs, not mine to delete)

/Users/mkbabb/Programming/csc411/CSC411_HW2_ProgrammingQuestion/web/frontend/e2e/board-covisibility.spec.ts
  0:0  warning  File ignored because of a matching ignore pattern. Use "--no-ignore" to disable file ignore settings or use "--no-warn-ignored" to suppress this warning

✖ 1 problem (0 errors, 1 warning)

EXIT=0
