Port 5301 is in use on a wildcard address, but 127.0.0.1:5301 is available. There may be another server running on a wildcard IP on port 5301.

  VITE v8.1.4  ready in 221 ms

  ➜  Local:   http://127.0.0.1:5301/
7:12:39 PM [vite] (client) hmr update /src/pencil/chrome/GameGallery/GameGallery.vue, /src/assets/index.css
7:12:51 PM [vite] (client) hmr update /src/pencil/chrome/GameGallery/GameGallery.vue, /src/assets/index.css
7:13:01 PM [vite] (client) hmr update /src/App.vue, /src/assets/index.css
7:13:14 PM [vite] (client) hmr update /src/App.vue, /src/assets/index.css
7:13:14 PM [vite] (client) hmr update /src/pencil/chrome/GameGallery/GameGallery.vue, /src/assets/index.css
7:13:36 PM [vite] (client) hmr update /src/pencil/chrome/GameGallery/GameGallery.vue, /src/assets/index.css
7:14:08 PM [vite] (client) hmr update /src/pencil/chrome/GameGallery/GameGallery.vue, /src/assets/index.css
7:14:30 PM [vite] (client) hmr update /src/pencil/chrome/GameGallery/GameGallery.vue, /src/assets/index.css
7:15:29 PM [vite] (client) hmr update /src/pencil/chrome/GameGallery/StagingBand.vue, /src/assets/index.css
7:15:42 PM [vite] (client) hmr update /src/pencil/chrome/GameGallery/StagingBand.vue, /src/assets/index.css
7:15:51 PM [vite] (client) page reload /Users/mkbabb/Programming/csc411/CSC411_HW2_ProgrammingQuestion/csp-solver/wasm/pkg/csp_solver_wasm_bg.wasm
7:15:51 PM [vite] (client) page reload /Users/mkbabb/Programming/csc411/CSC411_HW2_ProgrammingQuestion/csp-solver/wasm/pkg/csp_solver_wasm.js
7:15:51 PM [vite] (client) page reload /Users/mkbabb/Programming/csc411/CSC411_HW2_ProgrammingQuestion/csp-solver/wasm/pkg/csp_solver_wasm_bg.wasm
7:19:48 PM [vite] (client) hmr update /src/App.vue, /src/games/futoshiki/FutoshikiGame.vue, /src/games/kenken/KenKenGame.vue, /src/games/thermo/ThermoGame.vue, /src/games/killer/KillerGame.vue, /src/assets/index.css
7:19:48 PM [vite] (client) hmr update /src/pencil/chrome/GameGallery/GameCard.vue, /src/pencil/chrome/GameGallery/StagingBand.vue
7:20:01 PM [vite] (client) page reload playwright-report/index.html
7:20:11 PM [vite] (client) page reload playwright-report/index.html
7:24:53 PM [vite] (client) hmr update /src/pencil/chrome/GameGallery/GameGallery.vue?vue&type=style&index=0&scoped=08f2b41b&lang.css, /src/assets/index.css
7:24:53 PM [vite] (client) page reload /Users/mkbabb/Programming/csc411/CSC411_HW2_ProgrammingQuestion/csp-solver/wasm/pkg/csp_solver_wasm_bg.wasm
7:24:53 PM [vite] (client) page reload /Users/mkbabb/Programming/csc411/CSC411_HW2_ProgrammingQuestion/csp-solver/wasm/pkg/csp_solver_wasm.js
7:24:54 PM [vite] (client) page reload /Users/mkbabb/Programming/csc411/CSC411_HW2_ProgrammingQuestion/csp-solver/wasm/pkg/csp_solver_wasm_bg.wasm
7:28:56 PM [vite] (client) page reload playwright-report/index.html
