
  VITE v8.1.4  ready in 183 ms

  ➜  Local:   http://localhost:5312/
  ➜  Network: http://192.168.1.166:5312/
  ➜  Network: http://192.168.64.1:5312/
7:53:23 PM [vite] (client) hmr update /src/games/shared/GameControlPanel.vue, /src/assets/index.css
7:53:38 PM [vite] (client) page reload /Users/mkbabb/Programming/csc411/CSC411_HW2_ProgrammingQuestion/csp-solver/wasm/pkg/csp_solver_wasm_bg.wasm
7:53:38 PM [vite] (client) page reload /Users/mkbabb/Programming/csc411/CSC411_HW2_ProgrammingQuestion/csp-solver/wasm/pkg/csp_solver_wasm.js
7:53:39 PM [vite] (client) page reload /Users/mkbabb/Programming/csc411/CSC411_HW2_ProgrammingQuestion/csp-solver/wasm/pkg/csp_solver_wasm_bg.wasm
7:53:45 PM [vite] (client) page reload dist-throttle/index.html
7:53:45 PM [vite] (client) page reload dist-throttle/404.html
7:53:45 PM [vite] (client) page reload dist-throttle/index.html
7:53:45 PM [vite] (client) page reload dist-throttle/404.html
7:54:13 PM [vite] (client) page reload playwright-report/index.html
7:54:22 PM [vite] (client) page reload playwright-report/index.html
7:54:25 PM [vite] (client) page reload playwright-report/index.html
7:54:31 PM [vite] (client) page reload playwright-report/index.html
7:54:32 PM [vite] (client) page reload playwright-report/index.html
7:54:34 PM [vite] (client) page reload playwright-report/index.html
7:54:37 PM [vite] (client) page reload playwright-report/index.html
7:54:39 PM [vite] (client) page reload playwright-report/index.html
7:54:42 PM [vite] (client) page reload playwright-report/index.html
7:54:45 PM [vite] (client) page reload playwright-report/index.html
7:57:05 PM [vite] (client) hmr update /src/games/shared/GameControlPanel.vue?vue&type=style&index=0&scoped=fa75191a&lang.css, /src/assets/index.css
7:57:10 PM [vite] (client) hmr update /src/pencil/chrome/CompletionVignette.vue?vue&type=style&index=0&scoped=ba20c844&lang.css, /src/assets/index.css
7:57:13 PM [vite] (client) hmr update /src/pencil/chrome/CompletionVignette.vue?vue&type=style&index=0&scoped=ba20c844&lang.css, /src/assets/index.css
7:57:38 PM [vite] (client) page reload /Users/mkbabb/Programming/csc411/CSC411_HW2_ProgrammingQuestion/csp-solver/wasm/pkg/csp_solver_wasm_bg.wasm
7:57:38 PM [vite] (client) page reload /Users/mkbabb/Programming/csc411/CSC411_HW2_ProgrammingQuestion/csp-solver/wasm/pkg/csp_solver_wasm.js
7:57:38 PM [vite] (client) page reload /Users/mkbabb/Programming/csc411/CSC411_HW2_ProgrammingQuestion/csp-solver/wasm/pkg/csp_solver_wasm_bg.wasm
8:01:12 PM [vite] (client) hmr update /src/pencil/chrome/CompletionVignette.vue?vue&type=style&index=0&scoped=ba20c844&lang.css, /src/assets/index.css
8:01:15 PM [vite] (client) hmr update /src/pencil/chrome/CompletionVignette.vue?vue&type=style&index=0&scoped=ba20c844&lang.css, /src/assets/index.css
8:01:25 PM [vite] (client) page reload /Users/mkbabb/Programming/csc411/CSC411_HW2_ProgrammingQuestion/csp-solver/wasm/pkg/csp_solver_wasm_bg.wasm
8:01:25 PM [vite] (client) page reload /Users/mkbabb/Programming/csc411/CSC411_HW2_ProgrammingQuestion/csp-solver/wasm/pkg/csp_solver_wasm.js
8:01:25 PM [vite] (client) page reload /Users/mkbabb/Programming/csc411/CSC411_HW2_ProgrammingQuestion/csp-solver/wasm/pkg/csp_solver_wasm_bg.wasm
8:02:46 PM [vite] (client) page reload dist-throttle/index.html
8:02:46 PM [vite] (client) page reload dist-throttle/404.html
8:07:20 PM [vite] (client) page reload playwright-report/index.html
8:07:20 PM [vite] (client) page reload playwright-report/index.html
8:07:20 PM [vite] (client) page reload playwright-report/index.html
8:07:23 PM [vite] (client) page reload playwright-report/index.html
8:07:38 PM [vite] (client) page reload playwright-report/index.html
8:07:44 PM [vite] (client) page reload playwright-report/index.html
8:07:46 PM [vite] (client) page reload playwright-report/index.html
8:07:48 PM [vite] (client) page reload playwright-report/index.html
8:09:44 PM [vite] (client) hmr update /src/games/shared/GameControlPanel.vue?vue&type=style&index=0&scoped=fa75191a&lang.css, /src/assets/index.css
8:09:52 PM [vite] (client) page reload /Users/mkbabb/Programming/csc411/CSC411_HW2_ProgrammingQuestion/csp-solver/wasm/pkg/csp_solver_wasm_bg.wasm
8:09:52 PM [vite] (client) page reload /Users/mkbabb/Programming/csc411/CSC411_HW2_ProgrammingQuestion/csp-solver/wasm/pkg/csp_solver_wasm.js
8:09:52 PM [vite] (client) page reload /Users/mkbabb/Programming/csc411/CSC411_HW2_ProgrammingQuestion/csp-solver/wasm/pkg/csp_solver_wasm_bg.wasm
8:10:23 PM [vite] (client) page reload dist-throttle/index.html
8:10:23 PM [vite] (client) page reload dist-throttle/404.html
8:10:29 PM [vite] (client) page reload playwright-report/index.html
8:10:32 PM [vite] (client) page reload playwright-report/index.html
8:10:35 PM [vite] (client) page reload playwright-report/index.html
