### ARM=A-shipped grep=solo then two|N = 3 and 5
  ✓  2 [chromium] › .plr-count/arms/plrc-arms.spec.ts:55:3 › solo arm, desk › solo then two (3.3s)
  ✓  1 [webkit] › .plr-count/arms/plrc-arms.spec.ts:55:3 › solo arm, desk › solo then two (4.3s)
  ✓  3 [chromium] › .plr-count/arms/plrc-arms.spec.ts:72:3 › hue, 390 coarse › N = 3 and 5 (4.5s)
  ✓  4 [webkit] › .plr-count/arms/plrc-arms.spec.ts:72:3 › hue, 390 coarse › N = 3 and 5 (4.6s)
  4 passed (9.6s)
EXIT[A-shipped]=0
1
### ARM=B-gate grep=solo then two
  ✓  1 [chromium] › .plr-count/arms/plrc-arms.spec.ts:55:3 › solo arm, desk › solo then two (3.3s)
  ✓  2 [webkit] › .plr-count/arms/plrc-arms.spec.ts:55:3 › solo arm, desk › solo then two (4.0s)
  2 passed (4.7s)
EXIT[B-gate]=0
1
### ARM=F1-false grep=N = 3 and 5
  ✓  2 [chromium] › .plr-count/arms/plrc-arms.spec.ts:72:3 › hue, 390 coarse › N = 3 and 5 (4.5s)
  ✓  1 [webkit] › .plr-count/arms/plrc-arms.spec.ts:72:3 › hue, 390 coarse › N = 3 and 5 (4.8s)
  2 passed (5.2s)
EXIT[F1-false]=0
RESTORED
### DONE
