vite v8.1.4 building client environment for production...

 WARN  advancedChunks option is deprecated, please use codeSplitting instead.

[2Ktransforming...✓ 245 modules transformed.
rendering chunks...
computing gzip size...
.plr-count/dist/index.html                                      3.16 kB │ gzip:  1.33 kB
.plr-count/dist/assets/firacode-subset-CbuNTc2aGjcY.woff2       3.62 kB
.plr-count/dist/assets/patrickhand-subset-BqV1besB36ib.woff2    4.31 kB
.plr-count/dist/assets/avatar-biqsjs3dzERf.png                  6.09 kB
.plr-count/dist/assets/fraunces-subset-qp6ShjBRhfYB.woff2      14.63 kB
.plr-count/dist/assets/solver.worker-DyhLjsTj.js               22.68 kB
.plr-count/dist/assets/csp_solver_wasm_bg-BJYevEYE.wasm       123.33 kB │ gzip: 50.33 kB
.plr-count/dist/assets/FutoshikiPoster-DZUvzwTKUpND.css         0.28 kB │ gzip:  0.16 kB
.plr-count/dist/assets/PosterBoard-C25fZcEKH9UF.css             0.39 kB │ gzip:  0.21 kB
.plr-count/dist/assets/spec-CAxGeu14Qq5g.css                    0.44 kB │ gzip:  0.25 kB
.plr-count/dist/assets/CageOverlay-CxJWuhZARm9B.css             0.54 kB │ gzip:  0.30 kB
.plr-count/dist/assets/ThermoTube-D-JcHJtczqX1.css              0.60 kB │ gzip:  0.29 kB
.plr-count/dist/assets/AnswerKeyLaminate-DQ8Zd4NTTWD3.css       0.89 kB │ gzip:  0.40 kB
.plr-count/dist/assets/index-DSiE35MUTjT0.css                  95.11 kB │ gzip: 19.17 kB
.plr-count/dist/assets/wire-BuDRICPW8zpg.js                     0.17 kB │ gzip:  0.15 kB
.plr-count/dist/assets/SudokuPoster-Bg9JGH_EF1kn.js             0.86 kB │ gzip:  0.49 kB
.plr-count/dist/assets/clue-CNo7259tIuQm.js                     0.90 kB │ gzip:  0.50 kB
.plr-count/dist/assets/clue-B77KEGrfT5xu.js                     0.97 kB │ gzip:  0.55 kB
.plr-count/dist/assets/ThermoTube-ByvaiafDFZnW.js               1.17 kB │ gzip:  0.72 kB
.plr-count/dist/assets/ThermoPoster-B5oK-n3WVelr.js             1.17 kB │ gzip:  0.66 kB
.plr-count/dist/assets/clue-D3bqB3E33Ls2.js                     1.21 kB │ gzip:  0.64 kB
.plr-count/dist/assets/KillerPoster-CDGwROJ8dlHN.js             1.39 kB │ gzip:  0.75 kB
.plr-count/dist/assets/CageOverlay-B5lppqWqpmxR.js              1.73 kB │ gzip:  0.99 kB
.plr-count/dist/assets/KenKenPoster-DcYA7zMOIQ-Q.js             1.76 kB │ gzip:  0.84 kB
.plr-count/dist/assets/relayWire-5r_0oKENP1Dl.js                1.87 kB │ gzip:  1.06 kB
.plr-count/dist/assets/FutoshikiPoster-DWrxMv_Z5XSz.js          1.93 kB │ gzip:  1.06 kB
.plr-count/dist/assets/spec-B28u36Z_19iV.js                     2.07 kB │ gzip:  1.02 kB
.plr-count/dist/assets/spec-DDD51Zn5Gs7v.js                     2.16 kB │ gzip:  1.04 kB
.plr-count/dist/assets/AnswerKeyLaminate-0TORf8cUVBak.js        2.30 kB │ gzip:  1.31 kB
.plr-count/dist/assets/PosterBoard-B3ixlXs-QB5r.js              2.58 kB │ gzip:  1.17 kB
.plr-count/dist/assets/spec-Bh13vD9IIeMV.js                     3.03 kB │ gzip:  1.44 kB
.plr-count/dist/assets/spec-C5k9krTN5Y5j.js                     3.25 kB │ gzip:  1.51 kB
.plr-count/dist/assets/animation-vendor-CrUpJv3U-YcU.js        11.64 kB │ gzip:  4.74 kB
.plr-count/dist/assets/templates-LkXzF59FZu96.js               18.16 kB │ gzip:  4.97 kB
.plr-count/dist/assets/playerIdentity-DUNTnDa66JGi.js          19.31 kB │ gzip:  8.12 kB
.plr-count/dist/assets/templates-CsCa30cxJEsI.js               24.59 kB │ gzip:  7.06 kB
.plr-count/dist/assets/vue-vendor-DO-CUsNNxq8N.js              85.19 kB │ gzip: 34.03 kB
.plr-count/dist/assets/index-DNEPsusRQXVl.js                  220.75 kB │ gzip: 76.40 kB

✓ built in 423ms
