
Running 48 tests using 2 workers

  ✓   1 [chromium] › e2e/player-mark.spec.ts:48:1 › the mark rests graphite alone and takes the room ink the moment somebody else is here (1.8s)
  ✓   3 [chromium] › e2e/player-mark.spec.ts:99:1 › a mouse press opens the sheet, keeps the cell focused, and tells the room nothing (1.9s)
  ✓   2 [chromium] › e2e/player-tally.spec.ts:76:1 › the name counts what the strokes count, and the number takes over at six (4.8s)
  ✓   4 [chromium] › e2e/player-mark.spec.ts:132:1 › Space and Enter each toggle once, Escape shuts it, and focus never leaves the mark (1.7s)
  ✓   6 [chromium] › e2e/player-mark.spec.ts:161:1 › the sheet never scrolls, and it compresses rather than outgrow its budget (997ms)
  ✓   7 [chromium] › e2e/player-mark.spec.ts:209:1 › the head rule is a registered length whose publisher can be struck visibly (493ms)
  ✓   8 [chromium] › e2e/player-mark.spec.ts:297:1 › Escape reaches only the open sheet, and reaches the peek when the sheet is shut (1.1s)
WIDTH TABLE {"1":44,"2":44,"3":51.66,"4":62.28,"5":72.92,"6":44}
  ✓   5 [chromium] › e2e/player-tally.spec.ts:104:1 › the width table, and the floor at the smallest count (4.0s)
  ✓   9 [chromium] › e2e/player-mark.spec.ts:335:1 › the desk draws the same rows at 800 and at 799, and the old query is why it did not (1.5s)
  ✓  10 [chromium] › e2e/player-tally.spec.ts:134:1 › a departure re-draws no survivor, and a depart-and-arrive draws exactly the newcomer (3.2s)
  ✓  11 [webkit] › e2e/player-mark.spec.ts:48:1 › the mark rests graphite alone and takes the room ink the moment somebody else is here (2.7s)
INNER LEAVER first frame ["0","0","0","0","96.52672088271753"]
  ✓  12 [chromium] › e2e/player-tally.spec.ts:193:1 › at six, an inner leaver promotes the sixth and only that stroke draws (2.0s)
  ✓  13 [webkit] › e2e/player-mark.spec.ts:99:1 › a mouse press opens the sheet, keeps the cell focused, and tells the room nothing (2.1s)
RACE {"frames":85,"rises":0,"afterBye":{"t":89.19999999552965,"off":42.332308229119484,"bye":true},"tail":[96.69425348837773,90.94508565144298,83.13416017011474,77.28985219788875,71.38321435276876,65.85030000386692,60.610941410073,55.88944463786885,50.871561948445255,46.47125698498941,42.332308229119484,38.4014115105709]}
  ✓  14 [chromium] › e2e/player-tally.spec.ts:226:1 › a departure during a draw-in neither jumps nor restarts the newcomer (1.9s)
  ✓  15 [webkit] › e2e/player-mark.spec.ts:132:1 › Space and Enter each toggle once, Escape shuts it, and focus never leaves the mark (2.1s)
  ✓  16 [chromium] › e2e/player-tally.spec.ts:285:1 › Space and Escape, and a mouse press that takes no focus (1.2s)
  ✓  17 [webkit] › e2e/player-mark.spec.ts:161:1 › the sheet never scrolls, and it compresses rather than outgrow its budget (1.8s)
LEAVE {"afterCaretMoved":"false","afterMarkFocused":"true"}
  ✓  18 [chromium] › e2e/player-tally.spec.ts:320:1 › focus moving anywhere else shuts the sheet, and focus on the mark does not (1.7s)
  ✓  19 [webkit] › e2e/player-mark.spec.ts:209:1 › the head rule is a registered length whose publisher can be struck visibly (1.1s)
TAB ROUTE chromium: press 6
  ✓  20 [chromium] › e2e/player-tally.spec.ts:363:1 › the mark is reachable by Tab (1.4s)
  ✓  21 [webkit] › e2e/player-mark.spec.ts:297:1 › Escape reaches only the open sheet, and reaches the peek when the sheet is shut (1.8s)
  ✓  22 [chromium] › e2e/player-tally.spec.ts:390:1 › the deck has no mark (1.5s)
SOLO STROKE rgb(38, 38, 38)
  ✓  24 [chromium] › e2e/player-tally.spec.ts:398:1 › solo: one graphite stroke and a register with a row (845ms)
  ✓  23 [webkit] › e2e/player-mark.spec.ts:335:1 › the desk draws the same rows at 800 and at 799, and the old query is why it did not (2.2s)
SHORT ROWS ["vivacious-ant"]
SHORT SHEET H 103.36
COARSE MARK {"x":75.53125,"y":0,"width":51.65625,"height":44}
  ✓  25 [chromium] › e2e/player-tally.spec.ts:423:3 › the short phone › the leader's two-row budget: one named row and the compression line (1.4s)
TALL SHEET {"x":0,"y":44,"width":256,"height":170.53125}
BOARD TOP 221.734375 SHEET BOTTOM 214.53
  ✓  27 [chromium] › e2e/player-tally.spec.ts:457:3 › the tall phone › sixteen people: four rows and a foot that counts the rest (1.5s)
SHEET COLOURS {"ground":"rgb(252, 251, 251)","state":"color(srgb 0.15 0.15 0.15 / 0.68)","more":"color(srgb 0.15 0.15 0.15 / 0.68)","name":"oklch(0.5 0.11 0)","rows":4,"foot":"and 12 more"}
  ✓  28 [chromium] › e2e/player-tally.spec.ts:496:3 › the sheet's ground › the register's ground is opaque and its quiet rungs are legible on it (1.3s)
  ✓  29 [chromium] › e2e/player-tally.spec.ts:526:1 › reduced motion: every stroke lands inked, no tween (1.2s)
  ✓  26 [webkit] › e2e/player-tally.spec.ts:76:1 › the name counts what the strokes count, and the number takes over at six (5.1s)
AUTHOR INK {"cells":81,"none":0,"selfWrite":0,"peerWrite":1}
  ✓  30 [chromium] › e2e/player-tally.spec.ts:542:1 › the board binds no ink for your own writes and one cell for a peer's (814ms)
M19 {"before":{"label":"2 players","expanded":"false","focus":true,"pos":40},"after":{"label":"3 players","expanded":"false","focus":true,"pos":40}}
  ✓  32 [chromium] › e2e/player-tally.spec.ts:609:1 › a third join re-names the mark and moves nothing else (1.8s)
QUIET {"early":[],"late":["26 seconds ago"]}
  ✓  33 [chromium] › e2e/player-tally.spec.ts:652:1 › a peer quiet for 26 seconds reads '26 seconds ago', and one quiet for 5 reads nothing (1.5s)
WIDTH TABLE {"1":44,"2":44,"3":51.66,"4":62.28,"5":72.92,"6":44}
  ✓  31 [webkit] › e2e/player-tally.spec.ts:104:1 › the width table, and the floor at the smallest count (4.3s)
  ✓  34 [webkit] › e2e/player-tally.spec.ts:134:1 › a departure re-draws no survivor, and a depart-and-arrive draws exactly the newcomer (3.6s)
INNER LEAVER first frame ["0","0","0","0","100"]
  ✓  35 [webkit] › e2e/player-tally.spec.ts:193:1 › at six, an inner leaver promotes the sixth and only that stroke draws (2.3s)
RACE {"frames":69,"rises":0,"afterBye":{"t":94,"off":40.522400000000005,"bye":true},"tail":[99.14530379008745,93.29839766763847,85.35129562682216,77.86880000000001,69.48338192419824,63.605599999999995,57.474451311953345,51.750532944606405,45.907871720116624,40.522400000000005,37.3248,32.647279300291544]}
  ✓  36 [webkit] › e2e/player-tally.spec.ts:226:1 › a departure during a draw-in neither jumps nor restarts the newcomer (2.1s)
  ✓  37 [webkit] › e2e/player-tally.spec.ts:285:1 › Space and Escape, and a mouse press that takes no focus (1.4s)
LEAVE {"afterCaretMoved":"false","afterMarkFocused":"true"}
  ✓  38 [webkit] › e2e/player-tally.spec.ts:320:1 › focus moving anywhere else shuts the sheet, and focus on the mark does not (1.8s)
  -  39 [webkit] › e2e/player-tally.spec.ts:363:1 › the mark is reachable by Tab
  ✓  40 [webkit] › e2e/player-tally.spec.ts:390:1 › the deck has no mark (1.5s)
SOLO STROKE rgb(38, 38, 38)
  ✓  41 [webkit] › e2e/player-tally.spec.ts:398:1 › solo: one graphite stroke and a register with a row (929ms)
SHORT ROWS ["costly-peacock"]
SHORT SHEET H 103.36
COARSE MARK {"x":75.53125,"y":0,"width":51.65625,"height":44}
  ✓  42 [webkit] › e2e/player-tally.spec.ts:423:3 › the short phone › the leader's two-row budget: one named row and the compression line (1.6s)
TALL SHEET {"x":0,"y":44,"width":256,"height":170.53125}
BOARD TOP 221.421875 SHEET BOTTOM 214.53
  ✓  43 [webkit] › e2e/player-tally.spec.ts:457:3 › the tall phone › sixteen people: four rows and a foot that counts the rest (1.6s)
SHEET COLOURS {"ground":"rgb(252, 251, 251)","state":"color(srgb 0.15 0.15 0.15 / 0.68)","more":"color(srgb 0.15 0.15 0.15 / 0.68)","name":"oklch(0.5 0.11 0)","rows":4,"foot":"and 12 more"}
  ✓  44 [webkit] › e2e/player-tally.spec.ts:496:3 › the sheet's ground › the register's ground is opaque and its quiet rungs are legible on it (1.4s)
  ✓  45 [webkit] › e2e/player-tally.spec.ts:526:1 › reduced motion: every stroke lands inked, no tween (1.4s)
AUTHOR INK {"cells":81,"none":0,"selfWrite":0,"peerWrite":1}
  ✓  46 [webkit] › e2e/player-tally.spec.ts:542:1 › the board binds no ink for your own writes and one cell for a peer's (1.4s)
M19 {"before":{"label":"2 players","expanded":"false","focus":true,"pos":40},"after":{"label":"3 players","expanded":"false","focus":true,"pos":40}}
  ✓  47 [webkit] › e2e/player-tally.spec.ts:609:1 › a third join re-names the mark and moves nothing else (2.0s)
QUIET {"early":[],"late":["26 seconds ago"]}
  ✓  48 [webkit] › e2e/player-tally.spec.ts:652:1 › a peer quiet for 26 seconds reads '26 seconds ago', and one quiet for 5 reads nothing (1.8s)

  1 skipped
  47 passed (58.7s)
