
Running 16 tests using 1 worker

  ✓   1 [webkit] › e2e/player-tally.spec.ts:76:1 › the name counts what the strokes count, and the number takes over at six (5.4s)
WIDTH TABLE {"1":44,"2":44,"3":51.66,"4":62.28,"5":72.92,"6":44}
  ✓   2 [webkit] › e2e/player-tally.spec.ts:103:1 › the width table, and the floor at the smallest count (4.2s)
  ✓   3 [webkit] › e2e/player-tally.spec.ts:133:1 › a departure re-draws no survivor, and a depart-and-arrive draws exactly the newcomer (3.7s)
INNER LEAVER first frame ["0","0","0","0","96.61046297376092"]
  ✓   4 [webkit] › e2e/player-tally.spec.ts:192:1 › at six, an inner leaver promotes the sixth and only that stroke draws (2.4s)
RACE {"frames":69,"rises":0,"afterBye":{"t":98,"off":38.673760932944624,"bye":true},"tail":[95.77521865889214,87.6860058309038,80.80694110787171,72.9,66.17521865889213,59.87725947521866,53.992128279883374,47.97859825072888,42.91485481049562,38.673760932944624,33.46683848396501,29.124590087463552]}
  ✓   5 [webkit] › e2e/player-tally.spec.ts:225:1 › a departure during a draw-in neither jumps nor restarts the newcomer (2.2s)
  ✓   6 [webkit] › e2e/player-tally.spec.ts:284:1 › Space and Escape, and a mouse press that takes no focus (1.5s)
  -   7 [webkit] › e2e/player-tally.spec.ts:315:1 › the mark is reachable by Tab
  ✓   8 [webkit] › e2e/player-tally.spec.ts:342:1 › the deck has no mark (1.5s)
SOLO STROKE rgb(38, 38, 38)
  ✓   9 [webkit] › e2e/player-tally.spec.ts:350:1 › solo: one graphite stroke and a register with a row (1.1s)
SHORT ROWS ["troubled-snake"]
SHORT SHEET H 103.36
COARSE MARK {"x":75.53125,"y":0,"width":51.65625,"height":44}
  ✓  10 [webkit] › e2e/player-tally.spec.ts:375:3 › the short phone › the leader's two-row budget: one named row and the compression line (2.0s)
TALL SHEET {"x":0,"y":44,"width":256,"height":170.53125}
BOARD TOP 221.421875 SHEET BOTTOM 214.53
  ✓  11 [webkit] › e2e/player-tally.spec.ts:409:3 › the tall phone › sixteen people: four rows and a foot that counts the rest (1.9s)
SHEET COLOURS {"ground":"rgb(252, 251, 251)","state":"color(srgb 0.15 0.15 0.15 / 0.68)","more":"color(srgb 0.15 0.15 0.15 / 0.68)","name":"oklch(0.5 0.11 0)","rows":4,"foot":"and 12 more"}
  ✓  12 [webkit] › e2e/player-tally.spec.ts:448:3 › the sheet's ground › the register's ground is opaque and its quiet rungs are legible on it (1.6s)
  ✓  13 [webkit] › e2e/player-tally.spec.ts:478:1 › reduced motion: every stroke lands inked, no tween (1.7s)
AUTHOR INK {"cells":81,"none":0,"selfWrite":0,"peerWrite":1}
  ✓  14 [webkit] › e2e/player-tally.spec.ts:494:1 › the board binds no ink for your own writes and one cell for a peer's (1.9s)
M19 {"before":{"label":"2 players","expanded":"false","focus":true,"pos":40},"after":{"label":"3 players","expanded":"false","focus":true,"pos":40}}
  ✓  15 [webkit] › e2e/player-tally.spec.ts:561:1 › a third join re-names the mark and moves nothing else (2.5s)
QUIET {"early":[],"late":["26 seconds ago"]}
  ✓  16 [webkit] › e2e/player-tally.spec.ts:604:1 › a peer quiet for 26 seconds reads '26 seconds ago', and one quiet for 5 reads nothing (2.1s)

  1 skipped
  15 passed (36.6s)
