### src/games/shared
 Test Files  34 passed (34)
      Tests  428 passed (428)
EXIT[src/games/shared]=0
### src/games/sudoku src/games/futoshiki src/games/thermo src/games/killer src/games/kenken
 Test Files  21 passed (21)
      Tests  293 passed (293)
EXIT[src/games/sudoku]=0
### src/games/cards.test.ts src/games/posters.test.ts
 Test Files  2 passed (2)
      Tests  19 passed (19)
EXIT[src/games/cards.test.ts]=0
### src/pencil
 Test Files  8 passed (8)
      Tests  73 passed (73)
EXIT[src/pencil]=0
### src/composables
 Test Files  3 passed (3)
      Tests  16 passed (16)
EXIT[src/composables]=0
### --exclude src/**
No test files found, exiting with code 1
EXIT[--exclude]=1
### DONE
