sha1 before: 0078278bc55c38f8b8db3b334495bf1aba4c2b0a d616d27937c1b7848064c588c0255eff19d71d10 82a3be4b2d4bd75933012c86bea5c329349b1634 
== AS BUILT
  unit exit 0 ::  Tests 12 passed (12) :: 
  check-theme-tokens (bare) exit 0 :: ladder registration: 7 rungs, 0 breaches;
== G5 plant 1: SWAP whisper<->dusk (150<->350)
180:    whisper: 350,
186:    dusk: 150,
  unit exit 1 :: ⎯⎯⎯⎯⎯⎯⎯ Failed Tests 1 ⎯⎯⎯⎯⎯⎯⎯
 Tests 1 failed | 11 passed (12) :: G5: THE FOLD CARRIES NO LADDER ROW — the rung MAP is §13's, key and value 3ms;G5: THE FOLD CARRIES NO LADDER ROW — the rung MAP is §13's, key and value;
         × G5: THE FOLD CARRIES NO LADDER ROW — the rung MAP is §13's, key and value 3ms
     FAIL  src/pencil/chrome/marginNote.motion.test.ts > the margin note's motion (T9-W7 §7) > G5: THE FOLD CARRIES NO LADDER ROW — the rung MAP is §13's, key and value
== G5 plant 2: rise 520 -> 600
  unit exit 1 :: ⎯⎯⎯⎯⎯⎯⎯ Failed Tests 1 ⎯⎯⎯⎯⎯⎯⎯
 Tests 1 failed | 11 passed (12) :: G5: THE FOLD CARRIES NO LADDER ROW — the rung MAP is §13's, key and value 3ms;G5: THE FOLD CARRIES NO LADDER ROW — the rung MAP is §13's, key and value;
         × G5: THE FOLD CARRIES NO LADDER ROW — the rung MAP is §13's, key and value 3ms
     FAIL  src/pencil/chrome/marginNote.motion.test.ts > the margin note's motion (T9-W7 §7) > G5: THE FOLD CARRIES NO LADDER ROW — the rung MAP is §13's, key and value
== G5 plant 3: step 440 -> 1
  unit exit 1 :: ⎯⎯⎯⎯⎯⎯⎯ Failed Tests 1 ⎯⎯⎯⎯⎯⎯⎯
 Tests 1 failed | 11 passed (12) :: G5: THE FOLD CARRIES NO LADDER ROW — the rung MAP is §13's, key and value 4ms;G5: THE FOLD CARRIES NO LADDER ROW — the rung MAP is §13's, key and value;
         × G5: THE FOLD CARRIES NO LADDER ROW — the rung MAP is §13's, key and value 4ms
     FAIL  src/pencil/chrome/marginNote.motion.test.ts > the margin note's motion (T9-W7 §7) > G5: THE FOLD CARRIES NO LADDER ROW — the rung MAP is §13's, key and value
== G5 plant 4: whisper 150 -> 125
  unit exit 1 :: ⎯⎯⎯⎯⎯⎯⎯ Failed Tests 1 ⎯⎯⎯⎯⎯⎯⎯
 Tests 1 failed | 11 passed (12) :: G5: THE FOLD CARRIES NO LADDER ROW — the rung MAP is §13's, key and value 3ms;G5: THE FOLD CARRIES NO LADDER ROW — the rung MAP is §13's, key and value;
         × G5: THE FOLD CARRIES NO LADDER ROW — the rung MAP is §13's, key and value 3ms
     FAIL  src/pencil/chrome/marginNote.motion.test.ts > the margin note's motion (T9-W7 §7) > G5: THE FOLD CARRIES NO LADDER ROW — the rung MAP is §13's, key and value
== G5 plant 5: MINT erase: 125
  unit exit 1 :: ⎯⎯⎯⎯⎯⎯⎯ Failed Tests 1 ⎯⎯⎯⎯⎯⎯⎯
 Tests 1 failed | 11 passed (12) :: G5: THE FOLD CARRIES NO LADDER ROW — the rung MAP is §13's, key and value 3ms;G5: THE FOLD CARRIES NO LADDER ROW — the rung MAP is §13's, key and value;
         × G5: THE FOLD CARRIES NO LADDER ROW — the rung MAP is §13's, key and value 3ms
     FAIL  src/pencil/chrome/marginNote.motion.test.ts > the margin note's motion (T9-W7 §7) > G5: THE FOLD CARRIES NO LADDER ROW — the rung MAP is §13's, key and value
== G16 plant: the DEAD HOOK, text intact (if (el) return;)
127:function stopTheClock(el: Element): void {
128-  if (el) return;
  unit exit 1 :: ⎯⎯⎯⎯⎯⎯⎯ Failed Tests 1 ⎯⎯⎯⎯⎯⎯⎯
 Tests 1 failed | 11 passed (12) :: G16 (CI half): the LEAVING node carries `transition: none !important` 13ms;G16 (CI half): the LEAVING node carries `transition: none !important`;
         × G16 (CI half): the LEAVING node carries `transition: none !important` 13ms
     FAIL  src/pencil/chrome/marginNote.motion.test.ts > the margin note's motion (T9-W7 §7) > G16 (CI half): the LEAVING node carries `transition: none !important`
== REG plant 1: delete @property --motion-whisper (file)
  check-theme-tokens (bare) exit 1 :: ladder registration: 7 rungs, 1 breaches;  --motion-whisper registered 0× (want exactly 1);
  unit exit 0 ::  Tests 12 passed (12) :: 
== REG plant 2: nest all seven in :root {} (file)
  check-theme-tokens (bare) exit 1 :: ladder registration: 7 rungs, 7 breaches;  --motion-whisper registered at brace depth 1, not file scope;  --motion-leave registered at brace depth 1, not file scope;
  unit exit 0 ::  Tests 12 passed (12) :: 
== REG plant 3: inherits false on --motion-whisper
  check-theme-tokens (bare) exit 1 :: ladder registration: 7 rungs, 1 breaches;  --motion-whisper inherits false;
== REG plant 4: a stray --motion-erase registration
  check-theme-tokens (bare) exit 1 :: ladder registration: 7 rungs, 1 breaches;  --motion-erase registered but no rung of MOTION.rungs;
== RESTORED
  unit exit 0 ::  Tests 12 passed (12) :: 
  check-theme-tokens (bare) exit 0 :: ladder registration: 7 rungs, 0 breaches;
sha1 after:  0078278bc55c38f8b8db3b334495bf1aba4c2b0a d616d27937c1b7848064c588c0255eff19d71d10 82a3be4b2d4bd75933012c86bea5c329349b1634 
RESTORE OK
